 edge_coreclr

 Timestamp is 5bbfe374 (Thu Oct 11 16:57:40 2018)

 Preferred load address is 10000000

 Start         Length     Name                   Class
 0001:00000000 00000030H .text$di                CODE
 0001:00000030 00023ee0H .text$mn                CODE
 0001:00023f10 00002810H .text$x                 CODE
 0001:00026720 000001c9H .text$yd                CODE
 0002:00000000 0000042cH .idata$5                DATA
 0002:0000042c 00000004H .00cfg                  DATA
 0002:00000430 00000004H .CRT$XCA                DATA
 0002:00000434 00000004H .CRT$XCL                DATA
 0002:00000438 0000000cH .CRT$XCU                DATA
 0002:00000444 00000004H .CRT$XCZ                DATA
 0002:00000448 00000004H .CRT$XIA                DATA
 0002:0000044c 00000004H .CRT$XIZ                DATA
 0002:00000450 00000004H .CRT$XPA                DATA
 0002:00000454 00000004H .CRT$XPZ                DATA
 0002:00000458 00000004H .CRT$XTA                DATA
 0002:0000045c 00000004H .CRT$XTZ                DATA
 0002:00000460 00000000H .gfids$y                DATA
 0002:00000460 00006490H .rdata                  DATA
 0002:000068f0 00000d30H .rdata$r                DATA
 0002:00007620 00000248H .rdata$sxdata           DATA
 0002:00007868 00000324H .rdata$zzzdbg           DATA
 0002:00007b8c 00000004H .rtc$IAA                DATA
 0002:00007b90 00000004H .rtc$IZZ                DATA
 0002:00007b94 00000004H .rtc$TAA                DATA
 0002:00007b98 00000008H .rtc$TZZ                DATA
 0002:00007ba0 00002e20H .xdata$x                DATA
 0002:0000a9c0 0000005cH .edata                  DATA
 0002:0000aa1c 00000104H .idata$2                DATA
 0002:0000ab20 00000014H .idata$3                DATA
 0002:0000ab34 0000042cH .idata$4                DATA
 0002:0000af60 00002b00H .idata$6                DATA
 0003:00000000 000000e8H .data                   DATA
 0003:000000e8 00000f20H .data$r                 DATA
 0003:00001008 00000404H .bss                    DATA
 0004:00000000 00000060H .rsrc$01                DATA
 0004:00000060 00000180H .rsrc$02                DATA

  Address         Publics by Value              Rva+Base       Lib:Object

 0000:00000000       ___guard_longjmp_count     00000000     <absolute>
 0000:00000000       ___guard_iat_count         00000000     <absolute>
 0000:00000000       ___guard_fids_count        00000000     <absolute>
 0000:00000000       ___guard_longjmp_table     00000000     <absolute>
 0000:00000000       ___hybrid_code_map_count   00000000     <absolute>
 0000:00000000       ___hybrid_auxiliary_iat    00000000     <absolute>
 0000:00000000       ___dynamic_value_reloc_table 00000000     <absolute>
 0000:00000000       ___guard_fids_table        00000000     <absolute>
 0000:00000000       ___volatile_metadata       00000000     <absolute>
 0000:00000000       ___guard_iat_table         00000000     <absolute>
 0000:00000000       ___enclave_config          00000000     <absolute>
 0000:00000000       ___hybrid_code_map         00000000     <absolute>
 0000:00000092       ___safe_se_handler_count   00000092     <absolute>
 0000:00000100       ___guard_flags             00000100     <absolute>
 0000:00000000       ___ImageBase               10000000     <linker-defined>
 0001:00000030       ___local_stdio_printf_options 10001030 f i v8synchronizationcontext.obj
 0001:00000040       _printf                    10001040 f i v8synchronizationcontext.obj
 0001:00000070       ??1HandleScope@Nan@@QAE@XZ 10001070 f i v8synchronizationcontext.obj
 0001:00000070       ??1EscapableHandleScope@Nan@@QAE@XZ 10001070 f i callbackhelper.obj
 0001:00000080       ?continueOnV8Thread@@YAXPAUuv_async_s@@H@Z 10001080 f   v8synchronizationcontext.obj
 0001:00000160       ?RegisterAction@V8SynchronizationContext@@SAPAUuv_edge_async_s@@P6AXPAX@Z0@Z 10001160 f   v8synchronizationcontext.obj
 0001:00000230       ??_V@YAXPAX@Z              10001230 f   MSVCRT:delete_array.obj
 0001:00000230       ?close_uv_edge_async_cb@@YAXPAUuv_handle_s@@@Z 10001230 f   v8synchronizationcontext.obj
 0001:00000320       ??1AsyncResource@Nan@@QAE@XZ 10001320 f i callbackhelper.obj
 0001:00000370       ?Call@Callback@Nan@@QBE?AV?$Local@VValue@v8@@@v8@@HQAV34@@Z 10001370 f i callbackhelper.obj
 0001:00000530       ??1?$Persistent@VFunction@v8@@V?$NonCopyablePersistentTraits@VFunction@v8@@@2@@Nan@@QAE@XZ 10001530 f i callbackhelper.obj
 0001:00000570       @_guard_check_icall_nop@4  10001570 f   MSVCRT:guard_support.obj
 0001:00000570       ??1?$_String_alloc@U?$_String_base_types@_WV?$allocator@_W@std@@@std@@@std@@QAE@XZ 10001570 f   coreclrembedding.obj
 0001:00000580       ?Initialize@CallbackHelper@@SAXXZ 10001580 f   callbackhelper.obj
 0001:00000720       ?New@?$Factory@VFunctionTemplate@v8@@@imp@Nan@@SA?AV?$Local@VFunctionTemplate@v8@@@v8@@P6AXABV?$FunctionCallbackInfo@VValue@v8@@@3@@ZV?$Local@VValue@v8@@@5@V?$Local@VSignature@v8@@@5@@Z 10001720 f i edge.obj
 0001:000008b0       ?initializeClrFunc@@YAXABV?$FunctionCallbackInfo@VValue@v8@@@Nan@@@Z 100018b0 f   edge.obj
 0001:000008c0       ?init@@YAXV?$Local@VObject@v8@@@v8@@@Z 100018c0 f   edge.obj
 0001:00000ae0       ??0deps_json_t@@QAE@_NABV?$basic_string@_WU?$char_traits@_W@std@@V?$allocator@_W@2@@std@@ABV?$unordered_map@V?$basic_string@_WU?$char_traits@_W@std@@V?$allocator@_W@2@@std@@V?$vector@V?$basic_string@_WU?$char_traits@_W@std@@V?$allocator@_W@2@@std@@V?$allocator@V?$basic_string@_WU?$char_traits@_W@std@@V?$allocator@_W@2@@std@@@2@@2@U?$hash@V?$basic_string@_WU?$char_traits@_W@std@@V?$allocator@_W@2@@std@@@2@U?$equal_to@V?$basic_string@_WU?$char_traits@_W@std@@V?$allocator@_W@2@@std@@@2@V?$allocator@U?$pair@$$CBV?$basic_string@_WU?$char_traits@_W@std@@V?$allocator@_W@2@@std@@V?$vector@V?$basic_string@_WU?$char_traits@_W@std@@V?$allocator@_W@2@@std@@V?$allocator@V?$basic_string@_WU?$char_traits@_W@std@@V?$allocator@_W@2@@std@@@2@@2@@std@@@2@@2@@Z 10001ae0 f i coreclrembedding.obj
 0001:00000c80       ?get_entries@deps_json_t@@QAEABV?$vector@Udeps_entry_t@@V?$allocator@Udeps_entry_t@@@std@@@std@@W4asset_types@deps_entry_t@@@Z 10001c80 f i coreclrembedding.obj
 0001:00000cb0       ??1deps_assets_t@deps_json_t@@QAE@XZ 10001cb0 f i coreclrembedding.obj
 0001:00000cc0       ??1rid_specific_assets_t@deps_json_t@@QAE@XZ 10001cc0 f i coreclrembedding.obj
 0001:00000cd0       ??1?$unordered_map@V?$basic_string@_WU?$char_traits@_W@std@@V?$allocator@_W@2@@std@@HU?$hash@V?$basic_string@_WU?$char_traits@_W@std@@V?$allocator@_W@2@@std@@@2@U?$equal_to@V?$basic_string@_WU?$char_traits@_W@std@@V?$allocator@_W@2@@std@@@2@V?$allocator@U?$pair@$$CBV?$basic_string@_WU?$char_traits@_W@std@@V?$allocator@_W@2@@std@@H@std@@@2@@std@@QAE@XZ 10001cd0 f i coreclrembedding.obj
 0001:00000ce0       ??1deps_json_t@@QAE@XZ     10001ce0 f i coreclrembedding.obj
 0001:00000d50       ??1?$_Hash@V?$_Umap_traits@V?$basic_string@_WU?$char_traits@_W@std@@V?$allocator@_W@2@@std@@HV?$_Uhash_compare@V?$basic_string@_WU?$char_traits@_W@std@@V?$allocator@_W@2@@std@@U?$hash@V?$basic_string@_WU?$char_traits@_W@std@@V?$allocator@_W@2@@std@@@2@U?$equal_to@V?$basic_string@_WU?$char_traits@_W@std@@V?$allocator@_W@2@@std@@@2@@2@V?$allocator@U?$pair@$$CBV?$basic_string@_WU?$char_traits@_W@std@@V?$allocator@_W@2@@std@@H@std@@@2@$0A@@std@@@std@@QAE@XZ 10001d50 f i coreclrembedding.obj
 0001:00000e40       ??1?$_Hash@V?$_Umap_traits@V?$basic_string@_WU?$char_traits@_W@std@@V?$allocator@_W@2@@std@@V?$vector@V?$basic_string@_WU?$char_traits@_W@std@@V?$allocator@_W@2@@std@@V?$allocator@V?$basic_string@_WU?$char_traits@_W@std@@V?$allocator@_W@2@@std@@@2@@2@V?$_Uhash_compare@V?$basic_string@_WU?$char_traits@_W@std@@V?$allocator@_W@2@@std@@U?$hash@V?$basic_string@_WU?$char_traits@_W@std@@V?$allocator@_W@2@@std@@@2@U?$equal_to@V?$basic_string@_WU?$char_traits@_W@std@@V?$allocator@_W@2@@std@@@2@@2@V?$allocator@U?$pair@$$CBV?$basic_string@_WU?$char_traits@_W@std@@V?$allocator@_W@2@@std@@V?$vector@V?$basic_string@_WU?$char_traits@_W@std@@V?$allocator@_W@2@@std@@V?$allocator@V?$basic_string@_WU?$char_traits@_W@std@@V?$allocator@_W@2@@std@@@2@@2@@std@@@2@$0A@@std@@@std@@QAE@XZ 10001e40 f i coreclrembedding.obj
 0001:00000ef0       ??1?$_Hash@V?$_Umap_traits@V?$basic_string@_WU?$char_traits@_W@std@@V?$allocator@_W@2@@std@@Uassets_t@deps_json_t@@V?$_Uhash_compare@V?$basic_string@_WU?$char_traits@_W@std@@V?$allocator@_W@2@@std@@U?$hash@V?$basic_string@_WU?$char_traits@_W@std@@V?$allocator@_W@2@@std@@@2@U?$equal_to@V?$basic_string@_WU?$char_traits@_W@std@@V?$allocator@_W@2@@std@@@2@@2@V?$allocator@U?$pair@$$CBV?$basic_string@_WU?$char_traits@_W@std@@V?$allocator@_W@2@@std@@Uassets_t@deps_json_t@@@std@@@2@$0A@@std@@@std@@QAE@XZ 10001ef0 f i coreclrembedding.obj
 0001:00000f70       ??1?$_Hash@V?$_Umap_traits@V?$basic_string@_WU?$char_traits@_W@std@@V?$allocator@_W@2@@std@@Urid_assets_t@deps_json_t@@V?$_Uhash_compare@V?$basic_string@_WU?$char_traits@_W@std@@V?$allocator@_W@2@@std@@U?$hash@V?$basic_string@_WU?$char_traits@_W@std@@V?$allocator@_W@2@@std@@@2@U?$equal_to@V?$basic_string@_WU?$char_traits@_W@std@@V?$allocator@_W@2@@std@@@2@@2@V?$allocator@U?$pair@$$CBV?$basic_string@_WU?$char_traits@_W@std@@V?$allocator@_W@2@@std@@Urid_assets_t@deps_json_t@@@std@@@2@$0A@@std@@@std@@QAE@XZ 10001f70 f i coreclrembedding.obj
 0001:00001020       ??0corehost_init_t@@QAE@ABV?$basic_string@_WU?$char_traits@_W@std@@V?$allocator@_W@2@@std@@ABV?$vector@V?$basic_string@_WU?$char_traits@_W@std@@V?$allocator@_W@2@@std@@V?$allocator@V?$basic_string@_WU?$char_traits@_W@std@@V?$allocator@_W@2@@std@@@2@@2@0W4host_mode_t@@ABVruntime_config_t@@@Z 10002020 f i coreclrembedding.obj
 0001:00001260       ?get_host_init_data@corehost_init_t@@QAEABUhost_interface_t@@XZ 10002260 f i coreclrembedding.obj
 0001:00001310       ?make_cstr_arr@corehost_init_t@@CAXABV?$vector@V?$basic_string@_WU?$char_traits@_W@std@@V?$allocator@_W@2@@std@@V?$allocator@V?$basic_string@_WU?$char_traits@_W@std@@V?$allocator@_W@2@@std@@@2@@std@@PAV?$vector@PB_WV?$allocator@PB_W@std@@@3@@Z 10002310 f i coreclrembedding.obj
 0001:000013a0       ?init@hostpolicy_init_t@@SA_NPAUhost_interface_t@@PAU1@@Z 100023a0 f i coreclrembedding.obj
 0001:00001650       ?make_clrstr_arr@hostpolicy_init_t@@CAXHPAPB_WPAV?$vector@V?$vector@DV?$allocator@D@std@@@std@@V?$allocator@V?$vector@DV?$allocator@D@std@@@std@@@2@@std@@@Z 10002650 f i coreclrembedding.obj
 0001:000017c0       ??1probe_config_t@@QAE@XZ  100027c0 f i coreclrembedding.obj
 0001:000017c0       ??1?$basic_string@_WU?$char_traits@_W@std@@V?$allocator@_W@2@@std@@QAE@XZ 100027c0 f i coreclrembedding.obj
 0001:000017c0       ?_Tidy_deallocate@?$basic_string@_WU?$char_traits@_W@std@@V?$allocator@_W@2@@std@@QAEXXZ 100027c0 f i coreclrembedding.obj
 0001:00001820       ??0deps_resolver_t@@QAE@ABUhostpolicy_init_t@@ABUarguments_t@@@Z 10002820 f i coreclrembedding.obj
 0001:00001da0       ?valid@deps_resolver_t@@QAE_NPAV?$basic_string@_WU?$char_traits@_W@std@@V?$allocator@_W@2@@std@@@Z 10002da0 f i coreclrembedding.obj
 0001:00001f70       ?get_fx_deps_file@deps_resolver_t@@QBEABV?$basic_string@_WU?$char_traits@_W@std@@V?$allocator@_W@2@@std@@XZ 10002f70 f i coreclrembedding.obj
 0001:00001f80       ?get_deps_file@deps_resolver_t@@QBEABV?$basic_string@_WU?$char_traits@_W@std@@V?$allocator@_W@2@@std@@XZ 10002f80 f i coreclrembedding.obj
 0001:00001f90       ?get_api_sets@deps_resolver_t@@QBEABV?$unordered_set@V?$basic_string@_WU?$char_traits@_W@std@@V?$allocator@_W@2@@std@@U?$hash@V?$basic_string@_WU?$char_traits@_W@std@@V?$allocator@_W@2@@std@@@2@U?$equal_to@V?$basic_string@_WU?$char_traits@_W@std@@V?$allocator@_W@2@@std@@@2@V?$allocator@V?$basic_string@_WU?$char_traits@_W@std@@V?$allocator@_W@2@@std@@@2@@std@@XZ 10002f90 f i coreclrembedding.obj
 0001:00001fa0       ??1?$unordered_map@V?$basic_string@_WU?$char_traits@_W@std@@V?$allocator@_W@2@@std@@V12@U?$hash@V?$basic_string@_WU?$char_traits@_W@std@@V?$allocator@_W@2@@std@@@2@U?$equal_to@V?$basic_string@_WU?$char_traits@_W@std@@V?$allocator@_W@2@@std@@@2@V?$allocator@U?$pair@$$CBV?$basic_string@_WU?$char_traits@_W@std@@V?$allocator@_W@2@@std@@V12@@std@@@2@@std@@QAE@XZ 10002fa0 f i coreclrembedding.obj
 0001:00001fb0       ??1?$unordered_set@V?$basic_string@_WU?$char_traits@_W@std@@V?$allocator@_W@2@@std@@U?$hash@V?$basic_string@_WU?$char_traits@_W@std@@V?$allocator@_W@2@@std@@@2@U?$equal_to@V?$basic_string@_WU?$char_traits@_W@std@@V?$allocator@_W@2@@std@@@2@V?$allocator@V?$basic_string@_WU?$char_traits@_W@std@@V?$allocator@_W@2@@std@@@2@@std@@QAE@XZ 10002fb0 f i coreclrembedding.obj
 0001:00001fc0       ??1?$_Hash@V?$_Umap_traits@V?$basic_string@_WU?$char_traits@_W@std@@V?$allocator@_W@2@@std@@V12@V?$_Uhash_compare@V?$basic_string@_WU?$char_traits@_W@std@@V?$allocator@_W@2@@std@@U?$hash@V?$basic_string@_WU?$char_traits@_W@std@@V?$allocator@_W@2@@std@@@2@U?$equal_to@V?$basic_string@_WU?$char_traits@_W@std@@V?$allocator@_W@2@@std@@@2@@2@V?$allocator@U?$pair@$$CBV?$basic_string@_WU?$char_traits@_W@std@@V?$allocator@_W@2@@std@@V12@@std@@@2@$0A@@std@@@std@@QAE@XZ 10002fc0 f i coreclrembedding.obj
 0001:00002070       ??1?$_Hash@V?$_Uset_traits@V?$basic_string@_WU?$char_traits@_W@std@@V?$allocator@_W@2@@std@@V?$_Uhash_compare@V?$basic_string@_WU?$char_traits@_W@std@@V?$allocator@_W@2@@std@@U?$hash@V?$basic_string@_WU?$char_traits@_W@std@@V?$allocator@_W@2@@std@@@2@U?$equal_to@V?$basic_string@_WU?$char_traits@_W@std@@V?$allocator@_W@2@@std@@@2@@2@V?$allocator@V?$basic_string@_WU?$char_traits@_W@std@@V?$allocator@_W@2@@std@@@2@$0A@@std@@@std@@QAE@XZ 10003070 f i coreclrembedding.obj
 0001:00002160       ?GetOSVersion@@YA?AV?$basic_string@_WU?$char_traits@_W@std@@V?$allocator@_W@2@@std@@XZ 10003160 f   coreclrembedding.obj
 0001:00002280       ?Initialize@CoreClrEmbedding@@SAJH@Z 10003280 f   coreclrembedding.obj
 0001:00003fa0       ??1runtime_config_t@@QAE@XZ 10004fa0 f i coreclrembedding.obj
 0001:00004310       ??1corehost_init_t@@QAE@XZ 10005310 f i coreclrembedding.obj
 0001:00004570       ??0hostpolicy_init_t@@QAE@XZ 10005570 f i coreclrembedding.obj
 0001:000045e0       ??1hostpolicy_init_t@@QAE@XZ 100055e0 f i coreclrembedding.obj
 0001:000047c0       ??1arguments_t@@QAE@XZ     100057c0 f i coreclrembedding.obj
 0001:000049c0       ??1deps_resolver_t@@QAE@XZ 100059c0 f i coreclrembedding.obj
 0001:00004e60       ??0probe_paths_t@@QAE@XZ   10005e60 f i coreclrembedding.obj
 0001:00004eb0       ??1probe_paths_t@@QAE@XZ   10005eb0 f i coreclrembedding.obj
 0001:00005040       ??0deps_entry_t@@QAE@ABU0@@Z 10006040 f i coreclrembedding.obj
 0001:00005100       ??1deps_entry_t@@QAE@XZ    10006100 f i coreclrembedding.obj
 0001:000052e0       ?FreeMarshalData@CoreClrEmbedding@@SAXPAXH@Z 100062e0 f   coreclrembedding.obj
 0001:00005300       ??0?$initializer_list@PBD@std@@QAE@PBQBD0@Z 10006300 f i coreclrembedding.obj
 0001:00005320       ??A?$vector@PBDV?$allocator@PBD@std@@@std@@QAEAAPBDI@Z 10006320 f i coreclrembedding.obj
 0001:00005330       ?size@?$vector@PBDV?$allocator@PBD@std@@@std@@QBEIXZ 10006330 f i coreclrembedding.obj
 0001:00005340       ?data@?$vector@PBDV?$allocator@PBD@std@@@std@@QAEPAPBDXZ 10006340 f i coreclrembedding.obj
 0001:00005340       ?_Unchecked_begin@?$vector@Udeps_entry_t@@V?$allocator@Udeps_entry_t@@@std@@@std@@QBEPBUdeps_entry_t@@XZ 10006340 f i coreclrembedding.obj
 0001:00005340       ??C?$unique_ptr@Vdeps_json_t@@U?$default_delete@Vdeps_json_t@@@std@@@std@@QBEPAVdeps_json_t@@XZ 10006340 f i coreclrembedding.obj
 0001:00005340       ?data@?$vector@DV?$allocator@D@std@@@std@@QAEPADXZ 10006340 f i coreclrembedding.obj
 0001:00005350       ?push_back@?$vector@PBDV?$allocator@PBD@std@@@std@@QAEXABQBD@Z 10006350 f i coreclrembedding.obj
 0001:00005350       ?push_back@?$vector@PBDV?$allocator@PBD@std@@@std@@QAEX$$QAPBD@Z 10006350 f i coreclrembedding.obj
 0001:00005380       ??1?$vector@V?$_List_unchecked_iterator@V?$_List_val@U?$_List_simple_types@U?$pair@$$CBV?$basic_string@_WU?$char_traits@_W@std@@V?$allocator@_W@2@@std@@Urid_assets_t@deps_json_t@@@std@@@std@@@std@@@std@@V?$allocator@V?$_List_unchecked_iterator@V?$_List_val@U?$_List_simple_types@U?$pair@$$CBV?$basic_string@_WU?$char_traits@_W@std@@V?$allocator@_W@2@@std@@Urid_assets_t@deps_json_t@@@std@@@std@@@std@@@std@@@2@@std@@QAE@XZ 10006380 f i coreclrembedding.obj
 0001:00005380       ??1?$vector@V?$_List_unchecked_const_iterator@V?$_List_val@U?$_List_simple_types@V?$basic_string@_WU?$char_traits@_W@std@@V?$allocator@_W@2@@std@@@std@@@std@@U_Iterator_base0@2@@std@@V?$allocator@V?$_List_unchecked_const_iterator@V?$_List_val@U?$_List_simple_types@V?$basic_string@_WU?$char_traits@_W@std@@V?$allocator@_W@2@@std@@@std@@@std@@U_Iterator_base0@2@@std@@@2@@std@@QAE@XZ 10006380 f i coreclrembedding.obj
 0001:00005380       ??1?$vector@V?$_List_unchecked_iterator@V?$_List_val@U?$_List_simple_types@U?$pair@$$CBV?$basic_string@_WU?$char_traits@_W@std@@V?$allocator@_W@2@@std@@Uassets_t@deps_json_t@@@std@@@std@@@std@@@std@@V?$allocator@V?$_List_unchecked_iterator@V?$_List_val@U?$_List_simple_types@U?$pair@$$CBV?$basic_string@_WU?$char_traits@_W@std@@V?$allocator@_W@2@@std@@Uassets_t@deps_json_t@@@std@@@std@@@std@@@std@@@2@@std@@QAE@XZ 10006380 f i coreclrembedding.obj
 0001:00005380       ??1?$vector@V?$_List_unchecked_iterator@V?$_List_val@U?$_List_simple_types@U?$pair@$$CBV?$basic_string@_WU?$char_traits@_W@std@@V?$allocator@_W@2@@std@@H@std@@@std@@@std@@@std@@V?$allocator@V?$_List_unchecked_iterator@V?$_List_val@U?$_List_simple_types@U?$pair@$$CBV?$basic_string@_WU?$char_traits@_W@std@@V?$allocator@_W@2@@std@@H@std@@@std@@@std@@@std@@@2@@std@@QAE@XZ 10006380 f i coreclrembedding.obj
 0001:00005380       ??1?$vector@V?$_List_unchecked_iterator@V?$_List_val@U?$_List_simple_types@U?$pair@$$CBV?$basic_string@_WU?$char_traits@_W@std@@V?$allocator@_W@2@@std@@V?$vector@V?$basic_string@_WU?$char_traits@_W@std@@V?$allocator@_W@2@@std@@V?$allocator@V?$basic_string@_WU?$char_traits@_W@std@@V?$allocator@_W@2@@std@@@2@@2@@std@@@std@@@std@@@std@@V?$allocator@V?$_List_unchecked_iterator@V?$_List_val@U?$_List_simple_types@U?$pair@$$CBV?$basic_string@_WU?$char_traits@_W@std@@V?$allocator@_W@2@@std@@V?$vector@V?$basic_string@_WU?$char_traits@_W@std@@V?$allocator@_W@2@@std@@V?$allocator@V?$basic_string@_WU?$char_traits@_W@std@@V?$allocator@_W@2@@std@@@2@@2@@std@@@std@@@std@@@std@@@2@@std@@QAE@XZ 10006380 f i coreclrembedding.obj
 0001:00005380       ??1?$vector@V?$_List_unchecked_iterator@V?$_List_val@U?$_List_simple_types@U?$pair@$$CBV?$basic_string@_WU?$char_traits@_W@std@@V?$allocator@_W@2@@std@@V12@@std@@@std@@@std@@@std@@V?$allocator@V?$_List_unchecked_iterator@V?$_List_val@U?$_List_simple_types@U?$pair@$$CBV?$basic_string@_WU?$char_traits@_W@std@@V?$allocator@_W@2@@std@@V12@@std@@@std@@@std@@@std@@@2@@std@@QAE@XZ 10006380 f i coreclrembedding.obj
 0001:00005380       ??1?$vector@PB_WV?$allocator@PB_W@std@@@std@@QAE@XZ 10006380 f i coreclrembedding.obj
 0001:00005380       ??1?$vector@PBDV?$allocator@PBD@std@@@std@@QAE@XZ 10006380 f i coreclrembedding.obj
 0001:000053e0       ??0?$vector@PBDV?$allocator@PBD@std@@@std@@QAE@V?$initializer_list@PBD@1@ABV?$allocator@PBD@1@@Z 100063e0 f i coreclrembedding.obj
 0001:00005410       ??0?$allocator@PBD@std@@QAE@XZ 10006410 f i coreclrembedding.obj
 0001:00005420       ??1?$vector@Uprobe_config_t@@V?$allocator@Uprobe_config_t@@@std@@@std@@QAE@XZ 10006420 f i coreclrembedding.obj
 0001:000054a0       ??1?$unique_ptr@Vdeps_json_t@@U?$default_delete@Vdeps_json_t@@@std@@@std@@QAE@XZ 100064a0 f i coreclrembedding.obj
 0001:00005520       ??4?$unique_ptr@Vdeps_json_t@@U?$default_delete@Vdeps_json_t@@@std@@@std@@QAEAAV01@$$QAV01@@Z 10006520 f i coreclrembedding.obj
 0001:000055c0       ??A?$vector@V?$vector@DV?$allocator@D@std@@@std@@V?$allocator@V?$vector@DV?$allocator@D@std@@@std@@@2@@std@@QAEAAV?$vector@DV?$allocator@D@std@@@1@I@Z 100065c0 f i coreclrembedding.obj
 0001:000055d0       ?size@?$vector@V?$vector@DV?$allocator@D@std@@@std@@V?$allocator@V?$vector@DV?$allocator@D@std@@@std@@@2@@std@@QBEIXZ 100065d0 f i coreclrembedding.obj
 0001:000055f0       ??R<lambda_6c3b6c2159c8e7d845ab7f290b8f9fcb>@@QBEPAV?$vector@DV?$allocator@D@std@@@std@@PAV12@I@Z 100065f0 f i coreclrembedding.obj
 0001:00005630       ??9?$_List_unchecked_const_iterator@V?$_List_val@U?$_List_simple_types@V?$basic_string@_WU?$char_traits@_W@std@@V?$allocator@_W@2@@std@@@std@@@std@@U_Iterator_base0@2@@std@@QBE_NABV01@@Z 10006630 f i coreclrembedding.obj
 0001:00005640       ??E?$_List_unchecked_const_iterator@V?$_List_val@U?$_List_simple_types@V?$basic_string@_WU?$char_traits@_W@std@@V?$allocator@_W@2@@std@@@std@@@std@@U_Iterator_base0@2@@std@@QAEAAV01@XZ 10006640 f i coreclrembedding.obj
 0001:00005650       ??D?$_List_unchecked_const_iterator@V?$_List_val@U?$_List_simple_types@V?$basic_string@_WU?$char_traits@_W@std@@V?$allocator@_W@2@@std@@@std@@@std@@U_Iterator_base0@2@@std@@QBEABV?$basic_string@_WU?$char_traits@_W@std@@V?$allocator@_W@2@@1@XZ 10006650 f i coreclrembedding.obj
 0001:00005660       ??1?$vector@V?$basic_string@DU?$char_traits@D@std@@V?$allocator@D@2@@std@@V?$allocator@V?$basic_string@DU?$char_traits@D@std@@V?$allocator@D@2@@std@@@2@@std@@QAE@XZ 10006660 f i coreclrembedding.obj
 0001:00005720       ??1?$list@U?$pair@$$CBV?$basic_string@_WU?$char_traits@_W@std@@V?$allocator@_W@2@@std@@V12@@std@@V?$allocator@U?$pair@$$CBV?$basic_string@_WU?$char_traits@_W@std@@V?$allocator@_W@2@@std@@V12@@std@@@2@@std@@QAE@XZ 10006720 f i coreclrembedding.obj
 0001:00005770       ??0?$unordered_map@V?$basic_string@_WU?$char_traits@_W@std@@V?$allocator@_W@2@@std@@V12@U?$hash@V?$basic_string@_WU?$char_traits@_W@std@@V?$allocator@_W@2@@std@@@2@U?$equal_to@V?$basic_string@_WU?$char_traits@_W@std@@V?$allocator@_W@2@@std@@@2@V?$allocator@U?$pair@$$CBV?$basic_string@_WU?$char_traits@_W@std@@V?$allocator@_W@2@@std@@V12@@std@@@2@@std@@QAE@XZ 10006770 f i coreclrembedding.obj
 0001:00005830       ?_Unchecked_end@?$list@V?$basic_string@_WU?$char_traits@_W@std@@V?$allocator@_W@2@@std@@V?$allocator@V?$basic_string@_WU?$char_traits@_W@std@@V?$allocator@_W@2@@std@@@2@@std@@QBE?AV?$_List_unchecked_const_iterator@V?$_List_val@U?$_List_simple_types@V?$basic_string@_WU?$char_traits@_W@std@@V?$allocator@_W@2@@std@@@std@@@std@@U_Iterator_base0@2@@2@XZ 10006830 f i coreclrembedding.obj
 0001:00005840       ?_Unchecked_begin@?$list@V?$basic_string@_WU?$char_traits@_W@std@@V?$allocator@_W@2@@std@@V?$allocator@V?$basic_string@_WU?$char_traits@_W@std@@V?$allocator@_W@2@@std@@@2@@std@@QBE?AV?$_List_unchecked_const_iterator@V?$_List_val@U?$_List_simple_types@V?$basic_string@_WU?$char_traits@_W@std@@V?$allocator@_W@2@@std@@@std@@@std@@U_Iterator_base0@2@@2@XZ 10006840 f i coreclrembedding.obj
 0001:00005850       ??1?$list@V?$basic_string@_WU?$char_traits@_W@std@@V?$allocator@_W@2@@std@@V?$allocator@V?$basic_string@_WU?$char_traits@_W@std@@V?$allocator@_W@2@@std@@@2@@std@@QAE@XZ 10006850 f i coreclrembedding.obj
 0001:000058f0       ??1?$list@U?$pair@$$CBV?$basic_string@_WU?$char_traits@_W@std@@V?$allocator@_W@2@@std@@V?$vector@V?$basic_string@_WU?$char_traits@_W@std@@V?$allocator@_W@2@@std@@V?$allocator@V?$basic_string@_WU?$char_traits@_W@std@@V?$allocator@_W@2@@std@@@2@@2@@std@@V?$allocator@U?$pair@$$CBV?$basic_string@_WU?$char_traits@_W@std@@V?$allocator@_W@2@@std@@V?$vector@V?$basic_string@_WU?$char_traits@_W@std@@V?$allocator@_W@2@@std@@V?$allocator@V?$basic_string@_WU?$char_traits@_W@std@@V?$allocator@_W@2@@std@@@2@@2@@std@@@2@@std@@QAE@XZ 100068f0 f i coreclrembedding.obj
 0001:00005940       ??1?$list@U?$pair@$$CBV?$basic_string@_WU?$char_traits@_W@std@@V?$allocator@_W@2@@std@@H@std@@V?$allocator@U?$pair@$$CBV?$basic_string@_WU?$char_traits@_W@std@@V?$allocator@_W@2@@std@@H@std@@@2@@std@@QAE@XZ 10006940 f i coreclrembedding.obj
 0001:000059e0       ?_Unchecked_end@?$vector@Udeps_entry_t@@V?$allocator@Udeps_entry_t@@@std@@@std@@QBEPBUdeps_entry_t@@XZ 100069e0 f i coreclrembedding.obj
 0001:000059f0       ??1?$vector@Udeps_entry_t@@V?$allocator@Udeps_entry_t@@@std@@@std@@QAE@XZ 100069f0 f i coreclrembedding.obj
 0001:00005a00       ??0?$vector@DV?$allocator@D@std@@@std@@QAE@XZ 10006a00 f i coreclrembedding.obj
 0001:00005a00       ??0?$vector@Udeps_entry_t@@V?$allocator@Udeps_entry_t@@@std@@@std@@QAE@XZ 10006a00 f i coreclrembedding.obj
 0001:00005a00       ??0vec_t@deps_json_t@@QAE@XZ 10006a00 f i deps_format.obj
 0001:00005a00       ??0?$vector@V?$basic_string@_WU?$char_traits@_W@std@@V?$allocator@_W@2@@std@@V?$allocator@V?$basic_string@_WU?$char_traits@_W@std@@V?$allocator@_W@2@@std@@@2@@std@@QAE@XZ 10006a00 f i coreclrembedding.obj
 0001:00005a20       ??1?$list@U?$pair@$$CBV?$basic_string@_WU?$char_traits@_W@std@@V?$allocator@_W@2@@std@@Urid_assets_t@deps_json_t@@@std@@V?$allocator@U?$pair@$$CBV?$basic_string@_WU?$char_traits@_W@std@@V?$allocator@_W@2@@std@@Urid_assets_t@deps_json_t@@@std@@@2@@std@@QAE@XZ 10006a20 f i coreclrembedding.obj
 0001:00005a70       ??1?$list@U?$pair@$$CBV?$basic_string@_WU?$char_traits@_W@std@@V?$allocator@_W@2@@std@@Uassets_t@deps_json_t@@@std@@V?$allocator@U?$pair@$$CBV?$basic_string@_WU?$char_traits@_W@std@@V?$allocator@_W@2@@std@@Uassets_t@deps_json_t@@@std@@@2@@std@@QAE@XZ 10006a70 f i coreclrembedding.obj
 0001:00005a90       ??0?$unordered_map@V?$basic_string@_WU?$char_traits@_W@std@@V?$allocator@_W@2@@std@@Uassets_t@deps_json_t@@U?$hash@V?$basic_string@_WU?$char_traits@_W@std@@V?$allocator@_W@2@@std@@@2@U?$equal_to@V?$basic_string@_WU?$char_traits@_W@std@@V?$allocator@_W@2@@std@@@2@V?$allocator@U?$pair@$$CBV?$basic_string@_WU?$char_traits@_W@std@@V?$allocator@_W@2@@std@@Uassets_t@deps_json_t@@@std@@@2@@std@@QAE@XZ 10006a90 f i coreclrembedding.obj
 0001:00005b50       ??0?$unordered_map@V?$basic_string@_WU?$char_traits@_W@std@@V?$allocator@_W@2@@std@@V?$vector@V?$basic_string@_WU?$char_traits@_W@std@@V?$allocator@_W@2@@std@@V?$allocator@V?$basic_string@_WU?$char_traits@_W@std@@V?$allocator@_W@2@@std@@@2@@2@U?$hash@V?$basic_string@_WU?$char_traits@_W@std@@V?$allocator@_W@2@@std@@@2@U?$equal_to@V?$basic_string@_WU?$char_traits@_W@std@@V?$allocator@_W@2@@std@@@2@V?$allocator@U?$pair@$$CBV?$basic_string@_WU?$char_traits@_W@std@@V?$allocator@_W@2@@std@@V?$vector@V?$basic_string@_WU?$char_traits@_W@std@@V?$allocator@_W@2@@std@@V?$allocator@V?$basic_string@_WU?$char_traits@_W@std@@V?$allocator@_W@2@@std@@@2@@2@@std@@@2@@std@@QAE@XZ 10006b50 f i coreclrembedding.obj
 0001:00005c10       ??4?$vector@V?$basic_string@_WU?$char_traits@_W@std@@V?$allocator@_W@2@@std@@V?$allocator@V?$basic_string@_WU?$char_traits@_W@std@@V?$allocator@_W@2@@std@@@2@@std@@QAEAAV01@ABV01@@Z 10006c10 f i coreclrembedding.obj
 0001:00005c30       ?push_back@?$vector@V?$basic_string@_WU?$char_traits@_W@std@@V?$allocator@_W@2@@std@@V?$allocator@V?$basic_string@_WU?$char_traits@_W@std@@V?$allocator@_W@2@@std@@@2@@std@@QAEXABV?$basic_string@_WU?$char_traits@_W@std@@V?$allocator@_W@2@@2@@Z 10006c30 f i coreclrembedding.obj
 0001:00005c60       ??1vec_t@deps_json_t@@QAE@XZ 10006c60 f i coreclrembedding.obj
 0001:00005c60       ??1?$vector@V?$basic_string@_WU?$char_traits@_W@std@@V?$allocator@_W@2@@std@@V?$allocator@V?$basic_string@_WU?$char_traits@_W@std@@V?$allocator@_W@2@@std@@@2@@std@@QAE@XZ 10006c60 f i coreclrembedding.obj
 0001:00005c70       ??0?$vector@V?$basic_string@_WU?$char_traits@_W@std@@V?$allocator@_W@2@@std@@V?$allocator@V?$basic_string@_WU?$char_traits@_W@std@@V?$allocator@_W@2@@std@@@2@@std@@QAE@ABV01@@Z 10006c70 f i coreclrembedding.obj
 0001:00005d20       ??1?$vector@DV?$allocator@D@std@@@std@@QAE@XZ 10006d20 f i coreclrembedding.obj
 0001:00005d20       ?_Tidy@?$vector@DV?$allocator@D@std@@@std@@AAEXXZ 10006d20 f i coreclrembedding.obj
 0001:00005d70       ??0?$unordered_set@V?$basic_string@_WU?$char_traits@_W@std@@V?$allocator@_W@2@@std@@U?$hash@V?$basic_string@_WU?$char_traits@_W@std@@V?$allocator@_W@2@@std@@@2@U?$equal_to@V?$basic_string@_WU?$char_traits@_W@std@@V?$allocator@_W@2@@std@@@2@V?$allocator@V?$basic_string@_WU?$char_traits@_W@std@@V?$allocator@_W@2@@std@@@2@@std@@QAE@XZ 10006d70 f i coreclrembedding.obj
 0001:00005e30       ?substr@?$basic_string@_WU?$char_traits@_W@std@@V?$allocator@_W@2@@std@@QBE?AV12@II@Z 10006e30 f i coreclrembedding.obj
 0001:00005e80       ?find@?$basic_string@_WU?$char_traits@_W@std@@V?$allocator@_W@2@@std@@QBEI_WI@Z 10006e80 f i coreclrembedding.obj
 0001:00005ed0       ?empty@?$basic_string@_WU?$char_traits@_W@std@@V?$allocator@_W@2@@std@@QBE_NXZ 10006ed0 f i coreclrembedding.obj
 0001:00005ee0       ?reserve@?$basic_string@_WU?$char_traits@_W@std@@V?$allocator@_W@2@@std@@QAEXI@Z 10006ee0 f i coreclrembedding.obj
 0001:00005f80       ?c_str@?$basic_string@_WU?$char_traits@_W@std@@V?$allocator@_W@2@@std@@QBEPB_WXZ 10006f80 f i coreclrembedding.obj
 0001:00005f90       ?clear@?$basic_string@_WU?$char_traits@_W@std@@V?$allocator@_W@2@@std@@QAEXXZ 10006f90 f i coreclrembedding.obj
 0001:00005fb0       ?append@?$basic_string@_WU?$char_traits@_W@std@@V?$allocator@_W@2@@std@@QAEAAV12@ABV12@@Z 10006fb0 f i coreclrembedding.obj
 0001:00005fd0       ??4?$basic_string@_WU?$char_traits@_W@std@@V?$allocator@_W@2@@std@@QAEAAV01@ABV01@@Z 10006fd0 f i coreclrembedding.obj
 0001:00006000       ??4?$basic_string@_WU?$char_traits@_W@std@@V?$allocator@_W@2@@std@@QAEAAV01@$$QAV01@@Z 10007000 f i coreclrembedding.obj
 0001:00006000       ?assign@?$basic_string@_WU?$char_traits@_W@std@@V?$allocator@_W@2@@std@@QAEAAV12@$$QAV12@@Z 10007000 f i coreclrembedding.obj
 0001:00006040       ??0?$basic_string@_WU?$char_traits@_W@std@@V?$allocator@_W@2@@std@@QAE@$$QAV01@@Z 10007040 f i coreclrembedding.obj
 0001:00006080       ??0?$basic_string@_WU?$char_traits@_W@std@@V?$allocator@_W@2@@std@@QAE@QB_W@Z 10007080 f i coreclrembedding.obj
 0001:000060c0       ??0?$basic_string@_WU?$char_traits@_W@std@@V?$allocator@_W@2@@std@@QAE@XZ 100070c0 f i coreclrembedding.obj
 0001:000060e0       ??0?$basic_string@_WU?$char_traits@_W@std@@V?$allocator@_W@2@@std@@QAE@ABV01@@Z 100070e0 f i coreclrembedding.obj
 0001:000061b0       ??1?$basic_string@DU?$char_traits@D@std@@V?$allocator@D@2@@std@@QAE@XZ 100071b0 f i coreclrembedding.obj
 0001:000061b0       ?_Tidy_deallocate@?$basic_string@DU?$char_traits@D@std@@V?$allocator@D@2@@std@@QAEXXZ 100071b0 f i coreclrembedding.obj
 0001:00006200       ?_Xlength@?$vector@DV?$allocator@D@std@@@std@@CAXXZ 10007200 f i json_parsing.obj
 0001:00006200       ?_Xlength@?$vector@V?$vector@DV?$allocator@D@std@@@std@@V?$allocator@V?$vector@DV?$allocator@D@std@@@std@@@2@@std@@CAXXZ 10007200 f i coreclrembedding.obj
 0001:00006200       ?_Xlength@?$vector@Udeps_entry_t@@V?$allocator@Udeps_entry_t@@@std@@@std@@CAXXZ 10007200 f i deps_format.obj
 0001:00006200       ?_Xlength@?$vector@V?$_List_unchecked_iterator@V?$_List_val@U?$_List_simple_types@U?$pair@$$CBV?$basic_string@_WU?$char_traits@_W@std@@V?$allocator@_W@2@@std@@Uassets_t@deps_json_t@@@std@@@std@@@std@@@std@@V?$allocator@V?$_List_unchecked_iterator@V?$_List_val@U?$_List_simple_types@U?$pair@$$CBV?$basic_string@_WU?$char_traits@_W@std@@V?$allocator@_W@2@@std@@Uassets_t@deps_json_t@@@std@@@std@@@std@@@std@@@2@@std@@CAXXZ 10007200 f i coreclrembedding.obj
 0001:00006200       ?_Xlength@?$vector@PBDV?$allocator@PBD@std@@@std@@CAXXZ 10007200 f i coreclrembedding.obj
 0001:00006200       ?_Xlength@?$vector@V?$_List_unchecked_iterator@V?$_List_val@U?$_List_simple_types@U?$pair@$$CBV?$basic_string@_WU?$char_traits@_W@std@@V?$allocator@_W@2@@std@@Urid_assets_t@deps_json_t@@@std@@@std@@@std@@@std@@V?$allocator@V?$_List_unchecked_iterator@V?$_List_val@U?$_List_simple_types@U?$pair@$$CBV?$basic_string@_WU?$char_traits@_W@std@@V?$allocator@_W@2@@std@@Urid_assets_t@deps_json_t@@@std@@@std@@@std@@@std@@@2@@std@@CAXXZ 10007200 f i coreclrembedding.obj
 0001:00006200       ?_Xlength@?$vector@V?$basic_string@_WU?$char_traits@_W@std@@V?$allocator@_W@2@@std@@V?$allocator@V?$basic_string@_WU?$char_traits@_W@std@@V?$allocator@_W@2@@std@@@2@@std@@CAXXZ 10007200 f i coreclrembedding.obj
 0001:00006200       ?_Xlength@?$vector@V?$_List_unchecked_const_iterator@V?$_List_val@U?$_List_simple_types@V?$basic_string@_WU?$char_traits@_W@std@@V?$allocator@_W@2@@std@@@std@@@std@@U_Iterator_base0@2@@std@@V?$allocator@V?$_List_unchecked_const_iterator@V?$_List_val@U?$_List_simple_types@V?$basic_string@_WU?$char_traits@_W@std@@V?$allocator@_W@2@@std@@@std@@@std@@U_Iterator_base0@2@@std@@@2@@std@@CAXXZ 10007200 f i coreclrembedding.obj
 0001:00006200       ?_Xlength@?$vector@_WV?$allocator@_W@std@@@std@@CAXXZ 10007200 f i json_parsing.obj
 0001:00006200       ?_Xlength@?$vector@U?$pair@V?$basic_string@_WU?$char_traits@_W@std@@V?$allocator@_W@2@@std@@Vvalue@json@web@@@std@@V?$allocator@U?$pair@V?$basic_string@_WU?$char_traits@_W@std@@V?$allocator@_W@2@@std@@Vvalue@json@web@@@std@@@2@@std@@CAXXZ 10007200 f i json.obj
 0001:00006200       ?_Xlength@?$vector@Vvalue@json@web@@V?$allocator@Vvalue@json@web@@@std@@@std@@CAXXZ 10007200 f i json.obj
 0001:00006200       ?_Xlength@?$vector@Uprobe_config_t@@V?$allocator@Uprobe_config_t@@@std@@@std@@CAXXZ 10007200 f i deps_resolver.obj
 0001:00006200       ?_Xlength@?$vector@V?$_List_unchecked_iterator@V?$_List_val@U?$_List_simple_types@U?$pair@$$CBV?$basic_string@_WU?$char_traits@_W@std@@V?$allocator@_W@2@@std@@V?$vector@V?$basic_string@_WU?$char_traits@_W@std@@V?$allocator@_W@2@@std@@V?$allocator@V?$basic_string@_WU?$char_traits@_W@std@@V?$allocator@_W@2@@std@@@2@@2@@std@@@std@@@std@@@std@@V?$allocator@V?$_List_unchecked_iterator@V?$_List_val@U?$_List_simple_types@U?$pair@$$CBV?$basic_string@_WU?$char_traits@_W@std@@V?$allocator@_W@2@@std@@V?$vector@V?$basic_string@_WU?$char_traits@_W@std@@V?$allocator@_W@2@@std@@V?$allocator@V?$basic_string@_WU?$char_traits@_W@std@@V?$allocator@_W@2@@std@@@2@@2@@std@@@std@@@std@@@std@@@2@@std@@CAXXZ 10007200 f i coreclrembedding.obj
 0001:00006200       ?_Xlength@?$vector@V?$_List_unchecked_iterator@V?$_List_val@U?$_List_simple_types@U?$pair@$$CBV?$basic_string@_WU?$char_traits@_W@std@@V?$allocator@_W@2@@std@@H@std@@@std@@@std@@@std@@V?$allocator@V?$_List_unchecked_iterator@V?$_List_val@U?$_List_simple_types@U?$pair@$$CBV?$basic_string@_WU?$char_traits@_W@std@@V?$allocator@_W@2@@std@@H@std@@@std@@@std@@@std@@@2@@std@@CAXXZ 10007200 f i coreclrembedding.obj
 0001:00006200       ?_Xlength@?$vector@V?$_List_unchecked_iterator@V?$_List_val@U?$_List_simple_types@U?$pair@$$CBV?$basic_string@_WU?$char_traits@_W@std@@V?$allocator@_W@2@@std@@V12@@std@@@std@@@std@@@std@@V?$allocator@V?$_List_unchecked_iterator@V?$_List_val@U?$_List_simple_types@U?$pair@$$CBV?$basic_string@_WU?$char_traits@_W@std@@V?$allocator@_W@2@@std@@V12@@std@@@std@@@std@@@std@@@2@@std@@CAXXZ 10007200 f i coreclrembedding.obj
 0001:00006200       ?_Xlength@?$vector@PB_WV?$allocator@PB_W@std@@@std@@CAXXZ 10007200 f i coreclrembedding.obj
 0001:00006210       ?_Reallocate_exactly@?$vector@PB_WV?$allocator@PB_W@std@@@std@@AAEXI@Z 10007210 f i coreclrembedding.obj
 0001:000062e0       ?_Tidy@?$vector@Udeps_entry_t@@V?$allocator@Udeps_entry_t@@@std@@@std@@AAEXXZ 100072e0 f i coreclrembedding.obj
 0001:00006370       ?_Tidy@?$vector@V?$basic_string@_WU?$char_traits@_W@std@@V?$allocator@_W@2@@std@@V?$allocator@V?$basic_string@_WU?$char_traits@_W@std@@V?$allocator@_W@2@@std@@@2@@std@@AAEXXZ 10007370 f i coreclrembedding.obj
 0001:000063f0       ?_Buy@?$vector@V?$basic_string@_WU?$char_traits@_W@std@@V?$allocator@_W@2@@std@@V?$allocator@V?$basic_string@_WU?$char_traits@_W@std@@V?$allocator@_W@2@@std@@@2@@std@@AAE_NI@Z 100073f0 f i coreclrembedding.obj
 0001:000064b0       ?_Reallocate_exactly@?$vector@V?$basic_string@_WU?$char_traits@_W@std@@V?$allocator@_W@2@@std@@V?$allocator@V?$basic_string@_WU?$char_traits@_W@std@@V?$allocator@_W@2@@std@@@2@@std@@AAEXI@Z 100074b0 f i coreclrembedding.obj
 0001:00006550       ?_Tidy_init@?$basic_string@_WU?$char_traits@_W@std@@V?$allocator@_W@2@@std@@QAEXXZ 10007550 f i coreclrembedding.obj
 0001:00006570       ?assign@?$basic_string@_WU?$char_traits@_W@std@@V?$allocator@_W@2@@std@@QAEAAV12@QB_WI@Z 10007570 f i coreclrembedding.obj
 0001:000066c0       ?append@?$basic_string@_WU?$char_traits@_W@std@@V?$allocator@_W@2@@std@@QAEAAV12@QB_WI@Z 100076c0 f i coreclrembedding.obj
 0001:00006730       ?_Construct_lv_contents@?$basic_string@_WU?$char_traits@_W@std@@V?$allocator@_W@2@@std@@QAEXABV12@@Z 10007730 f i coreclrembedding.obj
 0001:000067f0       ??0?$basic_string@_WU?$char_traits@_W@std@@V?$allocator@_W@2@@std@@QAE@ABV01@IIABV?$allocator@_W@1@@Z 100077f0 f i coreclrembedding.obj
 0001:00006850       ?_Init@?$_Hash@V?$_Uset_traits@V?$basic_string@_WU?$char_traits@_W@std@@V?$allocator@_W@2@@std@@V?$_Uhash_compare@V?$basic_string@_WU?$char_traits@_W@std@@V?$allocator@_W@2@@std@@U?$hash@V?$basic_string@_WU?$char_traits@_W@std@@V?$allocator@_W@2@@std@@@2@U?$equal_to@V?$basic_string@_WU?$char_traits@_W@std@@V?$allocator@_W@2@@std@@@2@@2@V?$allocator@V?$basic_string@_WU?$char_traits@_W@std@@V?$allocator@_W@2@@std@@@2@$0A@@std@@@std@@IAEXI@Z 10007850 f i coreclrembedding.obj
 0001:00006850       ?_Init@?$_Hash@V?$_Umap_traits@V?$basic_string@_WU?$char_traits@_W@std@@V?$allocator@_W@2@@std@@V?$vector@V?$basic_string@_WU?$char_traits@_W@std@@V?$allocator@_W@2@@std@@V?$allocator@V?$basic_string@_WU?$char_traits@_W@std@@V?$allocator@_W@2@@std@@@2@@2@V?$_Uhash_compare@V?$basic_string@_WU?$char_traits@_W@std@@V?$allocator@_W@2@@std@@U?$hash@V?$basic_string@_WU?$char_traits@_W@std@@V?$allocator@_W@2@@std@@@2@U?$equal_to@V?$basic_string@_WU?$char_traits@_W@std@@V?$allocator@_W@2@@std@@@2@@2@V?$allocator@U?$pair@$$CBV?$basic_string@_WU?$char_traits@_W@std@@V?$allocator@_W@2@@std@@V?$vector@V?$basic_string@_WU?$char_traits@_W@std@@V?$allocator@_W@2@@std@@V?$allocator@V?$basic_string@_WU?$char_traits@_W@std@@V?$allocator@_W@2@@std@@@2@@2@@std@@@2@$0A@@std@@@std@@IAEXI@Z 10007850 f i coreclrembedding.obj
 0001:00006850       ?_Init@?$_Hash@V?$_Umap_traits@V?$basic_string@_WU?$char_traits@_W@std@@V?$allocator@_W@2@@std@@HV?$_Uhash_compare@V?$basic_string@_WU?$char_traits@_W@std@@V?$allocator@_W@2@@std@@U?$hash@V?$basic_string@_WU?$char_traits@_W@std@@V?$allocator@_W@2@@std@@@2@U?$equal_to@V?$basic_string@_WU?$char_traits@_W@std@@V?$allocator@_W@2@@std@@@2@@2@V?$allocator@U?$pair@$$CBV?$basic_string@_WU?$char_traits@_W@std@@V?$allocator@_W@2@@std@@H@std@@@2@$0A@@std@@@std@@IAEXI@Z 10007850 f i coreclrembedding.obj
 0001:00006850       ?_Init@?$_Hash@V?$_Umap_traits@V?$basic_string@_WU?$char_traits@_W@std@@V?$allocator@_W@2@@std@@Uassets_t@deps_json_t@@V?$_Uhash_compare@V?$basic_string@_WU?$char_traits@_W@std@@V?$allocator@_W@2@@std@@U?$hash@V?$basic_string@_WU?$char_traits@_W@std@@V?$allocator@_W@2@@std@@@2@U?$equal_to@V?$basic_string@_WU?$char_traits@_W@std@@V?$allocator@_W@2@@std@@@2@@2@V?$allocator@U?$pair@$$CBV?$basic_string@_WU?$char_traits@_W@std@@V?$allocator@_W@2@@std@@Uassets_t@deps_json_t@@@std@@@2@$0A@@std@@@std@@IAEXI@Z 10007850 f i coreclrembedding.obj
 0001:00006850       ?_Init@?$_Hash@V?$_Umap_traits@V?$basic_string@_WU?$char_traits@_W@std@@V?$allocator@_W@2@@std@@Urid_assets_t@deps_json_t@@V?$_Uhash_compare@V?$basic_string@_WU?$char_traits@_W@std@@V?$allocator@_W@2@@std@@U?$hash@V?$basic_string@_WU?$char_traits@_W@std@@V?$allocator@_W@2@@std@@@2@U?$equal_to@V?$basic_string@_WU?$char_traits@_W@std@@V?$allocator@_W@2@@std@@@2@@2@V?$allocator@U?$pair@$$CBV?$basic_string@_WU?$char_traits@_W@std@@V?$allocator@_W@2@@std@@Urid_assets_t@deps_json_t@@@std@@@2@$0A@@std@@@std@@IAEXI@Z 10007850 f i coreclrembedding.obj
 0001:00006850       ?_Init@?$_Hash@V?$_Umap_traits@V?$basic_string@_WU?$char_traits@_W@std@@V?$allocator@_W@2@@std@@V12@V?$_Uhash_compare@V?$basic_string@_WU?$char_traits@_W@std@@V?$allocator@_W@2@@std@@U?$hash@V?$basic_string@_WU?$char_traits@_W@std@@V?$allocator@_W@2@@std@@@2@U?$equal_to@V?$basic_string@_WU?$char_traits@_W@std@@V?$allocator@_W@2@@std@@@2@@2@V?$allocator@U?$pair@$$CBV?$basic_string@_WU?$char_traits@_W@std@@V?$allocator@_W@2@@std@@V12@@std@@@2@$0A@@std@@@std@@IAEXI@Z 10007850 f i coreclrembedding.obj
 0001:000068b0       ?_Change_array@?$vector@PBDV?$allocator@PBD@std@@@std@@AAEXQAPBDII@Z 100078b0 f i coreclrembedding.obj
 0001:000068b0       ?_Change_array@?$vector@PB_WV?$allocator@PB_W@std@@@std@@AAEXQAPB_WII@Z 100078b0 f i coreclrembedding.obj
 0001:00006910       ?_Destroy@?$vector@Udeps_entry_t@@V?$allocator@Udeps_entry_t@@@std@@@std@@AAEXPAUdeps_entry_t@@0@Z 10007910 f i coreclrembedding.obj
 0001:00006940       ?deallocate@?$allocator@Udeps_entry_t@@@std@@QAEXQAUdeps_entry_t@@I@Z 10007940 f i coreclrembedding.obj
 0001:00006980       ?clear@?$list@U?$pair@$$CBV?$basic_string@_WU?$char_traits@_W@std@@V?$allocator@_W@2@@std@@Uassets_t@deps_json_t@@@std@@V?$allocator@U?$pair@$$CBV?$basic_string@_WU?$char_traits@_W@std@@V?$allocator@_W@2@@std@@Uassets_t@deps_json_t@@@std@@@2@@std@@QAEXXZ 10007980 f i coreclrembedding.obj
 0001:000069c0       ?_Change_array@?$vector@V?$basic_string@_WU?$char_traits@_W@std@@V?$allocator@_W@2@@std@@V?$allocator@V?$basic_string@_WU?$char_traits@_W@std@@V?$allocator@_W@2@@std@@@2@@std@@AAEXQAV?$basic_string@_WU?$char_traits@_W@std@@V?$allocator@_W@2@@2@II@Z 100079c0 f i coreclrembedding.obj
 0001:00006a50       ?_Destroy@?$vector@V?$basic_string@_WU?$char_traits@_W@std@@V?$allocator@_W@2@@std@@V?$allocator@V?$basic_string@_WU?$char_traits@_W@std@@V?$allocator@_W@2@@std@@@2@@std@@AAEXPAV?$basic_string@_WU?$char_traits@_W@std@@V?$allocator@_W@2@@2@0@Z 10007a50 f i coreclrembedding.obj
 0001:00006a70       ?deallocate@?$allocator@V?$basic_string@_WU?$char_traits@_W@std@@V?$allocator@_W@2@@std@@@std@@QAEXQAV?$basic_string@_WU?$char_traits@_W@std@@V?$allocator@_W@2@@2@I@Z 10007a70 f i coreclrembedding.obj
 0001:00006ab0       ?assign@?$vector@V?$_List_unchecked_iterator@V?$_List_val@U?$_List_simple_types@U?$pair@$$CBV?$basic_string@_WU?$char_traits@_W@std@@V?$allocator@_W@2@@std@@H@std@@@std@@@std@@@std@@V?$allocator@V?$_List_unchecked_iterator@V?$_List_val@U?$_List_simple_types@U?$pair@$$CBV?$basic_string@_WU?$char_traits@_W@std@@V?$allocator@_W@2@@std@@H@std@@@std@@@std@@@std@@@2@@std@@QAEXIABV?$_List_unchecked_iterator@V?$_List_val@U?$_List_simple_types@U?$pair@$$CBV?$basic_string@_WU?$char_traits@_W@std@@V?$allocator@_W@2@@std@@H@std@@@std@@@std@@@2@@Z 10007ab0 f i coreclrembedding.obj
 0001:00006ab0       ?assign@?$vector@V?$_List_unchecked_iterator@V?$_List_val@U?$_List_simple_types@U?$pair@$$CBV?$basic_string@_WU?$char_traits@_W@std@@V?$allocator@_W@2@@std@@V?$vector@V?$basic_string@_WU?$char_traits@_W@std@@V?$allocator@_W@2@@std@@V?$allocator@V?$basic_string@_WU?$char_traits@_W@std@@V?$allocator@_W@2@@std@@@2@@2@@std@@@std@@@std@@@std@@V?$allocator@V?$_List_unchecked_iterator@V?$_List_val@U?$_List_simple_types@U?$pair@$$CBV?$basic_string@_WU?$char_traits@_W@std@@V?$allocator@_W@2@@std@@V?$vector@V?$basic_string@_WU?$char_traits@_W@std@@V?$allocator@_W@2@@std@@V?$allocator@V?$basic_string@_WU?$char_traits@_W@std@@V?$allocator@_W@2@@std@@@2@@2@@std@@@std@@@std@@@std@@@2@@std@@QAEXIABV?$_List_unchecked_iterator@V?$_List_val@U?$_List_simple_types@U?$pair@$$CBV?$basic_string@_WU?$char_traits@_W@std@@V?$allocator@_W@2@@std@@V?$vector@V?$basic_string@_WU?$char_traits@_W@std@@V?$allocator@_W@2@@std@@V?$allocator@V?$basic_string@_WU?$char_traits@_W@std@@V?$allocator@_W@2@@std@@@2@@2@@std@@@std@@@std@@@2@@Z 10007ab0 f i coreclrembedding.obj
 0001:00006ab0       ?assign@?$vector@V?$_List_unchecked_iterator@V?$_List_val@U?$_List_simple_types@U?$pair@$$CBV?$basic_string@_WU?$char_traits@_W@std@@V?$allocator@_W@2@@std@@Urid_assets_t@deps_json_t@@@std@@@std@@@std@@@std@@V?$allocator@V?$_List_unchecked_iterator@V?$_List_val@U?$_List_simple_types@U?$pair@$$CBV?$basic_string@_WU?$char_traits@_W@std@@V?$allocator@_W@2@@std@@Urid_assets_t@deps_json_t@@@std@@@std@@@std@@@std@@@2@@std@@QAEXIABV?$_List_unchecked_iterator@V?$_List_val@U?$_List_simple_types@U?$pair@$$CBV?$basic_string@_WU?$char_traits@_W@std@@V?$allocator@_W@2@@std@@Urid_assets_t@deps_json_t@@@std@@@std@@@std@@@2@@Z 10007ab0 f i coreclrembedding.obj
 0001:00006ab0       ?assign@?$vector@V?$_List_unchecked_const_iterator@V?$_List_val@U?$_List_simple_types@V?$basic_string@_WU?$char_traits@_W@std@@V?$allocator@_W@2@@std@@@std@@@std@@U_Iterator_base0@2@@std@@V?$allocator@V?$_List_unchecked_const_iterator@V?$_List_val@U?$_List_simple_types@V?$basic_string@_WU?$char_traits@_W@std@@V?$allocator@_W@2@@std@@@std@@@std@@U_Iterator_base0@2@@std@@@2@@std@@QAEXIABV?$_List_unchecked_const_iterator@V?$_List_val@U?$_List_simple_types@V?$basic_string@_WU?$char_traits@_W@std@@V?$allocator@_W@2@@std@@@std@@@std@@U_Iterator_base0@2@@2@@Z 10007ab0 f i coreclrembedding.obj
 0001:00006ab0       ?assign@?$vector@V?$_List_unchecked_iterator@V?$_List_val@U?$_List_simple_types@U?$pair@$$CBV?$basic_string@_WU?$char_traits@_W@std@@V?$allocator@_W@2@@std@@Uassets_t@deps_json_t@@@std@@@std@@@std@@@std@@V?$allocator@V?$_List_unchecked_iterator@V?$_List_val@U?$_List_simple_types@U?$pair@$$CBV?$basic_string@_WU?$char_traits@_W@std@@V?$allocator@_W@2@@std@@Uassets_t@deps_json_t@@@std@@@std@@@std@@@std@@@2@@std@@QAEXIABV?$_List_unchecked_iterator@V?$_List_val@U?$_List_simple_types@U?$pair@$$CBV?$basic_string@_WU?$char_traits@_W@std@@V?$allocator@_W@2@@std@@Uassets_t@deps_json_t@@@std@@@std@@@std@@@2@@Z 10007ab0 f i coreclrembedding.obj
 0001:00006ab0       ?assign@?$vector@V?$_List_unchecked_iterator@V?$_List_val@U?$_List_simple_types@U?$pair@$$CBV?$basic_string@_WU?$char_traits@_W@std@@V?$allocator@_W@2@@std@@V12@@std@@@std@@@std@@@std@@V?$allocator@V?$_List_unchecked_iterator@V?$_List_val@U?$_List_simple_types@U?$pair@$$CBV?$basic_string@_WU?$char_traits@_W@std@@V?$allocator@_W@2@@std@@V12@@std@@@std@@@std@@@std@@@2@@std@@QAEXIABV?$_List_unchecked_iterator@V?$_List_val@U?$_List_simple_types@U?$pair@$$CBV?$basic_string@_WU?$char_traits@_W@std@@V?$allocator@_W@2@@std@@V12@@std@@@std@@@std@@@2@@Z 10007ab0 f i coreclrembedding.obj
 0001:00006c10       ?_Freenode@?$_List_buy@V?$basic_string@_WU?$char_traits@_W@std@@V?$allocator@_W@2@@std@@V?$allocator@V?$basic_string@_WU?$char_traits@_W@std@@V?$allocator@_W@2@@std@@@2@@std@@QAEXPAU?$_List_node@V?$basic_string@_WU?$char_traits@_W@std@@V?$allocator@_W@2@@std@@PAX@2@@Z 10007c10 f i coreclrembedding.obj
 0001:00006c80       ?_Freenode@?$_List_buy@U?$pair@$$CBV?$basic_string@_WU?$char_traits@_W@std@@V?$allocator@_W@2@@std@@H@std@@V?$allocator@U?$pair@$$CBV?$basic_string@_WU?$char_traits@_W@std@@V?$allocator@_W@2@@std@@H@std@@@2@@std@@QAEXPAU?$_List_node@U?$pair@$$CBV?$basic_string@_WU?$char_traits@_W@std@@V?$allocator@_W@2@@std@@H@std@@PAX@2@@Z 10007c80 f i coreclrembedding.obj
 0001:00006cf0       ?_Reallocate_exactly@?$vector@V?$_List_unchecked_iterator@V?$_List_val@U?$_List_simple_types@U?$pair@$$CBV?$basic_string@_WU?$char_traits@_W@std@@V?$allocator@_W@2@@std@@Uassets_t@deps_json_t@@@std@@@std@@@std@@@std@@V?$allocator@V?$_List_unchecked_iterator@V?$_List_val@U?$_List_simple_types@U?$pair@$$CBV?$basic_string@_WU?$char_traits@_W@std@@V?$allocator@_W@2@@std@@Uassets_t@deps_json_t@@@std@@@std@@@std@@@std@@@2@@std@@AAEXI@Z 10007cf0 f i coreclrembedding.obj
 0001:00006cf0       ?_Reallocate_exactly@?$vector@V?$_List_unchecked_iterator@V?$_List_val@U?$_List_simple_types@U?$pair@$$CBV?$basic_string@_WU?$char_traits@_W@std@@V?$allocator@_W@2@@std@@V?$vector@V?$basic_string@_WU?$char_traits@_W@std@@V?$allocator@_W@2@@std@@V?$allocator@V?$basic_string@_WU?$char_traits@_W@std@@V?$allocator@_W@2@@std@@@2@@2@@std@@@std@@@std@@@std@@V?$allocator@V?$_List_unchecked_iterator@V?$_List_val@U?$_List_simple_types@U?$pair@$$CBV?$basic_string@_WU?$char_traits@_W@std@@V?$allocator@_W@2@@std@@V?$vector@V?$basic_string@_WU?$char_traits@_W@std@@V?$allocator@_W@2@@std@@V?$allocator@V?$basic_string@_WU?$char_traits@_W@std@@V?$allocator@_W@2@@std@@@2@@2@@std@@@std@@@std@@@std@@@2@@std@@AAEXI@Z 10007cf0 f i coreclrembedding.obj
 0001:00006cf0       ?_Reallocate_exactly@?$vector@V?$_List_unchecked_iterator@V?$_List_val@U?$_List_simple_types@U?$pair@$$CBV?$basic_string@_WU?$char_traits@_W@std@@V?$allocator@_W@2@@std@@H@std@@@std@@@std@@@std@@V?$allocator@V?$_List_unchecked_iterator@V?$_List_val@U?$_List_simple_types@U?$pair@$$CBV?$basic_string@_WU?$char_traits@_W@std@@V?$allocator@_W@2@@std@@H@std@@@std@@@std@@@std@@@2@@std@@AAEXI@Z 10007cf0 f i coreclrembedding.obj
 0001:00006cf0       ?_Reallocate_exactly@?$vector@V?$_List_unchecked_iterator@V?$_List_val@U?$_List_simple_types@U?$pair@$$CBV?$basic_string@_WU?$char_traits@_W@std@@V?$allocator@_W@2@@std@@Urid_assets_t@deps_json_t@@@std@@@std@@@std@@@std@@V?$allocator@V?$_List_unchecked_iterator@V?$_List_val@U?$_List_simple_types@U?$pair@$$CBV?$basic_string@_WU?$char_traits@_W@std@@V?$allocator@_W@2@@std@@Urid_assets_t@deps_json_t@@@std@@@std@@@std@@@std@@@2@@std@@AAEXI@Z 10007cf0 f i coreclrembedding.obj
 0001:00006cf0       ?_Reallocate_exactly@?$vector@V?$_List_unchecked_const_iterator@V?$_List_val@U?$_List_simple_types@V?$basic_string@_WU?$char_traits@_W@std@@V?$allocator@_W@2@@std@@@std@@@std@@U_Iterator_base0@2@@std@@V?$allocator@V?$_List_unchecked_const_iterator@V?$_List_val@U?$_List_simple_types@V?$basic_string@_WU?$char_traits@_W@std@@V?$allocator@_W@2@@std@@@std@@@std@@U_Iterator_base0@2@@std@@@2@@std@@AAEXI@Z 10007cf0 f i coreclrembedding.obj
 0001:00006cf0       ?_Reallocate_exactly@?$vector@V?$_List_unchecked_iterator@V?$_List_val@U?$_List_simple_types@U?$pair@$$CBV?$basic_string@_WU?$char_traits@_W@std@@V?$allocator@_W@2@@std@@V12@@std@@@std@@@std@@@std@@V?$allocator@V?$_List_unchecked_iterator@V?$_List_val@U?$_List_simple_types@U?$pair@$$CBV?$basic_string@_WU?$char_traits@_W@std@@V?$allocator@_W@2@@std@@V12@@std@@@std@@@std@@@std@@@2@@std@@AAEXI@Z 10007cf0 f i coreclrembedding.obj
 0001:00006df0       ?_Xran@?$_String_val@U?$_Simple_types@_W@std@@@std@@SAXXZ 10007df0 f i coreclrembedding.obj
 0001:00006df0       ?_Xran@?$_String_val@U?$_Simple_types@D@std@@@std@@SAXXZ 10007df0 f i fx_muxer.obj
 0001:00006e00       ??$?H_WU?$char_traits@_W@std@@V?$allocator@_W@1@@std@@YA?AV?$basic_string@_WU?$char_traits@_W@std@@V?$allocator@_W@2@@0@QB_WABV10@@Z 10007e00 f i coreclrembedding.obj
 0001:00006ee0       ??$?H_WU?$char_traits@_W@std@@V?$allocator@_W@1@@std@@YA?AV?$basic_string@_WU?$char_traits@_W@std@@V?$allocator@_W@2@@0@ABV10@QB_W@Z 10007ee0 f i coreclrembedding.obj
 0001:00006fb0       ??$?H_WU?$char_traits@_W@std@@V?$allocator@_W@1@@std@@YA?AV?$basic_string@_WU?$char_traits@_W@std@@V?$allocator@_W@2@@0@$$QAV10@ABV10@@Z 10007fb0 f i coreclrembedding.obj
 0001:00007010       ??$?H_WU?$char_traits@_W@std@@V?$allocator@_W@1@@std@@YA?AV?$basic_string@_WU?$char_traits@_W@std@@V?$allocator@_W@2@@0@$$QAV10@0@Z 10008010 f i coreclrembedding.obj
 0001:000070a0       ??$?8_WU?$char_traits@_W@std@@V?$allocator@_W@1@@std@@YA_NABV?$basic_string@_WU?$char_traits@_W@std@@V?$allocator@_W@2@@0@QB_W@Z 100080a0 f i coreclrembedding.obj
 0001:000070f0       ??$_Emplace_reallocate@PB_W@?$vector@PB_WV?$allocator@PB_W@std@@@std@@QAEPAPB_WQAPB_W$$QAPB_W@Z 100080f0 f i coreclrembedding.obj
 0001:000070f0       ??$_Emplace_reallocate@PBD@?$vector@PBDV?$allocator@PBD@std@@@std@@QAEPAPBDQAPBD$$QAPBD@Z 100080f0 f i coreclrembedding.obj
 0001:000070f0       ??$_Emplace_reallocate@ABQBD@?$vector@PBDV?$allocator@PBD@std@@@std@@QAEPAPBDQAPBDABQBD@Z 100080f0 f i coreclrembedding.obj
 0001:00007220       ??$_Range_construct_or_tidy@PBQBD@?$vector@PBDV?$allocator@PBD@std@@@std@@AAEXPBQBD0Uforward_iterator_tag@1@@Z 10008220 f i coreclrembedding.obj
 0001:000072d0       ??$_Resize@V<lambda_6c3b6c2159c8e7d845ab7f290b8f9fcb>@@@?$vector@V?$vector@DV?$allocator@D@std@@@std@@V?$allocator@V?$vector@DV?$allocator@D@std@@@std@@@2@@std@@AAEXIV<lambda_6c3b6c2159c8e7d845ab7f290b8f9fcb>@@@Z 100082d0 f i coreclrembedding.obj
 0001:000074c0       ??$_Emplace_reallocate@V?$basic_string@_WU?$char_traits@_W@std@@V?$allocator@_W@2@@std@@@?$vector@V?$basic_string@_WU?$char_traits@_W@std@@V?$allocator@_W@2@@std@@V?$allocator@V?$basic_string@_WU?$char_traits@_W@std@@V?$allocator@_W@2@@std@@@2@@std@@QAEPAV?$basic_string@_WU?$char_traits@_W@std@@V?$allocator@_W@2@@1@QAV21@$$QAV21@@Z 100084c0 f i coreclrembedding.obj
 0001:00007630       ??$_Emplace_reallocate@ABV?$basic_string@_WU?$char_traits@_W@std@@V?$allocator@_W@2@@std@@@?$vector@V?$basic_string@_WU?$char_traits@_W@std@@V?$allocator@_W@2@@std@@V?$allocator@V?$basic_string@_WU?$char_traits@_W@std@@V?$allocator@_W@2@@std@@@2@@std@@QAEPAV?$basic_string@_WU?$char_traits@_W@std@@V?$allocator@_W@2@@1@QAV21@ABV21@@Z 10008630 f i coreclrembedding.obj
 0001:000077d0       ??$_Ucopy@PBV?$basic_string@_WU?$char_traits@_W@std@@V?$allocator@_W@2@@std@@@?$vector@V?$basic_string@_WU?$char_traits@_W@std@@V?$allocator@_W@2@@std@@V?$allocator@V?$basic_string@_WU?$char_traits@_W@std@@V?$allocator@_W@2@@std@@@2@@std@@AAEPAV?$basic_string@_WU?$char_traits@_W@std@@V?$allocator@_W@2@@1@PBV21@0PAV21@@Z 100087d0 f i fx_muxer.obj
 0001:000077d0       ??$_Ucopy@PAV?$basic_string@_WU?$char_traits@_W@std@@V?$allocator@_W@2@@std@@@?$vector@V?$basic_string@_WU?$char_traits@_W@std@@V?$allocator@_W@2@@std@@V?$allocator@V?$basic_string@_WU?$char_traits@_W@std@@V?$allocator@_W@2@@std@@@2@@std@@AAEPAV?$basic_string@_WU?$char_traits@_W@std@@V?$allocator@_W@2@@1@PAV21@00@Z 100087d0 f i coreclrembedding.obj
 0001:00007850       ??$_Reallocate_grow_by@V<lambda_4755c59c3a9e60a5b049353a7584df55>@@$$V@?$basic_string@_WU?$char_traits@_W@std@@V?$allocator@_W@2@@std@@QAEAAV01@IV<lambda_4755c59c3a9e60a5b049353a7584df55>@@@Z 10008850 f i coreclrembedding.obj
 0001:00007980       ??$_Reallocate_grow_by@V<lambda_2fb699096920f2dc628cb0826b07831d>@@PB_WI@?$basic_string@_WU?$char_traits@_W@std@@V?$allocator@_W@2@@std@@QAEAAV01@IV<lambda_2fb699096920f2dc628cb0826b07831d>@@PB_WI@Z 10008980 f i coreclrembedding.obj
 0001:00007b00       ??$_Destroy_range@V?$allocator@Uprobe_config_t@@@std@@@std@@YAXPAUprobe_config_t@@0AAV?$allocator@Uprobe_config_t@@@0@@Z 10008b00 f i coreclrembedding.obj
 0001:00007b70       ??$_Destroy_range@V?$allocator@V?$vector@DV?$allocator@D@std@@@std@@@std@@@std@@YAXPAV?$vector@DV?$allocator@D@std@@@0@0AAV?$allocator@V?$vector@DV?$allocator@D@std@@@std@@@0@@Z 10008b70 f i coreclrembedding.obj
 0001:00007be0       ??$_Destroy_range@V?$allocator@V?$basic_string@_WU?$char_traits@_W@std@@V?$allocator@_W@2@@std@@@std@@@std@@YAXPAV?$basic_string@_WU?$char_traits@_W@std@@V?$allocator@_W@2@@0@0AAV?$allocator@V?$basic_string@_WU?$char_traits@_W@std@@V?$allocator@_W@2@@std@@@0@@Z 10008be0 f i coreclrembedding.obj
 0001:00007c50       ??$_Fill_unchecked@PAV?$_List_unchecked_iterator@V?$_List_val@U?$_List_simple_types@U?$pair@$$CBV?$basic_string@_WU?$char_traits@_W@std@@V?$allocator@_W@2@@std@@Uassets_t@deps_json_t@@@std@@@std@@@std@@@std@@V12@@std@@YAXPAV?$_List_unchecked_iterator@V?$_List_val@U?$_List_simple_types@U?$pair@$$CBV?$basic_string@_WU?$char_traits@_W@std@@V?$allocator@_W@2@@std@@Uassets_t@deps_json_t@@@std@@@std@@@std@@@0@0ABV10@@Z 10008c50 f i coreclrembedding.obj
 0001:00007c50       ??$_Fill_unchecked@PAV?$_List_unchecked_iterator@V?$_List_val@U?$_List_simple_types@U?$pair@$$CBV?$basic_string@_WU?$char_traits@_W@std@@V?$allocator@_W@2@@std@@Urid_assets_t@deps_json_t@@@std@@@std@@@std@@@std@@V12@@std@@YAXPAV?$_List_unchecked_iterator@V?$_List_val@U?$_List_simple_types@U?$pair@$$CBV?$basic_string@_WU?$char_traits@_W@std@@V?$allocator@_W@2@@std@@Urid_assets_t@deps_json_t@@@std@@@std@@@std@@@0@0ABV10@@Z 10008c50 f i coreclrembedding.obj
 0001:00007c50       ??$_Fill_unchecked@PAV?$_List_unchecked_iterator@V?$_List_val@U?$_List_simple_types@U?$pair@$$CBV?$basic_string@_WU?$char_traits@_W@std@@V?$allocator@_W@2@@std@@V?$vector@V?$basic_string@_WU?$char_traits@_W@std@@V?$allocator@_W@2@@std@@V?$allocator@V?$basic_string@_WU?$char_traits@_W@std@@V?$allocator@_W@2@@std@@@2@@2@@std@@@std@@@std@@@std@@V12@@std@@YAXPAV?$_List_unchecked_iterator@V?$_List_val@U?$_List_simple_types@U?$pair@$$CBV?$basic_string@_WU?$char_traits@_W@std@@V?$allocator@_W@2@@std@@V?$vector@V?$basic_string@_WU?$char_traits@_W@std@@V?$allocator@_W@2@@std@@V?$allocator@V?$basic_string@_WU?$char_traits@_W@std@@V?$allocator@_W@2@@std@@@2@@2@@std@@@std@@@std@@@0@0ABV10@@Z 10008c50 f i coreclrembedding.obj
 0001:00007c50       ??$_Fill_unchecked@PAV?$_List_unchecked_iterator@V?$_List_val@U?$_List_simple_types@U?$pair@$$CBV?$basic_string@_WU?$char_traits@_W@std@@V?$allocator@_W@2@@std@@V12@@std@@@std@@@std@@@std@@V12@@std@@YAXPAV?$_List_unchecked_iterator@V?$_List_val@U?$_List_simple_types@U?$pair@$$CBV?$basic_string@_WU?$char_traits@_W@std@@V?$allocator@_W@2@@std@@V12@@std@@@std@@@std@@@0@0ABV10@@Z 10008c50 f i coreclrembedding.obj
 0001:00007c50       ??$_Fill_unchecked@PAV?$_List_unchecked_const_iterator@V?$_List_val@U?$_List_simple_types@V?$basic_string@_WU?$char_traits@_W@std@@V?$allocator@_W@2@@std@@@std@@@std@@U_Iterator_base0@2@@std@@V12@@std@@YAXPAV?$_List_unchecked_const_iterator@V?$_List_val@U?$_List_simple_types@V?$basic_string@_WU?$char_traits@_W@std@@V?$allocator@_W@2@@std@@@std@@@std@@U_Iterator_base0@2@@0@0ABV10@@Z 10008c50 f i coreclrembedding.obj
 0001:00007c50       ??$_Fill_unchecked@PAV?$_List_unchecked_iterator@V?$_List_val@U?$_List_simple_types@U?$pair@$$CBV?$basic_string@_WU?$char_traits@_W@std@@V?$allocator@_W@2@@std@@H@std@@@std@@@std@@@std@@V12@@std@@YAXPAV?$_List_unchecked_iterator@V?$_List_val@U?$_List_simple_types@U?$pair@$$CBV?$basic_string@_WU?$char_traits@_W@std@@V?$allocator@_W@2@@std@@H@std@@@std@@@std@@@0@0ABV10@@Z 10008c50 f i coreclrembedding.obj
 0001:00007cd0       ??$_Uninitialized_move@PAV?$basic_string@_WU?$char_traits@_W@std@@V?$allocator@_W@2@@std@@PAV12@V?$allocator@V?$basic_string@_WU?$char_traits@_W@std@@V?$allocator@_W@2@@std@@@2@@std@@YAPAV?$basic_string@_WU?$char_traits@_W@std@@V?$allocator@_W@2@@0@QAV10@0PAV10@AAV?$allocator@V?$basic_string@_WU?$char_traits@_W@std@@V?$allocator@_W@2@@std@@@0@@Z 10008cd0 f i coreclrembedding.obj
 0001:00007d30       ??1?$pair@$$CBV?$basic_string@_WU?$char_traits@_W@std@@V?$allocator@_W@2@@std@@V12@@std@@QAE@XZ 10008d30 f i coreclrembedding.obj
 0001:00007dd0       ??1?$pair@$$CBV?$basic_string@_WU?$char_traits@_W@std@@V?$allocator@_W@2@@std@@V?$vector@V?$basic_string@_WU?$char_traits@_W@std@@V?$allocator@_W@2@@std@@V?$allocator@V?$basic_string@_WU?$char_traits@_W@std@@V?$allocator@_W@2@@std@@@2@@2@@std@@QAE@XZ 10008dd0 f i coreclrembedding.obj
 0001:00007e30       ??1?$pair@$$CBV?$basic_string@_WU?$char_traits@_W@std@@V?$allocator@_W@2@@std@@Urid_assets_t@deps_json_t@@@std@@QAE@XZ 10008e30 f i coreclrembedding.obj
 0001:00007e90       ??1?$pair@$$CBV?$basic_string@_WU?$char_traits@_W@std@@V?$allocator@_W@2@@std@@Uassets_t@deps_json_t@@@std@@QAE@XZ 10008e90 f i coreclrembedding.obj
 0001:00007f30       ??0?$_String_val@U?$_Simple_types@_W@std@@@std@@QAE@XZ 10008f30 f i coreclrembedding.obj
 0001:00007f50       ?_Xlen@?$basic_string@_WU?$char_traits@_W@std@@V?$allocator@_W@2@@std@@SAXXZ 10008f50 f i coreclrembedding.obj
 0001:00007f50       ?_Xlen@?$basic_string@DU?$char_traits@D@std@@V?$allocator@D@2@@std@@SAXXZ 10008f50 f i fx_muxer.obj
 0001:00007f60       ?insert@?$basic_string@_WU?$char_traits@_W@std@@V?$allocator@_W@2@@std@@QAEAAV12@IQB_WI@Z 10008f60 f i coreclrembedding.obj
 0001:00008020       ??$_Assign_range@PAV?$basic_string@_WU?$char_traits@_W@std@@V?$allocator@_W@2@@std@@@?$vector@V?$basic_string@_WU?$char_traits@_W@std@@V?$allocator@_W@2@@std@@V?$allocator@V?$basic_string@_WU?$char_traits@_W@std@@V?$allocator@_W@2@@std@@@2@@std@@AAEXPAV?$basic_string@_WU?$char_traits@_W@std@@V?$allocator@_W@2@@1@0Uforward_iterator_tag@1@@Z 10009020 f i coreclrembedding.obj
 0001:00008020       ??$_Assign_range@PBV?$basic_string@_WU?$char_traits@_W@std@@V?$allocator@_W@2@@std@@@?$vector@V?$basic_string@_WU?$char_traits@_W@std@@V?$allocator@_W@2@@std@@V?$allocator@V?$basic_string@_WU?$char_traits@_W@std@@V?$allocator@_W@2@@std@@@2@@std@@AAEXPBV?$basic_string@_WU?$char_traits@_W@std@@V?$allocator@_W@2@@1@0Uforward_iterator_tag@1@@Z 10009020 f i deps_resolver.obj
 0001:00008180       ??$?0V?$allocator@_W@std@@$$V@?$_Compressed_pair@V?$allocator@_W@std@@V?$_String_val@U?$_Simple_types@_W@std@@@2@$00@std@@QAE@U_One_then_variadic_args_t@1@$$QAV?$allocator@_W@1@@Z 10009180 f i coreclrembedding.obj
 0001:000081a0       ??$_Reallocate_grow_by@V<lambda_09fe38f6114539daa867a3e4d6874f49>@@IPB_WI@?$basic_string@_WU?$char_traits@_W@std@@V?$allocator@_W@2@@std@@QAEAAV01@IV<lambda_09fe38f6114539daa867a3e4d6874f49>@@IPB_WI@Z 100091a0 f i coreclrembedding.obj
 0001:00008300       ??1?$_Uninitialized_backout_al@PAV?$basic_string@_WU?$char_traits@_W@std@@V?$allocator@_W@2@@std@@V?$allocator@V?$basic_string@_WU?$char_traits@_W@std@@V?$allocator@_W@2@@std@@@2@@std@@QAE@XZ 10009300 f i coreclrembedding.obj
 0001:00008310       ?_Buynode0@?$_List_alloc@U?$_List_base_types@V?$basic_string@_WU?$char_traits@_W@std@@V?$allocator@_W@2@@std@@V?$allocator@V?$basic_string@_WU?$char_traits@_W@std@@V?$allocator@_W@2@@std@@@2@@std@@@std@@QAEPAU?$_List_node@V?$basic_string@_WU?$char_traits@_W@std@@V?$allocator@_W@2@@std@@PAX@2@PAU32@0@Z 10009310 f i coreclrembedding.obj
 0001:00008340       ?_Buynode0@?$_List_alloc@U?$_List_base_types@U?$pair@$$CBV?$basic_string@_WU?$char_traits@_W@std@@V?$allocator@_W@2@@std@@V12@@std@@V?$allocator@U?$pair@$$CBV?$basic_string@_WU?$char_traits@_W@std@@V?$allocator@_W@2@@std@@V12@@std@@@2@@std@@@std@@QAEPAU?$_List_node@U?$pair@$$CBV?$basic_string@_WU?$char_traits@_W@std@@V?$allocator@_W@2@@std@@V12@@std@@PAX@2@PAU32@0@Z 10009340 f i coreclrembedding.obj
 0001:00008370       ?_Buynode0@?$_List_alloc@U?$_List_base_types@U?$pair@$$CBV?$basic_string@_WU?$char_traits@_W@std@@V?$allocator@_W@2@@std@@V?$vector@V?$basic_string@_WU?$char_traits@_W@std@@V?$allocator@_W@2@@std@@V?$allocator@V?$basic_string@_WU?$char_traits@_W@std@@V?$allocator@_W@2@@std@@@2@@2@@std@@V?$allocator@U?$pair@$$CBV?$basic_string@_WU?$char_traits@_W@std@@V?$allocator@_W@2@@std@@V?$vector@V?$basic_string@_WU?$char_traits@_W@std@@V?$allocator@_W@2@@std@@V?$allocator@V?$basic_string@_WU?$char_traits@_W@std@@V?$allocator@_W@2@@std@@@2@@2@@std@@@2@@std@@@std@@QAEPAU?$_List_node@U?$pair@$$CBV?$basic_string@_WU?$char_traits@_W@std@@V?$allocator@_W@2@@std@@V?$vector@V?$basic_string@_WU?$char_traits@_W@std@@V?$allocator@_W@2@@std@@V?$allocator@V?$basic_string@_WU?$char_traits@_W@std@@V?$allocator@_W@2@@std@@@2@@2@@std@@PAX@2@PAU32@0@Z 10009370 f i coreclrembedding.obj
 0001:000083a0       ?_Buynode0@?$_List_alloc@U?$_List_base_types@U?$pair@$$CBV?$basic_string@_WU?$char_traits@_W@std@@V?$allocator@_W@2@@std@@H@std@@V?$allocator@U?$pair@$$CBV?$basic_string@_WU?$char_traits@_W@std@@V?$allocator@_W@2@@std@@H@std@@@2@@std@@@std@@QAEPAU?$_List_node@U?$pair@$$CBV?$basic_string@_WU?$char_traits@_W@std@@V?$allocator@_W@2@@std@@H@std@@PAX@2@PAU32@0@Z 100093a0 f i coreclrembedding.obj
 0001:000083d0       ?_Buynode0@?$_List_alloc@U?$_List_base_types@U?$pair@$$CBV?$basic_string@_WU?$char_traits@_W@std@@V?$allocator@_W@2@@std@@Urid_assets_t@deps_json_t@@@std@@V?$allocator@U?$pair@$$CBV?$basic_string@_WU?$char_traits@_W@std@@V?$allocator@_W@2@@std@@Urid_assets_t@deps_json_t@@@std@@@2@@std@@@std@@QAEPAU?$_List_node@U?$pair@$$CBV?$basic_string@_WU?$char_traits@_W@std@@V?$allocator@_W@2@@std@@Urid_assets_t@deps_json_t@@@std@@PAX@2@PAU32@0@Z 100093d0 f i coreclrembedding.obj
 0001:00008400       ?_Buynode0@?$_List_alloc@U?$_List_base_types@U?$pair@$$CBV?$basic_string@_WU?$char_traits@_W@std@@V?$allocator@_W@2@@std@@Uassets_t@deps_json_t@@@std@@V?$allocator@U?$pair@$$CBV?$basic_string@_WU?$char_traits@_W@std@@V?$allocator@_W@2@@std@@Uassets_t@deps_json_t@@@std@@@2@@std@@@std@@QAEPAU?$_List_node@U?$pair@$$CBV?$basic_string@_WU?$char_traits@_W@std@@V?$allocator@_W@2@@std@@Uassets_t@deps_json_t@@@std@@PAX@2@PAU32@0@Z 10009400 f i coreclrembedding.obj
 0001:00008430       ?deallocate@?$allocator@U?$_List_node@V?$basic_string@_WU?$char_traits@_W@std@@V?$allocator@_W@2@@std@@PAX@std@@@std@@QAEXQAU?$_List_node@V?$basic_string@_WU?$char_traits@_W@std@@V?$allocator@_W@2@@std@@PAX@2@I@Z 10009430 f i coreclrembedding.obj
 0001:00008450       ?deallocate@?$allocator@U?$_List_node@U?$pair@$$CBV?$basic_string@_WU?$char_traits@_W@std@@V?$allocator@_W@2@@std@@V12@@std@@PAX@std@@@std@@QAEXQAU?$_List_node@U?$pair@$$CBV?$basic_string@_WU?$char_traits@_W@std@@V?$allocator@_W@2@@std@@V12@@std@@PAX@2@I@Z 10009450 f i coreclrembedding.obj
 0001:00008470       ?deallocate@?$allocator@U?$_List_node@U?$pair@$$CBV?$basic_string@_WU?$char_traits@_W@std@@V?$allocator@_W@2@@std@@V?$vector@V?$basic_string@_WU?$char_traits@_W@std@@V?$allocator@_W@2@@std@@V?$allocator@V?$basic_string@_WU?$char_traits@_W@std@@V?$allocator@_W@2@@std@@@2@@2@@std@@PAX@std@@@std@@QAEXQAU?$_List_node@U?$pair@$$CBV?$basic_string@_WU?$char_traits@_W@std@@V?$allocator@_W@2@@std@@V?$vector@V?$basic_string@_WU?$char_traits@_W@std@@V?$allocator@_W@2@@std@@V?$allocator@V?$basic_string@_WU?$char_traits@_W@std@@V?$allocator@_W@2@@std@@@2@@2@@std@@PAX@2@I@Z 10009470 f i coreclrembedding.obj
 0001:00008490       ?deallocate@?$allocator@U?$_List_node@U?$pair@$$CBV?$basic_string@_WU?$char_traits@_W@std@@V?$allocator@_W@2@@std@@H@std@@PAX@std@@@std@@QAEXQAU?$_List_node@U?$pair@$$CBV?$basic_string@_WU?$char_traits@_W@std@@V?$allocator@_W@2@@std@@H@std@@PAX@2@I@Z 10009490 f i coreclrembedding.obj
 0001:000084b0       ?deallocate@?$allocator@U?$_List_node@U?$pair@$$CBV?$basic_string@_WU?$char_traits@_W@std@@V?$allocator@_W@2@@std@@Urid_assets_t@deps_json_t@@@std@@PAX@std@@@std@@QAEXQAU?$_List_node@U?$pair@$$CBV?$basic_string@_WU?$char_traits@_W@std@@V?$allocator@_W@2@@std@@Urid_assets_t@deps_json_t@@@std@@PAX@2@I@Z 100094b0 f i coreclrembedding.obj
 0001:000084d0       ?deallocate@?$allocator@U?$_List_node@U?$pair@$$CBV?$basic_string@_WU?$char_traits@_W@std@@V?$allocator@_W@2@@std@@Uassets_t@deps_json_t@@@std@@PAX@std@@@std@@QAEXQAU?$_List_node@U?$pair@$$CBV?$basic_string@_WU?$char_traits@_W@std@@V?$allocator@_W@2@@std@@Uassets_t@deps_json_t@@@std@@PAX@2@I@Z 100094d0 f i coreclrembedding.obj
 0001:000084f0       ??$_Copy_unchecked@PAV?$basic_string@_WU?$char_traits@_W@std@@V?$allocator@_W@2@@std@@PAV12@@std@@YAPAV?$basic_string@_WU?$char_traits@_W@std@@V?$allocator@_W@2@@0@PAV10@00@Z 100094f0 f i coreclrembedding.obj
 0001:000084f0       ??$_Copy_unchecked@PBV?$basic_string@_WU?$char_traits@_W@std@@V?$allocator@_W@2@@std@@PAV12@@std@@YAPAV?$basic_string@_WU?$char_traits@_W@std@@V?$allocator@_W@2@@0@PBV10@0PAV10@@Z 100094f0 f i deps_resolver.obj
 0001:00008530       ?coreClrFuncProxy@@YAXABV?$FunctionCallbackInfo@VValue@v8@@@Nan@@@Z 10009530 f   coreclrfunc.obj
 0001:00008620       ?InitializeInstance@CoreClrFunc@@CA?AV?$Local@VFunction@v8@@@v8@@PAX@Z 10009620 f   coreclrfunc.obj
 0001:00008980       ?Call@CoreClrFunc@@QAE?AV?$Local@VValue@v8@@@v8@@V23@0@Z 10009980 f   coreclrfunc.obj
 0001:00008d10       ?Initialize@CoreClrFunc@@SAXABV?$FunctionCallbackInfo@VValue@v8@@@Nan@@@Z 10009d10 f   coreclrfunc.obj
 0001:00009140       ?FreeMarshalData@CoreClrFunc@@SAXPAXH@Z 1000a140 f   coreclrfunc.obj
 0001:00009240       ?CopyV8StringBytes@CoreClrFunc@@CAPADV?$Local@VString@v8@@@v8@@@Z 1000a240 f   coreclrfunc.obj
 0001:000092d0       ?MarshalV8ExceptionToCLR@CoreClrFunc@@SAXV?$Local@VValue@v8@@@v8@@PAPAX@Z 1000a2d0 f   coreclrfunc.obj
 0001:00009400       ?MarshalV8ToCLR@CoreClrFunc@@SAXV?$Local@VValue@v8@@@v8@@PAPAXPAH@Z 1000a400 f   coreclrfunc.obj
 0001:00009980       ?MarshalCLRToV8@CoreClrFunc@@SA?AV?$Local@VValue@v8@@@v8@@PAXH@Z 1000a980 f   coreclrfunc.obj
 0001:00009e00       ??$coreClrFuncProxyNearDeath@X@@YAXABV?$WeakCallbackInfo@X@Nan@@@Z 1000ae00 f i coreclrfunc.obj
 0001:00009e40       ??$New@VDate@v8@@N@Nan@@YA?AV?$MaybeLocal@VDate@v8@@@v8@@N@Z 1000ae40 f i coreclrfunc.obj
 0001:00009ee0       ??$invokeparameter@$00@?$WeakCallbackInfo@X@Nan@@CAXABV?$WeakCallbackInfo@V?$WeakCallbackInfo@X@Nan@@@v8@@@Z 1000aee0 f i coreclrfunc.obj
 0001:00009f50       ??$invokeparameter@$0A@@?$WeakCallbackInfo@X@Nan@@CAXABV?$WeakCallbackInfo@V?$WeakCallbackInfo@X@Nan@@@v8@@@Z 1000af50 f i coreclrfunc.obj
 0001:00009fb0       ?Call@CoreClrNodejsFunc@@SAXPAXHPAV1@0P6GX0H0H@Z@Z 1000afb0 f   coreclrnodejsfunc.obj
 0001:0000a070       ??0CoreClrFuncInvokeContext@@QAE@V?$Local@VValue@v8@@@v8@@PAX@Z 1000b070 f   coreclrfuncinvokecontext.obj
 0001:0000a120       ?TaskComplete@CoreClrFuncInvokeContext@@SAXPAXHHPAV1@@Z 1000b120 f   coreclrfuncinvokecontext.obj
 0001:0000a190       ?InvokeCallback@CoreClrFuncInvokeContext@@SAXPAX@Z 1000b190 f   coreclrfuncinvokecontext.obj
 0001:0000a3c0       ??1TryCatch@Nan@@QAE@XZ    1000b3c0 f i coreclrfuncinvokecontext.obj
 0001:0000a3d0       ?coreClrV8FuncCallback@@YAXABV?$FunctionCallbackInfo@VValue@v8@@@Nan@@@Z 1000b3d0 f   coreclrnodejsfuncinvokecontext.obj
 0001:0000a590       ?InvokeCallback@CoreClrNodejsFuncInvokeContext@@SAXPAX@Z 1000b590 f   coreclrnodejsfuncinvokecontext.obj
 0001:0000a9a0       ?throwV8Exception@@YA?AV?$Local@VValue@v8@@@v8@@V12@@Z 1000b9a0 f   utils.obj
 0001:0000aa20       ?throwV8Exception@@YA?AV?$Local@VValue@v8@@@v8@@PBDZZ 1000ba20 f   utils.obj
 0001:0000ab60       ?strcasecmp@pal@@YAHPB_W0@Z 1000bb60 f i pal_utils.obj
 0001:0000ab70       ?strncasecmp@pal@@YAHPB_W0H@Z 1000bb70 f i pal_utils.obj
 0001:0000ab80       ?library_exists_in_dir@@YA_NABV?$basic_string@_WU?$char_traits@_W@std@@V?$allocator@_W@2@@std@@0PAV12@@Z 1000bb80 f   pal_utils.obj
 0001:0000ac60       ?coreclr_exists_in_dir@@YA_NABV?$basic_string@_WU?$char_traits@_W@std@@V?$allocator@_W@2@@std@@@Z 1000bc60 f   pal_utils.obj
 0001:0000ad30       ?append_path@@YAXPAV?$basic_string@_WU?$char_traits@_W@std@@V?$allocator@_W@2@@std@@PB_W@Z 1000bd30 f   pal_utils.obj
 0001:0000ae90       ?strip_file_ext@@YA?AV?$basic_string@_WU?$char_traits@_W@std@@V?$allocator@_W@2@@std@@ABV12@@Z 1000be90 f   pal_utils.obj
 0001:0000afa0       ?get_filename_without_ext@@YA?AV?$basic_string@_WU?$char_traits@_W@std@@V?$allocator@_W@2@@std@@ABV12@@Z 1000bfa0 f   pal_utils.obj
 0001:0000b080       ?get_directory@@YA?AV?$basic_string@_WU?$char_traits@_W@std@@V?$allocator@_W@2@@std@@ABV12@@Z 1000c080 f   pal_utils.obj
 0001:0000b110       ?replace_char@@YAXPAV?$basic_string@_WU?$char_traits@_W@std@@V?$allocator@_W@2@@std@@_W1@Z 1000c110 f   pal_utils.obj
 0001:0000b180       ?skip_utf8_bom@@YA_NPAV?$basic_ifstream@DU?$char_traits@D@std@@@std@@@Z 1000c180 f   pal_utils.obj
 0001:0000b1f0       ?equal_range@?$_Hash@V?$_Umap_traits@V?$basic_string@_WU?$char_traits@_W@std@@V?$allocator@_W@2@@std@@V?$vector@V?$basic_string@_WU?$char_traits@_W@std@@V?$allocator@_W@2@@std@@V?$allocator@V?$basic_string@_WU?$char_traits@_W@std@@V?$allocator@_W@2@@std@@@2@@2@V?$_Uhash_compare@V?$basic_string@_WU?$char_traits@_W@std@@V?$allocator@_W@2@@std@@U?$hash@V?$basic_string@_WU?$char_traits@_W@std@@V?$allocator@_W@2@@std@@@2@U?$equal_to@V?$basic_string@_WU?$char_traits@_W@std@@V?$allocator@_W@2@@std@@@2@@2@V?$allocator@U?$pair@$$CBV?$basic_string@_WU?$char_traits@_W@std@@V?$allocator@_W@2@@std@@V?$vector@V?$basic_string@_WU?$char_traits@_W@std@@V?$allocator@_W@2@@std@@V?$allocator@V?$basic_string@_WU?$char_traits@_W@std@@V?$allocator@_W@2@@std@@@2@@2@@std@@@2@$0A@@std@@@std@@QBE?AU?$pair@V?$_List_const_iterator@V?$_List_val@U?$_List_simple_types@U?$pair@$$CBV?$basic_string@_WU?$char_traits@_W@std@@V?$allocator@_W@2@@std@@V?$vector@V?$basic_string@_WU?$char_traits@_W@std@@V?$allocator@_W@2@@std@@V?$allocator@V?$basic_string@_WU?$char_traits@_W@std@@V?$allocator@_W@2@@std@@@2@@2@@std@@@std@@@std@@@std@@V12@@2@ABV?$basic_string@_WU?$char_traits@_W@std@@V?$allocator@_W@2@@2@@Z 1000c1f0 f i pal_utils.obj
 0001:0000b1f0       ?equal_range@?$_Hash@V?$_Uset_traits@V?$basic_string@_WU?$char_traits@_W@std@@V?$allocator@_W@2@@std@@V?$_Uhash_compare@V?$basic_string@_WU?$char_traits@_W@std@@V?$allocator@_W@2@@std@@U?$hash@V?$basic_string@_WU?$char_traits@_W@std@@V?$allocator@_W@2@@std@@@2@U?$equal_to@V?$basic_string@_WU?$char_traits@_W@std@@V?$allocator@_W@2@@std@@@2@@2@V?$allocator@V?$basic_string@_WU?$char_traits@_W@std@@V?$allocator@_W@2@@std@@@2@$0A@@std@@@std@@QBE?AU?$pair@V?$_List_const_iterator@V?$_List_val@U?$_List_simple_types@V?$basic_string@_WU?$char_traits@_W@std@@V?$allocator@_W@2@@std@@@std@@@std@@@std@@V12@@2@ABV?$basic_string@_WU?$char_traits@_W@std@@V?$allocator@_W@2@@2@@Z 1000c1f0 f i deps_resolver.obj
 0001:0000b1f0       ?equal_range@?$_Hash@V?$_Umap_traits@V?$basic_string@_WU?$char_traits@_W@std@@V?$allocator@_W@2@@std@@V12@V?$_Uhash_compare@V?$basic_string@_WU?$char_traits@_W@std@@V?$allocator@_W@2@@std@@U?$hash@V?$basic_string@_WU?$char_traits@_W@std@@V?$allocator@_W@2@@std@@@2@U?$equal_to@V?$basic_string@_WU?$char_traits@_W@std@@V?$allocator@_W@2@@std@@@2@@2@V?$allocator@U?$pair@$$CBV?$basic_string@_WU?$char_traits@_W@std@@V?$allocator@_W@2@@std@@V12@@std@@@2@$0A@@std@@@std@@QBE?AU?$pair@V?$_List_const_iterator@V?$_List_val@U?$_List_simple_types@U?$pair@$$CBV?$basic_string@_WU?$char_traits@_W@std@@V?$allocator@_W@2@@std@@V12@@std@@@std@@@std@@@std@@V12@@2@ABV?$basic_string@_WU?$char_traits@_W@std@@V?$allocator@_W@2@@2@@Z 1000c1f0 f i deps_resolver.obj
 0001:0000b1f0       ?equal_range@?$_Hash@V?$_Umap_traits@V?$basic_string@_WU?$char_traits@_W@std@@V?$allocator@_W@2@@std@@Urid_assets_t@deps_json_t@@V?$_Uhash_compare@V?$basic_string@_WU?$char_traits@_W@std@@V?$allocator@_W@2@@std@@U?$hash@V?$basic_string@_WU?$char_traits@_W@std@@V?$allocator@_W@2@@std@@@2@U?$equal_to@V?$basic_string@_WU?$char_traits@_W@std@@V?$allocator@_W@2@@std@@@2@@2@V?$allocator@U?$pair@$$CBV?$basic_string@_WU?$char_traits@_W@std@@V?$allocator@_W@2@@std@@Urid_assets_t@deps_json_t@@@std@@@2@$0A@@std@@@std@@QBE?AU?$pair@V?$_List_const_iterator@V?$_List_val@U?$_List_simple_types@U?$pair@$$CBV?$basic_string@_WU?$char_traits@_W@std@@V?$allocator@_W@2@@std@@Urid_assets_t@deps_json_t@@@std@@@std@@@std@@@std@@V12@@2@ABV?$basic_string@_WU?$char_traits@_W@std@@V?$allocator@_W@2@@2@@Z 1000c1f0 f i deps_format.obj
 0001:0000b1f0       ?equal_range@?$_Hash@V?$_Umap_traits@V?$basic_string@_WU?$char_traits@_W@std@@V?$allocator@_W@2@@std@@Uassets_t@deps_json_t@@V?$_Uhash_compare@V?$basic_string@_WU?$char_traits@_W@std@@V?$allocator@_W@2@@std@@U?$hash@V?$basic_string@_WU?$char_traits@_W@std@@V?$allocator@_W@2@@std@@@2@U?$equal_to@V?$basic_string@_WU?$char_traits@_W@std@@V?$allocator@_W@2@@std@@@2@@2@V?$allocator@U?$pair@$$CBV?$basic_string@_WU?$char_traits@_W@std@@V?$allocator@_W@2@@std@@Uassets_t@deps_json_t@@@std@@@2@$0A@@std@@@std@@QBE?AU?$pair@V?$_List_const_iterator@V?$_List_val@U?$_List_simple_types@U?$pair@$$CBV?$basic_string@_WU?$char_traits@_W@std@@V?$allocator@_W@2@@std@@Uassets_t@deps_json_t@@@std@@@std@@@std@@@std@@V12@@2@ABV?$basic_string@_WU?$char_traits@_W@std@@V?$allocator@_W@2@@2@@Z 1000c1f0 f i deps_format.obj
 0001:0000b370       ?lower_bound@?$_Hash@V?$_Umap_traits@V?$basic_string@_WU?$char_traits@_W@std@@V?$allocator@_W@2@@std@@Urid_assets_t@deps_json_t@@V?$_Uhash_compare@V?$basic_string@_WU?$char_traits@_W@std@@V?$allocator@_W@2@@std@@U?$hash@V?$basic_string@_WU?$char_traits@_W@std@@V?$allocator@_W@2@@std@@@2@U?$equal_to@V?$basic_string@_WU?$char_traits@_W@std@@V?$allocator@_W@2@@std@@@2@@2@V?$allocator@U?$pair@$$CBV?$basic_string@_WU?$char_traits@_W@std@@V?$allocator@_W@2@@std@@Urid_assets_t@deps_json_t@@@std@@@2@$0A@@std@@@std@@QBE?AV?$_List_const_iterator@V?$_List_val@U?$_List_simple_types@U?$pair@$$CBV?$basic_string@_WU?$char_traits@_W@std@@V?$allocator@_W@2@@std@@Urid_assets_t@deps_json_t@@@std@@@std@@@std@@@2@ABV?$basic_string@_WU?$char_traits@_W@std@@V?$allocator@_W@2@@2@@Z 1000c370 f i deps_format.obj
 0001:0000b370       ?lower_bound@?$_Hash@V?$_Umap_traits@V?$basic_string@_WU?$char_traits@_W@std@@V?$allocator@_W@2@@std@@V?$vector@V?$basic_string@_WU?$char_traits@_W@std@@V?$allocator@_W@2@@std@@V?$allocator@V?$basic_string@_WU?$char_traits@_W@std@@V?$allocator@_W@2@@std@@@2@@2@V?$_Uhash_compare@V?$basic_string@_WU?$char_traits@_W@std@@V?$allocator@_W@2@@std@@U?$hash@V?$basic_string@_WU?$char_traits@_W@std@@V?$allocator@_W@2@@std@@@2@U?$equal_to@V?$basic_string@_WU?$char_traits@_W@std@@V?$allocator@_W@2@@std@@@2@@2@V?$allocator@U?$pair@$$CBV?$basic_string@_WU?$char_traits@_W@std@@V?$allocator@_W@2@@std@@V?$vector@V?$basic_string@_WU?$char_traits@_W@std@@V?$allocator@_W@2@@std@@V?$allocator@V?$basic_string@_WU?$char_traits@_W@std@@V?$allocator@_W@2@@std@@@2@@2@@std@@@2@$0A@@std@@@std@@QAE?AV?$_List_iterator@V?$_List_val@U?$_List_simple_types@U?$pair@$$CBV?$basic_string@_WU?$char_traits@_W@std@@V?$allocator@_W@2@@std@@V?$vector@V?$basic_string@_WU?$char_traits@_W@std@@V?$allocator@_W@2@@std@@V?$allocator@V?$basic_string@_WU?$char_traits@_W@std@@V?$allocator@_W@2@@std@@@2@@2@@std@@@std@@@std@@@2@ABV?$basic_string@_WU?$char_traits@_W@std@@V?$allocator@_W@2@@2@@Z 1000c370 f i pal_utils.obj
 0001:0000b370       ?lower_bound@?$_Hash@V?$_Umap_traits@V?$basic_string@_WU?$char_traits@_W@std@@V?$allocator@_W@2@@std@@V12@V?$_Uhash_compare@V?$basic_string@_WU?$char_traits@_W@std@@V?$allocator@_W@2@@std@@U?$hash@V?$basic_string@_WU?$char_traits@_W@std@@V?$allocator@_W@2@@std@@@2@U?$equal_to@V?$basic_string@_WU?$char_traits@_W@std@@V?$allocator@_W@2@@std@@@2@@2@V?$allocator@U?$pair@$$CBV?$basic_string@_WU?$char_traits@_W@std@@V?$allocator@_W@2@@std@@V12@@std@@@2@$0A@@std@@@std@@QAE?AV?$_List_iterator@V?$_List_val@U?$_List_simple_types@U?$pair@$$CBV?$basic_string@_WU?$char_traits@_W@std@@V?$allocator@_W@2@@std@@V12@@std@@@std@@@std@@@2@ABV?$basic_string@_WU?$char_traits@_W@std@@V?$allocator@_W@2@@2@@Z 1000c370 f i deps_resolver.obj
 0001:0000b370       ?lower_bound@?$_Hash@V?$_Umap_traits@V?$basic_string@_WU?$char_traits@_W@std@@V?$allocator@_W@2@@std@@Uassets_t@deps_json_t@@V?$_Uhash_compare@V?$basic_string@_WU?$char_traits@_W@std@@V?$allocator@_W@2@@std@@U?$hash@V?$basic_string@_WU?$char_traits@_W@std@@V?$allocator@_W@2@@std@@@2@U?$equal_to@V?$basic_string@_WU?$char_traits@_W@std@@V?$allocator@_W@2@@std@@@2@@2@V?$allocator@U?$pair@$$CBV?$basic_string@_WU?$char_traits@_W@std@@V?$allocator@_W@2@@std@@Uassets_t@deps_json_t@@@std@@@2@$0A@@std@@@std@@QAE?AV?$_List_iterator@V?$_List_val@U?$_List_simple_types@U?$pair@$$CBV?$basic_string@_WU?$char_traits@_W@std@@V?$allocator@_W@2@@std@@Uassets_t@deps_json_t@@@std@@@std@@@std@@@2@ABV?$basic_string@_WU?$char_traits@_W@std@@V?$allocator@_W@2@@2@@Z 1000c370 f i deps_format.obj
 0001:0000b370       ?lower_bound@?$_Hash@V?$_Umap_traits@V?$basic_string@_WU?$char_traits@_W@std@@V?$allocator@_W@2@@std@@V?$vector@V?$basic_string@_WU?$char_traits@_W@std@@V?$allocator@_W@2@@std@@V?$allocator@V?$basic_string@_WU?$char_traits@_W@std@@V?$allocator@_W@2@@std@@@2@@2@V?$_Uhash_compare@V?$basic_string@_WU?$char_traits@_W@std@@V?$allocator@_W@2@@std@@U?$hash@V?$basic_string@_WU?$char_traits@_W@std@@V?$allocator@_W@2@@std@@@2@U?$equal_to@V?$basic_string@_WU?$char_traits@_W@std@@V?$allocator@_W@2@@std@@@2@@2@V?$allocator@U?$pair@$$CBV?$basic_string@_WU?$char_traits@_W@std@@V?$allocator@_W@2@@std@@V?$vector@V?$basic_string@_WU?$char_traits@_W@std@@V?$allocator@_W@2@@std@@V?$allocator@V?$basic_string@_WU?$char_traits@_W@std@@V?$allocator@_W@2@@std@@@2@@2@@std@@@2@$0A@@std@@@std@@QBE?AV?$_List_const_iterator@V?$_List_val@U?$_List_simple_types@U?$pair@$$CBV?$basic_string@_WU?$char_traits@_W@std@@V?$allocator@_W@2@@std@@V?$vector@V?$basic_string@_WU?$char_traits@_W@std@@V?$allocator@_W@2@@std@@V?$allocator@V?$basic_string@_WU?$char_traits@_W@std@@V?$allocator@_W@2@@std@@@2@@2@@std@@@std@@@std@@@2@ABV?$basic_string@_WU?$char_traits@_W@std@@V?$allocator@_W@2@@2@@Z 1000c370 f i pal_utils.obj
[...]
 0002:0000a2c4       __tryblocktable$??$_Insert@ABV?$basic_string@_WU?$char_traits@_W@std@@V?$allocator@_W@2@@std@@V?$_List_unchecked_const_iterator@V?$_List_val@U?$_List_simple_types@V?$basic_string@_WU?$char_traits@_W@std@@V?$allocator@_W@2@@std@@@std@@@std@@U_Iterator_base0@2@@2@@?$_Hash@V?$_Uset_traits@V?$basic_string@_WU?$char_traits@_W@std@@V?$allocator@_W@2@@std@@V?$_Uhash_compare@V?$basic_string@_WU?$char_traits@_W@std@@V?$allocator@_W@2@@std@@U?$hash@V?$basic_string@_WU?$char_traits@_W@std@@V?$allocator@_W@2@@std@@@2@U?$equal_to@V?$basic_string@_WU?$char_traits@_W@std@@V?$allocator@_W@2@@std@@@2@@2@V?$allocator@V?$basic_string@_WU?$char_traits@_W@std@@V?$allocator@_W@2@@std@@@2@$0A@@std@@@std@@IAE?AU?$pair@V?$_List_const_iterator@V?$_List_val@U?$_List_simple_types@V?$basic_string@_WU?$char_traits@_W@std@@V?$allocator@_W@2@@std@@@std@@@std@@@std@@_N@1@ABV?$basic_string@_WU?$char_traits@_W@std@@V?$allocator@_W@2@@1@V?$_List_unchecked_const_iterator@V?$_List_val@U?$_List_simple_types@V?$basic_string@_WU?$char_traits@_W@std@@V?$allocator@_W@2@@std@@@std@@@std@@U_Iterator_base0@2@@1@@Z 100322c4     deps_resolver.obj
 0002:0000a2d8       __catchsym$??$_Insert@ABV?$basic_string@_WU?$char_traits@_W@std@@V?$allocator@_W@2@@std@@V?$_List_unchecked_const_iterator@V?$_List_val@U?$_List_simple_types@V?$basic_string@_WU?$char_traits@_W@std@@V?$allocator@_W@2@@std@@@std@@@std@@U_Iterator_base0@2@@2@@?$_Hash@V?$_Uset_traits@V?$basic_string@_WU?$char_traits@_W@std@@V?$allocator@_W@2@@std@@V?$_Uhash_compare@V?$basic_string@_WU?$char_traits@_W@std@@V?$allocator@_W@2@@std@@U?$hash@V?$basic_string@_WU?$char_traits@_W@std@@V?$allocator@_W@2@@std@@@2@U?$equal_to@V?$basic_string@_WU?$char_traits@_W@std@@V?$allocator@_W@2@@std@@@2@@2@V?$allocator@V?$basic_string@_WU?$char_traits@_W@std@@V?$allocator@_W@2@@std@@@2@$0A@@std@@@std@@IAE?AU?$pair@V?$_List_const_iterator@V?$_List_val@U?$_List_simple_types@V?$basic_string@_WU?$char_traits@_W@std@@V?$allocator@_W@2@@std@@@std@@@std@@@std@@_N@1@ABV?$basic_string@_WU?$char_traits@_W@std@@V?$allocator@_W@2@@1@V?$_List_unchecked_const_iterator@V?$_List_val@U?$_List_simple_types@V?$basic_string@_WU?$char_traits@_W@std@@V?$allocator@_W@2@@std@@@std@@@std@@U_Iterator_base0@2@@1@@Z$4 100322d8     deps_resolver.obj
 0002:0000a2e8       __ehfuncinfo$??$_Buynode@ABUpiecewise_construct_t@std@@V?$tuple@ABV?$basic_string@_WU?$char_traits@_W@std@@V?$allocator@_W@2@@std@@@2@V?$tuple@$$V@2@@?$_List_buy@U?$pair@$$CBV?$basic_string@_WU?$char_traits@_W@std@@V?$allocator@_W@2@@std@@V12@@std@@V?$allocator@U?$pair@$$CBV?$basic_string@_WU?$char_traits@_W@std@@V?$allocator@_W@2@@std@@V12@@std@@@2@@std@@QAEPAU?$_List_node@U?$pair@$$CBV?$basic_string@_WU?$char_traits@_W@std@@V?$allocator@_W@2@@std@@V12@@std@@PAX@1@PAU21@0ABUpiecewise_construct_t@1@$$QAV?$tuple@ABV?$basic_string@_WU?$char_traits@_W@std@@V?$allocator@_W@2@@std@@@1@$$QAV?$tuple@$$V@1@@Z 100322e8     deps_resolver.obj
 0002:0000a30c       __unwindtable$??$_Buynode@ABUpiecewise_construct_t@std@@V?$tuple@ABV?$basic_string@_WU?$char_traits@_W@std@@V?$allocator@_W@2@@std@@@2@V?$tuple@$$V@2@@?$_List_buy@U?$pair@$$CBV?$basic_string@_WU?$char_traits@_W@std@@V?$allocator@_W@2@@std@@V12@@std@@V?$allocator@U?$pair@$$CBV?$basic_string@_WU?$char_traits@_W@std@@V?$allocator@_W@2@@std@@V12@@std@@@2@@std@@QAEPAU?$_List_node@U?$pair@$$CBV?$basic_string@_WU?$char_traits@_W@std@@V?$allocator@_W@2@@std@@V12@@std@@PAX@1@PAU21@0ABUpiecewise_construct_t@1@$$QAV?$tuple@ABV?$basic_string@_WU?$char_traits@_W@std@@V?$allocator@_W@2@@std@@@1@$$QAV?$tuple@$$V@1@@Z 1003230c     deps_resolver.obj
 0002:0000a31c       __tryblocktable$??$_Buynode@ABUpiecewise_construct_t@std@@V?$tuple@ABV?$basic_string@_WU?$char_traits@_W@std@@V?$allocator@_W@2@@std@@@2@V?$tuple@$$V@2@@?$_List_buy@U?$pair@$$CBV?$basic_string@_WU?$char_traits@_W@std@@V?$allocator@_W@2@@std@@V12@@std@@V?$allocator@U?$pair@$$CBV?$basic_string@_WU?$char_traits@_W@std@@V?$allocator@_W@2@@std@@V12@@std@@@2@@std@@QAEPAU?$_List_node@U?$pair@$$CBV?$basic_string@_WU?$char_traits@_W@std@@V?$allocator@_W@2@@std@@V12@@std@@PAX@1@PAU21@0ABUpiecewise_construct_t@1@$$QAV?$tuple@ABV?$basic_string@_WU?$char_traits@_W@std@@V?$allocator@_W@2@@std@@@1@$$QAV?$tuple@$$V@1@@Z 1003231c     deps_resolver.obj
 0002:0000a330       __catchsym$??$_Buynode@ABUpiecewise_construct_t@std@@V?$tuple@ABV?$basic_string@_WU?$char_traits@_W@std@@V?$allocator@_W@2@@std@@@2@V?$tuple@$$V@2@@?$_List_buy@U?$pair@$$CBV?$basic_string@_WU?$char_traits@_W@std@@V?$allocator@_W@2@@std@@V12@@std@@V?$allocator@U?$pair@$$CBV?$basic_string@_WU?$char_traits@_W@std@@V?$allocator@_W@2@@std@@V12@@std@@@2@@std@@QAEPAU?$_List_node@U?$pair@$$CBV?$basic_string@_WU?$char_traits@_W@std@@V?$allocator@_W@2@@std@@V12@@std@@PAX@1@PAU21@0ABUpiecewise_construct_t@1@$$QAV?$tuple@ABV?$basic_string@_WU?$char_traits@_W@std@@V?$allocator@_W@2@@std@@@1@$$QAV?$tuple@$$V@1@@Z$6 10032330     deps_resolver.obj
 0002:0000a340       __ehfuncinfo$??$_Buynode@ABV?$basic_string@_WU?$char_traits@_W@std@@V?$allocator@_W@2@@std@@@?$_List_buy@V?$basic_string@_WU?$char_traits@_W@std@@V?$allocator@_W@2@@std@@V?$allocator@V?$basic_string@_WU?$char_traits@_W@std@@V?$allocator@_W@2@@std@@@2@@std@@QAEPAU?$_List_node@V?$basic_string@_WU?$char_traits@_W@std@@V?$allocator@_W@2@@std@@PAX@1@PAU21@0ABV?$basic_string@_WU?$char_traits@_W@std@@V?$allocator@_W@2@@1@@Z 10032340     deps_resolver.obj
 0002:0000a364       __unwindtable$??$_Buynode@ABV?$basic_string@_WU?$char_traits@_W@std@@V?$allocator@_W@2@@std@@@?$_List_buy@V?$basic_string@_WU?$char_traits@_W@std@@V?$allocator@_W@2@@std@@V?$allocator@V?$basic_string@_WU?$char_traits@_W@std@@V?$allocator@_W@2@@std@@@2@@std@@QAEPAU?$_List_node@V?$basic_string@_WU?$char_traits@_W@std@@V?$allocator@_W@2@@std@@PAX@1@PAU21@0ABV?$basic_string@_WU?$char_traits@_W@std@@V?$allocator@_W@2@@1@@Z 10032364     deps_resolver.obj
 0002:0000a374       __tryblocktable$??$_Buynode@ABV?$basic_string@_WU?$char_traits@_W@std@@V?$allocator@_W@2@@std@@@?$_List_buy@V?$basic_string@_WU?$char_traits@_W@std@@V?$allocator@_W@2@@std@@V?$allocator@V?$basic_string@_WU?$char_traits@_W@std@@V?$allocator@_W@2@@std@@@2@@std@@QAEPAU?$_List_node@V?$basic_string@_WU?$char_traits@_W@std@@V?$allocator@_W@2@@std@@PAX@1@PAU21@0ABV?$basic_string@_WU?$char_traits@_W@std@@V?$allocator@_W@2@@1@@Z 10032374     deps_resolver.obj
 0002:0000a388       __catchsym$??$_Buynode@ABV?$basic_string@_WU?$char_traits@_W@std@@V?$allocator@_W@2@@std@@@?$_List_buy@V?$basic_string@_WU?$char_traits@_W@std@@V?$allocator@_W@2@@std@@V?$allocator@V?$basic_string@_WU?$char_traits@_W@std@@V?$allocator@_W@2@@std@@@2@@std@@QAEPAU?$_List_node@V?$basic_string@_WU?$char_traits@_W@std@@V?$allocator@_W@2@@std@@PAX@1@PAU21@0ABV?$basic_string@_WU?$char_traits@_W@std@@V?$allocator@_W@2@@1@@Z$2 10032388     deps_resolver.obj
 0002:0000a398       __ehfuncinfo$??0arguments_t@@QAE@XZ 10032398     args.obj
 0002:0000a3bc       __unwindtable$??0arguments_t@@QAE@XZ 100323bc     args.obj
 0002:0000a3ec       __ehfuncinfo$?bind@coreclr@@YA_NABV?$basic_string@_WU?$char_traits@_W@std@@V?$allocator@_W@2@@std@@@Z 100323ec     coreclr.obj
 0002:0000a410       __unwindtable$?bind@coreclr@@YA_NABV?$basic_string@_WU?$char_traits@_W@std@@V?$allocator@_W@2@@std@@@Z 10032410     coreclr.obj
 0002:0000a418       __ehfuncinfo$?get_runtime_config_paths_from_app@@YAXABV?$basic_string@_WU?$char_traits@_W@std@@V?$allocator@_W@2@@std@@PAV12@1@Z 10032418     libhost.obj
 0002:0000a43c       __unwindtable$?get_runtime_config_paths_from_app@@YAXABV?$basic_string@_WU?$char_traits@_W@std@@V?$allocator@_W@2@@std@@PAV12@1@Z 1003243c     libhost.obj
 0002:0000a464       __ehfuncinfo$?try_patch_roll_forward_in_dir@@YAXABV?$basic_string@_WU?$char_traits@_W@std@@V?$allocator@_W@2@@std@@ABUfx_ver_t@@PAV12@@Z 10032464     libhost.obj
 0002:0000a464       __ehfuncinfo$?try_prerelease_roll_forward_in_dir@@YAXABV?$basic_string@_WU?$char_traits@_W@std@@V?$allocator@_W@2@@std@@ABUfx_ver_t@@PAV12@@Z 10032464     libhost.obj
 0002:0000a488       __unwindtable$?try_prerelease_roll_forward_in_dir@@YAXABV?$basic_string@_WU?$char_traits@_W@std@@V?$allocator@_W@2@@std@@ABUfx_ver_t@@PAV12@@Z 10032488     libhost.obj
 0002:0000a488       __unwindtable$?try_patch_roll_forward_in_dir@@YAXABV?$basic_string@_WU?$char_traits@_W@std@@V?$allocator@_W@2@@std@@ABUfx_ver_t@@PAV12@@Z 10032488     libhost.obj
 0002:0000a4b8       __ehfuncinfo$??0runtime_config_t@@QAE@ABV?$basic_string@_WU?$char_traits@_W@std@@V?$allocator@_W@2@@std@@0@Z 100324b8     runtime_config.obj
 0002:0000a4e0       __unwindtable$??0runtime_config_t@@QAE@ABV?$basic_string@_WU?$char_traits@_W@std@@V?$allocator@_W@2@@std@@0@Z 100324e0     runtime_config.obj
 0002:0000a520       __ehfuncinfo$?parse_opts@runtime_config_t@@QAE_NABVvalue@json@web@@@Z 10032520     runtime_config.obj
 0002:0000a544       __unwindtable$?parse_opts@runtime_config_t@@QAE_NABVvalue@json@web@@@Z 10032544     runtime_config.obj
 0002:0000a568       __ehfuncinfo$?ensure_dev_config_parsed@runtime_config_t@@AAE_NXZ 10032568     runtime_config.obj
 0002:0000a58c       __tryblocktable$?ensure_dev_config_parsed@runtime_config_t@@AAE_NXZ 1003258c     runtime_config.obj
 0002:0000a5a0       __unwindtable$?ensure_dev_config_parsed@runtime_config_t@@AAE_NXZ 100325a0     runtime_config.obj
 0002:0000a5e0       __catchsym$?ensure_dev_config_parsed@runtime_config_t@@AAE_NXZ$43 100325e0     runtime_config.obj
 0002:0000a5f0       __ehfuncinfo$?ensure_parsed@runtime_config_t@@AAE_NXZ 100325f0     runtime_config.obj
 0002:0000a614       __tryblocktable$?ensure_parsed@runtime_config_t@@AAE_NXZ 10032614     runtime_config.obj
 0002:0000a628       __unwindtable$?ensure_parsed@runtime_config_t@@AAE_NXZ 10032628     runtime_config.obj
 0002:0000a668       __catchsym$?ensure_parsed@runtime_config_t@@AAE_NXZ$43 10032668     runtime_config.obj
 0002:0000a678       __ehfuncinfo$?to_lower@pal@@YA?AV?$basic_string@_WU?$char_traits@_W@std@@V?$allocator@_W@2@@std@@ABV23@@Z 10032678     pal.windows.obj
 0002:0000a69c       __unwindtable$?to_lower@pal@@YA?AV?$basic_string@_WU?$char_traits@_W@std@@V?$allocator@_W@2@@std@@ABV23@@Z 1003269c     pal.windows.obj
 0002:0000a6a4       __ehfuncinfo$?setup_api_sets@pal@@YAXABV?$unordered_set@V?$basic_string@_WU?$char_traits@_W@std@@V?$allocator@_W@2@@std@@U?$hash@V?$basic_string@_WU?$char_traits@_W@std@@V?$allocator@_W@2@@std@@@2@U?$equal_to@V?$basic_string@_WU?$char_traits@_W@std@@V?$allocator@_W@2@@std@@@2@V?$allocator@V?$basic_string@_WU?$char_traits@_W@std@@V?$allocator@_W@2@@std@@@2@@std@@@Z 100326a4     pal.windows.obj
 0002:0000a6c8       __unwindtable$?setup_api_sets@pal@@YAXABV?$unordered_set@V?$basic_string@_WU?$char_traits@_W@std@@V?$allocator@_W@2@@std@@U?$hash@V?$basic_string@_WU?$char_traits@_W@std@@V?$allocator@_W@2@@std@@@2@U?$equal_to@V?$basic_string@_WU?$char_traits@_W@std@@V?$allocator@_W@2@@std@@@2@V?$allocator@V?$basic_string@_WU?$char_traits@_W@std@@V?$allocator@_W@2@@std@@@2@@std@@@Z 100326c8     pal.windows.obj
 0002:0000a6d0       __ehfuncinfo$?getcwd@pal@@YA_NPAV?$basic_string@_WU?$char_traits@_W@std@@V?$allocator@_W@2@@std@@@Z 100326d0     pal.windows.obj
 0002:0000a6f4       __unwindtable$?getcwd@pal@@YA_NPAV?$basic_string@_WU?$char_traits@_W@std@@V?$allocator@_W@2@@std@@@Z 100326f4     pal.windows.obj
 0002:0000a6fc       __ehfuncinfo$?readdir@pal@@YAXABV?$basic_string@_WU?$char_traits@_W@std@@V?$allocator@_W@2@@std@@0PAV?$vector@V?$basic_string@_WU?$char_traits@_W@std@@V?$allocator@_W@2@@std@@V?$allocator@V?$basic_string@_WU?$char_traits@_W@std@@V?$allocator@_W@2@@std@@@2@@3@@Z 100326fc     pal.windows.obj
 0002:0000a720       __unwindtable$?readdir@pal@@YAXABV?$basic_string@_WU?$char_traits@_W@std@@V?$allocator@_W@2@@std@@0PAV?$vector@V?$basic_string@_WU?$char_traits@_W@std@@V?$allocator@_W@2@@std@@V?$allocator@V?$basic_string@_WU?$char_traits@_W@std@@V?$allocator@_W@2@@std@@@2@@3@@Z 10032720     pal.windows.obj
 0002:0000a730       __sehtable$??_M@YGXPAXIIP6EX0@Z@Z 10032730     MSVCRT:ehvecdtr.obj
 0002:0000a750       __sehtable$?__ArrayUnwind@@YGXPAXIIP6EX0@Z@Z 10032750     MSVCRT:ehvecdtr.obj
 0002:0000a770       __sehtable$??_L@YGXPAXIIP6EX0@Z1@Z 10032770     MSVCRT:ehvecctr.obj
 0002:0000a790       __sehtable$___scrt_is_nonwritable_in_current_image 10032790     MSVCRT:utility.obj
 0002:0000a7b0       __sehtable$?dllmain_crt_process_attach@@YAHQAUHINSTANCE__@@QAX@Z 100327b0     MSVCRT:dll_dllmain.obj
 0002:0000a7d0       __sehtable$?dllmain_crt_process_detach@@YAH_N@Z 100327d0     MSVCRT:dll_dllmain.obj
 0002:0000a7f0       __sehtable$?dllmain_dispatch@@YAHQAUHINSTANCE__@@KQAX@Z 100327f0     MSVCRT:dll_dllmain.obj
 0002:0000a9c0       .edata                     100329c0     edge_coreclr.exp
 0002:0000a9e8       rgpv                       100329e8     edge_coreclr.exp
 0002:0000a9ec       rgszName                   100329ec     edge_coreclr.exp
 0002:0000a9f0       rgwOrd                     100329f0     edge_coreclr.exp
 0002:0000a9f2       szName                     100329f2     edge_coreclr.exp
 0002:0000aa04       $N00001                    10032a04     edge_coreclr.exp
 0002:0000b10c       .idata$6                   1003310c     kernel32:KERNEL32.dll
 0002:0000c030       .idata$6                   10034030     nw:nw.dll
 0002:0000c396       .idata$6                   10034396     node:node.dll
 0002:0000d3c4       .idata$6                   100353c4     msvcprt:MSVCP140.dll
 0002:0000d492       .idata$6                   10035492     vcruntime:VCRUNTIME140.dll
 0002:0000d824       .idata$6                   10035824     ucrt:api-ms-win-crt-stdio-l1-1-0.dll
 0002:0000d844       .idata$6                   10035844     ucrt:api-ms-win-crt-runtime-l1-1-0.dll
 0002:0000d866       .idata$6                   10035866     ucrt:api-ms-win-crt-string-l1-1-0.dll
 0002:0000d888       .idata$6                   10035888     ucrt:api-ms-win-crt-convert-l1-1-0.dll
 0002:0000d8aa       .idata$6                   100358aa     ucrt:api-ms-win-crt-filesystem-l1-1-0.dll
 0002:0000d8d0       .idata$6                   100358d0     ucrt:api-ms-win-crt-locale-l1-1-0.dll
 0002:0000d8f2       .idata$6                   100358f2     ucrt:api-ms-win-crt-heap-l1-1-0.dll
 0002:0000da40       .idata$6                   10035a40     ucrt:api-ms-win-crt-math-l1-1-0.dll
 0003:00000098       __module                   10036098     edge.obj
 0003:000000c4       ?rid@@3V?$basic_string@_WU?$char_traits@_W@std@@V?$allocator@_W@2@@std@@A 100360c4     deps_format.obj
 0003:00000840       ??_R0?AV?$_Func_impl_no_alloc@V<lambda_1bf788b2043b7336c06a058b67753ba4>@@ABV?$vector@V?$basic_string@_WU?$char_traits@_W@std@@V?$allocator@_W@2@@std@@V?$allocator@V?$basic_string@_WU?$char_traits@_W@std@@V?$allocator@_W@2@@std@@@2@@std@@ABV?$basic_string@_WU?$char_traits@_W@std@@V?$allocator@_W@2@@3@HPA_N@std@@@8 10036840     deps_format.obj
 0003:00000a8c       ??_R0?AV<lambda_1bf788b2043b7336c06a058b67753ba4>@@@8 10036a8c     deps_format.obj
 0003:00000ac8       ??_R0?AV?$_Func_impl_no_alloc@V<lambda_18b84c981f36bcffa50a1cc20b29763a>@@_NABV?$basic_string@_WU?$char_traits@_W@std@@V?$allocator@_W@2@@std@@@std@@@8 10036ac8     deps_format.obj
 0003:00000b68       ??_R0?AV?$_Func_impl_no_alloc@V<lambda_0da8eb3d682bd04afe137e5d5bb4c0f1>@@ABV?$vector@V?$basic_string@_WU?$char_traits@_W@std@@V?$allocator@_W@2@@std@@V?$allocator@V?$basic_string@_WU?$char_traits@_W@std@@V?$allocator@_W@2@@std@@@2@@std@@ABV?$basic_string@_WU?$char_traits@_W@std@@V?$allocator@_W@2@@3@HPA_N@std@@@8 10036b68     deps_format.obj
 0003:00000ca8       ??_R0?AV<lambda_ffcad74291753b6e7369b88f30583b26>@@@8 10036ca8     deps_format.obj
 0003:00000ce0       ??_R0?AV?$_Func_impl_no_alloc@V<lambda_ffcad74291753b6e7369b88f30583b26>@@_NABV?$basic_string@_WU?$char_traits@_W@std@@V?$allocator@_W@2@@std@@@std@@@8 10036ce0     deps_format.obj
 0003:00000d7c       ??_R0?AV<lambda_0da8eb3d682bd04afe137e5d5bb4c0f1>@@@8 10036d7c     deps_format.obj
 0003:00000db4       ??_R0?AV<lambda_18b84c981f36bcffa50a1cc20b29763a>@@@8 10036db4     deps_format.obj
 0003:00000df0       ??_R0?AV?$_Func_impl_no_alloc@V<lambda_4cf1a043bca302a229a9e21dced1c4a6>@@V?$basic_string@_WU?$char_traits@_W@std@@V?$allocator@_W@2@@std@@ABV23@@std@@@8 10036df0     deps_resolver.obj
 0003:00000e8c       ??_R0?AV<lambda_4cf1a043bca302a229a9e21dced1c4a6>@@@8 10036e8c     deps_resolver.obj
 0003:00000ec4       ??_R0?AV<lambda_82ef3072f71ed8c4e91298afae00be99>@@@8 10036ec4     deps_resolver.obj
 0003:00000f00       ??_R0?AV?$_Func_impl_no_alloc@V<lambda_82ef3072f71ed8c4e91298afae00be99>@@V?$basic_string@_WU?$char_traits@_W@std@@V?$allocator@_W@2@@std@@ABV23@@std@@@8 10036f00     deps_resolver.obj
 0003:00001008       ?_Fac_tidy_reg@std@@3U_Fac_tidy_reg_t@1@B 10037008     msvcprt:locale0_implib.obj
 0003:0000100c       ?_Fac_head@std@@3PAU_Fac_node@1@A 1003700c     msvcprt:locale0_implib.obj
 0003:00001018       ?is_initialized_as_dll@@3_NA 10037018     MSVCRT:utility.obj
 0003:00001019       ?module_local_atexit_table_initialized@@3_NA 10037019     MSVCRT:utility.obj
 0003:0000101c       ?module_local_atexit_table@@3U_onexit_table_t@@A 1003701c     MSVCRT:utility.obj
 0003:00001028       ?module_local_at_quick_exit_table@@3U_onexit_table_t@@A 10037028     MSVCRT:utility.obj
 0003:00001034       ?__proc_attached@@3HA      10037034     MSVCRT:dll_dllmain.obj
 0003:00001038       _GS_ExceptionRecord        10037038     MSVCRT:gs_report.obj
 0003:00001088       _GS_ContextRecord          10037088     MSVCRT:gs_report.obj
 0003:000013a1       ?g_enabled@@3_NA           100373a1     trace.obj
 0003:000013a8       ?g_coreclr@coreclr@@3PAUHINSTANCE__@@A 100373a8     coreclr.obj
 0003:000013ac       ?coreclr_create_delegate@@3P6GJPAXIPBD11PAPAX@ZA 100373ac     coreclr.obj
 0003:000013b0       ?coreclr_initialize@@3P6GJPBD0HPAPBD1PAPAXPAI@ZA 100373b0     coreclr.obj
 0003:000013e4       ?$S1@?1??InitializeInstance@CoreClrFunc@@CA?AV?$Local@VFunction@v8@@@v8@@PAX@Z@4IA 100373e4     coreclrfunc.obj
 0003:000013e8       ?proxyFactory@?1??InitializeInstance@CoreClrFunc@@CA?AV?$Local@VFunction@v8@@@v8@@PAX@Z@4V?$Persistent@VFunction@v8@@V?$NonCopyablePersistentTraits@VFunction@v8@@@2@@Nan@@A 100373e8     coreclrfunc.obj
 0003:000013ec       ?proxyFunction@?1??InitializeInstance@CoreClrFunc@@CA?AV?$Local@VFunction@v8@@@v8@@PAX@Z@4V?$Persistent@VFunction@v8@@V?$NonCopyablePersistentTraits@VFunction@v8@@@2@@Nan@@A 100373ec     coreclrfunc.obj
 0003:000013f0       ?$S1@?1??InvokeCallback@CoreClrNodejsFuncInvokeContext@@SAXPAX@Z@4IA 100373f0     coreclrnodejsfuncinvokecontext.obj
 0003:000013f4       ?callbackFunction@?1??InvokeCallback@CoreClrNodejsFuncInvokeContext@@SAXPAX@Z@4V?$Persistent@VFunction@v8@@V?$NonCopyablePersistentTraits@VFunction@v8@@@2@@Nan@@A 100373f4     coreclrnodejsfuncinvokecontext.obj
 0003:000013f8       ?callbackFactory@?1??InvokeCallback@CoreClrNodejsFuncInvokeContext@@SAXPAX@Z@4V?$Persistent@VFunction@v8@@V?$NonCopyablePersistentTraits@VFunction@v8@@@2@@Nan@@A 100373f8     coreclrnodejsfuncinvokecontext.obj
 0003:000013fc       ?instance@?1??json_error_category@details@json@web@@YAABVjson_error_category_impl@234@XZ@4V5234@A 100373fc     json.obj
 0003:00001404       ?$S1@?1??json_error_category@details@json@web@@YAABVjson_error_category_impl@234@XZ@4IA 10037404     json.obj
 0004:00000060       $R000000                   10038060     * linker generated manifest res *

 Exports

  ordinal    name

        1    __register_edge_coreclr_
               exported name: _register_edge_coreclr_
