 edge_nativeclr

 Timestamp is 5c531ec1 (Thu Jan 31 09:13:53 2019)

 Preferred load address is 10000000

 Start         Length     Name                   Class
 0001:00000000 00000100H .text$di                CODE
 0001:00000100 00006910H .text$mn                CODE
 0001:00006a10 00000000H .text$x                 CODE
 0001:00006a10 00000010H .text$yd                CODE
 0002:00000000 00000224H .idata$5                DATA
 0002:00000224 00000004H .00cfg                  DATA
 0002:00000228 00000004H .CRT$XCA                DATA
 0002:0000022c 00000004H .CRT$XCU                DATA
 0002:00000230 00000004H .CRT$XCZ                DATA
 0002:00000234 00000004H .CRT$XIA                DATA
 0002:00000238 00000004H .CRT$XIZ                DATA
 0002:0000023c 00000004H .CRT$XPA                DATA
 0002:00000240 00000004H .CRT$XPZ                DATA
 0002:00000244 00000004H .CRT$XTA                DATA
 0002:00000248 00000004H .CRT$XTZ                DATA
 0002:0000024c 00000004H .CRTMA$XCA              DATA
 0002:00000250 0000001cH .CRTMA$XCC              DATA
 0002:0000026c 00000004H .CRTMA$XCZ              DATA
 0002:00000270 00000004H .CRTMP$XCA              DATA
 0002:00000274 00000010H .CRTMP$XCU              DATA
 0002:00000284 00000004H .CRTMP$XCZ              DATA
 0002:00000288 00000004H .CRTVT$XCA              DATA
 0002:0000028c 00000004H .CRTVT$XCZ              DATA
 0002:00000290 00000000H .gfids$y                DATA
 0002:00000290 0000dc00H .rdata                  DATA
 0002:0000de90 000000d8H .rdata$ilfixup          DATA
 0002:0000df68 00000138H .rdata$r                DATA
 0002:0000e0a0 00000004H .rdata$sxdata           DATA
 0002:0000e0a4 000003c0H .rdata$zzzdbg           DATA
 0002:0000e464 00000004H .rtc$IAA                DATA
 0002:0000e468 00000004H .rtc$IZZ                DATA
 0002:0000e46c 00000004H .rtc$TAA                DATA
 0002:0000e470 00000008H .rtc$TZZ                DATA
 0002:0000e478 00000118H .xdata$x                DATA
 0002:0000e590 00000060H .edata                  DATA
 0002:0000e5f0 000000a0H .idata$2                DATA
 0002:0000e690 00000014H .idata$3                DATA
 0002:0000e6a4 00000224H .idata$4                DATA
 0002:0000e8c8 000017e4H .idata$6                DATA
 0003:00000000 000000b8H .data                   DATA
 0003:000000b8 00000078H .data$r                 DATA
 0003:00000130 000010b0H .bss                    DATA
 0004:00000000 00000060H .rsrc$01                DATA
 0004:00000060 00000180H .rsrc$02                DATA

  Address         Publics by Value              Rva+Base       Lib:Object

 0000:00000000       ___guard_longjmp_count     00000000     <absolute>
 0000:00000000       ___guard_fids_count        00000000     <absolute>
 0000:00000000       ___guard_longjmp_table     00000000     <absolute>
 0000:00000000       ___guard_iat_count         00000000     <absolute>
 0000:00000000       ___hybrid_code_map_count   00000000     <absolute>
 0000:00000000       ___volatile_metadata       00000000     <absolute>
 0000:00000000       ___guard_iat_table         00000000     <absolute>
 0000:00000000       ___dynamic_value_reloc_table 00000000     <absolute>
 0000:00000000       ___hybrid_code_map         00000000     <absolute>
 0000:00000000       ___guard_fids_table        00000000     <absolute>
 0000:00000000       ___hybrid_auxiliary_iat    00000000     <absolute>
 0000:00000000       ___enclave_config          00000000     <absolute>
 0000:00000001       ?IsDefaultDomain@CurrentDomain@<CrtImplementationDetails>@@$$Q2_NA 00000001     <absolute>
 0000:00000001       ___safe_se_handler_count   00000001     <absolute>
 0000:00000004       ?InitializedVtables@CurrentDomain@<CrtImplementationDetails>@@$$Q2W4Progress@2@A 00000004     <absolute>
 0000:00000004       ?Initialized@CurrentDomain@<CrtImplementationDetails>@@$$Q2HA 00000004     <absolute>
 0000:00000004       ?_ref_count@AtExitLock@<CrtImplementationDetails>@@$$Q0HA 00000004     <absolute>
 0000:00000004       ?InitializedPerProcess@CurrentDomain@<CrtImplementationDetails>@@$$Q2W4Progress@2@A 00000004     <absolute>
 0000:00000004       ?__onexitend_app_domain@@$$Q3PAP6MXXZA 00000004     <absolute>
 0000:00000004       ?InitializedPerAppDomain@CurrentDomain@<CrtImplementationDetails>@@$$Q2W4Progress@2@A 00000004     <absolute>
 0000:00000004       ?__exit_list_size_app_domain@@$$Q3IA 00000004     <absolute>
 0000:00000004       ?InitializedNative@CurrentDomain@<CrtImplementationDetails>@@$$Q2W4Progress@2@A 00000004     <absolute>
 0000:00000004       ?_lock@AtExitLock@<CrtImplementationDetails>@@$$Q0PAXA 00000004     <absolute>
 0000:00000004       ?Uninitialized@CurrentDomain@<CrtImplementationDetails>@@$$Q2HA 00000004     <absolute>
 0000:00000004       ?__onexitbegin_app_domain@@$$Q3PAP6MXXZA 00000004     <absolute>
 0000:00000100       ___guard_flags             00000100     <absolute>
 0000:00000000       ___ImageBase               10000000     <linker-defined>
 0001:00000000       ???__E?A0x5f0dd98c@proxyFactory@@YMXXZ@?A0x5f0dd98c@@$$FYMXXZ 10001000 f i clrfunc.obj
 0001:0000001c       ???__E?A0x5f0dd98c@proxyFunction@@YMXXZ@?A0x5f0dd98c@@$$FYMXXZ 1000101c f i clrfunc.obj
 0001:00000038       ???__E?A0xcc3f8693@callbackFactory@@YMXXZ@?A0xcc3f8693@@$$FYMXXZ 10001038 f i nodejsfuncinvokecontext.obj
 0001:00000054       ???__E?A0xcc3f8693@callbackFunction@@YMXXZ@?A0xcc3f8693@@$$FYMXXZ 10001054 f i nodejsfuncinvokecontext.obj
 0001:00000070       ???__E?Initialized@CurrentDomain@<CrtImplementationDetails>@@$$Q2HA@@YMXXZ@?A0x15daf9ec@@$$FYMXXZ 10001070 f i MSVCMRT:mstartup.obj
 0001:00000084       ???__E?Uninitialized@CurrentDomain@<CrtImplementationDetails>@@$$Q2HA@@YMXXZ@?A0x15daf9ec@@$$FYMXXZ 10001084 f i MSVCMRT:mstartup.obj
 0001:00000098       ???__E?IsDefaultDomain@CurrentDomain@<CrtImplementationDetails>@@$$Q2_NA@@YMXXZ@?A0x15daf9ec@@$$FYMXXZ 10001098 f i MSVCMRT:mstartup.obj
 0001:000000ac       ???__E?InitializedVtables@CurrentDomain@<CrtImplementationDetails>@@$$Q2W4Progress@2@A@@YMXXZ@?A0x15daf9ec@@$$FYMXXZ 100010ac f i MSVCMRT:mstartup.obj
 0001:000000c0       ???__E?InitializedNative@CurrentDomain@<CrtImplementationDetails>@@$$Q2W4Progress@2@A@@YMXXZ@?A0x15daf9ec@@$$FYMXXZ 100010c0 f i MSVCMRT:mstartup.obj
 0001:000000d4       ???__E?InitializedPerProcess@CurrentDomain@<CrtImplementationDetails>@@$$Q2W4Progress@2@A@@YMXXZ@?A0x15daf9ec@@$$FYMXXZ 100010d4 f i MSVCMRT:mstartup.obj
 0001:000000e8       ???__E?InitializedPerAppDomain@CurrentDomain@<CrtImplementationDetails>@@$$Q2W4Progress@2@A@@YMXXZ@?A0x15daf9ec@@$$FYMXXZ 100010e8 f i MSVCMRT:mstartup.obj
 0001:00000100       ??1EscapableHandleScope@Nan@@$$FQAE@XZ 10001100 f i utils.obj
 0001:00000114       ??1HandleScope@Nan@@$$FQAE@XZ 10001114 f i utils.obj
 0001:00000128       ?get@Payload@ClrFuncInvokeContext@@$$FQ$AAMP$AAVObject@System@@XZ 10001128 f i utils.obj
 0001:0000013c       ?set@Payload@ClrFuncInvokeContext@@$$FQ$AAMXP$AAVObject@System@@@Z 1000113c f i utils.obj
 0001:00000150       ?get@Task@ClrFuncInvokeContext@@$$FQ$AAMP$AAV?$Task@P$AAVObject@System@@@Tasks@Threading@System@@XZ 10001150 f i utils.obj
 0001:00000164       ?set@Task@ClrFuncInvokeContext@@$$FQ$AAMXP$AAV?$Task@P$AAVObject@System@@@Tasks@Threading@System@@@Z 10001164 f i utils.obj
 0001:00000178       ?get@Sync@ClrFuncInvokeContext@@$$FQ$AAM_NXZ 10001178 f i utils.obj
 0001:0000018c       ?set@Sync@ClrFuncInvokeContext@@$$FQ$AAMX_N@Z 1000118c f i utils.obj
 0001:000001a0       ?get@Func@NodejsFunc@@$$FQ$AAMPAV?$Persistent@VFunction@v8@@V?$NonCopyablePersistentTraits@VFunction@v8@@@2@@Nan@@XZ 100011a0 f i utils.obj
 0001:000001b4       ?set@Func@NodejsFunc@@$$FQ$AAMXPAV?$Persistent@VFunction@v8@@V?$NonCopyablePersistentTraits@VFunction@v8@@@2@@Nan@@@Z 100011b4 f i utils.obj
 0001:000001c8       ?<Dispose>@NodejsFunc@@$$FM$AAMX_N@Z 100011c8 f i utils.obj
 0001:0000020c       ?<Finalize>@NodejsFunc@@$$FM$AAMXXZ 1000120c f i utils.obj
 0001:00000220       ?get@TaskCompletionSource@NodejsFuncInvokeContext@@$$FQ$AAMP$AAV?$TaskCompletionSource@P$AAVObject@System@@@Tasks@Threading@System@@XZ 10001220 f i utils.obj
 0001:00000234       ?set@TaskCompletionSource@NodejsFuncInvokeContext@@$$FQ$AAMXP$AAV?$TaskCompletionSource@P$AAVObject@System@@@Tasks@Threading@System@@@Z 10001234 f i utils.obj
 0001:00000248       ?<Dispose>@NodejsFuncInvokeContext@@$$FM$AAMX_N@Z 10001248 f i utils.obj
 0001:0000028c       ?<Finalize>@NodejsFuncInvokeContext@@$$FM$AAMXXZ 1000128c f i utils.obj
 0001:000002a0       ?stringV82CLR@@$$FYMP$AAVString@System@@AAVUtf8Value@1v8@@@Z 100012a0 f   utils.obj
 0001:00000318       ?ToLocalChecked@?$MaybeLocal@VString@v8@@@v8@@$$FQAE?AV?$Local@VString@v8@@@2@XZ 10001318 f i utils.obj
 0001:00000334       ??$New@VString@v8@@PBD@Nan@@$$FYA?AV?$MaybeLocal@VString@v8@@@v8@@PBD@Z 10001334 f i utils.obj
 0001:00000354       ?<Dispose>@NodejsFunc@@$$FU$AAMXXZ 10001354 f i utils.obj
 0001:00000370       ?<Dispose>@NodejsFuncInvokeContext@@$$FU$AAMXXZ 10001370 f i utils.obj
 0001:0000038c       ??$?0VString@v8@@@?$Local@VValue@v8@@@v8@@$$FQAE@V?$Local@VString@v8@@@1@@Z 1000138c f i utils.obj
 0001:000003a0       ?stringCLR2V8@@$$FYM?AV?$Local@VString@v8@@@v8@@P$AAVString@System@@@Z 100013a0 f   utils.obj
 0001:00000494       ?stringV82CLR@@$$FYMP$AAVString@System@@V?$Local@VString@v8@@@v8@@@Z 10001494 f   utils.obj
 0001:0000054c       ?exceptionV82stringCLR@@$$FYMP$AAVString@System@@V?$Local@VValue@v8@@@v8@@@Z 1000154c f   utils.obj
 0001:00000628       __t2m@?ToLocalChecked@?$MaybeLocal@VString@v8@@@v8@@QAE?AV?$Local@VString@v8@@@2@XZ 10001628 f i utils.obj
 0001:00000628       ?ToLocalChecked@?$MaybeLocal@VString@v8@@@v8@@QAE?AV?$Local@VString@v8@@@2@XZ 10001628 f i utils.obj
 0001:0000062e       ??$New@VString@v8@@PBD@Nan@@YA?AV?$MaybeLocal@VString@v8@@@v8@@PBD@Z 1000162e f i utils.obj
 0001:0000062e       __t2m@??$New@VString@v8@@PBD@Nan@@YA?AV?$MaybeLocal@VString@v8@@@v8@@PBD@Z 1000162e f i utils.obj
 0001:00000634       __t2m@??$?0VString@v8@@@?$Local@VValue@v8@@@v8@@QAE@V?$Local@VString@v8@@@1@@Z 10001634 f i utils.obj
 0001:00000634       ??$?0VString@v8@@@?$Local@VValue@v8@@@v8@@QAE@V?$Local@VString@v8@@@1@@Z 10001634 f i utils.obj
 0001:0000063c       ?New@?$Factory@VBoolean@v8@@@imp@Nan@@$$FSA?AV?$Local@VBoolean@v8@@@v8@@_N@Z 1000163c f i clrfunc.obj
 0001:00000670       ?GetCurrentContext@Nan@@$$FYA?AV?$Local@VContext@v8@@@v8@@XZ 10001670 f i clrfunc.obj
 0001:0000068c       ??0ClrFunc@@$$FA$AAM@XZ    1000168c f   clrfunc.obj
 0001:0000068c       ??0ClrFuncReflectionWrap@@$$FA$AAM@XZ 1000168c f   clrfuncreflectionwrap.obj
 0001:000006a0       ?edgeAppCompletedOnCLRThread@@$$FYMXP$AAV?$Task@P$AAVObject@System@@@Tasks@Threading@System@@P$AAVObject@4@@Z 100016a0 f   clrfunc.obj
 0001:000006d8       ??B?$gcroot@P$AAVAction@System@@@@$$FQBMP$AAVAction@System@@XZ 100016d8 f i clractioncontext.obj
 0001:000006d8       ??B?$gcroot@P$AAVString@System@@@@$$FQBMP$AAVString@System@@XZ 100016d8 f i MSVCMRT:mstartup.obj
 0001:000006d8       ??B?$gcroot@P$AAVClrFunc@@@@$$FQBMP$AAVClrFunc@@XZ 100016d8 f i clrfunc.obj
 0001:000006d8       ??B?$gcroot@P$AAVNodejsFuncInvokeContext@@@@$$FQBMP$AAVNodejsFuncInvokeContext@@XZ 100016d8 f i nodejsfuncinvokecontext.obj
 0001:000006fc       ??4?$gcroot@P$AAVNodejsFuncInvokeContext@@@@$$FQAMAAU0@P$AAVNodejsFuncInvokeContext@@@Z 100016fc f i nodejsfuncinvokecontext.obj
 0001:000006fc       ??4?$gcroot@P$AAVClrFunc@@@@$$FQAMAAU0@P$AAVClrFunc@@@Z 100016fc f i clrfunc.obj
 0001:000006fc       ??4?$gcroot@P$AAVString@System@@@@$$FQAMAAU0@P$AAVString@System@@@Z 100016fc f i MSVCMRT:mstartup.obj
 0001:00000724       ??1?$gcroot@P$AAVString@System@@@@$$FQAE@XZ 10001724 f i MSVCMRT:mstartup.obj
 0001:00000724       ??1?$gcroot@P$AAVClrFunc@@@@$$FQAE@XZ 10001724 f i clrfunc.obj
 0001:00000724       ??1?$gcroot@P$AAVNodejsFuncInvokeContext@@@@$$FQAE@XZ 10001724 f i nodejsfuncinvokecontext.obj
 0001:0000074c       ??0?$gcroot@P$AAVString@System@@@@$$FQAE@XZ 1000174c f i MSVCMRT:mstartup.obj
 0001:0000074c       ??0?$gcroot@P$AAVNodejsFuncInvokeContext@@@@$$FQAE@XZ 1000174c f i nodejsfuncinvokecontext.obj
 0001:0000074c       ??0?$gcroot@P$AAVClrFunc@@@@$$FQAE@XZ 1000174c f i clrfunc.obj
 0001:00000770       ??C?$Local@VFunctionTemplate@v8@@@v8@@$$FQBEPAVFunctionTemplate@1@XZ 10001770 f i clrfunc.obj
 0001:00000780       ??0?$Local@VValue@v8@@@v8@@$$FQAE@XZ 10001780 f i clrfunc.obj
 0001:00000794       ??$?0VFunction@v8@@@?$Local@VValue@v8@@@v8@@$$FQAE@V?$Local@VFunction@v8@@@1@@Z 10001794 f i clrfunc.obj
 0001:000007a8       ??$Reset@VFunction@v8@@@?$PersistentBase@VFunction@v8@@@v8@@$$FQAEXPAVIsolate@1@ABV?$Local@VFunction@v8@@@1@@Z 100017a8 f i clrfunc.obj
 0001:000007e8       ??$Set@VValue@v8@@@?$ReturnValue@VValue@v8@@@v8@@$$FQAEXV?$Local@VValue@v8@@@1@@Z 100017e8 f i clrfunc.obj
 0001:000007e8       ??$Set@VFunction@v8@@@?$ReturnValue@VValue@v8@@@v8@@$$FQAEXV?$Local@VFunction@v8@@@1@@Z 100017e8 f i clrfunc.obj
 0001:00000810       ?NewInstance@Nan@@$$FYA?AV?$MaybeLocal@VObject@v8@@@v8@@V?$Local@VObjectTemplate@v8@@@3@@Z 10001810 f i clrfunc.obj
 0001:000008ac       ?Call@Nan@@$$FYA?AV?$MaybeLocal@VValue@v8@@@v8@@V?$Local@VFunction@v8@@@3@V?$Local@VObject@v8@@@3@HQAV?$Local@VValue@v8@@@3@@Z 100018ac f i clrfunc.obj
 0001:00000954       ?convert@?$ToFactory@VInteger@v8@@@imp@Nan@@$$FSA?AV?$MaybeLocal@VInteger@v8@@@v8@@V?$Local@VValue@v8@@@5@@Z 10001954 f i clrfunc.obj
 0001:000009f0       ??1?$Persistent@VFunction@v8@@V?$NonCopyablePersistentTraits@VFunction@v8@@@2@@Nan@@$$FQAE@XZ 100019f0 f i clrfunc.obj
 0001:00000a00       ?MarshalV8ToCLR@ClrFunc@@$$FSMP$AAVObject@System@@V?$Local@VValue@v8@@@v8@@@Z 10001a00 f   clrfunc.obj
 0001:00000f64       ??A?$FunctionCallbackInfo@VValue@v8@@@Nan@@$$FQBE?AV?$Local@VValue@v8@@@v8@@H@Z 10001f64 f i clrfunc.obj
 0001:00000f98       ??$?0VFunction@v8@@@?$Persistent@VFunction@v8@@V?$NonCopyablePersistentTraits@VFunction@v8@@@2@@Nan@@$$FQAE@V?$Local@VFunction@v8@@@v8@@@Z 10001f98 f i clrfunc.obj
 0001:00000fc4       ??$Reset@VFunction@v8@@@?$Persistent@VFunction@v8@@V?$NonCopyablePersistentTraits@VFunction@v8@@@2@@Nan@@$$FQAEXABV?$Local@VFunction@v8@@@v8@@@Z 10001fc4 f i clrfunc.obj
 0001:00000fe0       ??$New@VFunction@v8@@V?$NonCopyablePersistentTraits@VFunction@v8@@@2@@Nan@@$$FYA?AV?$Local@VFunction@v8@@@v8@@ABV?$Persistent@VFunction@v8@@V?$NonCopyablePersistentTraits@VFunction@v8@@@2@@0@@Z 10001fe0 f i clrfunc.obj
 0001:0000100c       ??$clrFuncProxyNearDeath@X@@$$FYAXABV?$WeakCallbackInfo@X@Nan@@@Z 1000200c f i clrfunc.obj
 0001:00001054       ??1?$Persistent@VValue@v8@@V?$NonCopyablePersistentTraits@VValue@v8@@@2@@v8@@$$FQAE@XZ 10002054 f i clrfunc.obj
 0001:00001064       ??1?$WeakCallbackInfo@X@Nan@@$$FQAE@XZ 10002064 f i clrfunc.obj
 0001:00001074       ?FunctionCallbackWrapper@?A0x494d8d28@imp@Nan@@$$FYAXABV?$FunctionCallbackInfo@VValue@v8@@@v8@@@Z 10002074 f   callbackhelper.obj
 0001:00001074       ?FunctionCallbackWrapper@?A0x5f0dd98c@imp@Nan@@$$FYAXABV?$FunctionCallbackInfo@VValue@v8@@@v8@@@Z 10002074 f   clrfunc.obj
 0001:0000113c       ??$To@VInteger@v8@@@imp@Nan@@$$FYA?AV?$Local@VInteger@v8@@@v8@@V23@@Z 1000213c f i clrfunc.obj
 0001:0000116c       ?New@?$Factory@VDate@v8@@@imp@Nan@@$$FSA?AV?$MaybeLocal@VDate@v8@@@v8@@N@Z 1000216c f i clrfunc.obj
 0001:00001208       ?New@?$Factory@VFunctionTemplate@v8@@@imp@Nan@@$$FSA?AV?$Local@VFunctionTemplate@v8@@@v8@@P6AXABV?$FunctionCallbackInfo@VValue@v8@@@3@@ZV?$Local@VValue@v8@@@5@V?$Local@VSignature@v8@@@5@@Z 10002208 f i clrfunc.obj
 0001:00001320       ??$New@VFunctionTemplate@v8@@@Nan@@$$FYA?AV?$Local@VFunctionTemplate@v8@@@v8@@P6AXABV?$FunctionCallbackInfo@VValue@v8@@@0@@ZV?$Local@VValue@v8@@@2@@Z 10002320 f i clrfunc.obj
 0001:0000133c       ??$invokeparameter@$0A@@?$WeakCallbackInfo@X@Nan@@$$FCAXABV?$WeakCallbackInfo@V?$WeakCallbackInfo@X@Nan@@@v8@@@Z 1000233c f i clrfunc.obj
 0001:00001368       ??$invoketwofield@$0A@@?$WeakCallbackInfo@X@Nan@@$$FCAXABV?$WeakCallbackInfo@V?$WeakCallbackInfo@X@Nan@@@v8@@@Z 10002368 f i clrfunc.obj
 0001:00001398       ??$invokeparameter@$00@?$WeakCallbackInfo@X@Nan@@$$FCAXABV?$WeakCallbackInfo@V?$WeakCallbackInfo@X@Nan@@@v8@@@Z 10002398 f i clrfunc.obj
 0001:000013d4       ??$invoketwofield@$00@?$WeakCallbackInfo@X@Nan@@$$FCAXABV?$WeakCallbackInfo@V?$WeakCallbackInfo@X@Nan@@@v8@@@Z 100023d4 f i clrfunc.obj
 0001:00001410       ??$SetWeak@X@?$Persistent@VFunction@v8@@V?$NonCopyablePersistentTraits@VFunction@v8@@@2@@Nan@@$$FQAEXPAXP6AXABV?$WeakCallbackInfo@X@1@@ZW4WeakCallbackType@v8@@@Z 10002410 f i clrfunc.obj
 0001:00001600       ?Initialize@ClrFunc@@$$FSM?AV?$Local@VFunction@v8@@@v8@@P$AAV?$Func@P$AAVObject@System@@P$AAV?$Task@P$AAVObject@System@@@Tasks@Threading@2@@System@@@Z 10002600 f   clrfunc.obj
 0001:00001854       ?MarshalCLRToV8@ClrFunc@@$$FSM?AV?$Local@VValue@v8@@@v8@@P$AAVObject@System@@@Z 10002854 f   clrfunc.obj
 0001:000021d0       ?MarshalCLRObjectToV8@ClrFunc@@$$FCM?AV?$Local@VObject@v8@@@v8@@P$AAVObject@System@@@Z 100031d0 f   clrfunc.obj
 0001:000023cc       ?MarshalCLRExceptionToV8@ClrFunc@@$$FSM?AV?$Local@VValue@v8@@@v8@@P$AAVException@System@@@Z 100033cc f   clrfunc.obj
 0001:000025fc       ?Call@ClrFunc@@$$FQ$AAM?AV?$Local@VValue@v8@@@v8@@V23@0@Z 100035fc f   clrfunc.obj
 0001:000027a4       ?clrFuncProxy@@$$FYAXABV?$FunctionCallbackInfo@VValue@v8@@@Nan@@@Z 100037a4 f   clrfunc.obj
 0001:00002868       ?clrFuncProxy@@YAXABV?$FunctionCallbackInfo@VValue@v8@@@Nan@@@Z 10003868 f   clrfunc.obj
 0001:00002870       ?Initialize@ClrFunc@@$$FSMXABV?$FunctionCallbackInfo@VValue@v8@@@Nan@@@Z 10003870 f   clrfunc.obj
 0001:00002cd0       ?printf@@$$J0YAHQBDZZ      10003cd0 f i clrfunc.obj
 0001:00002cd0       _printf                    10003cd0 f i clrfunc.obj
 0001:00002d09       __t2m@??C?$Local@VFunctionTemplate@v8@@@v8@@QBEPAVFunctionTemplate@1@XZ 10003d09 f i clrfunc.obj
 0001:00002d09       ??C?$Local@VFunctionTemplate@v8@@@v8@@QBEPAVFunctionTemplate@1@XZ 10003d09 f i clrfunc.obj
 0001:00002d0f       ??0?$Local@VValue@v8@@@v8@@QAE@XZ 10003d0f f i clrfunc.obj
 0001:00002d0f       __t2m@??0?$Local@VValue@v8@@@v8@@QAE@XZ 10003d0f f i clrfunc.obj
 0001:00002d15       ??$?0VFunction@v8@@@?$Local@VValue@v8@@@v8@@QAE@V?$Local@VFunction@v8@@@1@@Z 10003d15 f i clrfunc.obj
 0001:00002d15       __t2m@??$?0VFunction@v8@@@?$Local@VValue@v8@@@v8@@QAE@V?$Local@VFunction@v8@@@1@@Z 10003d15 f i clrfunc.obj
 0001:00002d1b       ??$clrFuncProxyNearDeath@X@@YAXABV?$WeakCallbackInfo@X@Nan@@@Z 10003d1b f i clrfunc.obj
 0001:00002d1b       __t2m@??$clrFuncProxyNearDeath@X@@YAXABV?$WeakCallbackInfo@X@Nan@@@Z 10003d1b f i clrfunc.obj
 0001:00002d21       ?FunctionCallbackWrapper@?A0x5f0dd98c@imp@Nan@@YAXABV?$FunctionCallbackInfo@VValue@v8@@@v8@@@Z 10003d21 f   clrfunc.obj
 0001:00002d27       __t2m@??$New@VFunctionTemplate@v8@@@Nan@@YA?AV?$Local@VFunctionTemplate@v8@@@v8@@P6AXABV?$FunctionCallbackInfo@VValue@v8@@@0@@ZV?$Local@VValue@v8@@@2@@Z 10003d27 f i clrfunc.obj
 0001:00002d27       ??$New@VFunctionTemplate@v8@@@Nan@@YA?AV?$Local@VFunctionTemplate@v8@@@v8@@P6AXABV?$FunctionCallbackInfo@VValue@v8@@@0@@ZV?$Local@VValue@v8@@@2@@Z 10003d27 f i clrfunc.obj
 0001:00002d2d       __t2m@??$invokeparameter@$0A@@?$WeakCallbackInfo@X@Nan@@CAXABV?$WeakCallbackInfo@V?$WeakCallbackInfo@X@Nan@@@v8@@@Z 10003d2d f i clrfunc.obj
 0001:00002d2d       ??$invokeparameter@$0A@@?$WeakCallbackInfo@X@Nan@@CAXABV?$WeakCallbackInfo@V?$WeakCallbackInfo@X@Nan@@@v8@@@Z 10003d2d f i clrfunc.obj
 0001:00002d33       ??$invoketwofield@$0A@@?$WeakCallbackInfo@X@Nan@@CAXABV?$WeakCallbackInfo@V?$WeakCallbackInfo@X@Nan@@@v8@@@Z 10003d33 f i clrfunc.obj
 0001:00002d33       __t2m@??$invoketwofield@$0A@@?$WeakCallbackInfo@X@Nan@@CAXABV?$WeakCallbackInfo@V?$WeakCallbackInfo@X@Nan@@@v8@@@Z 10003d33 f i clrfunc.obj
 0001:00002d39       __t2m@??$invokeparameter@$00@?$WeakCallbackInfo@X@Nan@@CAXABV?$WeakCallbackInfo@V?$WeakCallbackInfo@X@Nan@@@v8@@@Z 10003d39 f i clrfunc.obj
 0001:00002d39       ??$invokeparameter@$00@?$WeakCallbackInfo@X@Nan@@CAXABV?$WeakCallbackInfo@V?$WeakCallbackInfo@X@Nan@@@v8@@@Z 10003d39 f i clrfunc.obj
 0001:00002d3f       __t2m@??$invoketwofield@$00@?$WeakCallbackInfo@X@Nan@@CAXABV?$WeakCallbackInfo@V?$WeakCallbackInfo@X@Nan@@@v8@@@Z 10003d3f f i clrfunc.obj
 0001:00002d3f       ??$invoketwofield@$00@?$WeakCallbackInfo@X@Nan@@CAXABV?$WeakCallbackInfo@V?$WeakCallbackInfo@X@Nan@@@v8@@@Z 10003d3f f i clrfunc.obj
 0001:00002d50       ___local_stdio_printf_options 10003d50 f i clrfunc.obj
 0001:00002d58       ??0TryCatch@Nan@@$$FQAE@XZ 10003d58 f i clrfuncinvokecontext.obj
 0001:00002d74       ?HasCaught@TryCatch@Nan@@$$FQBE_NXZ 10003d74 f i clrfuncinvokecontext.obj
 0001:00002d88       ??1AsyncResource@Nan@@$$FQAE@XZ 10003d88 f i clrfuncinvokecontext.obj
 0001:00002da8       ?CompleteOnCLRThread@ClrFuncInvokeContext@@$$FQ$AAMXP$AAV?$Task@P$AAVObject@System@@@Tasks@Threading@System@@@Z 10003da8 f   clrfuncinvokecontext.obj
 0001:00002de4       ??1TryCatch@Nan@@$$FQAE@XZ 10003de4 f i clrfuncinvokecontext.obj
 0001:00002df8       ??4?$gcroot@P$AAVAction@System@@@@$$FQAMAAU0@P$AAVAction@System@@@Z 10003df8 f i clrfuncinvokecontext.obj
 0001:00002e20       ??1?$gcroot@P$AAVAction@System@@@@$$FQAE@XZ 10003e20 f i clrfuncinvokecontext.obj
 0001:00002e48       ??0?$gcroot@P$AAVAction@System@@@@$$FQAE@XZ 10003e48 f i clrfuncinvokecontext.obj
 0001:00002e6c       ??0AsyncResource@Nan@@$$FQAE@PBDV?$Local@VObject@v8@@@v8@@@Z 10003e6c f i clrfuncinvokecontext.obj
 0001:00002ed0       ??1Callback@Nan@@$$FQAE@XZ 10003ed0 f i clrfuncinvokecontext.obj
 0001:00002f1c       ?Call_@Callback@Nan@@$$FABE?AV?$MaybeLocal@VValue@v8@@@v8@@PAVIsolate@4@V?$Local@VObject@v8@@@4@HQAV?$Local@VValue@v8@@@4@PAVAsyncResource@2@@Z 10003f1c f i clrfuncinvokecontext.obj
 0001:00002ff8       ??0ClrFuncInvokeContext@@$$FQ$AAM@V?$Local@VValue@v8@@@v8@@@Z 10003ff8 f   clrfuncinvokecontext.obj
 0001:00003098       ?DisposeCallback@ClrFuncInvokeContext@@$$FA$AAMXXZ 10004098 f   clrfuncinvokecontext.obj
 0001:00003104       ?Call@Callback@Nan@@$$FQBE?AV?$Local@VValue@v8@@@v8@@HQAV34@@Z 10004104 f i clrfuncinvokecontext.obj
 0001:000031f0       ?CompleteOnV8Thread@ClrFuncInvokeContext@@$$FQ$AAM?AV?$Local@VValue@v8@@@v8@@XZ 100041f0 f   clrfuncinvokecontext.obj
 0001:00003618       ?CompleteOnV8ThreadAsynchronous@ClrFuncInvokeContext@@$$FQ$AAMXXZ 10004618 f   clrfuncinvokecontext.obj
 0001:00003670       ?InitializeAsyncOperation@ClrFuncInvokeContext@@$$FQ$AAMXXZ 10004670 f   clrfuncinvokecontext.obj
 0001:000036e0       ?FunctionWrapper@NodejsFunc@@$$FQ$AAMP$AAV?$Task@P$AAVObject@System@@@Tasks@Threading@System@@P$AAVObject@5@@Z 100046e0 f   nodejsfunc.obj
 0001:0000377c       ?<Finalizer>@NodejsFunc@@$$FA$AAMXXZ 1000477c f   nodejsfunc.obj
 0001:00003814       ??0NodejsFunc@@$$FQ$AAM@V?$Local@VFunction@v8@@@v8@@@Z 10004814 f   nodejsfunc.obj
 0001:00003890       ??1NodejsFunc@@$$FA$AAM@XZ 10004890 f   nodejsfunc.obj
 0001:000038a4       ?Exception@TryCatch@Nan@@$$FQBE?AV?$Local@VValue@v8@@@v8@@XZ 100048a4 f i nodejsfuncinvokecontext.obj
 0001:000038bc       ??0NodejsFuncInvokeContext@@$$FQ$AAM@P$AAVNodejsFunc@@P$AAVObject@System@@@Z 100048bc f   nodejsfuncinvokecontext.obj
 0001:0000390c       ?Complete@NodejsFuncInvokeContext@@$$FA$AAMXXZ 1000490c f   nodejsfuncinvokecontext.obj
 0001:00003960       ?CompleteWithError@NodejsFuncInvokeContext@@$$FQ$AAMXP$AAVException@System@@@Z 10004960 f   nodejsfuncinvokecontext.obj
 0001:000039a4       ?CompleteWithResult@NodejsFuncInvokeContext@@$$FQ$AAMXV?$Local@VValue@v8@@@v8@@@Z 100049a4 f   nodejsfuncinvokecontext.obj
 0001:00003a18       ?SetUndefined@?$ReturnValue@VValue@v8@@@Nan@@$$FQAEXXZ 10004a18 f i nodejsfuncinvokecontext.obj
 0001:00003a30       ?v8FuncCallback@@$$FYAXABV?$FunctionCallbackInfo@VValue@v8@@@Nan@@@Z 10004a30 f   nodejsfuncinvokecontext.obj
 0001:00003bbc       ?v8FuncCallback@@YAXABV?$FunctionCallbackInfo@VValue@v8@@@Nan@@@Z 10004bbc f   nodejsfuncinvokecontext.obj
 0001:00003bc4       ?<Finalizer>@NodejsFuncInvokeContext@@$$FA$AAMXXZ 10004bc4 f   nodejsfuncinvokecontext.obj
 0001:00003c10       ??1NodejsFuncInvokeContext@@$$FA$AAM@XZ 10004c10 f   nodejsfuncinvokecontext.obj
 0001:00003c24       ?CallFuncOnV8Thread@NodejsFuncInvokeContext@@$$FQ$AAMXXZ 10004c24 f   nodejsfuncinvokecontext.obj
 0001:00003f44       ??0PersistentDisposeContext@@$$FQ$AAM@PAV?$Persistent@VValue@v8@@V?$NonCopyablePersistentTraits@VValue@v8@@@2@@Nan@@@Z 10004f44 f   persistentdisposecontext.obj
 0001:00003f80       ??_G?$Persistent@VValue@v8@@V?$NonCopyablePersistentTraits@VValue@v8@@@2@@Nan@@$$FQAEPAXI@Z 10004f80 f i persistentdisposecontext.obj
 0001:00003f9c       ?CallDisposeOnV8Thread@PersistentDisposeContext@@$$FQ$AAMXXZ 10004f9c f   persistentdisposecontext.obj
 0001:00003ff0       ?Create@ClrFuncReflectionWrap@@$$FSMP$AAV1@P$AAVAssembly@Reflection@System@@P$AAVString@4@1@Z 10004ff0 f   clrfuncreflectionwrap.obj
 0001:00004054       ?Call@ClrFuncReflectionWrap@@$$FQ$AAMP$AAV?$Task@P$AAVObject@System@@@Tasks@Threading@System@@P$AAVObject@5@@Z 10005054 f   clrfuncreflectionwrap.obj
 0001:00004084       ?ActionCallback@clrActionContext@@$$FSAXPAX@Z 10005084 f   clractioncontext.obj
 0001:000040b0       ?ActionCallback@clrActionContext@@SAXPAX@Z 100050b0 f   clractioncontext.obj
 0001:000040b8       ?ExecuteAction@V8SynchronizationContext@@$$FSAXPAUuv_edge_async_s@@@Z 100050b8 f   v8synchronizationcontext.obj
 0001:000040ec       ?close_uv_edge_async_cb@@$$FYAXPAUuv_handle_s@@@Z 100050ec f   v8synchronizationcontext.obj
 0001:000040ff       ?close_uv_edge_async_cb@@YAXPAUuv_handle_s@@@Z 100050ff f   v8synchronizationcontext.obj
 0001:00004108       ?CancelAction@V8SynchronizationContext@@$$FSAXPAUuv_edge_async_s@@@Z 10005108 f   v8synchronizationcontext.obj
 0001:0000415c       ?continueOnV8Thread@@$$FYAXPAUuv_async_s@@H@Z 1000515c f   v8synchronizationcontext.obj
 0001:000041e0       ?continueOnV8Thread@@YAXPAUuv_async_s@@H@Z 100051e0 f   v8synchronizationcontext.obj
 0001:000041e8       ?Initialize@V8SynchronizationContext@@$$FSAXXZ 100051e8 f   v8synchronizationcontext.obj
 0001:00004288       ?Initialize@V8SynchronizationContext@@SAXXZ 10005288 f   v8synchronizationcontext.obj
 0001:00004290       ?RegisterAction@V8SynchronizationContext@@$$FSAPAUuv_edge_async_s@@P6AXPAX@Z0@Z 10005290 f   v8synchronizationcontext.obj
 0001:00004354       ?NoOpFunction@?A0x494d8d28@@$$FYAXABV?$FunctionCallbackInfo@VValue@v8@@@Nan@@@Z 10005354 f   callbackhelper.obj
 0001:00004364       ?New@?$Factory@VFunction@v8@@@imp@Nan@@$$FSA?AV?$Local@VFunction@v8@@@v8@@P6AXABV?$FunctionCallbackInfo@VValue@v8@@@3@@ZV?$Local@VValue@v8@@@5@@Z 10005364 f i callbackhelper.obj
 0001:00004460       ?Initialize@CallbackHelper@@$$FSAXXZ 10005460 f   callbackhelper.obj
 0001:000044f8       ?Initialize@CallbackHelper@@SAXXZ 100054f8 f   callbackhelper.obj
 0001:00004500       ?KickNextTick@CallbackHelper@@$$FSAXXZ 10005500 f   callbackhelper.obj
 0001:0000455c       ?NoOpFunction@?A0x494d8d28@@YAXABV?$FunctionCallbackInfo@VValue@v8@@@Nan@@@Z 1000555c f   callbackhelper.obj
 0001:00004562       ?FunctionCallbackWrapper@?A0x494d8d28@imp@Nan@@YAXABV?$FunctionCallbackInfo@VValue@v8@@@v8@@@Z 10005562 f   callbackhelper.obj
 0001:00004568       ?GetEnvironmentVariable@@$$J0YAKPBDPADK@Z 10005568 f i edge.obj
 0001:00004580       ?initializeClrFunc@@$$FYAXABV?$FunctionCallbackInfo@VValue@v8@@@Nan@@@Z 10005580 f   edge.obj
 0001:00004593       ?initializeClrFunc@@YAXABV?$FunctionCallbackInfo@VValue@v8@@@Nan@@@Z 10005593 f   edge.obj
 0001:000045a0       __register_edge_nativeclr@0xd48e1703 100055a0 f   edge.obj
 0001:000045ac       ?Set@Nan@@$$FYA?AV?$Maybe@_N@v8@@V?$Local@VObject@v8@@@3@V?$Local@VValue@v8@@@3@1@Z 100055ac f i edge.obj
 0001:00004620       ?init@@YAXV?$Local@VObject@v8@@@v8@@@Z 10005620 f   edge.obj
 0001:0000471d       _GetEnvironmentVariable    1000571d f i edge.obj
 0001:0000471d       __t2m@_GetEnvironmentVariable 1000571d f i edge.obj
 0001:00004723       __t2m@?Set@Nan@@YA?AV?$Maybe@_N@v8@@V?$Local@VObject@v8@@@3@V?$Local@VValue@v8@@@3@1@Z 10005723 f i edge.obj
 0001:00004723       ?Set@Nan@@YA?AV?$Maybe@_N@v8@@V?$Local@VObject@v8@@@3@V?$Local@VValue@v8@@@3@1@Z 10005723 f i edge.obj
 0001:00004729       ?GetFunction@FunctionTemplate@v8@@$$FQAE?AV?$Local@VFunction@v8@@@2@XZ 10005729 f   nw:nw.dll
 0001:00004729       ?GetFunction@FunctionTemplate@v8@@QAE?AV?$Local@VFunction@v8@@@2@XZ 10005729 f   nw:nw.dll
 0001:0000472f       _node_module_register      1000572f f   node:node.dll
 0001:00004735       ??_Gtype_info@@UAEPAXI@Z   10005735 f i MSVCRT:std_type_info_static.obj
 0001:00004735       ??_Etype_info@@UAEPAXI@Z   10005735 f i MSVCRT:std_type_info_static.obj
 0001:00004758       @__security_check_cookie@4 10005758 f   MSVCRT:_secchk_.obj
 0001:00004a89       __DllMainCRTStartup@12     10005a89 f   MSVCRT:dll_dllmain.obj
 0001:00004aac       ??3@YAXPAXI@Z              10005aac f   MSVCRT:delete_scalar_size.obj
 0001:00004aac       ??3@$$FYAXPAXI@Z           10005aac f   MSVCRT:delete_scalar_size.obj
 0001:00004aba       ___raise_securityfailure   10005aba f   MSVCRT:gs_report.obj
 0001:00004ae2       ___report_gsfailure        10005ae2 f   MSVCRT:gs_report.obj
 0001:00004c28       ___security_init_cookie    10005c28 f   MSVCRT:gs_support.obj
 0001:00004c28       ?__security_init_cookie@@$$J0YAXXZ 10005c28 f   MSVCRT:gs_support.obj
 0001:00004c73       _DllMain@12                10005c73 f   MSVCRT:dll_dllmain_stub.obj
 0001:00004c95       ?__scrt_initialize_type_info@@YAXXZ 10005c95 f   MSVCRT:tncleanup.obj
 0001:00004ca1       ?__scrt_uninitialize_type_info@@YAXXZ 10005ca1 f   MSVCRT:tncleanup.obj
 0001:00004cad       ___local_stdio_scanf_options 10005cad f i MSVCRT:default_local_stdio_options.obj
 0001:00004cb3       ___scrt_initialize_default_local_stdio_options 10005cb3 f   MSVCRT:default_local_stdio_options.obj
 0001:00004d14       ___scrt_acquire_startup_lock 10005d14 f   MSVCRT:utility.obj
 0001:00004d46       ___scrt_dllmain_after_initialize_c 10005d46 f   MSVCRT:utility.obj
 0001:00004d71       ___scrt_dllmain_before_initialize_c 10005d71 f   MSVCRT:utility.obj
 0001:00004d7f       ___scrt_dllmain_crt_thread_attach 10005d7f f   MSVCRT:utility.obj
 0001:00004d9e       ___scrt_dllmain_crt_thread_detach 10005d9e f   MSVCRT:utility.obj
 0001:00004dab       ___scrt_dllmain_exception_filter 10005dab f   MSVCRT:utility.obj
 0001:00004ddf       ___scrt_dllmain_uninitialize_c 10005ddf f   MSVCRT:utility.obj
 0001:00004e02       ___scrt_dllmain_uninitialize_critical 10005e02 f   MSVCRT:utility.obj
 0001:00004e0f       ___scrt_initialize_crt     10005e0f f   MSVCRT:utility.obj
 0001:00004e48       ___scrt_initialize_onexit_tables 10005e48 f   MSVCRT:utility.obj
 0001:00004eed       ___scrt_is_nonwritable_in_current_image 10005eed f   MSVCRT:utility.obj
 0001:00004f81       ___scrt_release_startup_lock 10005f81 f   MSVCRT:utility.obj
 0001:00004f9e       ___scrt_uninitialize_crt   10005f9e f   MSVCRT:utility.obj
 0001:00004fc6       ___scrt_get_dyn_tls_init_callback 10005fc6 f   MSVCRT:dyn_tls_init.obj
 0001:00004fcc       ___scrt_fastfail           10005fcc f   MSVCRT:utility_desktop.obj
 0001:000050e6       __crt_debugger_hook        100060e6 f   MSVCRT:utility_desktop.obj
 0001:000050ee       __RTC_Initialize           100060ee f   MSVCRT:_initsect_.obj
 0001:0000511a       __RTC_Terminate            1000611a f   MSVCRT:_initsect_.obj
 0001:00005150       __SEH_prolog4              10006150 f   MSVCRT:_sehprolg4_.obj
 0001:00005196       __SEH_epilog4              10006196 f   MSVCRT:_sehprolg4_.obj
 0001:000051ab       __except_handler4          100061ab f   MSVCRT:_chandler4gs_.obj
 0001:000051ce       @_guard_check_icall_nop@4  100061ce f i MSVCRT:guard_support.obj
 0001:000051cf       ??3@$$FYAXPAX@Z            100061cf f   MSVCRT:delete_scalar.obj
 0001:000051cf       ??3@YAXPAX@Z               100061cf f   MSVCRT:delete_scalar.obj
 0001:000051d4       ___isa_available_init      100061d4 f   MSVCRT:_cpu_disp_.obj
 0001:0000536b       __get_startup_argv_mode    1000636b f   MSVCRT:argv_mode.obj
 0001:0000536f       ___scrt_is_ucrt_dll_in_use 1000636f f   MSVCRT:ucrt_detection.obj
 0001:0000537c       ?___CxxCallUnwindDtor@@$$J0YMXP6MXPAX@Z0@Z 1000637c f   MSVCMRT:managdeh.obj
 0001:000053c0       ??0ModuleLoadException@<CrtImplementationDetails>@@$$FQ$AAM@P$AAVString@System@@@Z 100063c0 f i MSVCMRT:mstartup.obj
 0001:000053d4       ??0ModuleLoadException@<CrtImplementationDetails>@@$$FQ$AAM@P$AAVString@System@@P$AAVException@3@@Z 100063d4 f i MSVCMRT:mstartup.obj
 0001:000053ec       ??0ModuleLoadException@<CrtImplementationDetails>@@$$FI$AAM@P$AAVSerializationInfo@Serialization@Runtime@System@@VStreamingContext@345@@Z 100063ec f i MSVCMRT:mstartup.obj
 0001:00005404       ?get@NestedException@ModuleLoadExceptionHandlerException@<CrtImplementationDetails>@@$$FQ$AAMP$AAVException@System@@XZ 10006404 f i MSVCMRT:mstartup.obj
 0001:00005418       ?set@NestedException@ModuleLoadExceptionHandlerException@<CrtImplementationDetails>@@$$FQ$AAMXP$AAVException@System@@@Z 10006418 f i MSVCMRT:mstartup.obj
 0001:0000542c       ?ToString@ModuleLoadExceptionHandlerException@<CrtImplementationDetails>@@$$FU$AAMP$AAVString@System@@XZ 1000642c f i MSVCMRT:mstartup.obj
 0001:000054d0       ?GetObjectData@ModuleLoadExceptionHandlerException@<CrtImplementationDetails>@@$$FU$AAMXP$AAVSerializationInfo@Serialization@Runtime@System@@VStreamingContext@456@@Z 100064d0 f i MSVCMRT:mstartup.obj
 0001:00005500       ??0ModuleLoadExceptionHandlerException@<CrtImplementationDetails>@@$$FI$AAM@P$AAVSerializationInfo@Serialization@Runtime@System@@VStreamingContext@345@@Z 10006500 f i MSVCMRT:mstartup.obj
 0001:00005538       ?ThrowModuleLoadException@<CrtImplementationDetails>@@$$FYMXP$AAVString@System@@@Z 10006538 f i MSVCMRT:mstartup.obj
 0001:0000554c       ?ThrowModuleLoadException@<CrtImplementationDetails>@@$$FYMXP$AAVString@System@@P$AAVException@3@@Z 1000654c f i MSVCMRT:mstartup.obj
 0001:00005564       ?AddHandler@ModuleUninitializer@<CrtImplementationDetails>@@$$FQ$AAMXP$AAVEventHandler@System@@@Z 10006564 f i MSVCMRT:mstartup.obj
 0001:000055c4       ?SingletonDomainUnload@ModuleUninitializer@<CrtImplementationDetails>@@$$FA$AAMXP$AAVObject@System@@P$AAVEventArgs@4@@Z 100065c4 f i MSVCMRT:mstartup.obj
 0001:00005668       ?RegisterModuleUninitializer@<CrtImplementationDetails>@@$$FYMXP$AAVEventHandler@System@@@Z 10006668 f i MSVCMRT:mstartup.obj
 0001:00005680       ?FromGUID@<CrtImplementationDetails>@@$$FYM?AVGuid@System@@ABU_GUID@@@Z 10006680 f i MSVCMRT:mstartup.obj
 0001:000056c8       ?__get_default_appdomain@@$$FYAJPAPAUIUnknown@@@Z 100066c8 f i MSVCMRT:mstartup.obj
 0001:00005744       ?__release_appdomain@@$$FYAXPAUIUnknown@@@Z 10006744 f i MSVCMRT:mstartup.obj
 0001:00005760       ?GetDefaultDomain@<CrtImplementationDetails>@@$$FYMP$AAVAppDomain@System@@XZ 10006760 f i MSVCMRT:mstartup.obj
 0001:000057c0       ?DoCallBackInDefaultDomain@<CrtImplementationDetails>@@$$FYAXP6GJPAX@Z0@Z 100067c0 f i MSVCMRT:mstartup.obj
 0001:00005848       ?__scrt_is_safe_for_managed_code@@$$FYA_NXZ 10006848 f i MSVCMRT:mstartup.obj
 0001:00005870       ?_getFiberPtrId@@YAPAXXZ   10006870 f   MSVCMRT:mstartup.obj
 0001:00005870       ?_getFiberPtrId@@$$FYAPAXXZ 10006870 f   MSVCMRT:mstartup.obj
 0001:0000587c       ?DoNothing@DefaultDomain@<CrtImplementationDetails>@@$$FCGJPAX@Z 1000687c f i MSVCMRT:mstartup.obj
 0001:0000589c       ?HasPerProcess@DefaultDomain@<CrtImplementationDetails>@@$$FSA_NXZ 1000689c f i MSVCMRT:mstartup.obj
 0001:000058f0       ?HasNative@DefaultDomain@<CrtImplementationDetails>@@$$FSA_NXZ 100068f0 f i MSVCMRT:mstartup.obj
 0001:00005970       ?NeedsInitialization@DefaultDomain@<CrtImplementationDetails>@@$$FSA_NXZ 10006970 f i MSVCMRT:mstartup.obj
 0001:000059a8       ?NeedsUninitialization@DefaultDomain@<CrtImplementationDetails>@@$$FSA_NXZ 100069a8 f i MSVCMRT:mstartup.obj
 0001:000059bc       ?Initialize@DefaultDomain@<CrtImplementationDetails>@@$$FSAXXZ 100069bc f i MSVCMRT:mstartup.obj
 0001:000059d4       ?UninitializeAppDomain@LanguageSupport@<CrtImplementationDetails>@@$$FCAXXZ 100069d4 f i MSVCMRT:mstartup.obj
 0001:000059e8       ?_UninitializeDefaultDomain@LanguageSupport@<CrtImplementationDetails>@@$$FCGJPAX@Z 100069e8 f i MSVCMRT:mstartup.obj
 0001:00005a20       ?UninitializeDefaultDomain@LanguageSupport@<CrtImplementationDetails>@@$$FCAXXZ 10006a20 f i MSVCMRT:mstartup.obj
 0001:00005a54       ?DomainUnload@LanguageSupport@<CrtImplementationDetails>@@$$FCMXP$AAVObject@System@@P$AAVEventArgs@4@@Z 10006a54 f i MSVCMRT:mstartup.obj
 0001:00005a90       ??0ModuleLoadExceptionHandlerException@<CrtImplementationDetails>@@$$FQ$AAM@P$AAVString@System@@P$AAVException@3@1@Z 10006a90 f i MSVCMRT:mstartup.obj
 0001:00005aac       ?ThrowNestedModuleLoadException@<CrtImplementationDetails>@@$$FYMXP$AAVException@System@@0@Z 10006aac f i MSVCMRT:mstartup.obj
 0001:00005ac8       ??0ModuleUninitializer@<CrtImplementationDetails>@@$$FA$AAM@XZ 10006ac8 f i MSVCMRT:mstartup.obj
 0001:00005b00       ?InitializeVtables@LanguageSupport@<CrtImplementationDetails>@@$$FAAEXXZ 10006b00 f i MSVCMRT:mstartup.obj
 0001:00005b34       ?InitializeDefaultAppDomain@LanguageSupport@<CrtImplementationDetails>@@$$FAAEXXZ 10006b34 f i MSVCMRT:mstartup.obj
 0001:00005b54       ?InitializeNative@LanguageSupport@<CrtImplementationDetails>@@$$FAAEXXZ 10006b54 f i MSVCMRT:mstartup.obj
 0001:00005be4       ?InitializePerProcess@LanguageSupport@<CrtImplementationDetails>@@$$FAAEXXZ 10006be4 f i MSVCMRT:mstartup.obj
 0001:00005c24       ?InitializePerAppDomain@LanguageSupport@<CrtImplementationDetails>@@$$FAAEXXZ 10006c24 f i MSVCMRT:mstartup.obj
 0001:00005c60       ?InitializeUninitializer@LanguageSupport@<CrtImplementationDetails>@@$$FAAEXXZ 10006c60 f i MSVCMRT:mstartup.obj
 0001:00005c8c       ?_Initialize@LanguageSupport@<CrtImplementationDetails>@@$$FAAEXXZ 10006c8c f i MSVCMRT:mstartup.obj
 0001:00005db0       ?Cleanup@LanguageSupport@<CrtImplementationDetails>@@$$FAAMXP$AAVException@System@@@Z 10006db0 f i MSVCMRT:mstartup.obj
 0001:00005e24       ??0LanguageSupport@<CrtImplementationDetails>@@$$FQAE@XZ 10006e24 f i MSVCMRT:mstartup.obj
 0001:00005e3c       ??1LanguageSupport@<CrtImplementationDetails>@@$$FQAE@XZ 10006e3c f i MSVCMRT:mstartup.obj
 0001:00005e50       ?Initialize@LanguageSupport@<CrtImplementationDetails>@@$$FQAEXXZ 10006e50 f i MSVCMRT:mstartup.obj
 0001:00005f0c       ?.cctor@@$$FYMXXZ          10006f0c f   MSVCMRT:mstartup.obj
 0001:00005f5c       ?.cctor@ModuleUninitializer@<CrtImplementationDetails>@@$$FCMXXZ 10006f5c f i MSVCMRT:mstartup.obj
 0001:00005f7d       ?DoNothing@DefaultDomain@<CrtImplementationDetails>@@CGJPAX@Z 10006f7d f i MSVCMRT:mstartup.obj
 0001:00005f7d       __t2m@?DoNothing@DefaultDomain@<CrtImplementationDetails>@@CGJPAX@Z 10006f7d f i MSVCMRT:mstartup.obj
 0001:00005f83       ?_UninitializeDefaultDomain@LanguageSupport@<CrtImplementationDetails>@@CGJPAX@Z 10006f83 f i MSVCMRT:mstartup.obj
 0001:00005f83       __t2m@?_UninitializeDefaultDomain@LanguageSupport@<CrtImplementationDetails>@@CGJPAX@Z 10006f83 f i MSVCMRT:mstartup.obj
 0001:00005f8c       ?_handle@AtExitLock@<CrtImplementationDetails>@@$$FCMP$AA__ZVGCHandle@InteropServices@Runtime@System@@XZ 10006f8c f i MSVCMRT:msilexit.obj
 0001:00005fbc       ?_lock_Set@AtExitLock@<CrtImplementationDetails>@@$$FCMXP$AAVObject@System@@@Z 10006fbc f i MSVCMRT:msilexit.obj
 0001:0000600c       ?_lock_Get@AtExitLock@<CrtImplementationDetails>@@$$FCMP$AAVObject@System@@XZ 1000700c f i MSVCMRT:msilexit.obj
 0001:00006030       ?_lock_Destruct@AtExitLock@<CrtImplementationDetails>@@$$FCAXXZ 10007030 f i MSVCMRT:msilexit.obj
 0001:00006058       ?IsInitialized@AtExitLock@<CrtImplementationDetails>@@$$FSA_NXZ 10007058 f i MSVCMRT:msilexit.obj
 0001:00006074       ?RemoveRef@AtExitLock@<CrtImplementationDetails>@@$$FSAXXZ 10007074 f i MSVCMRT:msilexit.obj
 0001:0000609c       ?Enter@AtExitLock@<CrtImplementationDetails>@@$$FSAXXZ 1000709c f i MSVCMRT:msilexit.obj
 0001:000060b4       ?Exit@AtExitLock@<CrtImplementationDetails>@@$$FSAXXZ 100070b4 f i MSVCMRT:msilexit.obj
 0001:000060cc       ?__global_lock@?A0x21a775cb@@$$FYA_NXZ 100070cc f   MSVCMRT:msilexit.obj
 0001:000060ec       ?__global_unlock@?A0x21a775cb@@$$FYA_NXZ 100070ec f   MSVCMRT:msilexit.obj
 0001:0000610c       ?__dealloc_global_lock@?A0x21a775cb@@$$FYAXXZ 1000710c f   MSVCMRT:msilexit.obj
 0001:00006120       ?_atexit_helper@@$$J0YMHP6MXXZPAIPAPAP6MXXZ2@Z 10007120 f   MSVCMRT:msilexit.obj
 0001:0000629c       ?_exit_callback@@$$J0YMXXZ 1000729c f   MSVCMRT:msilexit.obj
 0001:00006340       ?_atexit_m@@$$J0YMHP6MXXZ@Z 10007340 f   MSVCMRT:msilexit.obj
 0001:00006368       ?_app_exit_callback@@$$J0YMXXZ 10007368 f   MSVCMRT:msilexit.obj
 0001:00006440       ?_lock_Construct@AtExitLock@<CrtImplementationDetails>@@$$FCMXP$AAVObject@System@@@Z 10007440 f i MSVCMRT:msilexit.obj
 0001:0000645c       ?AddRef@AtExitLock@<CrtImplementationDetails>@@$$FSAXXZ 1000745c f i MSVCMRT:msilexit.obj
 0001:0000648c       ?__alloc_global_lock@?A0x21a775cb@@$$FYA_NXZ 1000748c f   MSVCMRT:msilexit.obj
 0001:000064a4       ?_initatexit_m@@$$J0YMHXZ  100074a4 f   MSVCMRT:msilexit.obj
 0001:000064ec       ?_initatexit_app_domain@@$$J0YMHXZ 100074ec f   MSVCMRT:msilexit.obj
 0001:00006530       ?_initterm_e@@$$FYMHPAP6AHXZ0@Z 10007530 f   MSVCMRT:pureMSILcode.obj
 0001:00006560       ?_initterm@@$$FYMXPAP6AXXZ0@Z 10007560 f   MSVCMRT:pureMSILcode.obj
 0001:00006588       ?Handle@ThisModule@<CrtImplementationDetails>@@$$FCM?AVModuleHandle@System@@XZ 10007588 f i MSVCMRT:pureMSILcode.obj
 0001:000065ac       ??$ResolveMethod@$$A6MPBXXZ@ThisModule@<CrtImplementationDetails>@@$$FSMP6MPBXXZP6MPBXXZ@Z 100075ac f i MSVCMRT:pureMSILcode.obj
 0001:000065d8       ?_initterm_m@@$$FYMXPBQ6MPBXXZ0@Z 100075d8 f   MSVCMRT:pureMSILcode.obj
 0001:00006604       ___std_type_info_destroy_list 10007604 f   vcruntime:VCRUNTIME140.dll
 0001:0000660a       _memset                    1000760a f   vcruntime:VCRUNTIME140.dll
 0001:00006610       __except_handler4_common   10007610 f   vcruntime:VCRUNTIME140.dll
 0001:00006616       ___acrt_iob_func           10007616 f   ucrt:api-ms-win-crt-stdio-l1-1-0.dll
 0001:0000661c       ___stdio_common_vfprintf   1000761c f   ucrt:api-ms-win-crt-stdio-l1-1-0.dll
 0001:00006622       __initterm                 10007622 f   ucrt:api-ms-win-crt-runtime-l1-1-0.dll
 0001:00006628       __initterm_e               10007628 f   ucrt:api-ms-win-crt-runtime-l1-1-0.dll
 0001:0000662e       __seh_filter_dll           1000762e f   ucrt:api-ms-win-crt-runtime-l1-1-0.dll
 0001:00006634       __configure_narrow_argv    10007634 f   ucrt:api-ms-win-crt-runtime-l1-1-0.dll
 0001:0000663a       __initialize_narrow_environment 1000763a f   ucrt:api-ms-win-crt-runtime-l1-1-0.dll
 0001:00006640       __initialize_onexit_table  10007640 f   ucrt:api-ms-win-crt-runtime-l1-1-0.dll
 0001:00006646       __execute_onexit_table     10007646 f   ucrt:api-ms-win-crt-runtime-l1-1-0.dll
 0001:0000664c       __cexit                    1000764c f   ucrt:api-ms-win-crt-runtime-l1-1-0.dll
 0001:0000664c       ?_cexit@@$$J0YAXXZ         1000764c f   ucrt:api-ms-win-crt-runtime-l1-1-0.dll
 0001:00006652       _free                      10007652 f   ucrt:api-ms-win-crt-heap-l1-1-0.dll
 0001:00006658       _IsProcessorFeaturePresent@4 10007658 f   kernel32:KERNEL32.dll
 0001:0000665e       ?GetCurrentThreadId@@$$J10YGKXZ 1000765e f   kernel32:KERNEL32.dll
 0001:0000665e       _GetCurrentThreadId@0      1000765e f   kernel32:KERNEL32.dll
 0001:00006664       ___vcrt_thread_attach      10007664 f   MSVCRT:ucrt_stubs.obj
 0001:00006664       ___scrt_stub_for_acrt_thread_attach 10007664 f   MSVCRT:ucrt_stubs.obj
 0001:00006664       ___acrt_thread_detach      10007664 f   MSVCRT:ucrt_stubs.obj
 0001:00006664       ___scrt_stub_for_acrt_uninitialize 10007664 f   MSVCRT:ucrt_stubs.obj
 0001:00006664       ___vcrt_thread_detach      10007664 f   MSVCRT:ucrt_stubs.obj
 0001:00006664       ___acrt_initialize         10007664 f   MSVCRT:ucrt_stubs.obj
 0001:00006664       ___acrt_uninitialize_critical 10007664 f   MSVCRT:ucrt_stubs.obj
 0001:00006664       ___scrt_stub_for_acrt_uninitialize_critical 10007664 f   MSVCRT:ucrt_stubs.obj
 0001:00006664       ___acrt_thread_attach      10007664 f   MSVCRT:ucrt_stubs.obj
 0001:00006664       ___vcrt_initialize         10007664 f   MSVCRT:ucrt_stubs.obj
 0001:00006664       ___scrt_stub_for_acrt_initialize 10007664 f   MSVCRT:ucrt_stubs.obj
 0001:00006664       ___vcrt_uninitialize_critical 10007664 f   MSVCRT:ucrt_stubs.obj
 0001:00006664       ___acrt_uninitialize       10007664 f   MSVCRT:ucrt_stubs.obj
 0001:00006664       ___vcrt_uninitialize       10007664 f   MSVCRT:ucrt_stubs.obj
 0001:00006664       ___scrt_stub_for_acrt_thread_detach 10007664 f   MSVCRT:ucrt_stubs.obj
 0001:00006667       ___scrt_stub_for_is_c_termination_complete 10007667 f   MSVCRT:ucrt_stubs.obj
 0001:00006667       __is_c_termination_complete 10007667 f   MSVCRT:ucrt_stubs.obj
 0001:0000666a       _GetEnvironmentVariableA@12 1000766a f   kernel32:KERNEL32.dll
 0001:0000666a       ?GetEnvironmentVariableA@@$$J212YGKPBDPADK@Z 1000766a f   kernel32:KERNEL32.dll
 0001:00006670       ?Sleep@@$$J14YGXK@Z        10007670 f   kernel32:KERNEL32.dll
 0001:00006670       _Sleep@4                   10007670 f   kernel32:KERNEL32.dll
 0001:00006676       ?GetCurrent@Isolate@v8@@$$FSAPAV12@XZ 10007676 f   nw:nw.dll
 0001:00006676       ?GetCurrent@Isolate@v8@@SAPAV12@XZ 10007676 f   nw:nw.dll
 0001:0000667c       ?NewFromUtf8@String@v8@@$$FSA?AV?$MaybeLocal@VString@v8@@@2@PAVIsolate@2@PBDW4NewStringType@2@H@Z 1000767c f   nw:nw.dll
 0001:0000667c       ?NewFromUtf8@String@v8@@SA?AV?$MaybeLocal@VString@v8@@@2@PAVIsolate@2@PBDW4NewStringType@2@H@Z 1000767c f   nw:nw.dll
 0001:00006682       ??0HandleScope@v8@@QAE@PAVIsolate@1@@Z 10007682 f   nw:nw.dll
 0001:00006682       ??0HandleScope@v8@@$$FQAE@PAVIsolate@1@@Z 10007682 f   nw:nw.dll
 0001:00006688       ??0EscapableHandleScope@v8@@QAE@PAVIsolate@1@@Z 10007688 f   nw:nw.dll
 0001:00006688       ??0EscapableHandleScope@v8@@$$FQAE@PAVIsolate@1@@Z 10007688 f   nw:nw.dll
 0001:0000668e       ??1HandleScope@v8@@$$FQAE@XZ 1000768e f   nw:nw.dll
 0001:0000668e       ??1HandleScope@v8@@QAE@XZ  1000768e f   nw:nw.dll
 0001:00006694       ??DUtf8Value@String@v8@@QAEPADXZ 10007694 f   nw:nw.dll
 0001:00006694       ??DUtf8Value@String@v8@@$$FQAEPADXZ 10007694 f   nw:nw.dll
 0001:0000669a       ?length@Utf8Value@String@v8@@$$FQBEHXZ 1000769a f   nw:nw.dll
 0001:0000669a       ?length@Utf8Value@String@v8@@QBEHXZ 1000769a f   nw:nw.dll
 0001:000066a0       ?ToLocalEmpty@V8@v8@@CAXXZ 100076a0 f   nw:nw.dll
 0001:000066a0       ?ToLocalEmpty@V8@v8@@$$FCAXXZ 100076a0 f   nw:nw.dll
 0001:000066a6       ?Escape@EscapableHandleScope@v8@@$$FAAEPAPAVObject@internal@2@PAPAV342@@Z 100076a6 f   nw:nw.dll
 0001:000066a6       ?Escape@EscapableHandleScope@v8@@AAEPAPAVObject@internal@2@PAPAV342@@Z 100076a6 f   nw:nw.dll
 0001:000066ac       ??0Utf8Value@String@v8@@$$FQAE@V?$Local@VValue@v8@@@2@@Z 100076ac f   nw:nw.dll
 0001:000066ac       ??0Utf8Value@String@v8@@QAE@V?$Local@VValue@v8@@@2@@Z 100076ac f   nw:nw.dll
 0001:000066b2       ??1Utf8Value@String@v8@@$$FQAE@XZ 100076b2 f   nw:nw.dll
 0001:000066b2       ??1Utf8Value@String@v8@@QAE@XZ 100076b2 f   nw:nw.dll
 0001:000066b8       ?IsObject@Value@v8@@QBE_NXZ 100076b8 f   nw:nw.dll
 0001:000066b8       ?IsObject@Value@v8@@$$FQBE_NXZ 100076b8 f   nw:nw.dll
 0001:000066be       ?ToObject@Value@v8@@QBE?AV?$Local@VObject@v8@@@2@XZ 100076be f   nw:nw.dll
 0001:000066be       ?ToObject@Value@v8@@$$FQBE?AV?$Local@VObject@v8@@@2@XZ 100076be f   nw:nw.dll
 0001:000066c4       ?Get@Object@v8@@$$FQAE?AV?$Local@VValue@v8@@@2@V32@@Z 100076c4 f   nw:nw.dll
 0001:000066c4       ?Get@Object@v8@@QAE?AV?$Local@VValue@v8@@@2@V32@@Z 100076c4 f   nw:nw.dll
 0001:000066ca       ?ToString@Value@v8@@QBE?AV?$Local@VString@v8@@@2@XZ 100076ca f   nw:nw.dll
 0001:000066ca       ?ToString@Value@v8@@$$FQBE?AV?$Local@VString@v8@@@2@XZ 100076ca f   nw:nw.dll
 0001:000066d0       ?New@Array@v8@@$$FSA?AV?$Local@VArray@v8@@@2@PAVIsolate@2@H@Z 100076d0 f   nw:nw.dll
 0001:000066d0       ?New@Array@v8@@SA?AV?$Local@VArray@v8@@@2@PAVIsolate@2@H@Z 100076d0 f   nw:nw.dll
 0001:000066d6       ?New@External@v8@@$$FSA?AV?$Local@VExternal@v8@@@2@PAVIsolate@2@PAX@Z 100076d6 f   nw:nw.dll
 0001:000066d6       ?New@External@v8@@SA?AV?$Local@VExternal@v8@@@2@PAVIsolate@2@PAX@Z 100076d6 f   nw:nw.dll
 0001:000066dc       ?New@Number@v8@@SA?AV?$Local@VNumber@v8@@@2@PAVIsolate@2@N@Z 100076dc f   nw:nw.dll
 0001:000066dc       ?New@Number@v8@@$$FSA?AV?$Local@VNumber@v8@@@2@PAVIsolate@2@N@Z 100076dc f   nw:nw.dll
 0001:000066e2       ?New@Object@v8@@SA?AV?$Local@VObject@v8@@@2@PAVIsolate@2@@Z 100076e2 f   nw:nw.dll
 0001:000066e2       ?New@Object@v8@@$$FSA?AV?$Local@VObject@v8@@@2@PAVIsolate@2@@Z 100076e2 f   nw:nw.dll
 0001:000066e8       ?GetCurrentContext@Isolate@v8@@$$FQAE?AV?$Local@VContext@v8@@@2@XZ 100076e8 f   nw:nw.dll
 0001:000066e8       ?GetCurrentContext@Isolate@v8@@QAE?AV?$Local@VContext@v8@@@2@XZ 100076e8 f   nw:nw.dll
 0001:000066ee       ?ThrowException@Isolate@v8@@QAE?AV?$Local@VValue@v8@@@2@V32@@Z 100076ee f   nw:nw.dll
 0001:000066ee       ?ThrowException@Isolate@v8@@$$FQAE?AV?$Local@VValue@v8@@@2@V32@@Z 100076ee f   nw:nw.dll
 0001:000066f4       ?DisposeGlobal@V8@v8@@CAXPAPAVObject@internal@2@@Z 100076f4 f   nw:nw.dll
 0001:000066f4       ?DisposeGlobal@V8@v8@@$$FCAXPAPAVObject@internal@2@@Z 100076f4 f   nw:nw.dll
 0001:000066fa       ?CreateHandle@HandleScope@v8@@KAPAPAVObject@internal@2@PAVIsolate@42@PAV342@@Z 100076fa f   nw:nw.dll
 0001:000066fa       ?CreateHandle@HandleScope@v8@@$$FKAPAPAVObject@internal@2@PAVIsolate@42@PAV342@@Z 100076fa f   nw:nw.dll
 0001:00006700       ?MakeWeak@V8@v8@@$$FCAXPAPAVObject@internal@2@PAXP6AXABV?$WeakCallbackInfo@X@2@@ZW4WeakCallbackType@2@@Z 10007700 f   nw:nw.dll
 0001:00006700       ?MakeWeak@V8@v8@@CAXPAPAVObject@internal@2@PAXP6AXABV?$WeakCallbackInfo@X@2@@ZW4WeakCallbackType@2@@Z 10007700 f   nw:nw.dll
 0001:00006706       ?GlobalizeReference@V8@v8@@$$FCAPAPAVObject@internal@2@PAVIsolate@42@PAPAV342@@Z 10007706 f   nw:nw.dll
 0001:00006706       ?GlobalizeReference@V8@v8@@CAPAPAVObject@internal@2@PAVIsolate@42@PAPAV342@@Z 10007706 f   nw:nw.dll
 0001:0000670c       ?NewInstance@ObjectTemplate@v8@@$$FQAE?AV?$MaybeLocal@VObject@v8@@@2@V?$Local@VContext@v8@@@2@@Z 1000770c f   nw:nw.dll
 0001:0000670c       ?NewInstance@ObjectTemplate@v8@@QAE?AV?$MaybeLocal@VObject@v8@@@2@V?$Local@VContext@v8@@@2@@Z 1000770c f   nw:nw.dll
 0001:00006712       ??1EscapableHandleScope@v8@@$$FQAE@XZ 10007712 f   nw:nw.dll
 0001:00006712       ??1EscapableHandleScope@v8@@QAE@XZ 10007712 f   nw:nw.dll
 0001:00006718       ?Call@Function@v8@@$$FQAE?AV?$MaybeLocal@VValue@v8@@@2@V?$Local@VContext@v8@@@2@V?$Local@VValue@v8@@@2@HQAV52@@Z 10007718 f   nw:nw.dll
 0001:00006718       ?Call@Function@v8@@QAE?AV?$MaybeLocal@VValue@v8@@@2@V?$Local@VContext@v8@@@2@V?$Local@VValue@v8@@@2@HQAV52@@Z 10007718 f   nw:nw.dll
 0001:0000671e       ?ToInteger@Value@v8@@QBE?AV?$MaybeLocal@VInteger@v8@@@2@V?$Local@VContext@v8@@@2@@Z 1000771e f   nw:nw.dll
 0001:0000671e       ?ToInteger@Value@v8@@$$FQBE?AV?$MaybeLocal@VInteger@v8@@@2@V?$Local@VContext@v8@@@2@@Z 1000771e f   nw:nw.dll
 0001:00006724       ?IsFunction@Value@v8@@$$FQBE_NXZ 10007724 f   nw:nw.dll
 0001:00006724       ?IsFunction@Value@v8@@QBE_NXZ 10007724 f   nw:nw.dll
 0001:0000672a       ?IsArray@Value@v8@@QBE_NXZ 1000772a f   nw:nw.dll
 0001:0000672a       ?IsArray@Value@v8@@$$FQBE_NXZ 1000772a f   nw:nw.dll
 0001:00006730       ?Length@Array@v8@@QBEIXZ   10007730 f   nw:nw.dll
 0001:00006730       ?Length@Array@v8@@$$FQBEIXZ 10007730 f   nw:nw.dll
 0001:00006736       ?Get@Object@v8@@QAE?AV?$Local@VValue@v8@@@2@I@Z 10007736 f   nw:nw.dll
 0001:00006736       ?Get@Object@v8@@$$FQAE?AV?$Local@VValue@v8@@@2@I@Z 10007736 f   nw:nw.dll
 0001:0000673c       ?IsDate@Value@v8@@QBE_NXZ  1000773c f   nw:nw.dll
 0001:0000673c       ?IsDate@Value@v8@@$$FQBE_NXZ 1000773c f   nw:nw.dll
 0001:00006742       ?NumberValue@Value@v8@@QBENXZ 10007742 f   nw:nw.dll
 0001:00006742       ?NumberValue@Value@v8@@$$FQBENXZ 10007742 f   nw:nw.dll
 0001:00006748       ?GetPropertyNames@Object@v8@@QAE?AV?$Local@VArray@v8@@@2@XZ 10007748 f   nw:nw.dll
 0001:00006748       ?GetPropertyNames@Object@v8@@$$FQAE?AV?$Local@VArray@v8@@@2@XZ 10007748 f   nw:nw.dll
 0001:0000674e       ?IsBoolean@Value@v8@@$$FQBE_NXZ 1000774e f   nw:nw.dll
 0001:0000674e       ?IsBoolean@Value@v8@@QBE_NXZ 1000774e f   nw:nw.dll
 0001:00006754       ?BooleanValue@Value@v8@@QBE_NXZ 10007754 f   nw:nw.dll
 0001:00006754       ?BooleanValue@Value@v8@@$$FQBE_NXZ 10007754 f   nw:nw.dll
 0001:0000675a       ?IsInt32@Value@v8@@$$FQBE_NXZ 1000775a f   nw:nw.dll
 0001:0000675a       ?IsInt32@Value@v8@@QBE_NXZ 1000775a f   nw:nw.dll
 0001:00006760       ?Int32Value@Value@v8@@$$FQBEHXZ 10007760 f   nw:nw.dll
 0001:00006760       ?Int32Value@Value@v8@@QBEHXZ 10007760 f   nw:nw.dll
 0001:00006766       ?IsUint32@Value@v8@@QBE_NXZ 10007766 f   nw:nw.dll
 0001:00006766       ?IsUint32@Value@v8@@$$FQBE_NXZ 10007766 f   nw:nw.dll
 0001:0000676c       ?Uint32Value@Value@v8@@$$FQBEIXZ 1000776c f   nw:nw.dll
 0001:0000676c       ?Uint32Value@Value@v8@@QBEIXZ 1000776c f   nw:nw.dll
 0001:00006772       ?IsNumber@Value@v8@@$$FQBE_NXZ 10007772 f   nw:nw.dll
 0001:00006772       ?IsNumber@Value@v8@@QBE_NXZ 10007772 f   nw:nw.dll
 0001:00006778       ?SlowGetInternalField@Object@v8@@AAE?AV?$Local@VValue@v8@@@2@H@Z 10007778 f   nw:nw.dll
 0001:00006778       ?SlowGetInternalField@Object@v8@@$$FAAE?AV?$Local@VValue@v8@@@2@H@Z 10007778 f   nw:nw.dll
 0001:0000677e       ?CreateHandle@HandleScope@v8@@CAPAPAVObject@internal@2@PAVHeapObject@42@PAV342@@Z 1000777e f   nw:nw.dll
 0001:0000677e       ?CreateHandle@HandleScope@v8@@$$FCAPAPAVObject@internal@2@PAVHeapObject@42@PAV342@@Z 1000777e f   nw:nw.dll
 0001:00006784       ?Value@External@v8@@QBEPAXXZ 10007784 f   nw:nw.dll
 0001:00006784       ?Value@External@v8@@$$FQBEPAXXZ 10007784 f   nw:nw.dll
 0001:0000678a       ?New@Date@v8@@$$FSA?AV?$MaybeLocal@VValue@v8@@@2@V?$Local@VContext@v8@@@2@N@Z 1000778a f   nw:nw.dll
 0001:0000678a       ?New@Date@v8@@SA?AV?$MaybeLocal@VValue@v8@@@2@V?$Local@VContext@v8@@@2@N@Z 1000778a f   nw:nw.dll
 0001:00006790       ?New@ObjectTemplate@v8@@SA?AV?$Local@VObjectTemplate@v8@@@2@PAVIsolate@2@V?$Local@VFunctionTemplate@v8@@@2@@Z 10007790 f   nw:nw.dll
 0001:00006790       ?New@ObjectTemplate@v8@@$$FSA?AV?$Local@VObjectTemplate@v8@@@2@PAVIsolate@2@V?$Local@VFunctionTemplate@v8@@@2@@Z 10007790 f   nw:nw.dll
 0001:00006796       ?SetInternalFieldCount@ObjectTemplate@v8@@$$FQAEXH@Z 10007796 f   nw:nw.dll
 0001:00006796       ?SetInternalFieldCount@ObjectTemplate@v8@@QAEXH@Z 10007796 f   nw:nw.dll
 0001:0000679c       ?SetInternalField@Object@v8@@QAEXHV?$Local@VValue@v8@@@2@@Z 1000779c f   nw:nw.dll
 0001:0000679c       ?SetInternalField@Object@v8@@$$FQAEXHV?$Local@VValue@v8@@@2@@Z 1000779c f   nw:nw.dll
 0001:000067a2       ?New@FunctionTemplate@v8@@SA?AV?$Local@VFunctionTemplate@v8@@@2@PAVIsolate@2@P6AXABV?$FunctionCallbackInfo@VValue@v8@@@2@@ZV?$Local@VValue@v8@@@2@V?$Local@VSignature@v8@@@2@HW4ConstructorBehavior@2@W4SideEffectType@2@@Z 100077a2 f   nw:nw.dll
 0001:000067a2       ?New@FunctionTemplate@v8@@$$FSA?AV?$Local@VFunctionTemplate@v8@@@2@PAVIsolate@2@P6AXABV?$FunctionCallbackInfo@VValue@v8@@@2@@ZV?$Local@VValue@v8@@@2@V?$Local@VSignature@v8@@@2@HW4ConstructorBehavior@2@W4SideEffectType@2@@Z 100077a2 f   nw:nw.dll
 0001:000067a8       ?NewFromUnsigned@Integer@v8@@SA?AV?$Local@VInteger@v8@@@2@PAVIsolate@2@I@Z 100077a8 f   nw:nw.dll
 0001:000067a8       ?NewFromUnsigned@Integer@v8@@$$FSA?AV?$Local@VInteger@v8@@@2@PAVIsolate@2@I@Z 100077a8 f   nw:nw.dll
 0001:000067ae       ?New@Integer@v8@@SA?AV?$Local@VInteger@v8@@@2@PAVIsolate@2@H@Z 100077ae f   nw:nw.dll
 0001:000067ae       ?New@Integer@v8@@$$FSA?AV?$Local@VInteger@v8@@@2@PAVIsolate@2@H@Z 100077ae f   nw:nw.dll
 0001:000067b4       ?InternalFieldCount@Object@v8@@QAEHXZ 100077b4 f   nw:nw.dll
 0001:000067b4       ?InternalFieldCount@Object@v8@@$$FQAEHXZ 100077b4 f   nw:nw.dll
 0001:000067ba       ?SlowGetAlignedPointerFromInternalField@Object@v8@@AAEPAXH@Z 100077ba f   nw:nw.dll
 0001:000067ba       ?SlowGetAlignedPointerFromInternalField@Object@v8@@$$FAAEPAXH@Z 100077ba f   nw:nw.dll
 0001:000067c0       ?SetAlignedPointerInInternalField@Object@v8@@QAEXHPAX@Z 100077c0 f   nw:nw.dll
 0001:000067c0       ?SetAlignedPointerInInternalField@Object@v8@@$$FQAEXHPAX@Z 100077c0 f   nw:nw.dll
 0001:000067c6       ?Compile@Script@v8@@SA?AV?$Local@VScript@v8@@@2@V?$Local@VString@v8@@@2@PAVScriptOrigin@2@@Z 100077c6 f   nw:nw.dll
 0001:000067c6       ?Compile@Script@v8@@$$FSA?AV?$Local@VScript@v8@@@2@V?$Local@VString@v8@@@2@PAVScriptOrigin@2@@Z 100077c6 f   nw:nw.dll
 0001:000067cc       ?Run@Script@v8@@QAE?AV?$Local@VValue@v8@@@2@XZ 100077cc f   nw:nw.dll
 0001:000067cc       ?Run@Script@v8@@$$FQAE?AV?$Local@VValue@v8@@@2@XZ 100077cc f   nw:nw.dll
 0001:000067d2       ?Global@Context@v8@@QAE?AV?$Local@VObject@v8@@@2@XZ 100077d2 f   nw:nw.dll
 0001:000067d2       ?Global@Context@v8@@$$FQAE?AV?$Local@VObject@v8@@@2@XZ 100077d2 f   nw:nw.dll
 0001:000067d8       ?Set@Object@v8@@$$FQAE_NV?$Local@VValue@v8@@@2@0@Z 100077d8 f   nw:nw.dll
 0001:000067d8       ?Set@Object@v8@@QAE_NV?$Local@VValue@v8@@@2@0@Z 100077d8 f   nw:nw.dll
 0001:000067de       ?Set@Object@v8@@$$FQAE_NIV?$Local@VValue@v8@@@2@@Z 100077de f   nw:nw.dll
 0001:000067de       ?Set@Object@v8@@QAE_NIV?$Local@VValue@v8@@@2@@Z 100077de f   nw:nw.dll
 0001:000067e4       ?Error@Exception@v8@@$$FSA?AV?$Local@VValue@v8@@@2@V?$Local@VString@v8@@@2@@Z 100077e4 f   nw:nw.dll
 0001:000067e4       ?Error@Exception@v8@@SA?AV?$Local@VValue@v8@@@2@V?$Local@VString@v8@@@2@@Z 100077e4 f   nw:nw.dll
 0001:000067ea       ?SetPrototype@Object@v8@@$$FQAE?AV?$Maybe@_N@2@V?$Local@VContext@v8@@@2@V?$Local@VValue@v8@@@2@@Z 100077ea f   nw:nw.dll
 0001:000067ea       ?SetPrototype@Object@v8@@QAE?AV?$Maybe@_N@2@V?$Local@VContext@v8@@@2@V?$Local@VValue@v8@@@2@@Z 100077ea f   nw:nw.dll
 0001:000067f0       ??0Value@String@v8@@$$FQAE@V?$Local@VValue@v8@@@2@@Z 100077f0 f   nw:nw.dll
 0001:000067f0       ??0Value@String@v8@@QAE@V?$Local@VValue@v8@@@2@@Z 100077f0 f   nw:nw.dll
 0001:000067f6       ?length@Value@String@v8@@$$FQBEHXZ 100077f6 f   nw:nw.dll
 0001:000067f6       ?length@Value@String@v8@@QBEHXZ 100077f6 f   nw:nw.dll
 0001:000067fc       ??DValue@String@v8@@$$FQAEPAGXZ 100077fc f   nw:nw.dll
 0001:000067fc       ??DValue@String@v8@@QAEPAGXZ 100077fc f   nw:nw.dll
 0001:00006802       ??1Value@String@v8@@$$FQAE@XZ 10007802 f   nw:nw.dll
 0001:00006802       ??1Value@String@v8@@QAE@XZ 10007802 f   nw:nw.dll
 0001:00006808       ??0TryCatch@v8@@QAE@PAVIsolate@1@@Z 10007808 f   nw:nw.dll
 0001:00006808       ??0TryCatch@v8@@$$FQAE@PAVIsolate@1@@Z 10007808 f   nw:nw.dll
 0001:0000680e       ?HasCaught@TryCatch@v8@@$$FQBE_NXZ 1000780e f   nw:nw.dll
 0001:0000680e       ?HasCaught@TryCatch@v8@@QBE_NXZ 1000780e f   nw:nw.dll
 0001:00006814       ??1TryCatch@v8@@$$FQAE@XZ  10007814 f   nw:nw.dll
 0001:00006814       ??1TryCatch@v8@@QAE@XZ     10007814 f   nw:nw.dll
 0001:0000681a       ?Exception@TryCatch@v8@@$$FQBE?AV?$Local@VValue@v8@@@2@XZ 1000781a f   nw:nw.dll
 0001:0000681a       ?Exception@TryCatch@v8@@QBE?AV?$Local@VValue@v8@@@2@XZ 1000781a f   nw:nw.dll
 0001:00006820       ?New@Function@v8@@SA?AV?$Local@VFunction@v8@@@2@PAVIsolate@2@P6AXABV?$FunctionCallbackInfo@VValue@v8@@@2@@ZV?$Local@VValue@v8@@@2@H@Z 10007820 f   nw:nw.dll
 0001:00006820       ?New@Function@v8@@$$FSA?AV?$Local@VFunction@v8@@@2@PAVIsolate@2@P6AXABV?$FunctionCallbackInfo@VValue@v8@@@2@@ZV?$Local@VValue@v8@@@2@H@Z 10007820 f   nw:nw.dll
 0001:00006826       ?Set@Object@v8@@QAE?AV?$Maybe@_N@2@V?$Local@VContext@v8@@@2@V?$Local@VValue@v8@@@2@1@Z 10007826 f   nw:nw.dll
 0001:00006826       ?Set@Object@v8@@$$FQAE?AV?$Maybe@_N@2@V?$Local@VContext@v8@@@2@V?$Local@VValue@v8@@@2@1@Z 10007826 f   nw:nw.dll
 0001:0000682c       ?Copy@Buffer@node@@$$FYA?AV?$MaybeLocal@VObject@v8@@@v8@@PAVIsolate@4@PBDI@Z 1000782c f   node:node.dll
 0001:0000682c       ?Copy@Buffer@node@@YA?AV?$MaybeLocal@VObject@v8@@@v8@@PAVIsolate@4@PBDI@Z 1000782c f   node:node.dll
 0001:00006832       ?New@Buffer@node@@YA?AV?$MaybeLocal@VObject@v8@@@v8@@PAVIsolate@4@I@Z 10007832 f   node:node.dll
 0001:00006832       ?New@Buffer@node@@$$FYA?AV?$MaybeLocal@VObject@v8@@@v8@@PAVIsolate@4@I@Z 10007832 f   node:node.dll
 0001:00006838       ?HasInstance@Buffer@node@@$$FYA_NV?$Local@VValue@v8@@@v8@@@Z 10007838 f   node:node.dll
 0001:00006838       ?HasInstance@Buffer@node@@YA_NV?$Local@VValue@v8@@@v8@@@Z 10007838 f   node:node.dll
 0001:0000683e       ?Length@Buffer@node@@$$FYAIV?$Local@VObject@v8@@@v8@@@Z 1000783e f   node:node.dll
 0001:0000683e       ?Length@Buffer@node@@YAIV?$Local@VObject@v8@@@v8@@@Z 1000783e f   node:node.dll
 0001:00006844       ?Data@Buffer@node@@$$FYAPADV?$Local@VObject@v8@@@v8@@@Z 10007844 f   node:node.dll
 0001:00006844       ?Data@Buffer@node@@YAPADV?$Local@VObject@v8@@@v8@@@Z 10007844 f   node:node.dll
 0001:0000684a       ?EmitAsyncDestroy@node@@YAXPAVIsolate@v8@@Uasync_context@1@@Z 1000784a f   node:node.dll
 0001:0000684a       ?EmitAsyncDestroy@node@@$$FYAXPAVIsolate@v8@@Uasync_context@1@@Z 1000784a f   node:node.dll
 0001:00006850       ?MakeCallback@node@@$$FYA?AV?$MaybeLocal@VValue@v8@@@v8@@PAVIsolate@3@V?$Local@VObject@v8@@@3@V?$Local@VFunction@v8@@@3@HPAV?$Local@VValue@v8@@@3@Uasync_context@1@@Z 10007850 f   node:node.dll
 0001:00006850       ?MakeCallback@node@@YA?AV?$MaybeLocal@VValue@v8@@@v8@@PAVIsolate@3@V?$Local@VObject@v8@@@3@V?$Local@VFunction@v8@@@3@HPAV?$Local@VValue@v8@@@3@Uasync_context@1@@Z 10007850 f   node:node.dll
 0001:00006856       ?FatalException@node@@$$FYAXPAVIsolate@v8@@ABVTryCatch@3@@Z 10007856 f   node:node.dll
 0001:00006856       ?FatalException@node@@YAXPAVIsolate@v8@@ABVTryCatch@3@@Z 10007856 f   node:node.dll
 0001:0000685c       ?EmitAsyncInit@node@@$$FYA?AUasync_context@1@PAVIsolate@v8@@V?$Local@VObject@v8@@@4@V?$Local@VString@v8@@@4@N@Z 1000785c f   node:node.dll
 0001:0000685c       ?EmitAsyncInit@node@@YA?AUasync_context@1@PAVIsolate@v8@@V?$Local@VObject@v8@@@4@V?$Local@VString@v8@@@4@N@Z 1000785c f   node:node.dll
 0001:00006862       ?uv_unref@@$$J0YAXPAUuv_handle_s@@@Z 10007862 f   node:node.dll
 0001:00006862       _uv_unref                  10007862 f   node:node.dll
 0001:00006868       ?uv_async_send@@$$J0YAHPAUuv_async_s@@@Z 10007868 f   node:node.dll
 0001:00006868       _uv_async_send             10007868 f   node:node.dll
 0001:0000686e       _uv_sem_post               1000786e f   node:node.dll
 0001:0000686e       ?uv_sem_post@@$$J0YAXPAPAX@Z 1000786e f   node:node.dll
 0001:00006874       _uv_close                  10007874 f   node:node.dll
 0001:00006874       ?uv_close@@$$J0YAXPAUuv_handle_s@@P6AX0@Z@Z 10007874 f   node:node.dll
 0001:0000687a       _uv_default_loop           1000787a f   node:node.dll
 0001:0000687a       ?uv_default_loop@@$$J0YAPAUuv_loop_s@@XZ 1000787a f   node:node.dll
 0001:00006880       ?uv_async_init@@$$J0YAHPAUuv_loop_s@@PAUuv_async_s@@P6AX1@Z@Z 10007880 f   node:node.dll
 0001:00006880       _uv_async_init             10007880 f   node:node.dll
 0001:00006886       _uv_sem_init               10007886 f   node:node.dll
 0001:00006886       ?uv_sem_init@@$$J0YAHPAPAXI@Z 10007886 f   node:node.dll
 0001:0000688c       ?uv_sem_wait@@$$J0YAXPAPAX@Z 1000788c f   node:node.dll
 0001:0000688c       _uv_sem_wait               1000788c f   node:node.dll
 0001:00006892       ??2@YAPAXI@Z               10007892 f   MSVCRT:new_scalar.obj
 0001:00006892       ??2@$$FYAPAXI@Z            10007892 f   MSVCRT:new_scalar.obj
 0001:000068c2       ??0bad_alloc@std@@QAE@ABV01@@Z 100078c2 f i MSVCRT:throw_bad_alloc.obj
 0001:000068dd       ??0bad_alloc@std@@QAE@XZ   100078dd f i MSVCRT:throw_bad_alloc.obj
 0001:000068f5       ??0bad_array_new_length@std@@QAE@ABV01@@Z 100078f5 f i MSVCRT:throw_bad_alloc.obj
 0001:00006910       ??0bad_array_new_length@std@@QAE@XZ 10007910 f i MSVCRT:throw_bad_alloc.obj
 0001:00006928       ??0exception@std@@QAE@ABV01@@Z 10007928 f i MSVCRT:throw_bad_alloc.obj
 0001:00006954       ??1bad_alloc@std@@UAE@XZ   10007954 f i MSVCRT:throw_bad_alloc.obj
 0001:00006954       ??1bad_array_new_length@std@@UAE@XZ 10007954 f i MSVCRT:throw_bad_alloc.obj
 0001:00006965       ??_Ebad_alloc@std@@UAEPAXI@Z 10007965 f i MSVCRT:throw_bad_alloc.obj
 0001:00006965       ??_Gbad_alloc@std@@UAEPAXI@Z 10007965 f i MSVCRT:throw_bad_alloc.obj
 0001:00006965       ??_Ebad_array_new_length@std@@UAEPAXI@Z 10007965 f i MSVCRT:throw_bad_alloc.obj
 0001:00006965       ??_Eexception@std@@UAEPAXI@Z 10007965 f i MSVCRT:throw_bad_alloc.obj
 0001:00006965       ??_Gbad_array_new_length@std@@UAEPAXI@Z 10007965 f i MSVCRT:throw_bad_alloc.obj
 0001:00006965       ??_Gexception@std@@UAEPAXI@Z 10007965 f i MSVCRT:throw_bad_alloc.obj
 0001:00006992       ?__scrt_throw_std_bad_alloc@@YAXXZ 10007992 f   MSVCRT:throw_bad_alloc.obj
 0001:000069af       ?__scrt_throw_std_bad_array_new_length@@YAXXZ 100079af f   MSVCRT:throw_bad_alloc.obj
 0001:000069cc       ?what@exception@std@@UBEPBDXZ 100079cc f i MSVCRT:throw_bad_alloc.obj
 0001:000069d9       ___FrameUnwindFilter       100079d9 f   vcruntime:VCRUNTIME140.dll
 0001:000069d9       ?__FrameUnwindFilter@@$$J0YAHPAU_EXCEPTION_POINTERS@@@Z 100079d9 f   vcruntime:VCRUNTIME140.dll
 0001:000069df       ___std_exception_copy      100079df f   vcruntime:VCRUNTIME140.dll
 0001:000069e5       ___std_exception_destroy   100079e5 f   vcruntime:VCRUNTIME140.dll
 0001:000069eb       __CxxThrowException@8      100079eb f   vcruntime:VCRUNTIME140.dll
 0001:000069f1       ?_wassert@@$$J0YAXPB_W0I@Z 100079f1 f   ucrt:api-ms-win-crt-runtime-l1-1-0.dll
 0001:000069f1       __wassert                  100079f1 f   ucrt:api-ms-win-crt-runtime-l1-1-0.dll
 0001:000069f7       ?abort@@$$J0YAXXZ          100079f7 f   ucrt:api-ms-win-crt-runtime-l1-1-0.dll
 0001:000069f7       _abort                     100079f7 f   ucrt:api-ms-win-crt-runtime-l1-1-0.dll
 0001:000069fd       __callnewh                 100079fd f   ucrt:api-ms-win-crt-heap-l1-1-0.dll
 0001:00006a03       _malloc                    10007a03 f   ucrt:api-ms-win-crt-heap-l1-1-0.dll
 0001:00006a09       __CorDllMain@12            10007a09 f   MSCOREE:mscoree.dll
 0001:00006a10       ???__F?A0xcc3f8693@callbackFunction@@YMXXZ@?A0xcc3f8693@@$$FYMXXZ 10007a10 f i nodejsfuncinvokecontext.obj
 0001:00006a10       ???__F?A0xcc3f8693@callbackFactory@@YMXXZ@?A0xcc3f8693@@$$FYMXXZ 10007a10 f i nodejsfuncinvokecontext.obj
 0001:00006a10       ???__F?A0x5f0dd98c@proxyFunction@@YMXXZ@?A0x5f0dd98c@@$$FYMXXZ 10007a10 f i clrfunc.obj
 0001:00006a10       ???__F?A0x5f0dd98c@proxyFactory@@YMXXZ@?A0x5f0dd98c@@$$FYMXXZ 10007a10 f i clrfunc.obj
 0002:00000000       __imp__UnhandledExceptionFilter@4 10008000     kernel32:KERNEL32.dll
 0002:00000004       __imp__GetCurrentProcess@0 10008004     kernel32:KERNEL32.dll
 0002:00000008       __imp__Sleep@4             10008008     kernel32:KERNEL32.dll
 0002:0000000c       __imp__GetEnvironmentVariableA@12 1000800c     kernel32:KERNEL32.dll
 0002:00000010       __imp__TerminateProcess@8  10008010     kernel32:KERNEL32.dll
 0002:00000014       __imp__IsDebuggerPresent@0 10008014     kernel32:KERNEL32.dll
 0002:00000018       __imp__InitializeSListHead@4 10008018     kernel32:KERNEL32.dll
 0002:0000001c       __imp__DisableThreadLibraryCalls@4 1000801c     kernel32:KERNEL32.dll
 0002:00000020       __imp__GetSystemTimeAsFileTime@4 10008020     kernel32:KERNEL32.dll
 0002:00000024       __imp__GetCurrentThreadId@0 10008024     kernel32:KERNEL32.dll
 0002:00000028       __imp__GetCurrentProcessId@0 10008028     kernel32:KERNEL32.dll
 0002:0000002c       __imp__QueryPerformanceCounter@4 1000802c     kernel32:KERNEL32.dll
 0002:00000030       __imp__IsProcessorFeaturePresent@4 10008030     kernel32:KERNEL32.dll
 0002:00000034       __imp__SetUnhandledExceptionFilter@4 10008034     kernel32:KERNEL32.dll
 0002:00000038       \177KERNEL32_NULL_THUNK_DATA 10008038     kernel32:KERNEL32.dll
 0002:0000003c       __imp___CxxThrowException@8 1000803c     vcruntime:VCRUNTIME140.dll
 0002:00000040       __imp___except_handler4_common 10008040     vcruntime:VCRUNTIME140.dll
 0002:00000044       __imp__memset              10008044     vcruntime:VCRUNTIME140.dll
 0002:00000048       __imp____std_exception_destroy 10008048     vcruntime:VCRUNTIME140.dll
 0002:0000004c       __imp____std_exception_copy 1000804c     vcruntime:VCRUNTIME140.dll
 0002:00000050       __imp____std_type_info_destroy_list 10008050     vcruntime:VCRUNTIME140.dll
 0002:00000054       __imp____FrameUnwindFilter 10008054     vcruntime:VCRUNTIME140.dll
 0002:00000058       \177VCRUNTIME140_NULL_THUNK_DATA 10008058     vcruntime:VCRUNTIME140.dll
 0002:0000005c       __imp___callnewh           1000805c     ucrt:api-ms-win-crt-heap-l1-1-0.dll
 0002:00000060       __imp__free                10008060     ucrt:api-ms-win-crt-heap-l1-1-0.dll
 0002:00000064       __imp__malloc              10008064     ucrt:api-ms-win-crt-heap-l1-1-0.dll
 0002:00000068       \177api-ms-win-crt-heap-l1-1-0_NULL_THUNK_DATA 10008068     ucrt:api-ms-win-crt-heap-l1-1-0.dll
 0002:0000006c       __imp___seh_filter_dll     1000806c     ucrt:api-ms-win-crt-runtime-l1-1-0.dll
 0002:00000070       __imp___configure_narrow_argv 10008070     ucrt:api-ms-win-crt-runtime-l1-1-0.dll
 0002:00000074       __imp___initialize_narrow_environment 10008074     ucrt:api-ms-win-crt-runtime-l1-1-0.dll
 0002:00000078       __imp___initialize_onexit_table 10008078     ucrt:api-ms-win-crt-runtime-l1-1-0.dll
 0002:0000007c       __imp___execute_onexit_table 1000807c     ucrt:api-ms-win-crt-runtime-l1-1-0.dll
 0002:00000080       __imp___initterm_e         10008080     ucrt:api-ms-win-crt-runtime-l1-1-0.dll
 0002:00000084       __imp__abort               10008084     ucrt:api-ms-win-crt-runtime-l1-1-0.dll
 0002:00000088       __imp___wassert            10008088     ucrt:api-ms-win-crt-runtime-l1-1-0.dll
 0002:0000008c       __imp___cexit              1000808c     ucrt:api-ms-win-crt-runtime-l1-1-0.dll
 0002:00000090       __imp___initterm           10008090     ucrt:api-ms-win-crt-runtime-l1-1-0.dll
 0002:00000094       \177api-ms-win-crt-runtime-l1-1-0_NULL_THUNK_DATA 10008094     ucrt:api-ms-win-crt-runtime-l1-1-0.dll
 0002:00000098       __imp____acrt_iob_func     10008098     ucrt:api-ms-win-crt-stdio-l1-1-0.dll
 0002:0000009c       __imp____stdio_common_vfprintf 1000809c     ucrt:api-ms-win-crt-stdio-l1-1-0.dll
 0002:000000a0       \177api-ms-win-crt-stdio-l1-1-0_NULL_THUNK_DATA 100080a0     ucrt:api-ms-win-crt-stdio-l1-1-0.dll
 0002:000000a4       __imp___CorDllMain@12      100080a4     MSCOREE:mscoree.dll
 0002:000000a8       \177mscoree_NULL_THUNK_DATA 100080a8     MSCOREE:mscoree.dll
 0002:000000ac       __imp__node_module_register 100080ac     node:node.dll
 0002:000000b0       __imp__uv_sem_wait         100080b0     node:node.dll
 0002:000000b4       __imp__uv_sem_init         100080b4     node:node.dll
 0002:000000b8       __imp__uv_async_init       100080b8     node:node.dll
 0002:000000bc       __imp__uv_default_loop     100080bc     node:node.dll
 0002:000000c0       __imp__uv_close            100080c0     node:node.dll
 0002:000000c4       __imp__uv_sem_post         100080c4     node:node.dll
 0002:000000c8       __imp__uv_async_send       100080c8     node:node.dll
 0002:000000cc       __imp__uv_unref            100080cc     node:node.dll
 0002:000000d0       __imp_?EmitAsyncInit@node@@YA?AUasync_context@1@PAVIsolate@v8@@V?$Local@VObject@v8@@@4@V?$Local@VString@v8@@@4@N@Z 100080d0     node:node.dll
 0002:000000d4       __imp_?FatalException@node@@YAXPAVIsolate@v8@@ABVTryCatch@3@@Z 100080d4     node:node.dll
 0002:000000d8       __imp_?MakeCallback@node@@YA?AV?$MaybeLocal@VValue@v8@@@v8@@PAVIsolate@3@V?$Local@VObject@v8@@@3@V?$Local@VFunction@v8@@@3@HPAV?$Local@VValue@v8@@@3@Uasync_context@1@@Z 100080d8     node:node.dll
 0002:000000dc       __imp_?EmitAsyncDestroy@node@@YAXPAVIsolate@v8@@Uasync_context@1@@Z 100080dc     node:node.dll
 0002:000000e0       __imp_?Data@Buffer@node@@YAPADV?$Local@VObject@v8@@@v8@@@Z 100080e0     node:node.dll
 0002:000000e4       __imp_?Length@Buffer@node@@YAIV?$Local@VObject@v8@@@v8@@@Z 100080e4     node:node.dll
 0002:000000e8       __imp_?HasInstance@Buffer@node@@YA_NV?$Local@VValue@v8@@@v8@@@Z 100080e8     node:node.dll
 0002:000000ec       __imp_?New@Buffer@node@@YA?AV?$MaybeLocal@VObject@v8@@@v8@@PAVIsolate@4@I@Z 100080ec     node:node.dll
 0002:000000f0       __imp_?Copy@Buffer@node@@YA?AV?$MaybeLocal@VObject@v8@@@v8@@PAVIsolate@4@PBDI@Z 100080f0     node:node.dll
 0002:000000f4       \177node_NULL_THUNK_DATA   100080f4     node:node.dll
 0002:000000f8       __imp_?IsArray@Value@v8@@QBE_NXZ 100080f8     nw:nw.dll
 0002:000000fc       __imp_?Length@Array@v8@@QBEIXZ 100080fc     nw:nw.dll
 0002:00000100       __imp_?Get@Object@v8@@QAE?AV?$Local@VValue@v8@@@2@I@Z 10008100     nw:nw.dll
 0002:00000104       __imp_?IsDate@Value@v8@@QBE_NXZ 10008104     nw:nw.dll
 0002:00000108       __imp_?NumberValue@Value@v8@@QBENXZ 10008108     nw:nw.dll
 0002:0000010c       __imp_?GetPropertyNames@Object@v8@@QAE?AV?$Local@VArray@v8@@@2@XZ 1000810c     nw:nw.dll
 0002:00000110       __imp_?IsBoolean@Value@v8@@QBE_NXZ 10008110     nw:nw.dll
 0002:00000114       __imp_?BooleanValue@Value@v8@@QBE_NXZ 10008114     nw:nw.dll
 0002:00000118       __imp_?IsInt32@Value@v8@@QBE_NXZ 10008118     nw:nw.dll
 0002:0000011c       __imp_?Int32Value@Value@v8@@QBEHXZ 1000811c     nw:nw.dll
 0002:00000120       __imp_?IsUint32@Value@v8@@QBE_NXZ 10008120     nw:nw.dll
 0002:00000124       __imp_?Uint32Value@Value@v8@@QBEIXZ 10008124     nw:nw.dll
 0002:00000128       __imp_?IsNumber@Value@v8@@QBE_NXZ 10008128     nw:nw.dll
 0002:0000012c       __imp_?SlowGetInternalField@Object@v8@@AAE?AV?$Local@VValue@v8@@@2@H@Z 1000812c     nw:nw.dll
 0002:00000130       __imp_?CreateHandle@HandleScope@v8@@CAPAPAVObject@internal@2@PAVHeapObject@42@PAV342@@Z 10008130     nw:nw.dll
 0002:00000134       __imp_?Value@External@v8@@QBEPAXXZ 10008134     nw:nw.dll
 0002:00000138       __imp_?New@Date@v8@@SA?AV?$MaybeLocal@VValue@v8@@@2@V?$Local@VContext@v8@@@2@N@Z 10008138     nw:nw.dll
 0002:0000013c       __imp_?New@ObjectTemplate@v8@@SA?AV?$Local@VObjectTemplate@v8@@@2@PAVIsolate@2@V?$Local@VFunctionTemplate@v8@@@2@@Z 1000813c     nw:nw.dll
 0002:00000140       __imp_?SetInternalFieldCount@ObjectTemplate@v8@@QAEXH@Z 10008140     nw:nw.dll
 0002:00000144       __imp_?SetInternalField@Object@v8@@QAEXHV?$Local@VValue@v8@@@2@@Z 10008144     nw:nw.dll
 0002:00000148       __imp_?New@FunctionTemplate@v8@@SA?AV?$Local@VFunctionTemplate@v8@@@2@PAVIsolate@2@P6AXABV?$FunctionCallbackInfo@VValue@v8@@@2@@ZV?$Local@VValue@v8@@@2@V?$Local@VSignature@v8@@@2@HW4ConstructorBehavior@2@W4SideEffectType@2@@Z 10008148     nw:nw.dll
 0002:0000014c       __imp_?NewFromUnsigned@Integer@v8@@SA?AV?$Local@VInteger@v8@@@2@PAVIsolate@2@I@Z 1000814c     nw:nw.dll
 0002:00000150       __imp_?New@Integer@v8@@SA?AV?$Local@VInteger@v8@@@2@PAVIsolate@2@H@Z 10008150     nw:nw.dll
 0002:00000154       __imp_?InternalFieldCount@Object@v8@@QAEHXZ 10008154     nw:nw.dll
 0002:00000158       __imp_?SlowGetAlignedPointerFromInternalField@Object@v8@@AAEPAXH@Z 10008158     nw:nw.dll
 0002:0000015c       __imp_?SetAlignedPointerInInternalField@Object@v8@@QAEXHPAX@Z 1000815c     nw:nw.dll
 0002:00000160       __imp_??1Utf8Value@String@v8@@QAE@XZ 10008160     nw:nw.dll
 0002:00000164       __imp_?Run@Script@v8@@QAE?AV?$Local@VValue@v8@@@2@XZ 10008164     nw:nw.dll
 0002:00000168       __imp_?Global@Context@v8@@QAE?AV?$Local@VObject@v8@@@2@XZ 10008168     nw:nw.dll
 0002:0000016c       __imp_?Set@Object@v8@@QAE_NV?$Local@VValue@v8@@@2@0@Z 1000816c     nw:nw.dll
 0002:00000170       __imp_?Set@Object@v8@@QAE_NIV?$Local@VValue@v8@@@2@@Z 10008170     nw:nw.dll
 0002:00000174       __imp_?Error@Exception@v8@@SA?AV?$Local@VValue@v8@@@2@V?$Local@VString@v8@@@2@@Z 10008174     nw:nw.dll
 0002:00000178       __imp_?SetPrototype@Object@v8@@QAE?AV?$Maybe@_N@2@V?$Local@VContext@v8@@@2@V?$Local@VValue@v8@@@2@@Z 10008178     nw:nw.dll
 0002:0000017c       __imp_??0Value@String@v8@@QAE@V?$Local@VValue@v8@@@2@@Z 1000817c     nw:nw.dll
 0002:00000180       __imp_?length@Value@String@v8@@QBEHXZ 10008180     nw:nw.dll
 0002:00000184       __imp_??DValue@String@v8@@QAEPAGXZ 10008184     nw:nw.dll
 0002:00000188       __imp_??1Value@String@v8@@QAE@XZ 10008188     nw:nw.dll
 0002:0000018c       __imp_??0TryCatch@v8@@QAE@PAVIsolate@1@@Z 1000818c     nw:nw.dll
 0002:00000190       __imp_?HasCaught@TryCatch@v8@@QBE_NXZ 10008190     nw:nw.dll
 0002:00000194       __imp_??1TryCatch@v8@@QAE@XZ 10008194     nw:nw.dll
 0002:00000198       __imp_?Exception@TryCatch@v8@@QBE?AV?$Local@VValue@v8@@@2@XZ 10008198     nw:nw.dll
 0002:0000019c       __imp_?New@Function@v8@@SA?AV?$Local@VFunction@v8@@@2@PAVIsolate@2@P6AXABV?$FunctionCallbackInfo@VValue@v8@@@2@@ZV?$Local@VValue@v8@@@2@H@Z 1000819c     nw:nw.dll
 0002:000001a0       __imp_?Set@Object@v8@@QAE?AV?$Maybe@_N@2@V?$Local@VContext@v8@@@2@V?$Local@VValue@v8@@@2@1@Z 100081a0     nw:nw.dll
 0002:000001a4       __imp_?ToInteger@Value@v8@@QBE?AV?$MaybeLocal@VInteger@v8@@@2@V?$Local@VContext@v8@@@2@@Z 100081a4     nw:nw.dll
 0002:000001a8       __imp_?Call@Function@v8@@QAE?AV?$MaybeLocal@VValue@v8@@@2@V?$Local@VContext@v8@@@2@V?$Local@VValue@v8@@@2@HQAV52@@Z 100081a8     nw:nw.dll
 0002:000001ac       __imp_??1EscapableHandleScope@v8@@QAE@XZ 100081ac     nw:nw.dll
 0002:000001b0       __imp_?NewInstance@ObjectTemplate@v8@@QAE?AV?$MaybeLocal@VObject@v8@@@2@V?$Local@VContext@v8@@@2@@Z 100081b0     nw:nw.dll
 0002:000001b4       __imp_?GlobalizeReference@V8@v8@@CAPAPAVObject@internal@2@PAVIsolate@42@PAPAV342@@Z 100081b4     nw:nw.dll
 0002:000001b8       __imp_?MakeWeak@V8@v8@@CAXPAPAVObject@internal@2@PAXP6AXABV?$WeakCallbackInfo@X@2@@ZW4WeakCallbackType@2@@Z 100081b8     nw:nw.dll
 0002:000001bc       __imp_?CreateHandle@HandleScope@v8@@KAPAPAVObject@internal@2@PAVIsolate@42@PAV342@@Z 100081bc     nw:nw.dll
 0002:000001c0       __imp_?DisposeGlobal@V8@v8@@CAXPAPAVObject@internal@2@@Z 100081c0     nw:nw.dll
 0002:000001c4       __imp_?ThrowException@Isolate@v8@@QAE?AV?$Local@VValue@v8@@@2@V32@@Z 100081c4     nw:nw.dll
 0002:000001c8       __imp_?GetCurrentContext@Isolate@v8@@QAE?AV?$Local@VContext@v8@@@2@XZ 100081c8     nw:nw.dll
 0002:000001cc       __imp_?New@Object@v8@@SA?AV?$Local@VObject@v8@@@2@PAVIsolate@2@@Z 100081cc     nw:nw.dll
 0002:000001d0       __imp_?New@Number@v8@@SA?AV?$Local@VNumber@v8@@@2@PAVIsolate@2@N@Z 100081d0     nw:nw.dll
 0002:000001d4       __imp_?New@External@v8@@SA?AV?$Local@VExternal@v8@@@2@PAVIsolate@2@PAX@Z 100081d4     nw:nw.dll
 0002:000001d8       __imp_?New@Array@v8@@SA?AV?$Local@VArray@v8@@@2@PAVIsolate@2@H@Z 100081d8     nw:nw.dll
 0002:000001dc       __imp_?ToString@Value@v8@@QBE?AV?$Local@VString@v8@@@2@XZ 100081dc     nw:nw.dll
 0002:000001e0       __imp_?Get@Object@v8@@QAE?AV?$Local@VValue@v8@@@2@V32@@Z 100081e0     nw:nw.dll
 0002:000001e4       __imp_?ToObject@Value@v8@@QBE?AV?$Local@VObject@v8@@@2@XZ 100081e4     nw:nw.dll
 0002:000001e8       __imp_??0Utf8Value@String@v8@@QAE@V?$Local@VValue@v8@@@2@@Z 100081e8     nw:nw.dll
 0002:000001ec       __imp_?Escape@EscapableHandleScope@v8@@AAEPAPAVObject@internal@2@PAPAV342@@Z 100081ec     nw:nw.dll
 0002:000001f0       __imp_?ToLocalEmpty@V8@v8@@CAXXZ 100081f0     nw:nw.dll
[...]
 0000:fffe3000       .debug$S                   10000000     ucrt:api-ms-win-crt-heap-l1-1-0.dll
 0000:fffe3000       .debug$S                   10000000     ucrt:api-ms-win-crt-heap-l1-1-0.dll
 0000:fffe3000       .debug$S                   10000000     ucrt:api-ms-win-crt-runtime-l1-1-0.dll
 0000:fffe3000       .debug$S                   10000000     ucrt:api-ms-win-crt-runtime-l1-1-0.dll
 0000:fffe3000       .debug$S                   10000000     ucrt:api-ms-win-crt-runtime-l1-1-0.dll
 0000:fffe3000       .debug$S                   10000000     vcruntime:VCRUNTIME140.dll
 0000:fffe3000       .debug$S                   10000000     vcruntime:VCRUNTIME140.dll
 0000:fffe3000       .debug$S                   10000000     vcruntime:VCRUNTIME140.dll
 0000:fffe3000       .debug$S                   10000000     vcruntime:VCRUNTIME140.dll
 0000:fffe3000       .debug$S                   10000000     vcruntime:VCRUNTIME140.dll
 0002:ffff8000       .idata$6                   10000000     msvcprt:MSVCP140.dll
 0000:fffe3000       .debug$S                   10000000     msvcprt:MSVCP140.dll
 0000:fffe3000       .debug$S                   10000000     msvcprt:MSVCP140.dll
 0000:fffe3000       .debug$S                   10000000     node:node.dll
 0000:fffe3000       .debug$S                   10000000     node:node.dll
 0000:fffe3000       .debug$S                   10000000     node:node.dll
 0000:fffe3000       .debug$S                   10000000     node:node.dll
 0000:fffe3000       .debug$S                   10000000     node:node.dll
 0000:fffe3000       .debug$S                   10000000     node:node.dll
 0000:fffe3000       .debug$S                   10000000     node:node.dll
 0000:fffe3000       .debug$S                   10000000     node:node.dll
 0000:fffe3000       .debug$S                   10000000     node:node.dll
 0000:fffe3000       .debug$S                   10000000     node:node.dll
 0000:fffe3000       .debug$S                   10000000     node:node.dll
 0000:fffe3000       .debug$S                   10000000     node:node.dll
 0000:fffe3000       .debug$S                   10000000     node:node.dll
 0000:fffe3000       .debug$S                   10000000     node:node.dll
 0000:fffe3000       .debug$S                   10000000     node:node.dll
 0000:fffe3000       .debug$S                   10000000     node:node.dll
 0000:fffe3000       .debug$S                   10000000     node:node.dll
 0000:fffe3000       .debug$S                   10000000     nw:nw.dll
 0000:fffe3000       .debug$S                   10000000     nw:nw.dll
 0000:fffe3000       .debug$S                   10000000     nw:nw.dll
 0000:fffe3000       .debug$S                   10000000     nw:nw.dll
 0000:fffe3000       .debug$S                   10000000     nw:nw.dll
 0000:fffe3000       .debug$S                   10000000     nw:nw.dll
 0000:fffe3000       .debug$S                   10000000     nw:nw.dll
 0000:fffe3000       .debug$S                   10000000     nw:nw.dll
 0000:fffe3000       .debug$S                   10000000     nw:nw.dll
 0000:fffe3000       .debug$S                   10000000     nw:nw.dll
 0000:fffe3000       .debug$S                   10000000     nw:nw.dll
 0000:fffe3000       .debug$S                   10000000     nw:nw.dll
 0000:fffe3000       .debug$S                   10000000     nw:nw.dll
 0000:fffe3000       .debug$S                   10000000     nw:nw.dll
 0000:fffe3000       .debug$S                   10000000     nw:nw.dll
 0000:fffe3000       .debug$S                   10000000     nw:nw.dll
 0000:fffe3000       .debug$S                   10000000     nw:nw.dll
 0000:fffe3000       .debug$S                   10000000     nw:nw.dll
 0000:fffe3000       .debug$S                   10000000     nw:nw.dll
 0000:fffe3000       .debug$S                   10000000     nw:nw.dll
 0000:fffe3000       .debug$S                   10000000     nw:nw.dll
 0000:fffe3000       .debug$S                   10000000     nw:nw.dll
 0000:fffe3000       .debug$S                   10000000     nw:nw.dll
 0000:fffe3000       .debug$S                   10000000     nw:nw.dll
 0000:fffe3000       .debug$S                   10000000     nw:nw.dll
 0000:fffe3000       .debug$S                   10000000     nw:nw.dll
 0000:fffe3000       .debug$S                   10000000     nw:nw.dll
 0000:fffe3000       .debug$S                   10000000     nw:nw.dll
 0000:fffe3000       .debug$S                   10000000     nw:nw.dll
 0000:fffe3000       .debug$S                   10000000     nw:nw.dll
 0000:fffe3000       .debug$S                   10000000     nw:nw.dll
 0000:fffe3000       .debug$S                   10000000     nw:nw.dll
 0000:fffe3000       .debug$S                   10000000     nw:nw.dll
 0000:fffe3000       .debug$S                   10000000     nw:nw.dll
 0000:fffe3000       .debug$S                   10000000     nw:nw.dll
 0000:fffe3000       .debug$S                   10000000     nw:nw.dll
 0000:fffe3000       .debug$S                   10000000     nw:nw.dll
 0000:fffe3000       .debug$S                   10000000     nw:nw.dll
 0000:fffe3000       .debug$S                   10000000     nw:nw.dll
 0000:fffe3000       .debug$S                   10000000     nw:nw.dll
 0000:fffe3000       .debug$S                   10000000     nw:nw.dll
 0000:fffe3000       .debug$S                   10000000     nw:nw.dll
 0000:fffe3000       .debug$S                   10000000     nw:nw.dll
 0000:fffe3000       .debug$S                   10000000     nw:nw.dll
 0000:fffe3000       .debug$S                   10000000     nw:nw.dll
 0000:fffe3000       .debug$S                   10000000     nw:nw.dll
 0000:fffe3000       .debug$S                   10000000     nw:nw.dll
 0000:fffe3000       .debug$S                   10000000     nw:nw.dll
 0000:fffe3000       .debug$S                   10000000     nw:nw.dll
 0000:fffe3000       .debug$S                   10000000     nw:nw.dll
 0000:fffe3000       .debug$S                   10000000     nw:nw.dll
 0000:fffe3000       .debug$S                   10000000     nw:nw.dll
 0000:fffe3000       .debug$S                   10000000     nw:nw.dll
 0000:fffe3000       .debug$S                   10000000     nw:nw.dll
 0000:fffe3000       .debug$S                   10000000     nw:nw.dll
 0000:fffe3000       .debug$S                   10000000     nw:nw.dll
 0000:fffe3000       .debug$S                   10000000     nw:nw.dll
 0000:fffe3000       .debug$S                   10000000     nw:nw.dll
 0000:fffe3000       .debug$S                   10000000     nw:nw.dll
 0000:fffe3000       .debug$S                   10000000     nw:nw.dll
 0000:fffe3000       .debug$S                   10000000     nw:nw.dll
 0000:fffe3000       .debug$S                   10000000     nw:nw.dll
 0000:fffe3000       .debug$S                   10000000     nw:nw.dll
 0000:fffe3000       .debug$S                   10000000     nw:nw.dll
 0000:fffe3000       .debug$S                   10000000     nw:nw.dll
 0000:fffe3000       .debug$S                   10000000     nw:nw.dll
 0000:fffe3000       .debug$S                   10000000     ucrt:api-ms-win-crt-runtime-l1-1-0.dll
 0000:fffe3000       .debug$S                   10000000     nw:nw.dll
 0000:fffe3000       .debug$S                   10000000     nw:nw.dll
 0000:fffe3000       .debug$S                   10000000     nw:nw.dll
 0000:fffe3000       .debug$S                   10000000     nw:nw.dll
 0000:fffe3000       .debug$S                   10000000     nw:nw.dll
 0000:fffe3000       .debug$S                   10000000     nw:nw.dll
 0000:fffe3000       .debug$S                   10000000     kernel32:KERNEL32.dll
 0000:fffe3000       .debug$S                   10000000     kernel32:KERNEL32.dll
 0000:fffe3000       .debug$S                   10000000     nw:nw.dll
 0000:fffe3000       .debug$S                   10000000     vcruntime:VCRUNTIME140.dll
 0000:fffe3000       .debug$S                   10000000     vcruntime:VCRUNTIME140.dll
 0000:fffe3000       .debug$S                   10000000     vcruntime:VCRUNTIME140.dll
 0000:fffe3000       .debug$S                   10000000     vcruntime:VCRUNTIME140.dll
 0000:fffe3000       .debug$S                   10000000     edge_nativeclr.exp
 0000:fffe3000       .debug$S                   10000000     ucrt:api-ms-win-crt-stdio-l1-1-0.dll
 0000:fffe3000       .debug$S                   10000000     ucrt:api-ms-win-crt-stdio-l1-1-0.dll
 0000:fffe3000       .debug$S                   10000000     kernel32:KERNEL32.dll
 0000:fffe3000       .debug$S                   10000000     kernel32:KERNEL32.dll
 0000:fffe3000       .debug$S                   10000000     kernel32:KERNEL32.dll
 0000:fffe3000       .debug$S                   10000000     kernel32:KERNEL32.dll
 0000:fffe3000       .debug$S                   10000000     kernel32:KERNEL32.dll
 0000:fffe3000       .debug$S                   10000000     kernel32:KERNEL32.dll
 0000:fffe3000       .debug$S                   10000000     kernel32:KERNEL32.dll
 0000:fffe3000       .debug$S                   10000000     kernel32:KERNEL32.dll
 0000:fffe3000       .debug$S                   10000000     kernel32:KERNEL32.dll
 0000:fffe3000       .debug$S                   10000000     kernel32:KERNEL32.dll
 0000:fffe3000       .debug$S                   10000000     kernel32:KERNEL32.dll
 0000:fffe3000       .debug$S                   10000000     kernel32:KERNEL32.dll
 0000:fffe3000       .debug$S                   10000000     kernel32:KERNEL32.dll
 0000:fffe3000       .debug$S                   10000000     kernel32:KERNEL32.dll
 0000:fffe3000       .debug$S                   10000000     ucrt:api-ms-win-crt-runtime-l1-1-0.dll
 0000:fffe3000       .debug$S                   10000000     ucrt:api-ms-win-crt-runtime-l1-1-0.dll
 0000:fffe3000       .debug$S                   10000000     ucrt:api-ms-win-crt-runtime-l1-1-0.dll
 0000:fffe3000       .debug$S                   10000000     ucrt:api-ms-win-crt-heap-l1-1-0.dll
 0000:fffe3000       .debug$S                   10000000     ucrt:api-ms-win-crt-runtime-l1-1-0.dll
 0000:fffe3000       .debug$S                   10000000     ucrt:api-ms-win-crt-runtime-l1-1-0.dll
 0000:fffe3000       .debug$S                   10000000     ucrt:api-ms-win-crt-runtime-l1-1-0.dll
 0000:fffe3000       .debug$S                   10000000     ucrt:api-ms-win-crt-runtime-l1-1-0.dll
 0000:fffe3000       .debug$S                   10000000     ucrt:api-ms-win-crt-runtime-l1-1-0.dll
 0000:fffe3000       .debug$S                   10000000     ucrt:api-ms-win-crt-runtime-l1-1-0.dll
 0000:fffe3000       .debug$S                   10000000     ucrt:api-ms-win-crt-runtime-l1-1-0.dll
 0000:fffe3000       .debug$S                   10000000     ucrt:api-ms-win-crt-runtime-l1-1-0.dll
 0001:00001dc9       __catch$?MarshalCLRToV8@ClrFunc@@$$FSM?AV?$Local@VValue@v8@@@v8@@P$AAVObject@System@@@Z$0 10002dc9 f   clrfunc.obj
 0001:00001e5e       __catch$?MarshalCLRToV8@ClrFunc@@$$FSM?AV?$Local@VValue@v8@@@v8@@P$AAVObject@System@@@Z$2 10002e5e f   clrfunc.obj
 0001:00001ee2       __catch$?MarshalCLRToV8@ClrFunc@@$$FSM?AV?$Local@VValue@v8@@@v8@@P$AAVObject@System@@@Z$4 10002ee2 f   clrfunc.obj
 0001:00001fa5       __catch$?MarshalCLRToV8@ClrFunc@@$$FSM?AV?$Local@VValue@v8@@@v8@@P$AAVObject@System@@@Z$6 10002fa5 f   clrfunc.obj
 0001:0000202a       __catch$?MarshalCLRToV8@ClrFunc@@$$FSM?AV?$Local@VValue@v8@@@v8@@P$AAVObject@System@@@Z$8 1000302a f   clrfunc.obj
 0001:000026e3       __catch$?Call@ClrFunc@@$$FQ$AAM?AV?$Local@VValue@v8@@@v8@@V23@0@Z$0 100036e3 f   clrfunc.obj
 0001:00002bcd       __catch$?Initialize@ClrFunc@@$$FSMXABV?$FunctionCallbackInfo@VValue@v8@@@Nan@@@Z$0 10003bcd f   clrfunc.obj
 0001:000033c8       __catch$?CompleteOnV8Thread@ClrFuncInvokeContext@@$$FQ$AAM?AV?$Local@VValue@v8@@@v8@@XZ$0 100043c8 f   clrfuncinvokecontext.obj
 0001:000039ee       __catch$?CompleteWithResult@NodejsFuncInvokeContext@@$$FQ$AAMXV?$Local@VValue@v8@@@v8@@@Z$0 100049ee f   nodejsfuncinvokecontext.obj
 0001:00003eba       __catch$?CallFuncOnV8Thread@NodejsFuncInvokeContext@@$$FQ$AAMXXZ$0 10004eba f   nodejsfuncinvokecontext.obj
 0001:00004769       ?dllmain_crt_dispatch@@YGHQAUHINSTANCE__@@KQAX@Z 10005769 f   MSVCRT:dll_dllmain.obj
 0001:000047bc       ?dllmain_crt_process_attach@@YAHQAUHINSTANCE__@@QAX@Z 100057bc f   MSVCRT:dll_dllmain.obj
 0001:000048c6       ?dllmain_crt_process_detach@@YAH_N@Z 100058c6 f   MSVCRT:dll_dllmain.obj
 0001:00004958       ?dllmain_dispatch@@YAHQAUHINSTANCE__@@KQAX@Z 10005958 f   MSVCRT:dll_dllmain.obj
 0001:00004a5e       ?dllmain_raw@@YGHQAUHINSTANCE__@@KQAX@Z 10005a5e f   MSVCRT:dll_dllmain.obj
 0001:00004bdb       ___get_entropy             10005bdb f   MSVCRT:gs_support.obj
 0001:00004cd0       ?find_pe_section@@YAPAU_IMAGE_SECTION_HEADER@@QAEI@Z 10005cd0 f   MSVCRT:utility.obj
 0001:00005150       $$000000                   10006150     MSVCRT:_sehprolg4_.obj
 0001:00005597       __catch$?AddHandler@ModuleUninitializer@<CrtImplementationDetails>@@$$FQ$AAMXP$AAVEventHandler@System@@@Z$0 10006597 f i MSVCMRT:mstartup.obj
 0001:0000560d       __catch$?SingletonDomainUnload@ModuleUninitializer@<CrtImplementationDetails>@@$$FA$AAMXP$AAVObject@System@@P$AAVEventArgs@4@@Z$0 1000660d f i MSVCMRT:mstartup.obj
 0001:00005622       __catch$?SingletonDomainUnload@ModuleUninitializer@<CrtImplementationDetails>@@$$FA$AAMXP$AAVObject@System@@P$AAVEventArgs@4@@Z$2 10006622 f i MSVCMRT:mstartup.obj
 0001:000056fd       __catch$?__get_default_appdomain@@$$FYAJPAPAUIUnknown@@@Z$0 100066fd f i MSVCMRT:mstartup.obj
 0001:00005790       __catch$?GetDefaultDomain@<CrtImplementationDetails>@@$$FYMP$AAVAppDomain@System@@XZ$0 10006790 f i MSVCMRT:mstartup.obj
 0001:0000581c       __catch$?DoCallBackInDefaultDomain@<CrtImplementationDetails>@@$$FYAXP6GJPAX@Z0@Z$0 1000681c f i MSVCMRT:mstartup.obj
 0001:00005ccd       __catch$?_Initialize@LanguageSupport@<CrtImplementationDetails>@@$$FAAEXXZ$0 10006ccd f i MSVCMRT:mstartup.obj
 0001:00005d44       __catch$?_Initialize@LanguageSupport@<CrtImplementationDetails>@@$$FAAEXXZ$2 10006d44 f i MSVCMRT:mstartup.obj
 0001:00005dda       __catch$?Cleanup@LanguageSupport@<CrtImplementationDetails>@@$$FAAMXP$AAVException@System@@@Z$0 10006dda f i MSVCMRT:mstartup.obj
 0001:00005de4       __catch$?Cleanup@LanguageSupport@<CrtImplementationDetails>@@$$FAAMXP$AAVException@System@@@Z$1 10006de4 f i MSVCMRT:mstartup.obj
 0001:00005e76       __catch$?Initialize@LanguageSupport@<CrtImplementationDetails>@@$$FQAEXXZ$0 10006e76 f i MSVCMRT:mstartup.obj
 0001:00005e8c       __catch$?Initialize@LanguageSupport@<CrtImplementationDetails>@@$$FQAEXXZ$2 10006e8c f i MSVCMRT:mstartup.obj
 0001:00005ea5       __catch$?Initialize@LanguageSupport@<CrtImplementationDetails>@@$$FQAEXXZ$3 10006ea5 f i MSVCMRT:mstartup.obj
 0001:000061d2       __catch$?_atexit_helper@@$$J0YMHP6MXXZPAIPAPAP6MXXZ2@Z$0 100071d2 f   MSVCMRT:msilexit.obj
 0001:00006233       __catch$?_atexit_helper@@$$J0YMHP6MXXZPAIPAPAP6MXXZ2@Z$2 10007233 f   MSVCMRT:msilexit.obj
 0001:0000623a       __catch$?_atexit_helper@@$$J0YMHP6MXXZPAIPAPAP6MXXZ2@Z$3 1000723a f   MSVCMRT:msilexit.obj
 0002:00000250       ?Initialized$initializer$@CurrentDomain@<CrtImplementationDetails>@@$$Q2P6MXXZA 10008250     MSVCMRT:mstartup.obj
 0002:00000254       ?Uninitialized$initializer$@CurrentDomain@<CrtImplementationDetails>@@$$Q2P6MXXZA 10008254     MSVCMRT:mstartup.obj
 0002:00000258       ?IsDefaultDomain$initializer$@CurrentDomain@<CrtImplementationDetails>@@$$Q2P6MXXZA 10008258     MSVCMRT:mstartup.obj
 0002:0000025c       ?InitializedVtables$initializer$@CurrentDomain@<CrtImplementationDetails>@@$$Q2P6MXXZA 1000825c     MSVCMRT:mstartup.obj
 0002:00000260       ?InitializedNative$initializer$@CurrentDomain@<CrtImplementationDetails>@@$$Q2P6MXXZA 10008260     MSVCMRT:mstartup.obj
 0002:00000264       ?InitializedPerProcess$initializer$@CurrentDomain@<CrtImplementationDetails>@@$$Q2P6MXXZA 10008264     MSVCMRT:mstartup.obj
 0002:00000268       ?InitializedPerAppDomain$initializer$@CurrentDomain@<CrtImplementationDetails>@@$$Q2P6MXXZA 10008268     MSVCMRT:mstartup.obj
 0002:00000274       _proxyFactory$initializer$ 10008274     clrfunc.obj
 0002:00000278       _proxyFunction$initializer$ 10008278     clrfunc.obj
 0002:0000027c       _callbackFactory$initializer$ 1000827c     nodejsfuncinvokecontext.obj
 0002:00000280       _callbackFunction$initializer$ 10008280     nodejsfuncinvokecontext.obj
 0002:00000900       __unep@?ActionCallback@clrActionContext@@$$FSAXPAX@Z 10008900     clrfuncinvokecontext.obj
 0002:00000920       __unep@?ActionCallback@clrActionContext@@$$FSAXPAX@Z 10008920     nodejsfunc.obj
 0002:00000e78       _GS_ExceptionPointers      10008e78     MSVCRT:gs_report.obj
 0002:0000e478       __sehtable$?dllmain_crt_process_attach@@YAHQAUHINSTANCE__@@QAX@Z 10016478     MSVCRT:dll_dllmain.obj
 0002:0000e498       __sehtable$?dllmain_crt_process_detach@@YAH_N@Z 10016498     MSVCRT:dll_dllmain.obj
 0002:0000e4b8       __sehtable$?dllmain_dispatch@@YAHQAUHINSTANCE__@@KQAX@Z 100164b8     MSVCRT:dll_dllmain.obj
 0002:0000e4d8       __sehtable$___scrt_is_nonwritable_in_current_image 100164d8     MSVCRT:utility.obj
 0002:0000e590       .edata                     10016590     edge_nativeclr.exp
 0002:0000e5b8       rgpv                       100165b8     edge_nativeclr.exp
 0002:0000e5bc       rgszName                   100165bc     edge_nativeclr.exp
 0002:0000e5c0       rgwOrd                     100165c0     edge_nativeclr.exp
 0002:0000e5c2       szName                     100165c2     edge_nativeclr.exp
 0002:0000e5d6       $N00001                    100165d6     edge_nativeclr.exp
 0002:0000e90e       .idata$6                   1001690e     nw:nw.dll
 0002:0000e92e       .idata$6                   1001692e     node:node.dll
 0002:0000e97c       .idata$6                   1001697c     vcruntime:VCRUNTIME140.dll
 0002:0000ea68       .idata$6                   10016a68     ucrt:api-ms-win-crt-stdio-l1-1-0.dll
 0002:0000ea88       .idata$6                   10016a88     ucrt:api-ms-win-crt-runtime-l1-1-0.dll
 0002:0000eaaa       .idata$6                   10016aaa     ucrt:api-ms-win-crt-heap-l1-1-0.dll
 0002:0000ebee       .idata$6                   10016bee     kernel32:KERNEL32.dll
 0002:000100a0       .idata$6                   100180a0     MSCOREE:mscoree.dll
 0003:0000005c       __module                   1001905c     edge.obj
 0003:000005bc       _proxyFactory              100195bc     clrfunc.obj
 0003:000005c0       _proxyFunction             100195c0     clrfunc.obj
 0003:00000838       _callbackFunction          10019838     nodejsfuncinvokecontext.obj
 0003:0000083c       _callbackFactory           1001983c     nodejsfuncinvokecontext.obj
 0003:00000d34       ?__proc_attached@@3HA      10019d34     MSVCRT:dll_dllmain.obj
 0003:00000d38       _GS_ExceptionRecord        10019d38     MSVCRT:gs_report.obj
 0003:00000d88       _GS_ContextRecord          10019d88     MSVCRT:gs_report.obj
 0003:00001070       ?is_initialized_as_dll@@3_NA 1001a070     MSVCRT:utility.obj
 0003:00001071       ?module_local_atexit_table_initialized@@3_NA 1001a071     MSVCRT:utility.obj
 0003:00001074       ?module_local_atexit_table@@3U_onexit_table_t@@A 1001a074     MSVCRT:utility.obj
 0003:00001080       ?module_local_at_quick_exit_table@@3U_onexit_table_t@@A 1001a080     MSVCRT:utility.obj
 0003:000011c8       ___exit_list_size          1001a1c8     MSVCMRT:msilexit.obj
 0003:000011cc       ___onexitbegin_m           1001a1cc     MSVCMRT:msilexit.obj
 0003:000011d0       ___onexitend_m             1001a1d0     MSVCMRT:msilexit.obj
 0004:00000060       $R000000                   1001b060     * linker generated manifest res *

 Exports

  ordinal    name

        1    __register_edge_nativeclr_
               exported name: _register_edge_nativeclr_
