 nodejavabridge_bindings

 Timestamp is 5c522dcc (Wed Jan 30 16:05:48 2019)

 Preferred load address is 10000000

 Start         Length     Name                   Class
 0001:00000000 000002c0H .text$di                CODE
 0001:000002c0 00034dc7H .text$mn                CODE
 0001:00035087 00000099H .text$x                 CODE
 0001:00035120 00000378H .text$yd                CODE
 0002:00000000 000002c0H .idata$5                DATA
 0002:000002c0 00000004H .00cfg                  DATA
 0002:000002c4 00000004H .CRT$XCA                DATA
 0002:000002c8 0000000cH .CRT$XCC                DATA
 0002:000002d4 00000008H .CRT$XCL                DATA
 0002:000002dc 00000030H .CRT$XCU                DATA
 0002:0000030c 00000004H .CRT$XCZ                DATA
 0002:00000310 00000004H .CRT$XIA                DATA
 0002:00000314 00000014H .CRT$XIC                DATA
 0002:00000328 00000004H .CRT$XIZ                DATA
 0002:0000032c 00000004H .CRT$XPA                DATA
 0002:00000330 00000008H .CRT$XPX                DATA
 0002:00000338 00000004H .CRT$XPXA               DATA
 0002:0000033c 00000004H .CRT$XPZ                DATA
 0002:00000340 00000004H .CRT$XTA                DATA
 0002:00000344 0000000cH .CRT$XTZ                DATA
 0002:00000348 00000000H .gfids$y                DATA
 0002:00000350 0000f340H .rdata                  DATA
 0002:0000f690 00000570H .rdata$r                DATA
 0002:0000fc00 00000028H .rdata$sxdata           DATA
 0002:0000fc28 00000384H .rdata$zzzdbg           DATA
 0002:0000ffac 00000004H .rtc$IAA                DATA
 0002:0000ffb0 00000004H .rtc$IZZ                DATA
 0002:0000ffb4 00000004H .rtc$TAA                DATA
 0002:0000ffb8 00000008H .rtc$TZZ                DATA
 0002:0000ffc0 000007c0H .xdata$x                DATA
 0002:00010780 000000dcH .edata                  DATA
 0002:0001085c 00000050H .idata$2                DATA
 0002:000108ac 00000014H .idata$3                DATA
 0002:000108c0 000002c0H .idata$4                DATA
 0002:00010b80 0000202eH .idata$6                DATA
 0003:00000000 000008c0H .data                   DATA
 0003:000008c0 00000278H .data$r                 DATA
 0003:00000b38 00000e9cH .bss                    DATA
 0004:00000000 00000060H .rsrc$01                DATA
 0004:00000060 00000180H .rsrc$02                DATA

  Address         Publics by Value              Rva+Base       Lib:Object

 0000:00000000       ___guard_iat_count         00000000     <absolute>
 0000:00000000       ___guard_fids_count        00000000     <absolute>
 0000:00000000       ___guard_longjmp_table     00000000     <absolute>
 0000:00000000       ___hybrid_code_map_count   00000000     <absolute>
 0000:00000000       ___dynamic_value_reloc_table 00000000     <absolute>
 0000:00000000       ___guard_longjmp_count     00000000     <absolute>
 0000:00000000       ___volatile_metadata       00000000     <absolute>
 0000:00000000       ___guard_fids_table        00000000     <absolute>
 0000:00000000       ___hybrid_auxiliary_iat    00000000     <absolute>
 0000:00000000       ___guard_iat_table         00000000     <absolute>
 0000:00000000       __except_list              00000000     <absolute>
 0000:00000000       ___enclave_config          00000000     <absolute>
 0000:00000000       ___hybrid_code_map         00000000     <absolute>
 0000:0000000a       ___safe_se_handler_count   0000000a     <absolute>
 0000:00000100       ___guard_flags             00000100     <absolute>
 0000:00000000       ___ImageBase               10000000     <linker-defined>
 0001:000002c0       ___local_stdio_printf_options 100012c0 f i java.obj
 0001:000002d0       _fprintf                   100012d0 f i java.obj
 0001:00000300       _sprintf_s                 10001300 f i java.obj
 0001:00000340       ?what@exception@stdext@@UBEPBDXZ 10001340 f i java.obj
 0001:00000350       ?_Raise@exception@stdext@@QBEXXZ 10001350 f i java.obj
 0001:00000380       ?_Unlock@?$basic_streambuf@DU?$char_traits@D@std@@@std@@UAEXXZ 10001380 f i java.obj
 0001:00000380       @_guard_check_icall_nop@4  10001380 f i LIBCMT:guard_support.obj
 0001:00000380       ?EIO_CallJs@@YAXPAUuv_work_s@@@Z 10001380 f i java.obj
 0001:00000380       ?_Lock@?$basic_streambuf@DU?$char_traits@D@std@@@std@@UAEXXZ 10001380 f i java.obj
 0001:00000380       ?_Doraise@exception@stdext@@MBEXXZ 10001380 f i java.obj
 0001:00000390       ??_E_System_error@std@@UAEPAXI@Z 10001390 f i * CIL library *:* CIL module *
 0001:00000390       ??_Gfailure@ios_base@std@@UAEPAXI@Z 10001390 f i java.obj
 0001:00000390       ??_Efailure@ios_base@std@@UAEPAXI@Z 10001390 f i * CIL library *:* CIL module *
 0001:00000390       ??_Eexception@stdext@@UAEPAXI@Z 10001390 f i * CIL library *:* CIL module *
 0001:00000390       ??_Eruntime_error@std@@UAEPAXI@Z 10001390 f i * CIL library *:* CIL module *
 0001:00000390       ??_G_System_error@std@@UAEPAXI@Z 10001390 f i java.obj
 0001:00000390       ??_Gexception@stdext@@UAEPAXI@Z 10001390 f i java.obj
 0001:00000390       ??_Gruntime_error@std@@UAEPAXI@Z 10001390 f i java.obj
 0001:000003b0       ??0runtime_error@std@@QAE@PBD@Z 100013b0 f i java.obj
 0001:000003d0       ??0_Locinfo@std@@QAE@PBD@Z 100013d0 f i java.obj
 0001:00000450       ??1_Locinfo@std@@QAE@XZ    10001450 f i java.obj
 0001:000004f0       ??_G?$num_put@DV?$ostreambuf_iterator@DU?$char_traits@D@std@@@std@@@std@@MAEPAXI@Z 100014f0 f i java.obj
 0001:000004f0       ??_E?$num_put@DV?$ostreambuf_iterator@DU?$char_traits@D@std@@@std@@@std@@MAEPAXI@Z 100014f0 f i * CIL library *:* CIL module *
 0001:000004f0       ??_G_Facet_base@std@@UAEPAXI@Z 100014f0 f i java.obj
 0001:000004f0       ??_E_Facet_base@std@@UAEPAXI@Z 100014f0 f i * CIL library *:* CIL module *
 0001:00000510       ?_Incref@facet@locale@std@@UAEXXZ 10001510 f i java.obj
 0001:00000520       ?_Decref@facet@locale@std@@UAEPAV_Facet_base@3@XZ 10001520 f i java.obj
 0001:00000540       ??1locale@std@@QAE@XZ      10001540 f i java.obj
 0001:00000560       ?do_tolower@?$ctype@D@std@@MBEDD@Z 10001560 f i java.obj
 0001:00000580       ?do_tolower@?$ctype@D@std@@MBEPBDPADPBD@Z 10001580 f i java.obj
 0001:000005c0       ?do_toupper@?$ctype@D@std@@MBEDD@Z 100015c0 f i java.obj
 0001:000005e0       ?do_toupper@?$ctype@D@std@@MBEPBDPADPBD@Z 100015e0 f i java.obj
 0001:00000620       ?do_widen@?$ctype@D@std@@MBEDD@Z 10001620 f i java.obj
 0001:00000630       ?do_widen@?$ctype@D@std@@MBEPBDPBD0PAD@Z 10001630 f i java.obj
 0001:00000650       ?do_narrow@?$ctype@D@std@@MBEDDD@Z 10001650 f i java.obj
 0001:00000660       ?do_narrow@?$ctype@D@std@@MBEPBDPBD0DPAD@Z 10001660 f i java.obj
 0001:00000680       ??_E?$ctype@D@std@@MAEPAXI@Z 10001680 f i * CIL library *:* CIL module *
 0001:00000680       ??_G?$ctype@D@std@@MAEPAXI@Z 10001680 f i java.obj
 0001:000006d0       ?default_error_condition@error_category@std@@UBE?AVerror_condition@2@H@Z 100016d0 f i java.obj
 0001:000006e0       ?equivalent@error_category@std@@UBE_NHABVerror_condition@2@@Z 100016e0 f i java.obj
 0001:00000720       ?equivalent@error_category@std@@UBE_NABVerror_code@2@H@Z 10001720 f i java.obj
 0001:00000750       ?make_error_code@std@@YA?AVerror_code@1@W4io_errc@1@@Z 10001750 f i java.obj
 0001:00000780       ??0_System_error@std@@IAE@Verror_code@1@ABV?$basic_string@DU?$char_traits@D@std@@V?$allocator@D@2@@1@@Z 10001780 f i java.obj
 0001:00000960       ?name@_Iostream_error_category@std@@UBEPBDXZ 10001960 f i java.obj
 0001:00000970       ?message@_Iostream_error_category@std@@UBE?AV?$basic_string@DU?$char_traits@D@std@@V?$allocator@D@2@@2@H@Z 10001970 f i java.obj
 0001:000009e0       ??_G_Iostream_error_category@std@@UAEPAXI@Z 100019e0 f i java.obj
 0001:000009e0       ??_E_Iostream_error_category@std@@UAEPAXI@Z 100019e0 f i * CIL library *:* CIL module *
 0001:00000a00       ??0failure@ios_base@std@@QAE@PBDABVerror_code@2@@Z 10001a00 f i java.obj
 0001:00000ac0       ?_Doraise@failure@ios_base@std@@MBEXXZ 10001ac0 f i java.obj
 0001:00000ad0       ??_Gios_base@std@@UAEPAXI@Z 10001ad0 f i java.obj
 0001:00000ad0       ??_E?$basic_ios@DU?$char_traits@D@std@@@std@@UAEPAXI@Z 10001ad0 f i * CIL library *:* CIL module *
 0001:00000ad0       ??_G?$basic_ios@DU?$char_traits@D@std@@@std@@UAEPAXI@Z 10001ad0 f i java.obj
 0001:00000ad0       ??_Eios_base@std@@UAEPAXI@Z 10001ad0 f i * CIL library *:* CIL module *
 0001:00000b00       ?NewObject@JNIEnv_@@QAAPAV_jobject@@PAV_jclass@@PAU_jmethodID@@ZZ 10001b00 f i java.obj
 0001:00000b20       ?CallObjectMethod@JNIEnv_@@QAAPAV_jobject@@PAV2@PAU_jmethodID@@ZZ 10001b20 f i java.obj
 0001:00000b40       ?CallBooleanMethod@JNIEnv_@@QAAEPAV_jobject@@PAU_jmethodID@@ZZ 10001b40 f i java.obj
 0001:00000b60       ?CallByteMethod@JNIEnv_@@QAACPAV_jobject@@PAU_jmethodID@@ZZ 10001b60 f i java.obj
 0001:00000b80       ?CallCharMethod@JNIEnv_@@QAAGPAV_jobject@@PAU_jmethodID@@ZZ 10001b80 f i java.obj
 0001:00000ba0       ?CallShortMethod@JNIEnv_@@QAAFPAV_jobject@@PAU_jmethodID@@ZZ 10001ba0 f i java.obj
 0001:00000bc0       ?CallIntMethod@JNIEnv_@@QAAJPAV_jobject@@PAU_jmethodID@@ZZ 10001bc0 f i java.obj
 0001:00000be0       ?CallFloatMethod@JNIEnv_@@QAAMPAV_jobject@@PAU_jmethodID@@ZZ 10001be0 f i java.obj
 0001:00000c00       ?CallDoubleMethod@JNIEnv_@@QAANPAV_jobject@@PAU_jmethodID@@ZZ 10001c00 f i java.obj
 0001:00000c20       ?CallStaticObjectMethod@JNIEnv_@@QAAPAV_jobject@@PAV_jclass@@PAU_jmethodID@@ZZ 10001c20 f i java.obj
 0001:00000c40       ?SetObjectArrayElement@JNIEnv_@@QAEXPAV_jobjectArray@@JPAV_jobject@@@Z 10001c40 f i java.obj
 0001:00000f00       ?New@?$Factory@VFunctionTemplate@v8@@@imp@Nan@@SA?AV?$Local@VFunctionTemplate@v8@@@v8@@P6AXABV?$FunctionCallbackInfo@VValue@v8@@@3@@ZV?$Local@VValue@v8@@@5@V?$Local@VSignature@v8@@@5@@Z 10001f00 f i java.obj
 0001:00001060       ?ThrowError@Nan@@YAXPBD@Z  10002060 f i java.obj
 0001:000010e0       ?TypeError@Nan@@YA?AV?$Local@VValue@v8@@@v8@@PBD@Z 100020e0 f i java.obj
 0001:00001160       ?ThrowError@Nan@@YAXV?$Local@VValue@v8@@@v8@@@Z 10002160 f i java.obj
 0001:00001180       ?SetPrototypeMethod@Nan@@YAXV?$Local@VFunctionTemplate@v8@@@v8@@PBDP6AXABV?$FunctionCallbackInfo@VValue@v8@@@1@@Z@Z 10002180 f i java.obj
 0001:00001230       ?SetAccessor@Nan@@YA_NV?$Local@VObject@v8@@@v8@@V?$Local@VString@v8@@@3@P6AX1ABV?$PropertyCallbackInfo@VValue@v8@@@1@@ZP6AX1V?$Local@VValue@v8@@@3@ABV?$PropertyCallbackInfo@X@1@@Z4W4AccessControl@3@W4PropertyAttribute@3@@Z 10002230 f i java.obj
 0001:00001390       ?Wrap@ObjectWrap@Nan@@IAEXV?$Local@VObject@v8@@@v8@@@Z 10002390 f i java.obj
 0001:00001440       ?Ref@ObjectWrap@Nan@@MAEXXZ 10002440 f i java.obj
 0001:00001440       ?Ref@JavaObject@@UAEXXZ    10002440 f i javaObject.obj
 0001:00001470       ?Unref@JavaObject@@UAEXXZ  10002470 f i javaObject.obj
 0001:00001470       ?Unref@ObjectWrap@Nan@@MAEXXZ 10002470 f i java.obj
 0001:00001500       ?WeakCallback@ObjectWrap@Nan@@CAXABV?$WeakCallbackInfo@VObjectWrap@Nan@@@v8@@@Z 10002500 f i java.obj
 0001:00001570       ??_GObjectWrap@Nan@@UAEPAXI@Z 10002570 f i java.obj
 0001:00001570       ??_EObjectWrap@Nan@@UAEPAXI@Z 10002570 f i * CIL library *:* CIL module *
 0001:000015e0       ?Init@Java@@SAXV?$Local@VObject@v8@@@v8@@@Z 100025e0 f   java.obj
 0001:00001880       ?New@Java@@CAXABV?$FunctionCallbackInfo@VValue@v8@@@Nan@@@Z 10002880 f   java.obj
 0001:00001b50       ??_EJava@@EAEPAXI@Z        10002b50 f i * CIL library *:* CIL module *
 0001:00001b50       ??_GJava@@EAEPAXI@Z        10002b50 f i java.obj
 0001:00001b70       ??1Java@@EAE@XZ            10002b70 f   java.obj
 0001:00001d10       ?configureAsync@Java@@AAEXAAV?$Local@VValue@v8@@@v8@@@Z 10002d10 f   java.obj
 0001:000020e0       ?createJVM@Java@@AAE?AV?$Local@VValue@v8@@@v8@@PAPAUJavaVM_@@PAPAUJNIEnv_@@@Z 100030e0 f   java.obj
 0001:00002b00       ??_D?$basic_ostringstream@DU?$char_traits@D@std@@V?$allocator@D@2@@std@@QAEXXZ 10003b00 f i java.obj
 0001:00002b60       ?AccessorProhibitsOverwritingGetter@Java@@CAXV?$Local@VString@v8@@@v8@@ABV?$PropertyCallbackInfo@VValue@v8@@@Nan@@@Z 10003b60 f   java.obj
 0001:00002f00       ?AccessorProhibitsOverwritingSetter@Java@@CAXV?$Local@VString@v8@@@v8@@V?$Local@VValue@v8@@@3@ABV?$PropertyCallbackInfo@X@Nan@@@Z 10003f00 f   java.obj
 0001:000030a0       ?getClassLoader@Java@@CAXABV?$FunctionCallbackInfo@VValue@v8@@@Nan@@@Z 100040a0 f   java.obj
 0001:00003210       ?newInstance@Java@@CAXABV?$FunctionCallbackInfo@VValue@v8@@@Nan@@@Z 10004210 f   java.obj
 0001:00003b50       ?newInstanceSync@Java@@CAXABV?$FunctionCallbackInfo@VValue@v8@@@Nan@@@Z 10004b50 f   java.obj
 0001:00004280       ?newProxy@Java@@CAXABV?$FunctionCallbackInfo@VValue@v8@@@Nan@@@Z 10005280 f   java.obj
 0001:000055c0       ??1DynamicProxyData@@QAE@XZ 100065c0 f i java.obj
 0001:000056e0       ?callStaticMethod@Java@@CAXABV?$FunctionCallbackInfo@VValue@v8@@@Nan@@@Z 100066e0 f   java.obj
 0001:00006220       ?callStaticMethodSync@Java@@CAXABV?$FunctionCallbackInfo@VValue@v8@@@Nan@@@Z 10007220 f   java.obj
 0001:00006c70       ?callMethodSync@Java@@CAXABV?$FunctionCallbackInfo@VValue@v8@@@Nan@@@Z 10007c70 f   java.obj
 0001:00007340       ?callMethod@Java@@CAXABV?$FunctionCallbackInfo@VValue@v8@@@Nan@@@Z 10008340 f   java.obj
 0001:00007c30       ?findClassSync@Java@@CAXABV?$FunctionCallbackInfo@VValue@v8@@@Nan@@@Z 10008c30 f   java.obj
 0001:00008150       ?newArray@Java@@CAXABV?$FunctionCallbackInfo@VValue@v8@@@Nan@@@Z 10009150 f   java.obj
 0001:00009240       ?newByte@Java@@CAXABV?$FunctionCallbackInfo@VValue@v8@@@Nan@@@Z 1000a240 f   java.obj
 0001:00009460       ?newShort@Java@@CAXABV?$FunctionCallbackInfo@VValue@v8@@@Nan@@@Z 1000a460 f   java.obj
 0001:00009680       ?newLong@Java@@CAXABV?$FunctionCallbackInfo@VValue@v8@@@Nan@@@Z 1000a680 f   java.obj
 0001:000098a0       ?newChar@Java@@CAXABV?$FunctionCallbackInfo@VValue@v8@@@Nan@@@Z 1000a8a0 f   java.obj
 0001:00009bc0       ?newFloat@Java@@CAXABV?$FunctionCallbackInfo@VValue@v8@@@Nan@@@Z 1000abc0 f   java.obj
 0001:00009df0       ?newDouble@Java@@CAXABV?$FunctionCallbackInfo@VValue@v8@@@Nan@@@Z 1000adf0 f   java.obj
 0001:0000a010       ?getStaticFieldValue@Java@@CAXABV?$FunctionCallbackInfo@VValue@v8@@@Nan@@@Z 1000b010 f   java.obj
 0001:0000ac80       ?setStaticFieldValue@Java@@CAXABV?$FunctionCallbackInfo@VValue@v8@@@Nan@@@Z 1000bc80 f   java.obj
 0001:0000b790       ?instanceOf@Java@@CAXABV?$FunctionCallbackInfo@VValue@v8@@@Nan@@@Z 1000c790 f   java.obj
 0001:0000bdc0       ?EIO_AfterCallJs@@YAXPAUuv_work_s@@@Z 1000cdc0 f   java.obj
 0001:0000c5c0       ?throwNewThrowable@@YAXPAUJNIEnv_@@PBDV?$basic_string@DU?$char_traits@D@std@@V?$allocator@D@2@@std@@@Z 1000d5c0 f   java.obj
 0001:0000c640       _Java_node_NodeDynamicProxyClass_callJs@24 1000d640 f   java.obj
 0001:0000c8a0       _Java_node_NodeDynamicProxyClass_unref@16 1000d8a0 f   java.obj
 0001:0000c8b0       ??A?$FunctionCallbackInfo@VValue@v8@@@Nan@@QBE?AV?$Local@VValue@v8@@@v8@@H@Z 1000d8b0 f i java.obj
 0001:0000c8f0       ?resize@?$basic_string@DU?$char_traits@D@std@@V?$allocator@D@2@@std@@QAEXID@Z 1000d8f0 f i java.obj
 0001:0000c960       ?append@?$basic_string@DU?$char_traits@D@std@@V?$allocator@D@2@@std@@QAEAAV12@QBD@Z 1000d960 f i java.obj
 0001:0000c9d0       ??1?$basic_string@DU?$char_traits@D@std@@V?$allocator@D@2@@std@@QAE@XZ 1000d9d0 f i java.obj
 0001:0000ca20       ??4?$basic_string@DU?$char_traits@D@std@@V?$allocator@D@2@@std@@QAEAAV01@$$QAV01@@Z 1000da20 f i java.obj
 0001:0000caa0       ??0?$basic_string@DU?$char_traits@D@std@@V?$allocator@D@2@@std@@QAE@ID@Z 1000daa0 f i java.obj
 0001:0000cbe0       ??0?$basic_string@DU?$char_traits@D@std@@V?$allocator@D@2@@std@@QAE@QBD@Z 1000dbe0 f i java.obj
 0001:0000cc20       ??0?$basic_string@DU?$char_traits@D@std@@V?$allocator@D@2@@std@@QAE@ABV01@@Z 1000dc20 f i java.obj
 0001:0000cce0       ?str@?$basic_ostringstream@DU?$char_traits@D@std@@V?$allocator@D@2@@std@@QBE?AV?$basic_string@DU?$char_traits@D@std@@V?$allocator@D@2@@2@XZ 1000dce0 f i java.obj
 0001:0000cd60       ??0?$basic_ostringstream@DU?$char_traits@D@std@@V?$allocator@D@2@@std@@QAE@H@Z 1000dd60 f i java.obj
 0001:0000cf60       ?seekpos@?$basic_stringbuf@DU?$char_traits@D@std@@V?$allocator@D@2@@std@@MAE?AV?$fpos@U_Mbstatet@@@2@V32@H@Z 1000df60 f i java.obj
 0001:0000d060       ?seekoff@?$basic_stringbuf@DU?$char_traits@D@std@@V?$allocator@D@2@@std@@MAE?AV?$fpos@U_Mbstatet@@@2@_JHH@Z 1000e060 f i java.obj
 0001:0000d1d0       ?underflow@?$basic_stringbuf@DU?$char_traits@D@std@@V?$allocator@D@2@@std@@MAEHXZ 1000e1d0 f i java.obj
 0001:0000d230       ?pbackfail@?$basic_stringbuf@DU?$char_traits@D@std@@V?$allocator@D@2@@std@@MAEHH@Z 1000e230 f i java.obj
 0001:0000d280       ?overflow@?$basic_stringbuf@DU?$char_traits@D@std@@V?$allocator@D@2@@std@@MAEHH@Z 1000e280 f i java.obj
 0001:0000d430       ??1?$basic_stringbuf@DU?$char_traits@D@std@@V?$allocator@D@2@@std@@UAE@XZ 1000e430 f i java.obj
 0001:0000d500       ??6?$basic_ostream@DU?$char_traits@D@std@@@std@@QAEAAV01@H@Z 1000e500 f i java.obj
 0001:0000d710       ?imbue@?$basic_streambuf@DU?$char_traits@D@std@@@std@@MAEXABVlocale@2@@Z 1000e710 f i java.obj
 0001:0000d720       ?sync@?$basic_streambuf@DU?$char_traits@D@std@@@std@@MAEHXZ 1000e720 f i java.obj
 0001:0000d730       ?setbuf@?$basic_streambuf@DU?$char_traits@D@std@@@std@@MAEPAV12@PAD_J@Z 1000e730 f i java.obj
 0001:0000d740       ?seekpos@?$basic_streambuf@DU?$char_traits@D@std@@@std@@MAE?AV?$fpos@U_Mbstatet@@@2@V32@H@Z 1000e740 f i java.obj
 0001:0000d770       ?seekoff@?$basic_streambuf@DU?$char_traits@D@std@@@std@@MAE?AV?$fpos@U_Mbstatet@@@2@_JHH@Z 1000e770 f i java.obj
 0001:0000d7a0       ?xsputn@?$basic_streambuf@DU?$char_traits@D@std@@@std@@MAE_JPBD_J@Z 1000e7a0 f i java.obj
 0001:0000d880       ?xsgetn@?$basic_streambuf@DU?$char_traits@D@std@@@std@@MAE_JPAD_J@Z 1000e880 f i java.obj
 0001:0000d960       ?uflow@?$basic_streambuf@DU?$char_traits@D@std@@@std@@MAEHXZ 1000e960 f i java.obj
 0001:0000d990       ?underflow@?$basic_streambuf@DU?$char_traits@D@std@@@std@@MAEHXZ 1000e990 f i java.obj
 0001:0000d9a0       ?showmanyc@?$basic_streambuf@DU?$char_traits@D@std@@@std@@MAE_JXZ 1000e9a0 f i java.obj
 0001:0000d9b0       ?overflow@?$basic_streambuf@DU?$char_traits@D@std@@@std@@MAEHH@Z 1000e9b0 f i java.obj
 0001:0000d9b0       ?pbackfail@?$basic_streambuf@DU?$char_traits@D@std@@@std@@MAEHH@Z 1000e9b0 f i java.obj
 0001:0000d9c0       ??_E?$basic_ostringstream@DU?$char_traits@D@std@@V?$allocator@D@2@@std@@UAEPAXI@Z 1000e9c0 f i * CIL library *:* CIL module *
 0001:0000d9c0       ??_G?$basic_ostringstream@DU?$char_traits@D@std@@V?$allocator@D@2@@std@@UAEPAXI@Z 1000e9c0 f i java.obj
 0001:0000da30       ??_E?$basic_stringbuf@DU?$char_traits@D@std@@V?$allocator@D@2@@std@@UAEPAXI@Z 1000ea30 f i * CIL library *:* CIL module *
 0001:0000da30       ??_G?$basic_stringbuf@DU?$char_traits@D@std@@V?$allocator@D@2@@std@@UAEPAXI@Z 1000ea30 f i java.obj
 0001:0000da50       ??_G?$basic_ostream@DU?$char_traits@D@std@@@std@@UAEPAXI@Z 1000ea50 f i java.obj
 0001:0000da50       ??_E?$basic_ostream@DU?$char_traits@D@std@@@std@@UAEPAXI@Z 1000ea50 f i * CIL library *:* CIL module *
 0001:0000daa0       ??_E?$basic_streambuf@DU?$char_traits@D@std@@@std@@UAEPAXI@Z 1000eaa0 f i * CIL library *:* CIL module *
 0001:0000daa0       ??_G?$basic_streambuf@DU?$char_traits@D@std@@@std@@UAEPAXI@Z 1000eaa0 f i java.obj
 0001:0000daf0       ??0sentry@?$basic_ostream@DU?$char_traits@D@std@@@std@@QAE@AAV12@@Z 1000eaf0 f i java.obj
 0001:0000dbe0       ?do_put@?$num_put@DV?$ostreambuf_iterator@DU?$char_traits@D@std@@@std@@@std@@MBE?AV?$ostreambuf_iterator@DU?$char_traits@D@std@@@2@V32@AAVios_base@2@DPBX@Z 1000ebe0 f i java.obj
 0001:0000dc50       ?do_put@?$num_put@DV?$ostreambuf_iterator@DU?$char_traits@D@std@@@std@@@std@@MBE?AV?$ostreambuf_iterator@DU?$char_traits@D@std@@@2@V32@AAVios_base@2@DO@Z 1000ec50 f i java.obj
 0001:0000ddf0       ?do_put@?$num_put@DV?$ostreambuf_iterator@DU?$char_traits@D@std@@@std@@@std@@MBE?AV?$ostreambuf_iterator@DU?$char_traits@D@std@@@2@V32@AAVios_base@2@DN@Z 1000edf0 f i java.obj
 0001:0000df90       ?do_put@?$num_put@DV?$ostreambuf_iterator@DU?$char_traits@D@std@@@std@@@std@@MBE?AV?$ostreambuf_iterator@DU?$char_traits@D@std@@@2@V32@AAVios_base@2@D_K@Z 1000ef90 f i java.obj
 0001:0000e010       ?do_put@?$num_put@DV?$ostreambuf_iterator@DU?$char_traits@D@std@@@std@@@std@@MBE?AV?$ostreambuf_iterator@DU?$char_traits@D@std@@@2@V32@AAVios_base@2@D_J@Z 1000f010 f i java.obj
 0001:0000e090       ?do_put@?$num_put@DV?$ostreambuf_iterator@DU?$char_traits@D@std@@@std@@@std@@MBE?AV?$ostreambuf_iterator@DU?$char_traits@D@std@@@2@V32@AAVios_base@2@DK@Z 1000f090 f i java.obj
 0001:0000e110       ?do_put@?$num_put@DV?$ostreambuf_iterator@DU?$char_traits@D@std@@@std@@@std@@MBE?AV?$ostreambuf_iterator@DU?$char_traits@D@std@@@2@V32@AAVios_base@2@DJ@Z 1000f110 f i java.obj
 0001:0000e190       ?do_put@?$num_put@DV?$ostreambuf_iterator@DU?$char_traits@D@std@@@std@@@std@@MBE?AV?$ostreambuf_iterator@DU?$char_traits@D@std@@@2@V32@AAVios_base@2@D_N@Z 1000f190 f i java.obj
 0001:0000e3e0       ?assign@?$basic_string@DU?$char_traits@D@std@@V?$allocator@D@2@@std@@QAEAAV12@QBDI@Z 1000f3e0 f i java.obj
 0001:0000e500       ?_Pnavail@?$basic_streambuf@DU?$char_traits@D@std@@@std@@IBE_JXZ 1000f500 f i java.obj
 0001:0000e520       ?_Gnavail@?$basic_streambuf@DU?$char_traits@D@std@@@std@@IBE_JXZ 1000f520 f i java.obj
 0001:0000e540       ?setstate@?$basic_ios@DU?$char_traits@D@std@@@std@@QAEXH_N@Z 1000f540 f i java.obj
 0001:0000e5b0       ?do_truename@?$numpunct@D@std@@MBE?AV?$basic_string@DU?$char_traits@D@std@@V?$allocator@D@2@@2@XZ 1000f5b0 f i java.obj
 0001:0000e5f0       ?do_falsename@?$numpunct@D@std@@MBE?AV?$basic_string@DU?$char_traits@D@std@@V?$allocator@D@2@@2@XZ 1000f5f0 f i java.obj
 0001:0000e630       ?do_grouping@?$numpunct@D@std@@MBE?AV?$basic_string@DU?$char_traits@D@std@@V?$allocator@D@2@@2@XZ 1000f630 f i java.obj
 0001:0000e670       ?do_thousands_sep@?$numpunct@D@std@@MBEDXZ 1000f670 f i java.obj
 0001:0000e680       ?do_decimal_point@?$numpunct@D@std@@MBEDXZ 1000f680 f i java.obj
 0001:0000e690       ?_Rep@?$num_put@DV?$ostreambuf_iterator@DU?$char_traits@D@std@@@std@@@std@@ABA?AV?$ostreambuf_iterator@DU?$char_traits@D@std@@@2@V32@DI@Z 1000f690 f i java.obj
 0001:0000e700       ?_Put@?$num_put@DV?$ostreambuf_iterator@DU?$char_traits@D@std@@@std@@@std@@ABA?AV?$ostreambuf_iterator@DU?$char_traits@D@std@@@2@V32@PBDI@Z 1000f700 f i java.obj
 0001:0000e780       ?_Iput@?$num_put@DV?$ostreambuf_iterator@DU?$char_traits@D@std@@@std@@@std@@ABA?AV?$ostreambuf_iterator@DU?$char_traits@D@std@@@2@V32@AAVios_base@2@DPADI@Z 1000f780 f i java.obj
 0001:0000eb80       ?_Ifmt@?$num_put@DV?$ostreambuf_iterator@DU?$char_traits@D@std@@@std@@@std@@ABAPADPADPBDH@Z 1000fb80 f i java.obj
 0001:0000ec10       ?_Fput@?$num_put@DV?$ostreambuf_iterator@DU?$char_traits@D@std@@@std@@@std@@ABA?AV?$ostreambuf_iterator@DU?$char_traits@D@std@@@2@V32@AAVios_base@2@DPBDI@Z 1000fc10 f i java.obj
 0001:0000f080       ?_Ffmt@?$num_put@DV?$ostreambuf_iterator@DU?$char_traits@D@std@@@std@@@std@@ABAPADPADDH@Z 10010080 f i java.obj
 0001:0000f140       ??_E?$numpunct@D@std@@MAEPAXI@Z 10010140 f i * CIL library *:* CIL module *
 0001:0000f140       ??_G?$numpunct@D@std@@MAEPAXI@Z 10010140 f i java.obj
 0001:0000f180       ?_Xran@?$_String_val@U?$_Simple_types@D@std@@@std@@SAXXZ 10010180 f i java.obj
 0001:0000f190       ??$use_facet@V?$ctype@D@std@@@std@@YAABV?$ctype@D@0@ABVlocale@0@@Z 10010190 f i java.obj
 0001:0000f2c0       ??$Reset@VObject@v8@@@?$Persistent@VObject@v8@@V?$NonCopyablePersistentTraits@VObject@v8@@@2@@Nan@@QAEXABV?$Local@VObject@v8@@@v8@@@Z 100102c0 f i java.obj
 0001:0000f300       ??$New@VObject@v8@@V?$NonCopyablePersistentTraits@VObject@v8@@@2@@Nan@@YA?AV?$Local@VObject@v8@@@v8@@ABV?$Persistent@VObject@v8@@V?$NonCopyablePersistentTraits@VObject@v8@@@2@@0@@Z 10010300 f i java.obj
 0001:0000f330       ??$?9DU?$char_traits@D@std@@V?$allocator@D@1@@std@@YA_NABV?$basic_string@DU?$char_traits@D@std@@V?$allocator@D@2@@0@0@Z 10010330 f i java.obj
 0001:0000f3a0       ??$?6U?$char_traits@D@std@@@std@@YAAAV?$basic_ostream@DU?$char_traits@D@std@@@0@AAV10@PBD@Z 100103a0 f i java.obj
 0001:0000f5e0       ??$Unwrap@VJavaObject@@@ObjectWrap@Nan@@SAPAVJavaObject@@V?$Local@VObject@v8@@@v8@@@Z 100105e0 f i java.obj
 0001:0000f5e0       ??$Unwrap@VJava@@@ObjectWrap@Nan@@SAPAVJava@@V?$Local@VObject@v8@@@v8@@@Z 100105e0 f i java.obj
 0001:0000f5e0       ??$Unwrap@VJavaProxyObject@@@ObjectWrap@Nan@@SAPAVJavaProxyObject@@V?$Local@VObject@v8@@@v8@@@Z 100105e0 f i javaObject.obj
 0001:0000f660       ??$?HDU?$char_traits@D@std@@V?$allocator@D@1@@std@@YA?AV?$basic_string@DU?$char_traits@D@std@@V?$allocator@D@2@@0@QBDABV10@@Z 10010660 f i java.obj
 0001:0000f710       ??$use_facet@V?$numpunct@D@std@@@std@@YAABV?$numpunct@D@0@ABVlocale@0@@Z 10010710 f i java.obj
 0001:0000f8e0       ??$_Reallocate_grow_by@V<lambda_c1b8c41cb4019640539cfd828748c4d4>@@ID@?$basic_string@DU?$char_traits@D@std@@V?$allocator@D@2@@std@@QAEAAV01@IV<lambda_c1b8c41cb4019640539cfd828748c4d4>@@ID@Z 100108e0 f i java.obj
 0001:0000fa30       ??$_Reallocate_grow_by@V<lambda_ab246b20b9526e2ef7792587e4298a77>@@PBDI@?$basic_string@DU?$char_traits@D@std@@V?$allocator@D@2@@std@@QAEAAV01@IV<lambda_ab246b20b9526e2ef7792587e4298a77>@@PBDI@Z 10010a30 f i java.obj
 0001:0000fb80       ??$_Reallocate_grow_by@V<lambda_6607a66f2a10a1261ff9db96cba1015b>@@IID@?$basic_string@DU?$char_traits@D@std@@V?$allocator@D@2@@std@@QAEAAV01@IV<lambda_6607a66f2a10a1261ff9db96cba1015b>@@IID@Z 10010b80 f i java.obj
 0001:0000fd00       ?_Xlen@?$basic_string@DU?$char_traits@D@std@@V?$allocator@D@2@@std@@SAXXZ 10010d00 f i java.obj
 0001:0000fd10       ?reserve@?$basic_string@DU?$char_traits@D@std@@V?$allocator@D@2@@std@@QAEXI@Z 10010d10 f i java.obj
 0001:0000fe90       ??$_Immortalize_impl@V_Iostream_error_category@std@@@std@@YGHPAX0PAPAX@Z 10010e90 f i java.obj
 0001:0000feb0       ??$_Insert_string@DU?$char_traits@D@std@@I@std@@YAAAV?$basic_ostream@DU?$char_traits@D@std@@@0@AAV10@QBDI@Z 10010eb0 f i java.obj
 0001:000100a0       ??$_Reallocate_grow_by@V<lambda_4d79bb85f269e6e8002a4599002d832c>@@IPBDI@?$basic_string@DU?$char_traits@D@std@@V?$allocator@D@2@@std@@QAEAAV01@IV<lambda_4d79bb85f269e6e8002a4599002d832c>@@IPBDI@Z 100110a0 f i java.obj
 0001:000101d4       ??_E?$basic_ostream@DU?$char_traits@D@std@@@std@@$4PPPPPPPM@A@AEPAXI@Z 100111d4 f i java.obj
 0001:000101dc       ??_E?$basic_ostringstream@DU?$char_traits@D@std@@V?$allocator@D@2@@std@@$4PPPPPPPM@A@AEPAXI@Z 100111dc f i java.obj
 0001:000101f0       ?CallStaticIntMethod@JNIEnv_@@QAAJPAV_jclass@@PAU_jmethodID@@ZZ 100111f0 f i javaObject.obj
 0001:00010210       ?SetAccessor@Nan@@YAXV?$Local@VObjectTemplate@v8@@@v8@@V?$Local@VString@v8@@@3@P6AX1ABV?$PropertyCallbackInfo@VValue@v8@@@1@@ZP6AX1V?$Local@VValue@v8@@@3@ABV?$PropertyCallbackInfo@X@1@@Z4W4AccessControl@3@W4PropertyAttribute@3@V?$Local@VAccessorSignature@v8@@@3@@Z 10011210 f i javaObject.obj
 0001:00010350       ?New@JavaObject@@SA?AV?$Local@VObject@v8@@@v8@@PAVJava@@PAV_jobject@@@Z 10011350 f   javaObject.obj
 0001:00011660       ??_GJavaObject@@MAEPAXI@Z  10012660 f i javaObject.obj
 0001:00011660       ??_EJavaObject@@MAEPAXI@Z  10012660 f i * CIL library *:* CIL module *
 0001:00011680       ??1JavaObject@@MAE@XZ      10012680 f   javaObject.obj
 0001:00011700       ?methodCall@JavaObject@@CAXABV?$FunctionCallbackInfo@VValue@v8@@@Nan@@@Z 10012700 f   javaObject.obj
 0001:00011d00       ?methodCallSync@JavaObject@@CAXABV?$FunctionCallbackInfo@VValue@v8@@@Nan@@@Z 10012d00 f   javaObject.obj
 0001:00011fa0       ?methodCallPromise@JavaObject@@CAXABV?$FunctionCallbackInfo@VValue@v8@@@Nan@@@Z 10012fa0 f   javaObject.obj
 0001:00012080       ?fieldGetter@JavaObject@@CAXV?$Local@VString@v8@@@v8@@ABV?$PropertyCallbackInfo@VValue@v8@@@Nan@@@Z 10013080 f   javaObject.obj
 0001:000125b0       ?fieldSetter@JavaObject@@CAXV?$Local@VString@v8@@@v8@@V?$Local@VValue@v8@@@3@ABV?$PropertyCallbackInfo@X@Nan@@@Z 100135b0 f   javaObject.obj
 0001:00012a10       ?indexGetter@JavaObject@@CAXIABV?$PropertyCallbackInfo@VValue@v8@@@Nan@@@Z 10013a10 f   javaObject.obj
 0001:00012b70       ?init@JavaProxyObject@@SAXXZ 10013b70 f   javaObject.obj
 0001:00012d10       ?New@JavaProxyObject@@SA?AV?$Local@VObject@v8@@@v8@@PAVJava@@PAV_jobject@@PAUDynamicProxyData@@@Z 10013d10 f   javaObject.obj
 0001:00012eb0       ??_GJavaProxyObject@@EAEPAXI@Z 10013eb0 f i javaObject.obj
 0001:00012eb0       ??_EJavaProxyObject@@EAEPAXI@Z 10013eb0 f i * CIL library *:* CIL module *
 0001:00012f10       ?doUnref@JavaProxyObject@@CAXABV?$FunctionCallbackInfo@VValue@v8@@@Nan@@@Z 10013f10 f   javaObject.obj
 0001:00012f70       ?invocationHandlerGetter@JavaProxyObject@@CAXV?$Local@VString@v8@@@v8@@ABV?$PropertyCallbackInfo@VValue@v8@@@Nan@@@Z 10013f70 f   javaObject.obj
 0001:00013030       ??A?$map@V?$basic_string@DU?$char_traits@D@std@@V?$allocator@D@2@@std@@PAV?$Persistent@VFunctionTemplate@v8@@V?$NonCopyablePersistentTraits@VFunctionTemplate@v8@@@2@@Nan@@U?$less@V?$basic_string@DU?$char_traits@D@std@@V?$allocator@D@2@@std@@@2@V?$allocator@U?$pair@$$CBV?$basic_string@DU?$char_traits@D@std@@V?$allocator@D@2@@std@@PAV?$Persistent@VFunctionTemplate@v8@@V?$NonCopyablePersistentTraits@VFunctionTemplate@v8@@@2@@Nan@@@std@@@2@@std@@QAEAAPAV?$Persistent@VFunctionTemplate@v8@@V?$NonCopyablePersistentTraits@VFunctionTemplate@v8@@@2@@Nan@@ABV?$basic_string@DU?$char_traits@D@std@@V?$allocator@D@2@@1@@Z 10014030 f i javaObject.obj
 0001:00013130       ?lower_bound@?$_Tree@V?$_Tmap_traits@V?$basic_string@DU?$char_traits@D@std@@V?$allocator@D@2@@std@@PAV?$Persistent@VFunctionTemplate@v8@@V?$NonCopyablePersistentTraits@VFunctionTemplate@v8@@@2@@Nan@@U?$less@V?$basic_string@DU?$char_traits@D@std@@V?$allocator@D@2@@std@@@2@V?$allocator@U?$pair@$$CBV?$basic_string@DU?$char_traits@D@std@@V?$allocator@D@2@@std@@PAV?$Persistent@VFunctionTemplate@v8@@V?$NonCopyablePersistentTraits@VFunctionTemplate@v8@@@2@@Nan@@@std@@@2@$0A@@std@@@std@@QAE?AV?$_Tree_iterator@V?$_Tree_val@U?$_Tree_simple_types@U?$pair@$$CBV?$basic_string@DU?$char_traits@D@std@@V?$allocator@D@2@@std@@PAV?$Persistent@VFunctionTemplate@v8@@V?$NonCopyablePersistentTraits@VFunctionTemplate@v8@@@2@@Nan@@@std@@@std@@@std@@@2@ABV?$basic_string@DU?$char_traits@D@std@@V?$allocator@D@2@@2@@Z 10014130 f i javaObject.obj
 0001:00013200       ?erase@?$_Tree@V?$_Tmap_traits@V?$basic_string@DU?$char_traits@D@std@@V?$allocator@D@2@@std@@PAV?$Persistent@VFunctionTemplate@v8@@V?$NonCopyablePersistentTraits@VFunctionTemplate@v8@@@2@@Nan@@U?$less@V?$basic_string@DU?$char_traits@D@std@@V?$allocator@D@2@@std@@@2@V?$allocator@U?$pair@$$CBV?$basic_string@DU?$char_traits@D@std@@V?$allocator@D@2@@std@@PAV?$Persistent@VFunctionTemplate@v8@@V?$NonCopyablePersistentTraits@VFunctionTemplate@v8@@@2@@Nan@@@std@@@2@$0A@@std@@@std@@QAE?AV?$_Tree_iterator@V?$_Tree_val@U?$_Tree_simple_types@U?$pair@$$CBV?$basic_string@DU?$char_traits@D@std@@V?$allocator@D@2@@std@@PAV?$Persistent@VFunctionTemplate@v8@@V?$NonCopyablePersistentTraits@VFunctionTemplate@v8@@@2@@Nan@@@std@@@std@@@std@@@2@V?$_Tree_const_iterator@V?$_Tree_val@U?$_Tree_simple_types@U?$pair@$$CBV?$basic_string@DU?$char_traits@D@std@@V?$allocator@D@2@@std@@PAV?$Persistent@VFunctionTemplate@v8@@V?$NonCopyablePersistentTraits@VFunctionTemplate@v8@@@2@@Nan@@@std@@@std@@@std@@@2@0@Z 10014200 f i javaObject.obj
 0001:00013370       ?_Extract@?$_Tree_val@U?$_Tree_simple_types@V?$basic_string@DU?$char_traits@D@std@@V?$allocator@D@2@@std@@@std@@@std@@QAEPAU?$_Tree_node@V?$basic_string@DU?$char_traits@D@std@@V?$allocator@D@2@@std@@PAX@2@V?$_Tree_const_iterator@V?$_Tree_val@U?$_Tree_simple_types@V?$basic_string@DU?$char_traits@D@std@@V?$allocator@D@2@@std@@@std@@@std@@@2@@Z 10014370 f i utils.obj
 0001:00013370       ?_Extract@?$_Tree_val@U?$_Tree_simple_types@U?$pair@$$CBV?$basic_string@DU?$char_traits@D@std@@V?$allocator@D@2@@std@@PAV?$Persistent@VFunctionTemplate@v8@@V?$NonCopyablePersistentTraits@VFunctionTemplate@v8@@@2@@Nan@@@std@@@std@@@std@@QAEPAU?$_Tree_node@U?$pair@$$CBV?$basic_string@DU?$char_traits@D@std@@V?$allocator@D@2@@std@@PAV?$Persistent@VFunctionTemplate@v8@@V?$NonCopyablePersistentTraits@VFunctionTemplate@v8@@@2@@Nan@@@std@@PAX@2@V?$_Tree_const_iterator@V?$_Tree_val@U?$_Tree_simple_types@U?$pair@$$CBV?$basic_string@DU?$char_traits@D@std@@V?$allocator@D@2@@std@@PAV?$Persistent@VFunctionTemplate@v8@@V?$NonCopyablePersistentTraits@VFunctionTemplate@v8@@@2@@Nan@@@std@@@std@@@std@@@2@@Z 10014370 f i javaObject.obj
 0001:00013790       ?_Erase@?$_Tree@V?$_Tmap_traits@V?$basic_string@DU?$char_traits@D@std@@V?$allocator@D@2@@std@@PAV?$Persistent@VFunctionTemplate@v8@@V?$NonCopyablePersistentTraits@VFunctionTemplate@v8@@@2@@Nan@@U?$less@V?$basic_string@DU?$char_traits@D@std@@V?$allocator@D@2@@std@@@2@V?$allocator@U?$pair@$$CBV?$basic_string@DU?$char_traits@D@std@@V?$allocator@D@2@@std@@PAV?$Persistent@VFunctionTemplate@v8@@V?$NonCopyablePersistentTraits@VFunctionTemplate@v8@@@2@@Nan@@@std@@@2@$0A@@std@@@std@@IAEXPAU?$_Tree_node@U?$pair@$$CBV?$basic_string@DU?$char_traits@D@std@@V?$allocator@D@2@@std@@PAV?$Persistent@VFunctionTemplate@v8@@V?$NonCopyablePersistentTraits@VFunctionTemplate@v8@@@2@@Nan@@@std@@PAX@2@@Z 10014790 f i javaObject.obj
 0001:00013810       ??$_Insert_hint@AAU?$pair@$$CBV?$basic_string@DU?$char_traits@D@std@@V?$allocator@D@2@@std@@PAV?$Persistent@VFunctionTemplate@v8@@V?$NonCopyablePersistentTraits@VFunctionTemplate@v8@@@2@@Nan@@@std@@PAU?$_Tree_node@U?$pair@$$CBV?$basic_string@DU?$char_traits@D@std@@V?$allocator@D@2@@std@@PAV?$Persistent@VFunctionTemplate@v8@@V?$NonCopyablePersistentTraits@VFunctionTemplate@v8@@@2@@Nan@@@std@@PAX@2@@?$_Tree@V?$_Tmap_traits@V?$basic_string@DU?$char_traits@D@std@@V?$allocator@D@2@@std@@PAV?$Persistent@VFunctionTemplate@v8@@V?$NonCopyablePersistentTraits@VFunctionTemplate@v8@@@2@@Nan@@U?$less@V?$basic_string@DU?$char_traits@D@std@@V?$allocator@D@2@@std@@@2@V?$allocator@U?$pair@$$CBV?$basic_string@DU?$char_traits@D@std@@V?$allocator@D@2@@std@@PAV?$Persistent@VFunctionTemplate@v8@@V?$NonCopyablePersistentTraits@VFunctionTemplate@v8@@@2@@Nan@@@std@@@2@$0A@@std@@@std@@IAE?AV?$_Tree_iterator@V?$_Tree_val@U?$_Tree_simple_types@U?$pair@$$CBV?$basic_string@DU?$char_traits@D@std@@V?$allocator@D@2@@std@@PAV?$Persistent@VFunctionTemplate@v8@@V?$NonCopyablePersistentTraits@VFunctionTemplate@v8@@@2@@Nan@@@std@@@std@@@std@@@1@V?$_Tree_const_iterator@V?$_Tree_val@U?$_Tree_simple_types@U?$pair@$$CBV?$basic_string@DU?$char_traits@D@std@@V?$allocator@D@2@@std@@PAV?$Persistent@VFunctionTemplate@v8@@V?$NonCopyablePersistentTraits@VFunctionTemplate@v8@@@2@@Nan@@@std@@@std@@@std@@@1@AAU?$pair@$$CBV?$basic_string@DU?$char_traits@D@std@@V?$allocator@D@2@@std@@PAV?$Persistent@VFunctionTemplate@v8@@V?$NonCopyablePersistentTraits@VFunctionTemplate@v8@@@2@@Nan@@@1@PAU?$_Tree_node@U?$pair@$$CBV?$basic_string@DU?$char_traits@D@std@@V?$allocator@D@2@@std@@PAV?$Persistent@VFunctionTemplate@v8@@V?$NonCopyablePersistentTraits@VFunctionTemplate@v8@@@2@@Nan@@@std@@PAX@1@@Z 10014810 f i javaObject.obj
 0001:00013d10       ?_Destroy_if_node@?$_Tree@V?$_Tmap_traits@V?$basic_string@DU?$char_traits@D@std@@V?$allocator@D@2@@std@@PAV?$Persistent@VFunctionTemplate@v8@@V?$NonCopyablePersistentTraits@VFunctionTemplate@v8@@@2@@Nan@@U?$less@V?$basic_string@DU?$char_traits@D@std@@V?$allocator@D@2@@std@@@2@V?$allocator@U?$pair@$$CBV?$basic_string@DU?$char_traits@D@std@@V?$allocator@D@2@@std@@PAV?$Persistent@VFunctionTemplate@v8@@V?$NonCopyablePersistentTraits@VFunctionTemplate@v8@@@2@@Nan@@@std@@@2@$0A@@std@@@std@@IAEXPAU?$_Tree_node@U?$pair@$$CBV?$basic_string@DU?$char_traits@D@std@@V?$allocator@D@2@@std@@PAV?$Persistent@VFunctionTemplate@v8@@V?$NonCopyablePersistentTraits@VFunctionTemplate@v8@@@2@@Nan@@@std@@PAX@2@@Z 10014d10 f i javaObject.obj
 0001:00013d70       ??$_Insert_at@AAU?$pair@$$CBV?$basic_string@DU?$char_traits@D@std@@V?$allocator@D@2@@std@@PAV?$Persistent@VFunctionTemplate@v8@@V?$NonCopyablePersistentTraits@VFunctionTemplate@v8@@@2@@Nan@@@std@@PAU?$_Tree_node@U?$pair@$$CBV?$basic_string@DU?$char_traits@D@std@@V?$allocator@D@2@@std@@PAV?$Persistent@VFunctionTemplate@v8@@V?$NonCopyablePersistentTraits@VFunctionTemplate@v8@@@2@@Nan@@@std@@PAX@2@@?$_Tree@V?$_Tmap_traits@V?$basic_string@DU?$char_traits@D@std@@V?$allocator@D@2@@std@@PAV?$Persistent@VFunctionTemplate@v8@@V?$NonCopyablePersistentTraits@VFunctionTemplate@v8@@@2@@Nan@@U?$less@V?$basic_string@DU?$char_traits@D@std@@V?$allocator@D@2@@std@@@2@V?$allocator@U?$pair@$$CBV?$basic_string@DU?$char_traits@D@std@@V?$allocator@D@2@@std@@PAV?$Persistent@VFunctionTemplate@v8@@V?$NonCopyablePersistentTraits@VFunctionTemplate@v8@@@2@@Nan@@@std@@@2@$0A@@std@@@std@@IAE?AV?$_Tree_iterator@V?$_Tree_val@U?$_Tree_simple_types@U?$pair@$$CBV?$basic_string@DU?$char_traits@D@std@@V?$allocator@D@2@@std@@PAV?$Persistent@VFunctionTemplate@v8@@V?$NonCopyablePersistentTraits@VFunctionTemplate@v8@@@2@@Nan@@@std@@@std@@@std@@@1@_NPAU?$_Tree_node@U?$pair@$$CBV?$basic_string@DU?$char_traits@D@std@@V?$allocator@D@2@@std@@PAV?$Persistent@VFunctionTemplate@v8@@V?$NonCopyablePersistentTraits@VFunctionTemplate@v8@@@2@@Nan@@@std@@PAX@1@AAU?$pair@$$CBV?$basic_string@DU?$char_traits@D@std@@V?$allocator@D@2@@std@@PAV?$Persistent@VFunctionTemplate@v8@@V?$NonCopyablePersistentTraits@VFunctionTemplate@v8@@@2@@Nan@@@1@1@Z 10014d70 f i javaObject.obj
 0001:00013fb0       ??$_Insert_nohint@AAU?$pair@$$CBV?$basic_string@DU?$char_traits@D@std@@V?$allocator@D@2@@std@@PAV?$Persistent@VFunctionTemplate@v8@@V?$NonCopyablePersistentTraits@VFunctionTemplate@v8@@@2@@Nan@@@std@@PAU?$_Tree_node@U?$pair@$$CBV?$basic_string@DU?$char_traits@D@std@@V?$allocator@D@2@@std@@PAV?$Persistent@VFunctionTemplate@v8@@V?$NonCopyablePersistentTraits@VFunctionTemplate@v8@@@2@@Nan@@@std@@PAX@2@@?$_Tree@V?$_Tmap_traits@V?$basic_string@DU?$char_traits@D@std@@V?$allocator@D@2@@std@@PAV?$Persistent@VFunctionTemplate@v8@@V?$NonCopyablePersistentTraits@VFunctionTemplate@v8@@@2@@Nan@@U?$less@V?$basic_string@DU?$char_traits@D@std@@V?$allocator@D@2@@std@@@2@V?$allocator@U?$pair@$$CBV?$basic_string@DU?$char_traits@D@std@@V?$allocator@D@2@@std@@PAV?$Persistent@VFunctionTemplate@v8@@V?$NonCopyablePersistentTraits@VFunctionTemplate@v8@@@2@@Nan@@@std@@@2@$0A@@std@@@std@@IAE?AU?$pair@V?$_Tree_iterator@V?$_Tree_val@U?$_Tree_simple_types@U?$pair@$$CBV?$basic_string@DU?$char_traits@D@std@@V?$allocator@D@2@@std@@PAV?$Persistent@VFunctionTemplate@v8@@V?$NonCopyablePersistentTraits@VFunctionTemplate@v8@@@2@@Nan@@@std@@@std@@@std@@@std@@_N@1@_NAAU?$pair@$$CBV?$basic_string@DU?$char_traits@D@std@@V?$allocator@D@2@@std@@PAV?$Persistent@VFunctionTemplate@v8@@V?$NonCopyablePersistentTraits@VFunctionTemplate@v8@@@2@@Nan@@@1@PAU?$_Tree_node@U?$pair@$$CBV?$basic_string@DU?$char_traits@D@std@@V?$allocator@D@2@@std@@PAV?$Persistent@VFunctionTemplate@v8@@V?$NonCopyablePersistentTraits@VFunctionTemplate@v8@@@2@@Nan@@@std@@PAX@1@@Z 10014fb0 f i javaObject.obj
 0001:00014200       ?Call@Callback@Nan@@QBE?AV?$MaybeLocal@VValue@v8@@@v8@@HQAV?$Local@VValue@v8@@@4@PAVAsyncResource@2@@Z 10015200 f i methodCallBaton.obj
 0001:000142d0       ??1AsyncWorker@Nan@@UAE@XZ 100152d0 f i methodCallBaton.obj
 0001:00014370       ?WorkComplete@AsyncWorker@Nan@@UAEXXZ 10015370 f i methodCallBaton.obj
 0001:000143e0       ?Destroy@AsyncWorker@Nan@@UAEXXZ 100153e0 f i methodCallBaton.obj
 0001:000143f0       ?HandleOKCallback@AsyncWorker@Nan@@MAEXXZ 100153f0 f i methodCallBaton.obj
 0001:00014430       ?HandleErrorCallback@AsyncWorker@Nan@@MAEXXZ 10015430 f i methodCallBaton.obj
 0001:000144b0       ??_EAsyncWorker@Nan@@UAEPAXI@Z 100154b0 f i * CIL library *:* CIL module *
 0001:000144b0       ??_GAsyncWorker@Nan@@UAEPAXI@Z 100154b0 f i methodCallBaton.obj
 0001:000144d0       ?AsyncExecute@Nan@@YAXPAUuv_work_s@@@Z 100154d0 f i methodCallBaton.obj
 0001:000144e0       ?AsyncExecuteComplete@Nan@@YAXPAUuv_work_s@@@Z 100154e0 f i methodCallBaton.obj
 0001:00014500       ??0MethodCallBaton@@QAE@PAVJava@@PAV_jobject@@PAV_jarray@@AAV?$Local@VValue@v8@@@v8@@@Z 10015500 f   methodCallBaton.obj
 0001:000146e0       ??_EMethodCallBaton@@UAEPAXI@Z 100156e0 f i * CIL library *:* CIL module *
 0001:000146e0       ??_GMethodCallBaton@@UAEPAXI@Z 100156e0 f i methodCallBaton.obj
 0001:00014700       ??1MethodCallBaton@@UAE@XZ 10015700 f   methodCallBaton.obj
 0001:000147d0       ?runSync@MethodCallBaton@@QAE?AV?$Local@VValue@v8@@@v8@@XZ 100157d0 f   methodCallBaton.obj
 0001:00014800       ?Execute@MethodCallBaton@@MAEXXZ 10015800 f   methodCallBaton.obj
 0001:00014840       ?WorkComplete@MethodCallBaton@@MAEXXZ 10015840 f   methodCallBaton.obj
 0001:00014930       ?resultsToV8@MethodCallBaton@@IAE?AV?$Local@VValue@v8@@@v8@@PAUJNIEnv_@@@Z 10015930 f   methodCallBaton.obj
 0001:00014a10       ?ExecuteInternal@NewInstanceBaton@@MAEXPAUJNIEnv_@@@Z 10015a10 f   methodCallBaton.obj
 0001:00014b00       ?ExecuteInternal@StaticMethodCallBaton@@MAEXPAUJNIEnv_@@@Z 10015b00 f   methodCallBaton.obj
 0001:00014c10       ?ExecuteInternal@InstanceMethodCallBaton@@MAEXPAUJNIEnv_@@@Z 10015c10 f   methodCallBaton.obj
 0001:00014d40       ??0NewInstanceBaton@@QAE@PAVJava@@PAV_jclass@@PAV_jobject@@PAV_jarray@@AAV?$Local@VValue@v8@@@v8@@@Z 10015d40 f   methodCallBaton.obj
 0001:00014d80       ??_ENewInstanceBaton@@UAEPAXI@Z 10015d80 f i * CIL library *:* CIL module *
 0001:00014d80       ??_GNewInstanceBaton@@UAEPAXI@Z 10015d80 f i methodCallBaton.obj
 0001:00014dd0       ??0StaticMethodCallBaton@@QAE@PAVJava@@PAV_jclass@@PAV_jobject@@PAV_jarray@@AAV?$Local@VValue@v8@@@v8@@@Z 10015dd0 f   methodCallBaton.obj
 0001:00014e10       ??_EStaticMethodCallBaton@@UAEPAXI@Z 10015e10 f i * CIL library *:* CIL module *
 0001:00014e10       ??_GStaticMethodCallBaton@@UAEPAXI@Z 10015e10 f i methodCallBaton.obj
 0001:00014e60       ??0InstanceMethodCallBaton@@QAE@PAVJava@@PAVJavaObject@@PAV_jobject@@PAV_jarray@@AAV?$Local@VValue@v8@@@v8@@@Z 10015e60 f   methodCallBaton.obj
 0001:00014ea0       ??_EInstanceMethodCallBaton@@UAEPAXI@Z 10015ea0 f i * CIL library *:* CIL module *
 0001:00014ea0       ??_GInstanceMethodCallBaton@@UAEPAXI@Z 10015ea0 f i methodCallBaton.obj
 0001:00014f00       _DllMain@12                10015f00 f   nodeJavaBridge.obj
 0001:00014f10       _printf                    10015f10 f i utils.obj
 0001:00014f50       ?CallLongMethod@JNIEnv_@@QAA_JPAV_jobject@@PAU_jmethodID@@ZZ 10015f50 f i utils.obj
 0001:00014f70       ?javaReflectionGetMethods@@YAXPAUJNIEnv_@@PAV_jclass@@PAV?$list@PAV_jobject@@V?$allocator@PAV_jobject@@@std@@@std@@_N@Z 10015f70 f   utils.obj
 0001:000150c0       ?javaToString@@YA?AV?$basic_string@DU?$char_traits@D@std@@V?$allocator@D@2@@std@@PAUJNIEnv_@@PAV_jstring@@@Z 100160c0 f   utils.obj
 0001:00015180       ?javaObjectToString@@YA?AV?$basic_string@DU?$char_traits@D@std@@V?$allocator@D@2@@std@@PAUJNIEnv_@@PAV_jobject@@@Z 10016180 f   utils.obj
 0001:00015220       ?javaGetEnv@@YAPAUJNIEnv_@@PAUJavaVM_@@PAV_jobject@@@Z 10016220 f   utils.obj
 0001:00015350       ?javaGetType@@YA?AW4_jvalueType@@PAUJNIEnv_@@PAV_jclass@@@Z 10016350 f   utils.obj
 0001:00015840       ?javaFindClass@@YAPAV_jclass@@PAUJNIEnv_@@AAV?$basic_string@DU?$char_traits@D@std@@V?$allocator@D@2@@std@@@Z 10016840 f   utils.obj
 0001:00015910       ?javaFindField@@YAPAV_jobject@@PAUJNIEnv_@@PAV_jclass@@AAV?$basic_string@DU?$char_traits@D@std@@V?$allocator@D@2@@std@@@Z 10016910 f   utils.obj
 0001:00015d40       ?v8ToJava@@YAPAV_jobject@@PAUJNIEnv_@@V?$Local@VValue@v8@@@v8@@@Z 10016d40 f   utils.obj
 0001:00016280       ?checkJavaException@@YAXPAUJNIEnv_@@@Z 10017280 f   utils.obj
 0001:00016350       ?v8ToJava@@YAPAV_jobjectArray@@PAUJNIEnv_@@ABV?$FunctionCallbackInfo@VValue@v8@@@Nan@@HH@Z 10017350 f   utils.obj
 0001:000163f0       ?javaExceptionToString@@YA?AV?$basic_string@DU?$char_traits@D@std@@V?$allocator@D@2@@std@@PAUJNIEnv_@@PAV_jthrowable@@@Z 100173f0 f   utils.obj
 0001:000164f0       ?javaExceptionToV8@@YA?AV?$Local@VValue@v8@@@v8@@PAVJava@@PAUJNIEnv_@@PAV_jthrowable@@ABV?$basic_string@DU?$char_traits@D@std@@V?$allocator@D@2@@std@@@Z 100174f0 f   utils.obj
 0001:00016930       ?javaExceptionToV8@@YA?AV?$Local@VValue@v8@@@v8@@PAVJava@@PAUJNIEnv_@@ABV?$basic_string@DU?$char_traits@D@std@@V?$allocator@D@2@@std@@@Z 10017930 f   utils.obj
 0001:00016980       ?newArrayBuffer@@YA?AV?$Local@VArrayBuffer@v8@@@v8@@PAXI@Z 10017980 f   utils.obj
 0001:000169d0       ?javaArrayToV8@@YA?AV?$Local@VValue@v8@@@v8@@PAVJava@@PAUJNIEnv_@@PAV_jobjectArray@@@Z 100179d0 f   utils.obj
 0001:00016e50       ?javaToV8@@YA?AV?$Local@VValue@v8@@@v8@@PAVJava@@PAUJNIEnv_@@PAV_jobject@@@Z 10017e50 f   utils.obj
 0001:00016e80       ?javaToV8@@YA?AV?$Local@VValue@v8@@@v8@@PAVJava@@PAUJNIEnv_@@PAV_jobject@@PAUDynamicProxyData@@@Z 10017e80 f   utils.obj
 0001:000174f0       ?javaObjectArrayToClasses@@YAPAV_jobjectArray@@PAUJNIEnv_@@PAV1@@Z 100184f0 f   utils.obj
 0001:00017580       ?javaFindMethod@@YAPAV_jobject@@PAUJNIEnv_@@PAV_jclass@@AAV?$basic_string@DU?$char_traits@D@std@@V?$allocator@D@2@@std@@PAV_jobjectArray@@@Z 10018580 f   utils.obj
 0001:00017830       ?javaFindConstructor@@YAPAV_jobject@@PAUJNIEnv_@@PAV_jclass@@PAV_jobjectArray@@@Z 10018830 f   utils.obj
 0001:000178c0       ?longToJavaLongObj@@YAPAV_jobject@@PAUJNIEnv_@@_J@Z 100188c0 f   utils.obj
 0001:00017900       ?dynamicProxyDataVerify@@YAHPAUDynamicProxyData@@@Z 10018900 f   utils.obj
 0001:00017930       ?methodNotFoundToString@@YA?AV?$basic_string@DU?$char_traits@D@std@@V?$allocator@D@2@@std@@PAUJNIEnv_@@PAV_jclass@@V12@_NABV?$FunctionCallbackInfo@VValue@v8@@@Nan@@HH@Z 10018930 f   utils.obj
 0001:00018460       ?unref@@YAXPAUDynamicProxyData@@@Z 10019460 f   utils.obj
 0001:000184e0       ?GetHiddenValue@@YA?AV?$Local@VValue@v8@@@v8@@V?$Local@VObject@v8@@@2@V?$Local@VString@v8@@@2@@Z 100194e0 f   utils.obj
 0001:00018570       ?find@?$_Tree@V?$_Tset_traits@V?$basic_string@DU?$char_traits@D@std@@V?$allocator@D@2@@std@@U?$less@V?$basic_string@DU?$char_traits@D@std@@V?$allocator@D@2@@std@@@2@V?$allocator@V?$basic_string@DU?$char_traits@D@std@@V?$allocator@D@2@@std@@@2@$0A@@std@@@std@@QAE?AV?$_Tree_const_iterator@V?$_Tree_val@U?$_Tree_simple_types@V?$basic_string@DU?$char_traits@D@std@@V?$allocator@D@2@@std@@@std@@@std@@@2@ABV?$basic_string@DU?$char_traits@D@std@@V?$allocator@D@2@@2@@Z 10019570 f i utils.obj
 0001:00018700       ?erase@?$_Tree@V?$_Tset_traits@V?$basic_string@DU?$char_traits@D@std@@V?$allocator@D@2@@std@@U?$less@V?$basic_string@DU?$char_traits@D@std@@V?$allocator@D@2@@std@@@2@V?$allocator@V?$basic_string@DU?$char_traits@D@std@@V?$allocator@D@2@@std@@@2@$0A@@std@@@std@@QAE?AV?$_Tree_const_iterator@V?$_Tree_val@U?$_Tree_simple_types@V?$basic_string@DU?$char_traits@D@std@@V?$allocator@D@2@@std@@@std@@@std@@@2@V32@0@Z 10019700 f i utils.obj
 0001:00018860       ?_Erase@?$_Tree@V?$_Tset_traits@V?$basic_string@DU?$char_traits@D@std@@V?$allocator@D@2@@std@@U?$less@V?$basic_string@DU?$char_traits@D@std@@V?$allocator@D@2@@std@@@2@V?$allocator@V?$basic_string@DU?$char_traits@D@std@@V?$allocator@D@2@@std@@@2@$0A@@std@@@std@@IAEXPAU?$_Tree_node@V?$basic_string@DU?$char_traits@D@std@@V?$allocator@D@2@@std@@PAX@2@@Z 10019860 f i utils.obj
 0001:000188e0       ?New@?$IntegerFactory@VInteger@v8@@@imp@Nan@@SA?AV?$Local@VInteger@v8@@@v8@@H@Z 100198e0 f i utils.obj
 0001:00018960       ??$_Insert_nohint@ABV?$basic_string@DU?$char_traits@D@std@@V?$allocator@D@2@@std@@U_Not_a_node_tag@2@@?$_Tree@V?$_Tset_traits@V?$basic_string@DU?$char_traits@D@std@@V?$allocator@D@2@@std@@U?$less@V?$basic_string@DU?$char_traits@D@std@@V?$allocator@D@2@@std@@@2@V?$allocator@V?$basic_string@DU?$char_traits@D@std@@V?$allocator@D@2@@std@@@2@$0A@@std@@@std@@IAE?AU?$pair@V?$_Tree_const_iterator@V?$_Tree_val@U?$_Tree_simple_types@V?$basic_string@DU?$char_traits@D@std@@V?$allocator@D@2@@std@@@std@@@std@@@std@@_N@1@_NABV?$basic_string@DU?$char_traits@D@std@@V?$allocator@D@2@@1@U_Not_a_node_tag@1@@Z 10019960 f i utils.obj
 0001:00018bb0       ??$_Insert_at@ABV?$basic_string@DU?$char_traits@D@std@@V?$allocator@D@2@@std@@U_Not_a_node_tag@2@@?$_Tree@V?$_Tset_traits@V?$basic_string@DU?$char_traits@D@std@@V?$allocator@D@2@@std@@U?$less@V?$basic_string@DU?$char_traits@D@std@@V?$allocator@D@2@@std@@@2@V?$allocator@V?$basic_string@DU?$char_traits@D@std@@V?$allocator@D@2@@std@@@2@$0A@@std@@@std@@IAE?AV?$_Tree_const_iterator@V?$_Tree_val@U?$_Tree_simple_types@V?$basic_string@DU?$char_traits@D@std@@V?$allocator@D@2@@std@@@std@@@std@@@1@_NPAU?$_Tree_node@V?$basic_string@DU?$char_traits@D@std@@V?$allocator@D@2@@std@@PAX@1@ABV?$basic_string@DU?$char_traits@D@std@@V?$allocator@D@2@@1@U_Not_a_node_tag@1@@Z 10019bb0 f i utils.obj
 0001:00018dfe       ??0_Init_locks@std@@QAE@XZ 10019dfe f   libcpmt:xlock.obj
 0001:00018e2b       ??0_Lockit@std@@QAE@H@Z    10019e2b f   libcpmt:xlock.obj
 0001:00018e5c       ??1_Init_locks@std@@QAE@XZ 10019e5c f   libcpmt:xlock.obj
 0001:00018e83       ??1_Lockit@std@@QAE@XZ     10019e83 f   libcpmt:xlock.obj
 0001:00018ea2       ??0exception@std@@QAE@ABV01@@Z 10019ea2 f i libcpmt:xonce.obj
 0001:00018ece       ??0exception@std@@QAE@QBD@Z 10019ece f i libcpmt:xonce.obj
 0001:00018f03       ??_Glogic_error@std@@UAEPAXI@Z 10019f03 f i libcpmt:xthrow.obj
 0001:00018f03       ??_Ebad_array_new_length@std@@UAEPAXI@Z 10019f03 f i LIBCMT:throw_bad_alloc.obj
 0001:00018f03       ??_Ebad_alloc@std@@UAEPAXI@Z 10019f03 f i libcpmt:xthrow.obj
 0001:00018f03       ??_Elength_error@std@@UAEPAXI@Z 10019f03 f i libcpmt:xthrow.obj
 0001:00018f03       ??_Eexception@std@@UAEPAXI@Z 10019f03 f i libcpmt:xonce.obj
 0001:00018f03       ??_Gbad_alloc@std@@UAEPAXI@Z 10019f03 f i libcpmt:xthrow.obj
 0001:00018f03       ??_Gbad_array_new_length@std@@UAEPAXI@Z 10019f03 f i LIBCMT:throw_bad_alloc.obj
 0001:00018f03       ??_Gout_of_range@std@@UAEPAXI@Z 10019f03 f i libcpmt:xthrow.obj
 0001:00018f03       ??_Eout_of_range@std@@UAEPAXI@Z 10019f03 f i libcpmt:xthrow.obj
 0001:00018f03       ??_Ebad_exception@std@@UAEPAXI@Z 10019f03 f i libvcruntime:frame.obj
 0001:00018f03       ??_Elogic_error@std@@UAEPAXI@Z 10019f03 f i libcpmt:xthrow.obj
 0001:00018f03       ??_Gexception@std@@UAEPAXI@Z 10019f03 f i libcpmt:xonce.obj
 0001:00018f03       ??_Gbad_exception@std@@UAEPAXI@Z 10019f03 f i libvcruntime:frame.obj
 0001:00018f03       ??_Glength_error@std@@UAEPAXI@Z 10019f03 f i libcpmt:xthrow.obj
 0001:00018f30       ?_Execute_once@std@@YAHAAUonce_flag@1@P6GHPAX1PAPAX@Z1@Z 10019f30 f   libcpmt:xonce.obj
 0001:00018f48       ?what@exception@std@@UBEPBDXZ 10019f48 f i libcpmt:xonce.obj
 0001:00018f55       ??0_Locimp@locale@std@@AAE@_N@Z 10019f55 f i libcpmt:locale0.obj
 0001:00018f96       ??1_Fac_node@std@@QAE@XZ   10019f96 f i libcpmt:locale0.obj
 0001:00018ff8       ??1_Fac_tidy_reg_t@std@@QAE@XZ 10019ff8 f i libcpmt:locale0.obj
 0001:0001901f       ??1_Locimp@locale@std@@MAE@XZ 1001a01f f i libcpmt:locale0.obj
 0001:00019078       ??4?$_Yarn@D@std@@QAEAAV01@PBD@Z 1001a078 f i libcpmt:locale0.obj
 0001:000190cc       ??_G_Locimp@locale@std@@MAEPAXI@Z 1001a0cc f i libcpmt:locale0.obj
 0001:000190cc       ??_E_Locimp@locale@std@@MAEPAXI@Z 1001a0cc f i libcpmt:locale0.obj
 0001:000190ee       ?_Facet_Register@std@@YAXPAV_Facet_base@1@@Z 1001a0ee f   libcpmt:locale0.obj
 0001:0001911a       ?_Getgloballocale@locale@std@@CAPAV_Locimp@12@XZ 1001a11a f   libcpmt:locale0.obj
 0001:00019120       ?_Init@locale@std@@CAPAV_Locimp@12@_N@Z 1001a120 f   libcpmt:locale0.obj
 0001:000191b0       ?_Locimp_dtor@_Locimp@locale@std@@CAXPAV123@@Z 1001a1b0 f   libcpmt:locale0.obj
 0001:00019227       ?_Locinfo_ctor@_Locinfo@std@@SAXPAV12@PBD@Z 1001a227 f   libcpmt:locale0.obj
 0001:00019272       ?_Locinfo_dtor@_Locinfo@std@@SAXPAV12@@Z 1001a272 f   libcpmt:locale0.obj
 0001:0001928c       ?_New_Locimp@_Locimp@locale@std@@CAPAV123@_N@Z 1001a28c f   libcpmt:locale0.obj
 0001:000192af       ?_Setgloballocale@locale@std@@CAXPAX@Z 1001a2af f   libcpmt:locale0.obj
 0001:000192d7       __Deletegloballocale       1001a2d7 f   libcpmt:locale0.obj
 0001:0001933c       ??0bad_alloc@std@@QAE@ABV01@@Z 1001a33c f i libcpmt:xthrow.obj
 0001:00019357       ??0bad_alloc@std@@QAE@XZ   1001a357 f i libcpmt:xthrow.obj
 0001:0001936f       ??0length_error@std@@QAE@ABV01@@Z 1001a36f f i libcpmt:xthrow.obj
 0001:0001938a       ??0length_error@std@@QAE@PBD@Z 1001a38a f i libcpmt:xthrow.obj
 0001:000193a9       ??0logic_error@std@@QAE@ABV01@@Z 1001a3a9 f i libcpmt:xthrow.obj
 0001:000193c4       ??0out_of_range@std@@QAE@ABV01@@Z 1001a3c4 f i libcpmt:xthrow.obj
 0001:000193df       ??0out_of_range@std@@QAE@PBD@Z 1001a3df f i libcpmt:xthrow.obj
 0001:000193fe       ??1bad_array_new_length@std@@UAE@XZ 1001a3fe f i LIBCMT:throw_bad_alloc.obj
 0001:000193fe       ??1out_of_range@std@@UAE@XZ 1001a3fe f i libcpmt:xthrow.obj
 0001:000193fe       ??1bad_exception@std@@UAE@XZ 1001a3fe f i libvcruntime:frame.obj
 0001:000193fe       ??1length_error@std@@UAE@XZ 1001a3fe f i libcpmt:xthrow.obj
 0001:000193fe       ??1bad_alloc@std@@UAE@XZ   1001a3fe f i libcpmt:xthrow.obj
 0001:0001940f       ?__scrt_throw_std_bad_alloc@@YAXXZ 1001a40f f   LIBCMT:throw_bad_alloc.obj
 0001:0001940f       ?_Xbad_alloc@std@@YAXXZ    1001a40f f   libcpmt:xthrow.obj
 0001:0001942c       ?_Xlength_error@std@@YAXPBD@Z 1001a42c f   libcpmt:xthrow.obj
 0001:0001944c       ?_Xout_of_range@std@@YAXPBD@Z 1001a44c f   libcpmt:xthrow.obj
 0001:0001946c       ?_Callfns@ios_base@std@@AAEXW4event@12@@Z 1001a46c f i libcpmt:ios.obj
 0001:0001949f       ?_Ios_base_dtor@ios_base@std@@CAXPAV12@@Z 1001a49f f   libcpmt:ios.obj
 0001:000194df       ?_Tidy@ios_base@std@@AAEXXZ 1001a4df f i libcpmt:ios.obj
 0001:00019527       ?_Syserror_map@std@@YAPBDH@Z 1001a527 f   libcpmt:syserror.obj
 0001:0001954c       __Getctype                 1001a54c f   libcpmt:_tolower.obj
 0001:000195b4       __Tolower                  1001a5b4 f   libcpmt:_tolower.obj
 0001:000196b2       __Getcvt                   1001a6b2 f   libcpmt:xwctomb.obj
 0001:00019725       __Toupper                  1001a725 f   libcpmt:_toupper.obj
 0001:00019823       __Mtxdst                   1001a823 f   libcpmt:xmtx.obj
 0001:00019831       __Mtxinit                  1001a831 f   libcpmt:xmtx.obj
 0001:00019848       __Mtxlock                  1001a848 f   libcpmt:xmtx.obj
 0001:00019856       __Mtxunlock                1001a856 f   libcpmt:xmtx.obj
 0001:00019c0e       ___crtInitOnceExecuteOnce  1001ac0e f   libcpmt:winapisupp.obj
 0001:00019c9c       ___crtInitializeCriticalSectionEx 1001ac9c f   libcpmt:winapisupp.obj
 0001:00019cd5       ??1_Init_atexit@@QAE@XZ    1001acd5 f i libcpmt:iosptrs.obj
 0001:00019d38       ?_Atexit@@YAXP6AXXZ@Z      1001ad38 f   libcpmt:iosptrs.obj
 0001:00019d66       ___crtLCMapStringA         1001ad66 f   libcpmt:StlLCMapStringA.obj
 0001:00019f3b       __freea_crt                1001af3b f i libcpmt:StlLCMapStringA.obj
 0001:00019f59       _GetTableIndexFromLocaleName 1001af59 f   libcpmt:winapinls.obj
 0001:00019fa7       ___crtDownlevelLocaleNameToLCID 1001afa7 f   libcpmt:winapinls.obj
 0001:00019fd3       ___crtLCMapStringEx        1001afd3 f   libcpmt:winapinls.obj
 0001:0001a02a       ___wcsnicmp_ascii          1001b02a f   libcpmt:winapinls.obj
 0001:0001a092       @__security_check_cookie@4 1001b092 f   LIBCMT:_secchk_.obj
 0001:0001a0a3       ??_V@YAXPAX@Z              1001b0a3 f   LIBCMT:delete_array.obj
 0001:0001a0a8       ??2@YAPAXI@Z               1001b0a8 f   LIBCMT:new_scalar.obj
 0001:0001a0d8       ??$__crt_fast_encode_pointer@PAX@@YAPAXQAX@Z 1001b0d8 f i libvcruntime:winapi_downlevel.obj
 0001:0001a0d8       ??$__crt_fast_encode_pointer@PAP6AXXZ@@YAPAP6AXXZQAP6AXXZ@Z 1001b0d8 f i LIBCMT:utility.obj
 0001:0001a139       ___scrt_acquire_startup_lock 1001b139 f   LIBCMT:utility.obj
 0001:0001a16b       ___scrt_dllmain_after_initialize_c 1001b16b f   LIBCMT:utility.obj
 0001:0001a196       ___scrt_dllmain_before_initialize_c 1001b196 f   LIBCMT:utility.obj
 0001:0001a1a4       ___scrt_dllmain_crt_thread_attach 1001b1a4 f   LIBCMT:utility.obj
 0001:0001a1c3       ___scrt_dllmain_crt_thread_detach 1001b1c3 f   LIBCMT:utility.obj
 0001:0001a1d0       ___scrt_dllmain_exception_filter 1001b1d0 f   LIBCMT:utility.obj
 0001:0001a204       ___scrt_dllmain_uninitialize_c 1001b204 f   LIBCMT:utility.obj
 0001:0001a227       ___scrt_dllmain_uninitialize_critical 1001b227 f   LIBCMT:utility.obj
 0001:0001a234       ___scrt_initialize_crt     1001b234 f   LIBCMT:utility.obj
 0001:0001a26d       ___scrt_initialize_onexit_tables 1001b26d f   LIBCMT:utility.obj
 0001:0001a312       ___scrt_is_nonwritable_in_current_image 1001b312 f   LIBCMT:utility.obj
 0001:0001a3a6       ___scrt_release_startup_lock 1001b3a6 f   LIBCMT:utility.obj
 0001:0001a3c3       ___scrt_uninitialize_crt   1001b3c3 f   LIBCMT:utility.obj
 0001:0001a3eb       __onexit                   1001b3eb f   LIBCMT:utility.obj
 0001:0001a426       _atexit                    1001b426 f   LIBCMT:utility.obj
 0001:0001a43b       ??3@YAXPAX@Z               1001b43b f   LIBCMT:delete_scalar.obj
 0001:0001a440       ??3@YAXPAXI@Z              1001b440 f   LIBCMT:delete_scalar_size.obj
 0001:0001a44e       ??_U@YAPAXI@Z              1001b44e f   LIBCMT:new_array.obj
 0001:0001a777       __DllMainCRTStartup@12     1001b777 f   LIBCMT:dll_dllmain.obj
 0001:0001a79a       __EH_epilog3               1001b79a f   LIBCMT:ehprolg3.obj
 0001:0001a7af       __EH_prolog3               1001b7af f   LIBCMT:ehprolg3.obj
 0001:0001a7e3       __EH_prolog3_catch         1001b7e3 f   LIBCMT:ehprolg3.obj
 0001:0001a81a       ??_Etype_info@@UAEPAXI@Z   1001b81a f i LIBCMT:std_type_info_static.obj
 0001:0001a81a       ??_Gtype_info@@UAEPAXI@Z   1001b81a f i LIBCMT:std_type_info_static.obj
 0001:0001a840       __alloca_probe_16          1001b840 f   LIBCMT:alloca16.obj
 0001:0001a856       __alloca_probe_8           1001b856     LIBCMT:alloca16.obj
 0001:0001a870       __allmul                   1001b870 f   LIBCMT:llmul.obj
 0001:0001a8b0       __aulldiv                  1001b8b0 f   LIBCMT:ulldiv.obj
 0001:0001a918       ___raise_securityfailure   1001b918 f   LIBCMT:gs_report.obj
 0001:0001a940       ___report_gsfailure        1001b940 f   LIBCMT:gs_report.obj
 0001:0001aa39       ___report_rangecheckfailure 1001ba39 f   LIBCMT:gs_report.obj
 0001:0001aa45       ___report_securityfailure  1001ba45 f   LIBCMT:gs_report.obj
 0001:0001ab13       ??0bad_array_new_length@std@@QAE@ABV01@@Z 1001bb13 f i LIBCMT:throw_bad_alloc.obj
 0001:0001ab2e       ??0bad_array_new_length@std@@QAE@XZ 1001bb2e f i LIBCMT:throw_bad_alloc.obj
 0001:0001ab46       ?__scrt_throw_std_bad_array_new_length@@YAXXZ 1001bb46 f   LIBCMT:throw_bad_alloc.obj
 0001:0001ab63       ___isa_available_init      1001bb63 f   LIBCMT:_cpu_disp_.obj
 0001:0001acfa       __get_startup_argv_mode    1001bcfa f   LIBCMT:argv_mode.obj
 0001:0001acfe       ___scrt_is_ucrt_dll_in_use 1001bcfe f   LIBCMT:ucrt_detection.obj
 0001:0001ad0a       ___scrt_fastfail           1001bd0a f   LIBCMT:utility_desktop.obj
 0001:0001ae24       __crt_debugger_hook        1001be24 f   LIBCMT:utility_desktop.obj
 0001:0001ae30       __SEH_prolog4              1001be30 f   LIBCMT:_sehprolg4_.obj
 0001:0001ae76       __SEH_epilog4              1001be76 f   LIBCMT:_sehprolg4_.obj
 0001:0001aed8       ___security_init_cookie    1001bed8 f   LIBCMT:gs_support.obj
 0001:0001af23       ?__scrt_initialize_type_info@@YAXXZ 1001bf23 f   LIBCMT:tncleanup.obj
 0001:0001af2f       ?__scrt_uninitialize_type_info@@YAXXZ 1001bf2f f   LIBCMT:tncleanup.obj
 0001:0001af3b       ___local_stdio_scanf_options 1001bf3b f i LIBCMT:default_local_stdio_options.obj
 0001:0001af41       ___scrt_initialize_default_local_stdio_options 1001bf41 f   LIBCMT:default_local_stdio_options.obj
 0001:0001af5e       ___scrt_get_dyn_tls_init_callback 1001bf5e f   LIBCMT:dyn_tls_init.obj
 0001:0001af64       __RTC_Initialize           1001bf64 f   LIBCMT:_initsect_.obj
 0001:0001af90       __RTC_Terminate            1001bf90 f   LIBCMT:_initsect_.obj
 0001:0001afc0       __alloca_probe             1001bfc0 f   LIBCMT:chkstk.obj
 0001:0001afc0       __chkstk                   1001bfc0 f   LIBCMT:chkstk.obj
 0001:0001afed       __get_purecall_handler     1001bfed f   libvcruntime:purevirt.obj
 0001:0001b002       __purecall                 1001c002 f   libvcruntime:purevirt.obj
 0001:0001b01e       ___std_exception_copy      1001c01e f   libvcruntime:std_exception.obj
 0001:0001b081       ___std_exception_destroy   1001c081 f   libvcruntime:std_exception.obj
 0001:0001b0a0       __CxxThrowException@8      1001c0a0 f   libvcruntime:throw.obj
 0001:0001b10d       ?GetRangeOfTrysToCheck@__FrameHandler3@@SA?AU?$pair@Viterator@TryBlockMap@__FrameHandler3@@V123@@std@@AAVTryBlockMap@1@HH@Z 1001c10d f   libvcruntime:trnsctrl.obj
 0001:0001b18f       ?_CallCatchBlock2@@YAPAXPAUEHRegistrationNode@@PBU_s_FuncInfo@@PAXHK@Z 1001c18f f   libvcruntime:trnsctrl.obj
 0001:0001b1ed       ?_CallSETranslator@@YAHPAUEHExceptionRecord@@PAUEHRegistrationNode@@PAX2PBU_s_FuncInfo@@H1@Z 1001c1ed f   libvcruntime:trnsctrl.obj
 0001:0001b2c8       ?_JumpToContinuation@@YGXPAXPAUEHRegistrationNode@@@Z 1001c2c8 f   libvcruntime:trnsctrl.obj
 0001:0001b2f8       ?_UnwindNestedFrames@@YGXPAUEHRegistrationNode@@PAUEHExceptionRecord@@@Z 1001c2f8 f   libvcruntime:trnsctrl.obj
 0001:0001b34b       __CatchGuardHandler        1001c34b f   libvcruntime:trnsctrl.obj
 0001:0001b37c       __CreateFrameInfo          1001c37c f   libvcruntime:trnsctrl.obj
 0001:0001b3a0       __FindAndUnlinkFrame       1001c3a0 f   libvcruntime:trnsctrl.obj
 0001:0001b3e5       __TranslatorGuardHandler   1001c3e5 f   libvcruntime:trnsctrl.obj
 0001:0001b482       ___CxxFrameHandler3        1001c482 f   libvcruntime:trnsctrl.obj
 0001:0001b4c0       _memcpy                    1001c4c0 f   libvcruntime:memcpy.obj
 0001:0001ba40       _memmove                   1001ca40 f   libvcruntime:memmove.obj
 0001:0001bfc0       _memset                    1001cfc0 f   libvcruntime:memset.obj
 0001:0001c11a       ___DestructExceptionObject 1001d11a f   libvcruntime:ehhelpers.obj
 0001:0001c1ba       ?_CallMemberFunction0@@YGXQAX0@Z 1001d1ba f i libvcruntime:ehhelpers.obj
 0001:0001c1c7       __IsExceptionObjectToBeDestroyed 1001d1c7 f   libvcruntime:ehhelpers.obj
 0001:0001c1ed       ___AdjustPointer           1001d1ed f   libvcruntime:ehhelpers.obj
 0001:0001c212       ___FrameUnwindFilter       1001d212 f   libvcruntime:ehhelpers.obj
 0001:0001c260       _memchr                    1001d260 f   libvcruntime:memchr.obj
 0001:0001c30d       _memcmp                    1001d30d f   libvcruntime:_memcmp_.obj
 0001:0001d2b1       ___vcrt_initialize         1001e2b1 f   libvcruntime:initialization.obj
 0001:0001d2da       ___vcrt_thread_attach      1001e2da f   libvcruntime:initialization.obj
 0001:0001d2e5       ___vcrt_thread_detach      1001e2e5 f   libvcruntime:initialization.obj
 0001:0001d2f0       ___vcrt_uninitialize       1001e2f0 f   libvcruntime:initialization.obj
 0001:0001d30f       ___vcrt_uninitialize_critical 1001e30f f   libvcruntime:initialization.obj
 0001:0001d360       __except_handler4          1001e360 f   libvcruntime:_chandler4_.obj
 0001:0001d4b7       ___std_type_info_compare   1001e4b7 f   libvcruntime:std_type_info.obj
 0001:0001d4f3       ___std_type_info_destroy_list 1001e4f3 f   libvcruntime:std_type_info.obj
 0001:0001d516       ___vcrt_initialize_pure_virtual_call_handler 1001e516 f   libvcruntime:purevirt_data.obj
 0001:0001d521       ___vcrt_freefls@4          1001e521 f   libvcruntime:per_thread_data.obj
 0001:0001d53d       ___vcrt_freeptd            1001e53d f   libvcruntime:per_thread_data.obj
 0001:0001d573       ___vcrt_getptd             1001e573 f   libvcruntime:per_thread_data.obj
 0001:0001d581       ___vcrt_getptd_noexit      1001e581 f   libvcruntime:per_thread_data.obj
 0001:0001d613       ___vcrt_initialize_ptd     1001e613 f   libvcruntime:per_thread_data.obj
 0001:0001d646       ___vcrt_uninitialize_ptd   1001e646 f   libvcruntime:per_thread_data.obj
 0001:0001dd58       ??$TypeMatchHelper@$$CBU_s_HandlerType@@@@YAHPBU_s_HandlerType@@PBU_s_CatchableType@@PBU_s_ThrowInfo@@@Z 1001ed58 f i libvcruntime:frame.obj
 0001:0001dde6       ??$__InternalCxxFrameHandler@V__FrameHandler3@@@@YA?AW4_EXCEPTION_DISPOSITION@@PAUEHExceptionRecord@@PAUEHRegistrationNode@@PAU_CONTEXT@@PAXPBU_s_FuncInfo@@H1E@Z 1001ede6 f i libvcruntime:frame.obj
 0001:0001dee8       ??0bad_exception@std@@QAE@ABV01@@Z 1001eee8 f i libvcruntime:frame.obj
 0001:0001df03       ??0bad_exception@std@@QAE@XZ 1001ef03 f i libvcruntime:frame.obj
 0001:0001df1b       ??8type_info@@QBE_NABV0@@Z 1001ef1b f i libvcruntime:frame.obj
 0001:0001e182       ?FrameUnwindToEmptyState@__FrameHandler3@@SAXPAUEHRegistrationNode@@PAXPBU_s_FuncInfo@@@Z 1001f182 f   libvcruntime:frame.obj
 0001:0001e19a       ?FrameUnwindToState@__FrameHandler3@@SAXPAUEHRegistrationNode@@PAXPBU_s_FuncInfo@@H@Z 1001f19a f   libvcruntime:frame.obj
 0001:0001e31c       ?_CallMemberFunction1@@YGXQAX00@Z 1001f31c f i libvcruntime:frame.obj
 0001:0001e32c       ?_CallMemberFunction2@@YGXQAX00H@Z 1001f32c f i libvcruntime:frame.obj
 0001:0001e33f       ?getESTypes@__FrameHandler3@@SAPBU_s_ESTypeList@@PBU_s_FuncInfo@@@Z 1001f33f f i libvcruntime:frame.obj
 0001:0001e350       __CallSettingFrame@12      1001f350 f   libvcruntime:lowhelpr.obj
 0001:0001e377       __NLG_Return               1001f377     libvcruntime:lowhelpr.obj
 0001:0001e39c       ___except_validate_context_record 1001f39c f   libvcruntime:jbcxrval.obj
 0001:0001e3cc       ___except_validate_jump_buffer 1001f3cc f   libvcruntime:jbcxrval.obj
 0001:0001e3f9       ___vcrt_initialize_locks   1001f3f9 f   libvcruntime:locks.obj
 0001:0001e435       ___vcrt_uninitialize_locks 1001f435 f   libvcruntime:locks.obj
 0001:0001e597       ___vcrt_FlsAlloc           1001f597 f   libvcruntime:winapi_downlevel.obj
 0001:0001e5d2       ___vcrt_FlsFree            1001f5d2 f   libvcruntime:winapi_downlevel.obj
 0001:0001e60d       ___vcrt_FlsGetValue        1001f60d f   libvcruntime:winapi_downlevel.obj
 0001:0001e648       ___vcrt_FlsSetValue        1001f648 f   libvcruntime:winapi_downlevel.obj
 0001:0001e686       ___vcrt_InitializeCriticalSectionEx 1001f686 f   libvcruntime:winapi_downlevel.obj
 0001:0001e6cd       ___vcrt_initialize_winapi_thunks 1001f6cd f   libvcruntime:winapi_downlevel.obj
 0001:0001e6f6       ___vcrt_uninitialize_winapi_thunks 1001f6f6 f   libvcruntime:winapi_downlevel.obj
 0001:0001e730       __local_unwind4            1001f730 f   libvcruntime:_exsup4_.obj
 0001:0001e808       __seh_longjmp_unwind4@4    1001f808 f   libvcruntime:_exsup4_.obj
 0001:0001e830       @_EH4_CallFilterFunc@8     1001f830 f   libvcruntime:_exsup4_.obj
 0001:0001e848       @_EH4_TransferToHandler@8  1001f848 f   libvcruntime:_exsup4_.obj
 0001:0001e864       @_EH4_GlobalUnwind2@8      1001f864 f   libvcruntime:_exsup4_.obj
 0001:0001e880       @_EH4_LocalUnwind@16       1001f880 f   libvcruntime:_exsup4_.obj
 0001:0001e897       _unexpected                1001f897 f   libvcruntime:unexpected.obj
 0001:0001e8b4       ?GetCurrentState@__FrameHandler3@@SAHPAUEHRegistrationNode@@PAXPBU_s_FuncInfo@@@Z 1001f8b4 f   libvcruntime:ehstate.obj
 0001:0001e8d1       ?SetState@__FrameHandler3@@SAXPAUEHRegistrationNode@@PBU_s_FuncInfo@@H@Z 1001f8d1 f   libvcruntime:ehstate.obj
 0001:0001e8e0       __global_unwind2           1001f8e0 f   libvcruntime:_exsup_.obj
 0001:0001e946       __local_unwind2            1001f946 f   libvcruntime:_exsup_.obj
 0001:0001e9ca       __abnormal_termination     1001f9ca f   libvcruntime:_exsup_.obj
 0001:0001e9f0       __NLG_Notify1              1001f9f0 f   libvcruntime:_exsup_.obj
 0001:0001e9fc       __NLG_Notify               1001f9fc f   libvcruntime:_exsup_.obj
 0001:0001ea13       __NLG_Dispatch2            1001fa13     libvcruntime:_exsup_.obj
 0001:0001ea13       __NLG_Dispatch             1001fa13     libvcruntime:_exsup_.obj
 0001:0001ea1b       __NLG_Call                 1001fa1b f   libvcruntime:_exsup_.obj
 0001:0001ea1d       __NLG_Return2              1001fa1d     libvcruntime:_exsup_.obj
 0001:0001ea1e       _abort                     1001fa1e f   libucrt:abort.obj
 0001:0001ea61       _calloc                    1001fa61 f   libucrt:calloc.obj
 0001:0001ea6c       ___acrt_initialize_stdio   1001fa6c f   libucrt:_file.obj
 0001:0001eb34       ___acrt_iob_func           1001fb34 f   libucrt:_file.obj
 0001:0001eb44       ___acrt_uninitialize_stdio 1001fb44 f   libucrt:_file.obj
 0001:0001eb90       __lock_file                1001fb90 f   libucrt:_file.obj
 0001:0001eba4       __unlock_file              1001fba4 f   libucrt:_file.obj
 0001:0001ebb8       ___acrt_call_reportfault   1001fbb8 f   libucrt:invalid_parameter.obj
 0001:0001ecf3       ___acrt_initialize_invalid_parameter_handler 1001fcf3 f   libucrt:invalid_parameter.obj
 0001:0001ed02       __invalid_parameter        1001fd02 f   libucrt:invalid_parameter.obj
 0001:0001ed7d       __invalid_parameter_noinfo 1001fd7d f   libucrt:invalid_parameter.obj
 0001:0001ed8d       __invalid_parameter_noinfo_noreturn 1001fd8d f   libucrt:invalid_parameter.obj
 0001:0001edaa       __invoke_watson            1001fdaa f   libucrt:invalid_parameter.obj
 0001:0001ede0       _strcspn                   1001fde0 f   libucrt:strcspn.obj
 0001:0001ee26       ??$?RV<lambda_75d23329f2fb3d02b2e1cf5509bb1caf>@@AAV<lambda_c4f131f91cb4ec00a5b0a26aa161b8b4>@@V<lambda_114dc79c86b00c313cb0b6b3b001aaf8>@@@?$__crt_seh_guarded_call@H@@QAEH$$QAV<lambda_75d23329f2fb3d02b2e1cf5509bb1caf>@@AAV<lambda_c4f131f91cb4ec00a5b0a26aa161b8b4>@@$$QAV<lambda_114dc79c86b00c313cb0b6b3b001aaf8>@@@Z 1001fe26 f i libucrt:output.obj
 0001:0001ee77       ??$?RV<lambda_80d7abc6eae2375db70be92ccaaf9b57>@@AAV<lambda_df52180bf14694d51fdefd82613e8f07>@@V<lambda_4fa1155033dff2042363dba4e2dc3802>@@@?$__crt_seh_guarded_call@H@@QAEH$$QAV<lambda_80d7abc6eae2375db70be92ccaaf9b57>@@AAV<lambda_df52180bf14694d51fdefd82613e8f07>@@$$QAV<lambda_4fa1155033dff2042363dba4e2dc3802>@@@Z 1001fe77 f i libucrt:output.obj
 0001:0001eec8       ??$__acrt_lock_stream_and_call@V<lambda_c4f131f91cb4ec00a5b0a26aa161b8b4>@@@@YAHQAU_iobuf@@$$QAV<lambda_c4f131f91cb4ec00a5b0a26aa161b8b4>@@@Z 1001fec8 f i libucrt:output.obj
 0001:0001eef0       ??$__acrt_lock_stream_and_call@V<lambda_df52180bf14694d51fdefd82613e8f07>@@@@YAHQAU_iobuf@@$$QAV<lambda_df52180bf14694d51fdefd82613e8f07>@@@Z 1001fef0 f i libucrt:output.obj
 0001:0001f299       ??$count@D@formatting_buffer@__crt_stdio_output@@QBEIXZ 10020299 f i libucrt:output.obj
 0001:0001f2b1       ??$count@_W@formatting_buffer@__crt_stdio_output@@QBEIXZ 100202b1 f i libucrt:output.obj
 0001:0001f2ca       ??$ensure_buffer_is_big_enough@D@formatting_buffer@__crt_stdio_output@@QAE_NI@Z 100202ca f i libucrt:output.obj
 0001:0001f350       ??$is_wide_character_specifier@D@__crt_stdio_output@@YA_N_KDW4length_modifier@0@@Z 10020350 f i libucrt:output.obj
 0001:0001f390       ??$is_wide_character_specifier@_W@__crt_stdio_output@@YA_N_K_WW4length_modifier@0@@Z 10020390 f i libucrt:output.obj
 0001:0001f3df       ??$scratch_data@D@formatting_buffer@__crt_stdio_output@@QAEPADXZ 100203df f i libucrt:output.obj
 0001:0001f3fd       ??$type_case_integer_parse_into_buffer@I@?$output_processor@DV?$string_output_adapter@D@__crt_stdio_output@@V?$format_validation_base@DV?$string_output_adapter@D@__crt_stdio_output@@@2@@__crt_stdio_output@@AAEXII_N@Z 100203fd f i libucrt:output.obj
 0001:0001f3fd       ??$type_case_integer_parse_into_buffer@I@?$output_processor@DV?$stream_output_adapter@D@__crt_stdio_output@@V?$standard_base@DV?$stream_output_adapter@D@__crt_stdio_output@@@2@@__crt_stdio_output@@AAEXII_N@Z 100203fd f i libucrt:output.obj
 0001:0001f46f       ??$type_case_integer_parse_into_buffer@I@?$output_processor@_WV?$string_output_adapter@_W@__crt_stdio_output@@V?$standard_base@_WV?$string_output_adapter@_W@__crt_stdio_output@@@2@@__crt_stdio_output@@AAEXII_N@Z 1002046f f i libucrt:output.obj
 0001:0001f46f       ??$type_case_integer_parse_into_buffer@I@?$output_processor@_WV?$stream_output_adapter@_W@__crt_stdio_output@@V?$standard_base@_WV?$stream_output_adapter@_W@__crt_stdio_output@@@2@@__crt_stdio_output@@AAEXII_N@Z 1002046f f i libucrt:output.obj
 0001:0001f4f5       ??$type_case_integer_parse_into_buffer@_K@?$output_processor@DV?$string_output_adapter@D@__crt_stdio_output@@V?$format_validation_base@DV?$string_output_adapter@D@__crt_stdio_output@@@2@@__crt_stdio_output@@AAEX_KI_N@Z 100204f5 f i libucrt:output.obj
 0001:0001f4f5       ??$type_case_integer_parse_into_buffer@_K@?$output_processor@DV?$stream_output_adapter@D@__crt_stdio_output@@V?$standard_base@DV?$stream_output_adapter@D@__crt_stdio_output@@@2@@__crt_stdio_output@@AAEX_KI_N@Z 100204f5 f i libucrt:output.obj
 0001:0001f57c       ??$type_case_integer_parse_into_buffer@_K@?$output_processor@_WV?$stream_output_adapter@_W@__crt_stdio_output@@V?$standard_base@_WV?$stream_output_adapter@_W@__crt_stdio_output@@@2@@__crt_stdio_output@@AAEX_KI_N@Z 1002057c f i libucrt:output.obj
 0001:0001f57c       ??$type_case_integer_parse_into_buffer@_K@?$output_processor@_WV?$string_output_adapter@_W@__crt_stdio_output@@V?$standard_base@_WV?$string_output_adapter@_W@__crt_stdio_output@@@2@@__crt_stdio_output@@AAEX_KI_N@Z 1002057c f i libucrt:output.obj
 0001:0001f617       ??$write_multiple_characters@V?$stream_output_adapter@D@__crt_stdio_output@@D@__crt_stdio_output@@YAXABV?$stream_output_adapter@D@0@DHQAH@Z 10020617 f i libucrt:output.obj
 0001:0001f643       ??$write_multiple_characters@V?$stream_output_adapter@_W@__crt_stdio_output@@D@__crt_stdio_output@@YAXABV?$stream_output_adapter@_W@0@DHQAH@Z 10020643 f i libucrt:output.obj
 0001:0001f674       ??$write_multiple_characters@V?$string_output_adapter@D@__crt_stdio_output@@D@__crt_stdio_output@@YAXABV?$string_output_adapter@D@0@DHQAH@Z 10020674 f i libucrt:output.obj
 0001:0001f6a0       ??$write_multiple_characters@V?$string_output_adapter@_W@__crt_stdio_output@@D@__crt_stdio_output@@YAXABV?$string_output_adapter@_W@0@DHQAH@Z 100206a0 f i libucrt:output.obj
 0001:0001f6d1       ??0?$common_data@D@__crt_stdio_output@@IAE@XZ 100206d1 f i libucrt:output.obj
 0001:0001f718       ??0?$common_data@_W@__crt_stdio_output@@IAE@XZ 10020718 f i libucrt:output.obj
 0001:0001f764       ??0?$output_adapter_data@DV?$string_output_adapter@D@__crt_stdio_output@@@__crt_stdio_output@@IAE@ABV?$string_output_adapter@D@1@_KQBDQAU__crt_locale_pointers@@QAD@Z 10020764 f i libucrt:output.obj
 0001:0001f764       ??0?$output_adapter_data@DV?$stream_output_adapter@D@__crt_stdio_output@@@__crt_stdio_output@@IAE@ABV?$stream_output_adapter@D@1@_KQBDQAU__crt_locale_pointers@@QAD@Z 10020764 f i libucrt:output.obj
 0001:0001f7a0       ??0?$output_adapter_data@_WV?$string_output_adapter@_W@__crt_stdio_output@@@__crt_stdio_output@@IAE@ABV?$string_output_adapter@_W@1@_KQB_WQAU__crt_locale_pointers@@QAD@Z 100207a0 f i libucrt:output.obj
 0001:0001f7a0       ??0?$output_adapter_data@_WV?$stream_output_adapter@_W@__crt_stdio_output@@@__crt_stdio_output@@IAE@ABV?$stream_output_adapter@_W@1@_KQB_WQAU__crt_locale_pointers@@QAD@Z 100207a0 f i libucrt:output.obj
 0001:0001f7dc       ??0_LocaleUpdate@@QAE@QAU__crt_locale_pointers@@@Z 100207dc f i libucrt:output.obj
 0001:0001f85f       ??1formatting_buffer@__crt_stdio_output@@QAE@XZ 1002085f f i libucrt:output.obj
 0001:0001f879       ??4?$__crt_unique_heap_ptr@DU__crt_internal_free_policy@@@@QAEAAV0@$$QAV0@@Z 10020879 f i libucrt:output.obj
 0001:0001fa1f       ?crop_zeroes@__crt_stdio_output@@YAXPADQAU__crt_locale_pointers@@@Z 10020a1f f i libucrt:output.obj
 0001:0001fa76       ?find_next_state@?$output_processor@DV?$stream_output_adapter@D@__crt_stdio_output@@V?$standard_base@DV?$stream_output_adapter@D@__crt_stdio_output@@@2@@__crt_stdio_output@@ABE?AW4state@2@DW432@@Z 10020a76 f i libucrt:output.obj
 0001:0001faa8       ?find_next_state@?$output_processor@DV?$string_output_adapter@D@__crt_stdio_output@@V?$format_validation_base@DV?$string_output_adapter@D@__crt_stdio_output@@@2@@__crt_stdio_output@@ABE?AW4state@2@DW432@@Z 10020aa8 f i libucrt:output.obj
 0001:0001fadd       ?find_next_state@?$output_processor@_WV?$string_output_adapter@_W@__crt_stdio_output@@V?$standard_base@_WV?$string_output_adapter@_W@__crt_stdio_output@@@2@@__crt_stdio_output@@ABE?AW4state@2@_WW432@@Z 10020add f i libucrt:output.obj
 0001:0001fadd       ?find_next_state@?$output_processor@_WV?$stream_output_adapter@_W@__crt_stdio_output@@V?$standard_base@_WV?$stream_output_adapter@_W@__crt_stdio_output@@@2@@__crt_stdio_output@@ABE?AW4state@2@_WW432@@Z 10020add f i libucrt:output.obj
 0001:0001fb11       ?force_decimal_point@__crt_stdio_output@@YAXPADQAU__crt_locale_pointers@@@Z 10020b11 f i libucrt:output.obj
 0001:0001fb6d       ?parse_int_from_format_string@?$output_processor@DV?$stream_output_adapter@D@__crt_stdio_output@@V?$standard_base@DV?$stream_output_adapter@D@__crt_stdio_output@@@2@@__crt_stdio_output@@AAE_NQAH@Z 10020b6d f i libucrt:output.obj
 0001:0001fb6d       ?parse_int_from_format_string@?$output_processor@DV?$string_output_adapter@D@__crt_stdio_output@@V?$format_validation_base@DV?$string_output_adapter@D@__crt_stdio_output@@@2@@__crt_stdio_output@@AAE_NQAH@Z 10020b6d f i libucrt:output.obj
 0001:0001fbe5       ?parse_int_from_format_string@?$output_processor@_WV?$stream_output_adapter@_W@__crt_stdio_output@@V?$standard_base@_WV?$stream_output_adapter@_W@__crt_stdio_output@@@2@@__crt_stdio_output@@AAE_NQAH@Z 10020be5 f i libucrt:output.obj
 0001:0001fbe5       ?parse_int_from_format_string@?$output_processor@_WV?$string_output_adapter@_W@__crt_stdio_output@@V?$standard_base@_WV?$string_output_adapter@_W@__crt_stdio_output@@@2@@__crt_stdio_output@@AAE_NQAH@Z 10020be5 f i libucrt:output.obj
 0001:0001fc5f       ?process@?$output_processor@DV?$stream_output_adapter@D@__crt_stdio_output@@V?$standard_base@DV?$stream_output_adapter@D@__crt_stdio_output@@@2@@__crt_stdio_output@@QAEHXZ 10020c5f f i libucrt:output.obj
 0001:0001fd7b       ?process@?$output_processor@DV?$string_output_adapter@D@__crt_stdio_output@@V?$format_validation_base@DV?$string_output_adapter@D@__crt_stdio_output@@@2@@__crt_stdio_output@@QAEHXZ 10020d7b f i libucrt:output.obj
 0001:0001fea3       ?process@?$output_processor@_WV?$stream_output_adapter@_W@__crt_stdio_output@@V?$standard_base@_WV?$stream_output_adapter@_W@__crt_stdio_output@@@2@@__crt_stdio_output@@QAEHXZ 10020ea3 f i libucrt:output.obj
 0001:0001ffc3       ?process@?$output_processor@_WV?$string_output_adapter@_W@__crt_stdio_output@@V?$standard_base@_WV?$string_output_adapter@_W@__crt_stdio_output@@@2@@__crt_stdio_output@@QAEHXZ 10020fc3 f i libucrt:output.obj
 0001:000200e3       ?state_case_flag@?$output_processor@DV?$string_output_adapter@D@__crt_stdio_output@@V?$format_validation_base@DV?$string_output_adapter@D@__crt_stdio_output@@@2@@__crt_stdio_output@@AAE_NXZ 100210e3 f i libucrt:output.obj
 0001:000200e3       ?state_case_flag@?$output_processor@DV?$stream_output_adapter@D@__crt_stdio_output@@V?$standard_base@DV?$stream_output_adapter@D@__crt_stdio_output@@@2@@__crt_stdio_output@@AAE_NXZ 100210e3 f i libucrt:output.obj
[...]
 0002:00010250       __catchsym$?CallUnexpected@@YAXPBU_s_ESTypeList@@@Z$2 10047250     libvcruntime:frame.obj
 0002:00010260       __unwindtable$?CallUnexpected@@YAXPBU_s_ESTypeList@@@Z 10047260     libvcruntime:frame.obj
 0002:00010270       __tryblocktable$?CallUnexpected@@YAXPBU_s_ESTypeList@@@Z 10047270     libvcruntime:frame.obj
 0002:00010284       __ehfuncinfo$?CallUnexpected@@YAXPBU_s_ESTypeList@@@Z 10047284     libvcruntime:frame.obj
 0002:000102a8       __sehtable$??$BuildCatchObjectHelperInternal@$$CBU_s_HandlerType@@@@YAHPAUEHExceptionRecord@@PAXPBU_s_HandlerType@@PBU_s_CatchableType@@@Z 100472a8     libvcruntime:frame.obj
 0002:000102c8       __sehtable$??$BuildCatchObjectInternal@$$CBU_s_HandlerType@@@@YAXPAUEHExceptionRecord@@PAXPBU_s_HandlerType@@PBU_s_CatchableType@@@Z 100472c8     libvcruntime:frame.obj
 0002:00010320       __sehtable$??$?RV<lambda_80d7abc6eae2375db70be92ccaaf9b57>@@AAV<lambda_df52180bf14694d51fdefd82613e8f07>@@V<lambda_4fa1155033dff2042363dba4e2dc3802>@@@?$__crt_seh_guarded_call@H@@QAEH$$QAV<lambda_80d7abc6eae2375db70be92ccaaf9b57>@@AAV<lambda_df52180bf14694d51fdefd82613e8f07>@@$$QAV<lambda_4fa1155033dff2042363dba4e2dc3802>@@@Z 10047320     libucrt:output.obj
 0002:00010340       __sehtable$??$?RV<lambda_75d23329f2fb3d02b2e1cf5509bb1caf>@@AAV<lambda_c4f131f91cb4ec00a5b0a26aa161b8b4>@@V<lambda_114dc79c86b00c313cb0b6b3b001aaf8>@@@?$__crt_seh_guarded_call@H@@QAEH$$QAV<lambda_75d23329f2fb3d02b2e1cf5509bb1caf>@@AAV<lambda_c4f131f91cb4ec00a5b0a26aa161b8b4>@@$$QAV<lambda_114dc79c86b00c313cb0b6b3b001aaf8>@@@Z 10047340     libucrt:output.obj
 0002:00010360       __sehtable$_terminate      10047360     libucrt:terminate.obj
 0002:00010380       __sehtable$??$?RV<lambda_0fef6fff2b5e6b53303c9058db11ae1f>@@AAV<lambda_082c17da81b0962e08c0587ee0fac50c>@@V<lambda_fa6e051aed0a38726081083cc7c328e9>@@@?$__crt_seh_guarded_call@PAD@@QAEPAD$$QAV<lambda_0fef6fff2b5e6b53303c9058db11ae1f>@@AAV<lambda_082c17da81b0962e08c0587ee0fac50c>@@$$QAV<lambda_fa6e051aed0a38726081083cc7c328e9>@@@Z 10047380     libucrt:setlocale.obj
 0002:000103a0       __sehtable$__query_new_handler 100473a0     libucrt:new_handler.obj
 0002:000103c0       __sehtable$??R<lambda_6e4b09c48022b2350581041d5f6b0c4c>@@QBE@XZ 100473c0     libucrt:exit.obj
 0002:000103e0       __sehtable$??$?RV<lambda_03b1d95aef87969028cfba75ccab2455>@@AAV<lambda_6e4b09c48022b2350581041d5f6b0c4c>@@V<lambda_22bdf7517842c4b3e53723af5aa32b9e>@@@?$__crt_seh_guarded_call@X@@QAEX$$QAV<lambda_03b1d95aef87969028cfba75ccab2455>@@AAV<lambda_6e4b09c48022b2350581041d5f6b0c4c>@@$$QAV<lambda_22bdf7517842c4b3e53723af5aa32b9e>@@@Z 100473e0     libucrt:exit.obj
 0002:00010400       __sehtable$??$?RV<lambda_8e746cf0007f6ed984d6f78af1fec997>@@AAV<lambda_22ebabd17bc4fa466a2aca6d8deb888d>@@V<lambda_18ed0c0b38a6dc0daf1e7ac6d6adf05e>@@@?$__crt_seh_guarded_call@H@@QAEH$$QAV<lambda_8e746cf0007f6ed984d6f78af1fec997>@@AAV<lambda_22ebabd17bc4fa466a2aca6d8deb888d>@@$$QAV<lambda_18ed0c0b38a6dc0daf1e7ac6d6adf05e>@@@Z 10047400     libucrt:onexit.obj
 0002:00010420       __sehtable$??$?RV<lambda_69a2805e680e0e292e8ba93315fe43a8>@@AAV<lambda_f03950bc5685219e0bcd2087efbe011e>@@V<lambda_03fcd07e894ec930e3f35da366ca99d6>@@@?$__crt_seh_guarded_call@H@@QAEH$$QAV<lambda_69a2805e680e0e292e8ba93315fe43a8>@@AAV<lambda_f03950bc5685219e0bcd2087efbe011e>@@$$QAV<lambda_03fcd07e894ec930e3f35da366ca99d6>@@@Z 10047420     libucrt:onexit.obj
 0002:00010440       __sehtable$_raise          10047440     libucrt:signal.obj
 0002:00010460       __sehtable$??$?RV<lambda_cbab9ec6f41b0180b23cc171c22676b0>@@AAV<lambda_44731a7d0e6d81c3e6aa82d741081786>@@V<lambda_4b292cb8dd18144e164572427af410ab>@@@?$__crt_seh_guarded_call@P6AXH@Z@@QAEP6AXH@Z$$QAV<lambda_cbab9ec6f41b0180b23cc171c22676b0>@@AAV<lambda_44731a7d0e6d81c3e6aa82d741081786>@@$$QAV<lambda_4b292cb8dd18144e164572427af410ab>@@@Z 10047460     libucrt:signal.obj
 0002:00010480       __sehtable$??$?RV<lambda_93797fb4802c957ba6a7f08e1250235b>@@AAV<lambda_1f3ce6bd48e0aa2e72a71c02eee379d3>@@V<lambda_56cae30c9364c9b6c15aeaac05d0418e>@@@?$__crt_seh_guarded_call@H@@QAEH$$QAV<lambda_93797fb4802c957ba6a7f08e1250235b>@@AAV<lambda_1f3ce6bd48e0aa2e72a71c02eee379d3>@@$$QAV<lambda_56cae30c9364c9b6c15aeaac05d0418e>@@@Z 10047480     libucrt:winapi_thunks.obj
 0002:000104a0       __sehtable$__fcloseall     100474a0     libucrt:closeall.obj
 0002:000104c0       __sehtable$??$?RV<lambda_2866be3712abc81a800a822484c830d8>@@AAV<lambda_39ca0ed439415581b5b15c265174cece>@@V<lambda_2b24c74d71094a6cd0cb82e44167d71b>@@@?$__crt_seh_guarded_call@X@@QAEX$$QAV<lambda_2866be3712abc81a800a822484c830d8>@@AAV<lambda_39ca0ed439415581b5b15c265174cece>@@$$QAV<lambda_2b24c74d71094a6cd0cb82e44167d71b>@@@Z 100474c0     libucrt:fflush.obj
 0002:000104e0       __sehtable$??$?RV<lambda_2cc53f568c5a2bb6f192f930a45d44ea>@@AAV<lambda_ab61a845afdef5b7c387490eaf3616ee>@@V<lambda_c2ffc0b7726aa6be21d5f0026187e748>@@@?$__crt_seh_guarded_call@X@@QAEX$$QAV<lambda_2cc53f568c5a2bb6f192f930a45d44ea>@@AAV<lambda_ab61a845afdef5b7c387490eaf3616ee>@@$$QAV<lambda_c2ffc0b7726aa6be21d5f0026187e748>@@@Z 100474e0     libucrt:fflush.obj
 0002:00010500       __sehtable$??$?RV<lambda_6d20deecaf4856105ebacbad442d1079>@@AAV<lambda_9a32fed5bf61b6b509b2d3f6003082a1>@@V<lambda_63ea2239ed67c638ddbae41947fdf875>@@@?$__crt_seh_guarded_call@H@@QAEH$$QAV<lambda_6d20deecaf4856105ebacbad442d1079>@@AAV<lambda_9a32fed5bf61b6b509b2d3f6003082a1>@@$$QAV<lambda_63ea2239ed67c638ddbae41947fdf875>@@@Z 10047500     libucrt:fflush.obj
 0002:00010520       __sehtable$___acrt_initialize_lowio 10047520     libucrt:ioinit.obj
 0002:00010540       __sehtable$??$?RV<lambda_15ade71b0218206bbe3333a0c9b79046>@@AAV<lambda_da44e0f8b0f19ba52fefafb335991732>@@V<lambda_207f2d024fc103971653565357d6cd41>@@@?$__crt_seh_guarded_call@X@@QAEX$$QAV<lambda_15ade71b0218206bbe3333a0c9b79046>@@AAV<lambda_da44e0f8b0f19ba52fefafb335991732>@@$$QAV<lambda_207f2d024fc103971653565357d6cd41>@@@Z 10047540     libucrt:per_thread_data.obj
 0002:00010560       __sehtable$??$?RV<lambda_a7e850c220f1c8d1e6efeecdedd162c6>@@AAV<lambda_46720907175c18b6c9d2717bc0d2d362>@@V<lambda_9048902d66e8d99359bc9897bbb930a8>@@@?$__crt_seh_guarded_call@X@@QAEX$$QAV<lambda_a7e850c220f1c8d1e6efeecdedd162c6>@@AAV<lambda_46720907175c18b6c9d2717bc0d2d362>@@$$QAV<lambda_9048902d66e8d99359bc9897bbb930a8>@@@Z 10047560     libucrt:per_thread_data.obj
 0002:00010580       __sehtable$??$?RV<lambda_38edbb1296d33220d7e4dd0ed76b244a>@@AAV<lambda_5ce1d447e08cb34b2473517608e21441>@@V<lambda_fb385d3da700c9147fc39e65dd577a8c>@@@?$__crt_seh_guarded_call@X@@QAEX$$QAV<lambda_38edbb1296d33220d7e4dd0ed76b244a>@@AAV<lambda_5ce1d447e08cb34b2473517608e21441>@@$$QAV<lambda_fb385d3da700c9147fc39e65dd577a8c>@@@Z 10047580     libucrt:per_thread_data.obj
 0002:000105a0       __sehtable$??$?RV<lambda_6affb1475c98b40b75cdec977db92e3c>@@AAV<lambda_b8d4b9c228a6ecc3f80208dbb4b4a104>@@V<lambda_608742c3c92a14382c1684fc64f96c88>@@@?$__crt_seh_guarded_call@X@@QAEX$$QAV<lambda_6affb1475c98b40b75cdec977db92e3c>@@AAV<lambda_b8d4b9c228a6ecc3f80208dbb4b4a104>@@$$QAV<lambda_608742c3c92a14382c1684fc64f96c88>@@@Z 100475a0     libucrt:per_thread_data.obj
 0002:000105c0       __sehtable$??$?RV<lambda_e5124f882df8998aaf41531e079ba474>@@AAV<lambda_3e16ef9562a7dcce91392c22ab16ea36>@@V<lambda_e25ca0880e6ef98be67edffd8c599615>@@@?$__crt_seh_guarded_call@X@@QAEX$$QAV<lambda_e5124f882df8998aaf41531e079ba474>@@AAV<lambda_3e16ef9562a7dcce91392c22ab16ea36>@@$$QAV<lambda_e25ca0880e6ef98be67edffd8c599615>@@@Z 100475c0     libucrt:wsetlocale.obj
 0002:000105e0       __sehtable$??$?RV<lambda_303d0ad9bde654cb3f803a73716ce7a4>@@AAV<lambda_92fe181106aff629c9a2e25713a64969>@@V<lambda_184325e10b6cff6f771390cbceab281b>@@@?$__crt_seh_guarded_call@X@@QAEX$$QAV<lambda_303d0ad9bde654cb3f803a73716ce7a4>@@AAV<lambda_92fe181106aff629c9a2e25713a64969>@@$$QAV<lambda_184325e10b6cff6f771390cbceab281b>@@@Z 100475e0     libucrt:wsetlocale.obj
 0002:00010600       __sehtable$??$?RV<lambda_38c1253c7a74f5d2d430989951395d98>@@AAV<lambda_b163b37eafe0a13f2c371fafeb0365c9>@@AAV<lambda_8dff2cf36a5417162780cd64fa2883ef>@@@?$__crt_seh_guarded_call@X@@QAEX$$QAV<lambda_38c1253c7a74f5d2d430989951395d98>@@AAV<lambda_b163b37eafe0a13f2c371fafeb0365c9>@@AAV<lambda_8dff2cf36a5417162780cd64fa2883ef>@@@Z 10047600     libucrt:wsetlocale.obj
 0002:00010620       __sehtable$??$?RV<lambda_70c0770dcc4f6ec6272bb01dc82d3c91>@@AAV<lambda_ca71763b3c0644891230e4f79ea54fa6>@@V<lambda_ca266f0f09348b8765c113e3a39a2bc1>@@@?$__crt_seh_guarded_call@H@@QAEH$$QAV<lambda_70c0770dcc4f6ec6272bb01dc82d3c91>@@AAV<lambda_ca71763b3c0644891230e4f79ea54fa6>@@$$QAV<lambda_ca266f0f09348b8765c113e3a39a2bc1>@@@Z 10047620     libucrt:setvbuf.obj
 0002:00010640       __sehtable$?update_thread_multibyte_data_internal@@YAPAU__crt_multibyte_data@@QAU__acrt_ptd@@QAU1@@Z 10047640     libucrt:mbctype.obj
 0002:00010660       __sehtable$??$?RV<lambda_ceb1ee4838e85a9d631eb091e2fbe199>@@AAV<lambda_ae742caa10f662c28703da3d2ea5e57e>@@V<lambda_cd08b5d6af4937fe54fc07d0c9bf6b37>@@@?$__crt_seh_guarded_call@X@@QAEX$$QAV<lambda_ceb1ee4838e85a9d631eb091e2fbe199>@@AAV<lambda_ae742caa10f662c28703da3d2ea5e57e>@@$$QAV<lambda_cd08b5d6af4937fe54fc07d0c9bf6b37>@@@Z 10047660     libucrt:mbctype.obj
 0002:00010680       __sehtable$_fclose         10047680     libucrt:fclose.obj
 0002:000106a0       __sehtable$??$?RV<lambda_9e9de3de5fa147e2223d7db92bc10aa6>@@AAV<lambda_38ce7e780aa69e748d6df282ebc68efe>@@V<lambda_8ca6da459f0f6780f1cff60fdc3d00e5>@@@?$__crt_seh_guarded_call@H@@QAEH$$QAV<lambda_9e9de3de5fa147e2223d7db92bc10aa6>@@AAV<lambda_38ce7e780aa69e748d6df282ebc68efe>@@$$QAV<lambda_8ca6da459f0f6780f1cff60fdc3d00e5>@@@Z 100476a0     libucrt:commit.obj
 0002:000106c0       __sehtable$__write         100476c0     libucrt:write.obj
 0002:000106e0       __sehtable$___acrt_lowio_ensure_fh_exists 100476e0     libucrt:osfinfo.obj
 0002:00010700       __sehtable$___acrt_update_thread_locale_data 10047700     libucrt:locale_refcounting.obj
 0002:00010720       __sehtable$??$?RV<lambda_218ce3db14220d0be481dae8ef3383b6>@@AAV<lambda_628dfdc04ba53c8bfc02c9951375f3f5>@@V<lambda_57dc472bd5c9d5f3b2cbca59b8a843ae>@@@?$__crt_seh_guarded_call@H@@QAEH$$QAV<lambda_218ce3db14220d0be481dae8ef3383b6>@@AAV<lambda_628dfdc04ba53c8bfc02c9951375f3f5>@@$$QAV<lambda_57dc472bd5c9d5f3b2cbca59b8a843ae>@@@Z 10047720     libucrt:close.obj
 0002:00010740       __sehtable$??$common_lseek@_J@@YA_JH_JH@Z 10047740     libucrt:lseek.obj
 0002:00010760       __sehtable$__IsNonwritableInCurrentImage 10047760     LIBCMT:pesect.obj
 0002:00010780       .edata                     10047780     nodejavabridge_bindings.exp
 0002:000107a8       rgpv                       100477a8     nodejavabridge_bindings.exp
 0002:000107b4       rgszName                   100477b4     nodejavabridge_bindings.exp
 0002:000107c0       rgwOrd                     100477c0     nodejavabridge_bindings.exp
 0002:000107c6       szName                     100477c6     nodejavabridge_bindings.exp
 0002:000107e3       $N00001                    100477e3     nodejavabridge_bindings.exp
 0002:0001080e       $N00002                    1004780e     nodejavabridge_bindings.exp
 0002:00010838       $N00003                    10047838     nodejavabridge_bindings.exp
 0002:00010bb0       .idata$6                   10047bb0     kernel32:KERNEL32.dll
 0002:000124dc       .idata$6                   100494dc     nw:nw.dll
 0002:00012674       .idata$6                   10049674     node:node.dll
 0002:00012692       .idata$6                   10049692     jvm:jvm.dll
 0003:00000000       ?init@std@@3JA             1004a000     libcpmt:xlock.obj
 0003:0000005c       ?atcount_cdecl@@3IA        1004a05c     libcpmt:iosptrs.obj
 0003:00000080       ?__vcrt_flsindex@@3KA      1004a080     libvcruntime:per_thread_data.obj
 0003:000001b4       ?errno_no_memory@@3HA      1004a1b4     libucrt:errno.obj
 0003:000001b8       ?doserrno_no_memory@@3KA   1004a1b8     libucrt:errno.obj
 0003:000001f0       ?__acrt_flsindex@@3KA      1004a1f0     libucrt:per_thread_data.obj
 0003:000001f4       __ctype_loc_style          1004a1f4     libucrt:wsetlocale.obj
 0003:000002d0       ?tzstd_program@@3PADA      1004a2d0     libucrt:timeset.obj
 0003:00000310       ?tzdst_program@@3PADA      1004a310     libucrt:timeset.obj
 0003:00000350       ?tzname_states@@3PAY01PADA 1004a350     libucrt:timeset.obj
 0003:00000358       __mbctypes                 1004a358     libucrt:mbctype.obj
 0003:00000460       __mbcasemaps               1004a460     libucrt:mbctype.obj
 0003:00000560       ?__rgctypeflag@@3PADA      1004a560     libucrt:mbctype.obj
 0003:00000568       ?__rgcode_page_info@@3PAUcode_page_info@@A 1004a568     libucrt:mbctype.obj
 0003:00000890       __module                   1004a890     nodeJavaBridge.obj
 0003:00000b38       ?initlocks@std@@3V_Init_locks@1@A 1004ab38     libcpmt:xlock.obj
 0003:00000b40       ?mtx@std@@3PAU_RTL_CRITICAL_SECTION@@A 1004ab40     libcpmt:xlock.obj
 0003:00000c1c       ?classic_locale@std@@3Vlocale@1@A 1004ac1c     libcpmt:locale0.obj
 0003:00000c24       ?_Fac_tidy_reg@std@@3U_Fac_tidy_reg_t@1@B 1004ac24     libcpmt:locale0.obj
 0003:00000c28       ?_Fac_head@std@@3PAU_Fac_node@1@A 1004ac28     libcpmt:locale0.obj
 0003:00000c2c       _global_locale             1004ac2c     libcpmt:locale0.obj
 0003:00000c30       ?registered@?1??_Setgloballocale@locale@std@@CAXPAX@Z@4_NA 1004ac30     libcpmt:locale0.obj
 0003:00000c38       ?stdstr@std@@3PAPAVios_base@1@A 1004ac38     libcpmt:ios.obj
 0003:00000c60       ?stdopens@std@@3PADA       1004ac60     libcpmt:ios.obj
 0003:00000d38       ?initlocks@std@@3V_Init_locks@1@A 1004ad38     libcpmt:iosptrs.obj
 0003:00000d39       ?init_atexit@@3U_Init_atexit@@A 1004ad39     libcpmt:iosptrs.obj
 0003:00000d3c       ?atfuns_cdecl@@3PAP6AXXZA  1004ad3c     libcpmt:iosptrs.obj
 0003:00000de4       ?is_initialized_as_dll@@3_NA 1004ade4     LIBCMT:utility.obj
 0003:00000de5       ?module_local_atexit_table_initialized@@3_NA 1004ade5     LIBCMT:utility.obj
 0003:00000de8       ?module_local_atexit_table@@3U_onexit_table_t@@A 1004ade8     LIBCMT:utility.obj
 0003:00000df4       ?module_local_at_quick_exit_table@@3U_onexit_table_t@@A 1004adf4     LIBCMT:utility.obj
 0003:00000e00       ?__proc_attached@@3HA      1004ae00     LIBCMT:dll_dllmain.obj
 0003:00000e08       _GS_ExceptionRecord        1004ae08     LIBCMT:gs_report.obj
 0003:00000e58       _GS_ContextRecord          1004ae58     LIBCMT:gs_report.obj
 0003:00001148       ?__vcrt_startup_thread_ptd@@3U__vcrt_ptd@@A 1004b148     libvcruntime:per_thread_data.obj
 0003:00001170       ___vcrt_lock_table         1004b170     libvcruntime:locks.obj
 0003:00001188       ___vcrt_locks_initialized  1004b188     libvcruntime:locks.obj
 0003:0000118c       ?module_handles@@3PAPAUHINSTANCE__@@A 1004b18c     libvcruntime:winapi_downlevel.obj
 0003:00001198       ?encoded_function_pointers@@3PAPAXA 1004b198     libvcruntime:winapi_downlevel.obj
 0003:000011d4       ?heap@@3V_HeapManager@@A   1004b1d4     libvcruntime:undname.obj
 0003:000011f4       ?__acrt_invalid_parameter_handler@@3V?$dual_state_global@P6AXPB_W00II@Z@__crt_state_management@@A 1004b1f4     libucrt:invalid_parameter.obj
 0003:00001200       ?__acrt_lock_table@@3PAU_RTL_CRITICAL_SECTION@@A 1004b200     libucrt:locks.obj
 0003:00001350       ?__acrt_locks_initialized@@3IA 1004b350     libucrt:locks.obj
 0003:00001354       ?__acrt_new_handler@@3V?$dual_state_global@P6AHI@Z@__crt_state_management@@A 1004b354     libucrt:new_handler.obj
 0003:00001358       ?c_termination_complete@@3JA 1004b358     libucrt:exit.obj
 0003:0000135c       ?thread_local_exit_callback_func@@3P6GXPAXK0@ZA 1004b35c     libucrt:exit.obj
 0003:00001368       ?program_name@?1???$common_configure_argv@D@@YAHW4_crt_argv_mode@@@Z@4PADA 1004b368     libucrt:argv_parsing.obj
 0003:00001498       ?ctrlc_action@@3V?$dual_state_global@P6AXH@Z@__crt_state_management@@A 1004b498     libucrt:signal.obj
 0003:0000149c       ?ctrlbreak_action@@3V?$dual_state_global@P6AXH@Z@__crt_state_management@@A 1004b49c     libucrt:signal.obj
 0003:000014a0       ?abort_action@@3V?$dual_state_global@P6AXH@Z@__crt_state_management@@A 1004b4a0     libucrt:signal.obj
 0003:000014a4       ?term_action@@3V?$dual_state_global@P6AXH@Z@__crt_state_management@@A 1004b4a4     libucrt:signal.obj
 0003:000014a8       ?module_handles@@3PAPAUHINSTANCE__@@A 1004b4a8     libucrt:winapi_thunks.obj
 0003:000014f8       ?encoded_function_pointers@@3PAPAXA 1004b4f8     libucrt:winapi_thunks.obj
 0003:00001580       ?static_enum_proc@?1??enum_system_locales_ex_nolock@@YAHQ6GHPA_WKJ@Z@Z@4P6GH0KJ@ZA 1004b580     libucrt:winapi_thunks.obj
 0003:0000178c       ?enable_percent_n@@3IA     1004b78c     libucrt:printf_count_output.obj
 0003:000017a0       ?__acrt_app_type@@3W4_crt_app_type@@A 1004b7a0     libucrt:report_runtime_error.obj
 0003:000017a4       ___acrt_error_mode         1004b7a4     libucrt:set_error_mode.obj
 0003:000017b8       ?_tzname@@3V?$dual_state_global@PAPAD@__crt_state_management@@A 1004b7b8     libucrt:timeset.obj
 0003:000017c0       ?tz_api_used@@3HA          1004b7c0     libucrt:tzset.obj
 0003:000017c8       ?tz_info@@3U_TIME_ZONE_INFORMATION@@A 1004b7c8     libucrt:tzset.obj
 0003:00001874       ?state_cache@?1???$get_cached_win_policy@Udeveloper_information_policy_properties@?1??__acrt_get_developer_information_policy@@YA?AW4developer_information_policy@@XZ@@@YA?AW4developer_information_policy@@W4AppPolicyShowDeveloperDiagnostic@@@Z@4JA 1004b874     libucrt:win_policies.obj
 0003:00001878       ?state_cache@?1???$get_cached_win_policy@Uwindowing_model_policy_properties@?1??__acrt_get_windowing_model_policy@@YA?AW4windowing_model_policy@@XZ@@@YA?AW4windowing_model_policy@@W4AppPolicyWindowingModel@@@Z@4JA 1004b878     libucrt:win_policies.obj
 0003:00001888       ?fSystemSet@@3HA           1004b888     libucrt:mbctype.obj
 0003:0000188c       ?initialized@?1??__acrt_initialize_multibyte@@9@4_NA 1004b88c     libucrt:mbctype.obj
 0003:000018ac       ?user_matherr@@3V?$dual_state_global@P6AHPAU_exception@@@Z@__crt_state_management@@A 1004b8ac     libucrt:matherr.obj
 0003:000018b0       ?__acrt_global_new_mode@@3V?$dual_state_global@J@__crt_state_management@@A 1004b8b0     libucrt:new_mode.obj
 0003:000018b4       __pmatherr_set             1004b8b4     libucrt:libm_error.obj
 0003:000018e8       ?kObject@@3V?$basic_string@DU?$char_traits@D@std@@V?$allocator@D@2@@std@@B 1004b8e8     utils.obj
 0003:00001900       ?kLong@@3V?$basic_string@DU?$char_traits@D@std@@V?$allocator@D@2@@std@@B 1004b900     utils.obj
 0003:00001918       ?kInteger@@3V?$basic_string@DU?$char_traits@D@std@@V?$allocator@D@2@@std@@B 1004b918     utils.obj
 0003:00001930       ?kDouble@@3V?$basic_string@DU?$char_traits@D@std@@V?$allocator@D@2@@std@@B 1004b930     utils.obj
 0003:00001948       ?kNumber@@3V?$basic_string@DU?$char_traits@D@std@@V?$allocator@D@2@@std@@B 1004b948     utils.obj
 0003:00001960       ?kString@@3V?$basic_string@DU?$char_traits@D@std@@V?$allocator@D@2@@std@@B 1004b960     utils.obj
 0003:00001978       ?kBoolean@@3V?$basic_string@DU?$char_traits@D@std@@V?$allocator@D@2@@std@@B 1004b978     utils.obj
 0003:00001990       ?node_dll@@3PAUHINSTANCE__@@A 1004b990     win_delay_load_hook.obj
 0003:00001994       ?nw_dll@@3PAUHINSTANCE__@@A 1004b994     win_delay_load_hook.obj
 0004:00000060       $R000000                   1004c060     * linker generated manifest res *

 Exports

  ordinal    name

        1    _Java_node_NodeDynamicProxyClass_callJs@24
        2    _Java_node_NodeDynamicProxyClass_unref@16
        3    __register_nodejavabridge_bindings_
               exported name: _register_nodejavabridge_bindings_
