 nodejavabridge_bindings

 Timestamp is 5b579d76 (Tue Jul 24 14:43:18 2018)

 Preferred load address is 10000000

 Start         Length     Name                   Class
 0001:00000000 00000360H .text$di                CODE
 0001:00000360 00030ef7H .text$mn                CODE
 0001:00031257 00000099H .text$x                 CODE
 0001:000312f0 0000011cH .text$yd                CODE
 0002:00000000 000002c4H .idata$5                DATA
 0002:000002c4 00000004H .00cfg                  DATA
 0002:000002c8 00000004H .CRT$XCA                DATA
 0002:000002cc 0000000cH .CRT$XCC                DATA
 0002:000002d8 00000008H .CRT$XCL                DATA
 0002:000002e0 00000030H .CRT$XCU                DATA
 0002:00000310 00000004H .CRT$XCZ                DATA
 0002:00000314 00000004H .CRT$XIA                DATA
 0002:00000318 00000014H .CRT$XIC                DATA
 0002:0000032c 00000004H .CRT$XIZ                DATA
 0002:00000330 00000004H .CRT$XPA                DATA
 0002:00000334 00000008H .CRT$XPX                DATA
 0002:0000033c 00000004H .CRT$XPXA               DATA
 0002:00000340 00000004H .CRT$XPZ                DATA
 0002:00000344 00000004H .CRT$XTA                DATA
 0002:00000348 00000008H .CRT$XTZ                DATA
 0002:00000350 0000dd5cH .rdata                  DATA
 0002:0000e0ac 00000524H .rdata$r                DATA
 0002:0000e5d0 00000028H .rdata$sxdata           DATA
 0002:0000e5f8 000003a4H .rdata$zzzdbg           DATA
 0002:0000e99c 00000004H .rtc$IAA                DATA
 0002:0000e9a0 00000004H .rtc$IZZ                DATA
 0002:0000e9a4 00000004H .rtc$TAA                DATA
 0002:0000e9a8 00000008H .rtc$TZZ                DATA
 0002:0000e9b0 00000790H .xdata$x                DATA
 0002:0000f140 000000dcH .edata                  DATA
 0002:0000f21c 00000050H .idata$2                DATA
 0002:0000f26c 00000014H .idata$3                DATA
 0002:0000f280 000002c4H .idata$4                DATA
 0002:0000f544 0000201eH .idata$6                DATA
 0003:00000000 000008d0H .data                   DATA
 0003:000008d0 00000258H .data$r                 DATA
 0003:00000b28 00000e90H .bss                    DATA
 0004:00000000 000000c4H .gfids$x                DATA
 0004:000000c4 0000014cH .gfids$y                DATA
 0005:00000000 00000060H .rsrc$01                DATA
 0005:00000060 00000180H .rsrc$02                DATA

  Address         Publics by Value              Rva+Base       Lib:Object

 0000:00000000       ___guard_fids_count        00000000     <absolute>
 0000:00000000       ___guard_longjmp_count     00000000     <absolute>
 0000:00000000       ___guard_longjmp_table     00000000     <absolute>
 0000:00000000       __except_list              00000000     <absolute>
 0000:00000000       ___guard_iat_table         00000000     <absolute>
 0000:00000000       ___guard_iat_count         00000000     <absolute>
 0000:00000000       ___guard_fids_table        00000000     <absolute>
 0000:00000000       ___dynamic_value_reloc_table 00000000     <absolute>
 0000:0000000a       ___safe_se_handler_count   0000000a     <absolute>
 0000:00000100       ___guard_flags             00000100     <absolute>
 0000:00000000       ___ImageBase               10000000     <linker-defined>
 0001:00000360       ___local_stdio_printf_options 10001360 f i java.obj
 0001:00000370       _fprintf                   10001370 f i java.obj
 0001:000003a0       _sprintf_s                 100013a0 f i java.obj
 0001:000003e0       ?what@exception@stdext@@UBEPBDXZ 100013e0 f i java.obj
 0001:000003f0       ?_Raise@exception@stdext@@QBEXXZ 100013f0 f i java.obj
 0001:00000420       ?_Unlock@?$basic_streambuf@DU?$char_traits@D@std@@@std@@UAEXXZ 10001420 f i java.obj
 0001:00000420       ?_Lock@?$basic_streambuf@DU?$char_traits@D@std@@@std@@UAEXXZ 10001420 f i java.obj
 0001:00000420       ?_Doraise@exception@stdext@@MBEXXZ 10001420 f i java.obj
 0001:00000420       ?EIO_CallJs@@YAXPAUuv_work_s@@@Z 10001420 f i java.obj
 0001:00000420       @_guard_check_icall_nop@4  10001420 f i LIBCMT:guard_support.obj
 0001:00000420       ___except_validate_context_record 10001420 f i libvcruntime:jbcxrval.obj
 0001:00000420       ___except_validate_jump_buffer 10001420 f i libvcruntime:jbcxrval.obj
 0001:00000430       ??_Gexception@stdext@@UAEPAXI@Z 10001430 f i java.obj
 0001:00000430       ??_Eruntime_error@std@@UAEPAXI@Z 10001430 f i * CIL library *:* CIL module *
 0001:00000430       ??_Gruntime_error@std@@UAEPAXI@Z 10001430 f i java.obj
 0001:00000430       ??_G_System_error@std@@UAEPAXI@Z 10001430 f i java.obj
 0001:00000430       ??_Efailure@ios_base@std@@UAEPAXI@Z 10001430 f i * CIL library *:* CIL module *
 0001:00000430       ??_Eexception@stdext@@UAEPAXI@Z 10001430 f i * CIL library *:* CIL module *
 0001:00000430       ??_Gfailure@ios_base@std@@UAEPAXI@Z 10001430 f i java.obj
 0001:00000430       ??_E_System_error@std@@UAEPAXI@Z 10001430 f i * CIL library *:* CIL module *
 0001:00000450       ?_Doraise@runtime_error@std@@MBEXXZ 10001450 f i java.obj
 0001:00000450       ?_Doraise@failure@ios_base@std@@MBEXXZ 10001450 f i java.obj
 0001:00000460       ??0_Locinfo@std@@QAE@PBD@Z 10001460 f i java.obj
 0001:000004e0       ??1_Locinfo@std@@QAE@XZ    100014e0 f i java.obj
 0001:00000580       ??_E?$num_put@DV?$ostreambuf_iterator@DU?$char_traits@D@std@@@std@@@std@@MAEPAXI@Z 10001580 f i * CIL library *:* CIL module *
 0001:00000580       ??_G_Facet_base@std@@UAEPAXI@Z 10001580 f i java.obj
 0001:00000580       ??_E_Facet_base@std@@UAEPAXI@Z 10001580 f i * CIL library *:* CIL module *
 0001:00000580       ??_G?$num_put@DV?$ostreambuf_iterator@DU?$char_traits@D@std@@@std@@@std@@MAEPAXI@Z 10001580 f i java.obj
 0001:000005a0       ?_Incref@facet@locale@std@@UAEXXZ 100015a0 f i java.obj
 0001:000005b0       ?_Decref@facet@locale@std@@UAEPAV_Facet_base@3@XZ 100015b0 f i java.obj
 0001:000005d0       ??1locale@std@@QAE@XZ      100015d0 f i java.obj
 0001:000005f0       ?_Getcat@?$ctype@D@std@@SAIPAPBVfacet@locale@2@PBV42@@Z 100015f0 f i java.obj
 0001:00000680       ?do_tolower@?$ctype@D@std@@MBEDD@Z 10001680 f i java.obj
 0001:000006a0       ?do_tolower@?$ctype@D@std@@MBEPBDPADPBD@Z 100016a0 f i java.obj
 0001:000006e0       ?do_toupper@?$ctype@D@std@@MBEDD@Z 100016e0 f i java.obj
 0001:00000700       ?do_toupper@?$ctype@D@std@@MBEPBDPADPBD@Z 10001700 f i java.obj
 0001:00000740       ?do_widen@?$ctype@D@std@@MBEDD@Z 10001740 f i java.obj
 0001:00000750       ?do_widen@?$ctype@D@std@@MBEPBDPBD0PAD@Z 10001750 f i java.obj
 0001:00000770       ?do_narrow@?$ctype@D@std@@MBEDDD@Z 10001770 f i java.obj
 0001:00000780       ?do_narrow@?$ctype@D@std@@MBEPBDPBD0DPAD@Z 10001780 f i java.obj
 0001:000007a0       ??_E?$ctype@D@std@@MAEPAXI@Z 100017a0 f i * CIL library *:* CIL module *
 0001:000007a0       ??_G?$ctype@D@std@@MAEPAXI@Z 100017a0 f i java.obj
 0001:000007f0       ??_E_Iostream_error_category@std@@UAEPAXI@Z 100017f0 f i * CIL library *:* CIL module *
 0001:000007f0       ??_Gerror_category@std@@UAEPAXI@Z 100017f0 f i java.obj
 0001:000007f0       ??_G_Iostream_error_category@std@@UAEPAXI@Z 100017f0 f i java.obj
 0001:000007f0       ??_Eerror_category@std@@UAEPAXI@Z 100017f0 f i * CIL library *:* CIL module *
 0001:00000810       ?default_error_condition@error_category@std@@UBE?AVerror_condition@2@H@Z 10001810 f i java.obj
 0001:00000820       ?equivalent@error_category@std@@UBE_NHABVerror_condition@2@@Z 10001820 f i java.obj
 0001:00000860       ?equivalent@error_category@std@@UBE_NABVerror_code@2@H@Z 10001860 f i java.obj
 0001:00000890       ?make_error_code@std@@YA?AVerror_code@1@W4io_errc@1@@Z 10001890 f i java.obj
 0001:000008e0       ??0_System_error@std@@IAE@Verror_code@1@ABV?$basic_string@DU?$char_traits@D@std@@V?$allocator@D@2@@1@@Z 100018e0 f i java.obj
 0001:000009d0       ?name@_Iostream_error_category@std@@UBEPBDXZ 100019d0 f i java.obj
 0001:000009e0       ?message@_Iostream_error_category@std@@UBE?AV?$basic_string@DU?$char_traits@D@std@@V?$allocator@D@2@@2@H@Z 100019e0 f i java.obj
 0001:00000a70       ??0failure@ios_base@std@@QAE@PBDABVerror_code@2@@Z 10001a70 f i java.obj
 0001:00000b00       ?clear@ios_base@std@@QAEXH_N@Z 10001b00 f i java.obj
 0001:00000b80       ?_Init@ios_base@std@@IAEXXZ 10001b80 f i java.obj
 0001:00000c00       ??_Eios_base@std@@UAEPAXI@Z 10001c00 f i * CIL library *:* CIL module *
 0001:00000c00       ??_G?$basic_ios@DU?$char_traits@D@std@@@std@@UAEPAXI@Z 10001c00 f i java.obj
 0001:00000c00       ??_Gios_base@std@@UAEPAXI@Z 10001c00 f i java.obj
 0001:00000c00       ??_E?$basic_ios@DU?$char_traits@D@std@@@std@@UAEPAXI@Z 10001c00 f i * CIL library *:* CIL module *
 0001:00000c30       ?NewObject@JNIEnv_@@QAAPAV_jobject@@PAV_jclass@@PAU_jmethodID@@ZZ 10001c30 f i java.obj
 0001:00000c50       ?CallObjectMethod@JNIEnv_@@QAAPAV_jobject@@PAV2@PAU_jmethodID@@ZZ 10001c50 f i java.obj
 0001:00000c70       ?CallBooleanMethod@JNIEnv_@@QAAEPAV_jobject@@PAU_jmethodID@@ZZ 10001c70 f i java.obj
 0001:00000c90       ?CallByteMethod@JNIEnv_@@QAACPAV_jobject@@PAU_jmethodID@@ZZ 10001c90 f i java.obj
 0001:00000cb0       ?CallCharMethod@JNIEnv_@@QAAGPAV_jobject@@PAU_jmethodID@@ZZ 10001cb0 f i java.obj
 0001:00000cd0       ?CallShortMethod@JNIEnv_@@QAAFPAV_jobject@@PAU_jmethodID@@ZZ 10001cd0 f i java.obj
 0001:00000cf0       ?CallIntMethod@JNIEnv_@@QAAJPAV_jobject@@PAU_jmethodID@@ZZ 10001cf0 f i java.obj
 0001:00000d10       ?CallFloatMethod@JNIEnv_@@QAAMPAV_jobject@@PAU_jmethodID@@ZZ 10001d10 f i java.obj
 0001:00000d30       ?CallDoubleMethod@JNIEnv_@@QAANPAV_jobject@@PAU_jmethodID@@ZZ 10001d30 f i java.obj
 0001:00000d50       ?CallStaticObjectMethod@JNIEnv_@@QAAPAV_jobject@@PAV_jclass@@PAU_jmethodID@@ZZ 10001d50 f i java.obj
 0001:00000d70       ?SetObjectArrayElement@JNIEnv_@@QAEXPAV_jobjectArray@@JPAV_jobject@@@Z 10001d70 f i java.obj
 0001:00000fe0       ?New@?$Factory@VFunctionTemplate@v8@@@imp@Nan@@SA?AV?$Local@VFunctionTemplate@v8@@@v8@@P6AXABV?$FunctionCallbackInfo@VValue@v8@@@3@@ZV?$Local@VValue@v8@@@5@V?$Local@VSignature@v8@@@5@@Z 10001fe0 f i java.obj
 0001:00001140       ?Error@Nan@@YA?AV?$Local@VValue@v8@@@v8@@PBD@Z 10002140 f i java.obj
 0001:000011c0       ?ThrowError@Nan@@YAXPBD@Z  100021c0 f i java.obj
 0001:00001240       ?TypeError@Nan@@YA?AV?$Local@VValue@v8@@@v8@@PBD@Z 10002240 f i java.obj
 0001:000012c0       ?ThrowError@Nan@@YAXV?$Local@VValue@v8@@@v8@@@Z 100022c0 f i java.obj
 0001:000012e0       ?SetPrototypeMethod@Nan@@YAXV?$Local@VFunctionTemplate@v8@@@v8@@PBDP6AXABV?$FunctionCallbackInfo@VValue@v8@@@1@@Z@Z 100022e0 f i java.obj
 0001:00001390       ?SetAccessor@Nan@@YA_NV?$Local@VObject@v8@@@v8@@V?$Local@VString@v8@@@3@P6AX1ABV?$PropertyCallbackInfo@VValue@v8@@@1@@ZP6AX1V?$Local@VValue@v8@@@3@ABV?$PropertyCallbackInfo@X@1@@Z4W4AccessControl@3@W4PropertyAttribute@3@@Z 10002390 f i java.obj
 0001:000014f0       ?Wrap@ObjectWrap@Nan@@IAEXV?$Local@VObject@v8@@@v8@@@Z 100024f0 f i java.obj
 0001:00001590       ?Ref@ObjectWrap@Nan@@MAEXXZ 10002590 f i java.obj
 0001:00001590       ?Ref@JavaObject@@UAEXXZ    10002590 f i javaObject.obj
 0001:000015c0       ?Unref@ObjectWrap@Nan@@MAEXXZ 100025c0 f i java.obj
 0001:00001640       ?WeakCallback@ObjectWrap@Nan@@CAXABV?$WeakCallbackInfo@VObjectWrap@Nan@@@v8@@@Z 10002640 f i java.obj
 0001:000016b0       ??_EObjectWrap@Nan@@UAEPAXI@Z 100026b0 f i * CIL library *:* CIL module *
 0001:000016b0       ??_GObjectWrap@Nan@@UAEPAXI@Z 100026b0 f i java.obj
 0001:00001730       ?Init@Java@@SAXV?$Local@VObject@v8@@@v8@@@Z 10002730 f   java.obj
 0001:000019d0       ?New@Java@@CAXABV?$FunctionCallbackInfo@VValue@v8@@@Nan@@@Z 100029d0 f   java.obj
 0001:00001c00       ??0Java@@AAE@XZ            10002c00 f   java.obj
 0001:00001cc0       ??_GJava@@EAEPAXI@Z        10002cc0 f i java.obj
 0001:00001cc0       ??_EJava@@EAEPAXI@Z        10002cc0 f i * CIL library *:* CIL module *
 0001:00001ce0       ??1Java@@EAE@XZ            10002ce0 f   java.obj
 0001:00001d80       ?configureAsync@Java@@AAEXAAV?$Local@VValue@v8@@@v8@@@Z 10002d80 f   java.obj
 0001:000021f0       ?createJVM@Java@@AAE?AV?$Local@VValue@v8@@@v8@@PAPAUJavaVM_@@PAPAUJNIEnv_@@@Z 100031f0 f   java.obj
 0001:00002b60       ??_D?$basic_ostringstream@DU?$char_traits@D@std@@V?$allocator@D@2@@std@@QAEXXZ 10003b60 f i java.obj
 0001:00002b80       ?AccessorProhibitsOverwritingGetter@Java@@CAXV?$Local@VString@v8@@@v8@@ABV?$PropertyCallbackInfo@VValue@v8@@@Nan@@@Z 10003b80 f   java.obj
 0001:00002e30       ?AccessorProhibitsOverwritingSetter@Java@@CAXV?$Local@VString@v8@@@v8@@V?$Local@VValue@v8@@@3@ABV?$PropertyCallbackInfo@X@Nan@@@Z 10003e30 f   java.obj
 0001:00002f10       ?getClassLoader@Java@@CAXABV?$FunctionCallbackInfo@VValue@v8@@@Nan@@@Z 10003f10 f   java.obj
 0001:000030b0       ?newInstance@Java@@CAXABV?$FunctionCallbackInfo@VValue@v8@@@Nan@@@Z 100040b0 f   java.obj
 0001:00003700       ?newInstanceSync@Java@@CAXABV?$FunctionCallbackInfo@VValue@v8@@@Nan@@@Z 10004700 f   java.obj
 0001:00003b80       ?newProxy@Java@@CAXABV?$FunctionCallbackInfo@VValue@v8@@@Nan@@@Z 10004b80 f   java.obj
 0001:000043c0       ??0DynamicProxyData@@QAE@XZ 100053c0 f i java.obj
 0001:00004420       ??_GDynamicProxyData@@QAEPAXI@Z 10005420 f i java.obj
 0001:00004460       ?callStaticMethod@Java@@CAXABV?$FunctionCallbackInfo@VValue@v8@@@Nan@@@Z 10005460 f   java.obj
 0001:00004bd0       ?callStaticMethodSync@Java@@CAXABV?$FunctionCallbackInfo@VValue@v8@@@Nan@@@Z 10005bd0 f   java.obj
 0001:00005180       ?callMethodSync@Java@@CAXABV?$FunctionCallbackInfo@VValue@v8@@@Nan@@@Z 10006180 f   java.obj
 0001:000055b0       ?callMethod@Java@@CAXABV?$FunctionCallbackInfo@VValue@v8@@@Nan@@@Z 100065b0 f   java.obj
 0001:00005bd0       ?findClassSync@Java@@CAXABV?$FunctionCallbackInfo@VValue@v8@@@Nan@@@Z 10006bd0 f   java.obj
 0001:00005f30       ?newArray@Java@@CAXABV?$FunctionCallbackInfo@VValue@v8@@@Nan@@@Z 10006f30 f   java.obj
 0001:00006c50       ?newByte@Java@@CAXABV?$FunctionCallbackInfo@VValue@v8@@@Nan@@@Z 10007c50 f   java.obj
 0001:00006e90       ?newShort@Java@@CAXABV?$FunctionCallbackInfo@VValue@v8@@@Nan@@@Z 10007e90 f   java.obj
 0001:00007090       ?newLong@Java@@CAXABV?$FunctionCallbackInfo@VValue@v8@@@Nan@@@Z 10008090 f   java.obj
 0001:000072b0       ?newChar@Java@@CAXABV?$FunctionCallbackInfo@VValue@v8@@@Nan@@@Z 100082b0 f   java.obj
 0001:000075b0       ?newFloat@Java@@CAXABV?$FunctionCallbackInfo@VValue@v8@@@Nan@@@Z 100085b0 f   java.obj
 0001:000077c0       ?newDouble@Java@@CAXABV?$FunctionCallbackInfo@VValue@v8@@@Nan@@@Z 100087c0 f   java.obj
 0001:000079d0       ?getStaticFieldValue@Java@@CAXABV?$FunctionCallbackInfo@VValue@v8@@@Nan@@@Z 100089d0 f   java.obj
 0001:00008090       ?setStaticFieldValue@Java@@CAXABV?$FunctionCallbackInfo@VValue@v8@@@Nan@@@Z 10009090 f   java.obj
 0001:00008760       ?instanceOf@Java@@CAXABV?$FunctionCallbackInfo@VValue@v8@@@Nan@@@Z 10009760 f   java.obj
 0001:00008b40       ?EIO_AfterCallJs@@YAXPAUuv_work_s@@H@Z 10009b40 f   java.obj
 0001:00009010       _Java_node_NodeDynamicProxyClass_callJs@24 1000a010 f   java.obj
 0001:000092e0       _Java_node_NodeDynamicProxyClass_unref@16 1000a2e0 f   java.obj
 0001:000092f0       ??A?$FunctionCallbackInfo@VValue@v8@@@Nan@@QBE?AV?$Local@VValue@v8@@@v8@@H@Z 1000a2f0 f i java.obj
 0001:00009330       ?c_str@?$basic_string@DU?$char_traits@D@std@@V?$allocator@D@2@@std@@QBEPBDXZ 1000a330 f i java.obj
 0001:00009340       ??4?$basic_string@DU?$char_traits@D@std@@V?$allocator@D@2@@std@@QAEAAV01@PBD@Z 1000a340 f i java.obj
 0001:00009380       ??1?$basic_string@DU?$char_traits@D@std@@V?$allocator@D@2@@std@@QAE@XZ 1000a380 f i java.obj
 0001:000093f0       ?assign@?$basic_string@DU?$char_traits@D@std@@V?$allocator@D@2@@std@@QAEAAV12@$$QAV12@@Z 1000a3f0 f i java.obj
 0001:000093f0       ??4?$basic_string@DU?$char_traits@D@std@@V?$allocator@D@2@@std@@QAEAAV01@$$QAV01@@Z 1000a3f0 f i java.obj
 0001:00009490       ??0?$basic_string@DU?$char_traits@D@std@@V?$allocator@D@2@@std@@QAE@$$QAV01@@Z 1000a490 f i java.obj
 0001:00009510       ??0?$basic_string@DU?$char_traits@D@std@@V?$allocator@D@2@@std@@QAE@PBD@Z 1000a510 f i java.obj
 0001:00009560       ??0?$basic_string@DU?$char_traits@D@std@@V?$allocator@D@2@@std@@QAE@ABV01@@Z 1000a560 f i java.obj
 0001:00009590       ??1?$basic_ostringstream@DU?$char_traits@D@std@@V?$allocator@D@2@@std@@UAE@XZ 1000a590 f i java.obj
 0001:00009610       ??0?$basic_ostringstream@DU?$char_traits@D@std@@V?$allocator@D@2@@std@@QAE@H@Z 1000a610 f i java.obj
 0001:00009690       ?seekpos@?$basic_stringbuf@DU?$char_traits@D@std@@V?$allocator@D@2@@std@@MAE?AV?$fpos@U_Mbstatet@@@2@V32@H@Z 1000a690 f i java.obj
 0001:000097c0       ?seekoff@?$basic_stringbuf@DU?$char_traits@D@std@@V?$allocator@D@2@@std@@MAE?AV?$fpos@U_Mbstatet@@@2@_JHH@Z 1000a7c0 f i java.obj
 0001:000099a0       ?underflow@?$basic_stringbuf@DU?$char_traits@D@std@@V?$allocator@D@2@@std@@MAEHXZ 1000a9a0 f i java.obj
 0001:00009a00       ?pbackfail@?$basic_stringbuf@DU?$char_traits@D@std@@V?$allocator@D@2@@std@@MAEHH@Z 1000aa00 f i java.obj
 0001:00009a60       ?overflow@?$basic_stringbuf@DU?$char_traits@D@std@@V?$allocator@D@2@@std@@MAEHH@Z 1000aa60 f i java.obj
 0001:00009c20       ??6?$basic_ostream@DU?$char_traits@D@std@@@std@@QAEAAV01@H@Z 1000ac20 f i java.obj
 0001:00009d60       ?imbue@?$basic_streambuf@DU?$char_traits@D@std@@@std@@MAEXABVlocale@2@@Z 1000ad60 f i java.obj
 0001:00009d60       ??$destroy@PAU?$_Tree_node@U?$pair@$$CBV?$basic_string@DU?$char_traits@D@std@@V?$allocator@D@2@@std@@PAV?$Persistent@VFunctionTemplate@v8@@V?$NonCopyablePersistentTraits@VFunctionTemplate@v8@@@2@@Nan@@@std@@PAX@std@@@?$_Wrap_alloc@V?$allocator@U?$_Tree_node@U?$pair@$$CBV?$basic_string@DU?$char_traits@D@std@@V?$allocator@D@2@@std@@PAV?$Persistent@VFunctionTemplate@v8@@V?$NonCopyablePersistentTraits@VFunctionTemplate@v8@@@2@@Nan@@@std@@PAX@std@@@std@@@std@@QAEXPAPAU?$_Tree_node@U?$pair@$$CBV?$basic_string@DU?$char_traits@D@std@@V?$allocator@D@2@@std@@PAV?$Persistent@VFunctionTemplate@v8@@V?$NonCopyablePersistentTraits@VFunctionTemplate@v8@@@2@@Nan@@@std@@PAX@1@@Z 1000ad60 f i javaObject.obj
 0001:00009d70       ?sync@?$basic_streambuf@DU?$char_traits@D@std@@@std@@MAEHXZ 1000ad70 f i java.obj
 0001:00009d80       ?setbuf@?$basic_streambuf@DU?$char_traits@D@std@@@std@@MAEPAV12@PAD_J@Z 1000ad80 f i java.obj
 0001:00009d90       ?seekpos@?$basic_streambuf@DU?$char_traits@D@std@@@std@@MAE?AV?$fpos@U_Mbstatet@@@2@V32@H@Z 1000ad90 f i java.obj
 0001:00009dc0       ?seekoff@?$basic_streambuf@DU?$char_traits@D@std@@@std@@MAE?AV?$fpos@U_Mbstatet@@@2@_JHH@Z 1000adc0 f i java.obj
 0001:00009df0       ?xsputn@?$basic_streambuf@DU?$char_traits@D@std@@@std@@MAE_JPBD_J@Z 1000adf0 f i java.obj
 0001:00009f00       ?xsgetn@?$basic_streambuf@DU?$char_traits@D@std@@@std@@MAE_JPAD_J@Z 1000af00 f i java.obj
 0001:0000a010       ?uflow@?$basic_streambuf@DU?$char_traits@D@std@@@std@@MAEHXZ 1000b010 f i java.obj
 0001:0000a040       ?underflow@?$basic_streambuf@DU?$char_traits@D@std@@@std@@MAEHXZ 1000b040 f i java.obj
 0001:0000a050       ?showmanyc@?$basic_streambuf@DU?$char_traits@D@std@@@std@@MAE_JXZ 1000b050 f i java.obj
 0001:0000a060       ?pbackfail@?$basic_streambuf@DU?$char_traits@D@std@@@std@@MAEHH@Z 1000b060 f i java.obj
 0001:0000a060       ?overflow@?$basic_streambuf@DU?$char_traits@D@std@@@std@@MAEHH@Z 1000b060 f i java.obj
 0001:0000a070       ??_G?$basic_ostringstream@DU?$char_traits@D@std@@V?$allocator@D@2@@std@@UAEPAXI@Z 1000b070 f i java.obj
 0001:0000a070       ??_E?$basic_ostringstream@DU?$char_traits@D@std@@V?$allocator@D@2@@std@@UAEPAXI@Z 1000b070 f i * CIL library *:* CIL module *
 0001:0000a0b0       ??_E?$basic_stringbuf@DU?$char_traits@D@std@@V?$allocator@D@2@@std@@UAEPAXI@Z 1000b0b0 f i * CIL library *:* CIL module *
 0001:0000a0b0       ??_G?$basic_stringbuf@DU?$char_traits@D@std@@V?$allocator@D@2@@std@@UAEPAXI@Z 1000b0b0 f i java.obj
 0001:0000a110       ??_E?$basic_ostream@DU?$char_traits@D@std@@@std@@UAEPAXI@Z 1000b110 f i * CIL library *:* CIL module *
 0001:0000a110       ??_G?$basic_ostream@DU?$char_traits@D@std@@@std@@UAEPAXI@Z 1000b110 f i java.obj
 0001:0000a160       ??_E?$basic_streambuf@DU?$char_traits@D@std@@@std@@UAEPAXI@Z 1000b160 f i * CIL library *:* CIL module *
 0001:0000a160       ??_G?$basic_streambuf@DU?$char_traits@D@std@@@std@@UAEPAXI@Z 1000b160 f i java.obj
 0001:0000a1b0       ??0sentry@?$basic_ostream@DU?$char_traits@D@std@@@std@@QAE@AAV12@@Z 1000b1b0 f i java.obj
 0001:0000a210       ?do_put@?$num_put@DV?$ostreambuf_iterator@DU?$char_traits@D@std@@@std@@@std@@MBE?AV?$ostreambuf_iterator@DU?$char_traits@D@std@@@2@V32@AAVios_base@2@DPBX@Z 1000b210 f i java.obj
 0001:0000a280       ?do_put@?$num_put@DV?$ostreambuf_iterator@DU?$char_traits@D@std@@@std@@@std@@MBE?AV?$ostreambuf_iterator@DU?$char_traits@D@std@@@2@V32@AAVios_base@2@DO@Z 1000b280 f i java.obj
 0001:0000a410       ?do_put@?$num_put@DV?$ostreambuf_iterator@DU?$char_traits@D@std@@@std@@@std@@MBE?AV?$ostreambuf_iterator@DU?$char_traits@D@std@@@2@V32@AAVios_base@2@DN@Z 1000b410 f i java.obj
 0001:0000a5a0       ?do_put@?$num_put@DV?$ostreambuf_iterator@DU?$char_traits@D@std@@@std@@@std@@MBE?AV?$ostreambuf_iterator@DU?$char_traits@D@std@@@2@V32@AAVios_base@2@D_K@Z 1000b5a0 f i java.obj
 0001:0000a620       ?do_put@?$num_put@DV?$ostreambuf_iterator@DU?$char_traits@D@std@@@std@@@std@@MBE?AV?$ostreambuf_iterator@DU?$char_traits@D@std@@@2@V32@AAVios_base@2@D_J@Z 1000b620 f i java.obj
 0001:0000a6a0       ?do_put@?$num_put@DV?$ostreambuf_iterator@DU?$char_traits@D@std@@@std@@@std@@MBE?AV?$ostreambuf_iterator@DU?$char_traits@D@std@@@2@V32@AAVios_base@2@DK@Z 1000b6a0 f i java.obj
 0001:0000a720       ?do_put@?$num_put@DV?$ostreambuf_iterator@DU?$char_traits@D@std@@@std@@@std@@MBE?AV?$ostreambuf_iterator@DU?$char_traits@D@std@@@2@V32@AAVios_base@2@DJ@Z 1000b720 f i java.obj
 0001:0000a7a0       ?do_put@?$num_put@DV?$ostreambuf_iterator@DU?$char_traits@D@std@@@std@@@std@@MBE?AV?$ostreambuf_iterator@DU?$char_traits@D@std@@@2@V32@AAVios_base@2@D_N@Z 1000b7a0 f i java.obj
 0001:0000a950       ?_Tidy@?$basic_string@DU?$char_traits@D@std@@V?$allocator@D@2@@std@@QAEX_NI@Z 1000b950 f i java.obj
 0001:0000a9e0       ?_Traits_compare@?$basic_string@DU?$char_traits@D@std@@V?$allocator@D@2@@std@@SAHQBDI0I@Z 1000b9e0 f i java.obj
 0001:0000aa70       ?assign@?$basic_string@DU?$char_traits@D@std@@V?$allocator@D@2@@std@@QAEAAV12@ID@Z 1000ba70 f i java.obj
 0001:0000ab40       ?assign@?$basic_string@DU?$char_traits@D@std@@V?$allocator@D@2@@std@@QAEAAV12@PBDI@Z 1000bb40 f i java.obj
 0001:0000ac40       ?assign@?$basic_string@DU?$char_traits@D@std@@V?$allocator@D@2@@std@@QAEAAV12@ABV12@II@Z 1000bc40 f i java.obj
 0001:0000ad50       ?append@?$basic_string@DU?$char_traits@D@std@@V?$allocator@D@2@@std@@QAEAAV12@PBDI@Z 1000bd50 f i java.obj
 0001:0000ae80       ?append@?$basic_string@DU?$char_traits@D@std@@V?$allocator@D@2@@std@@QAEAAV12@ABV12@II@Z 1000be80 f i java.obj
 0001:0000af80       ?_Assign_rv@?$basic_string@DU?$char_traits@D@std@@V?$allocator@D@2@@std@@QAEX$$QAV12@@Z 1000bf80 f i java.obj
 0001:0000aff0       ?_Tidy@?$basic_stringbuf@DU?$char_traits@D@std@@V?$allocator@D@2@@std@@IAEXXZ 1000bff0 f i java.obj
 0001:0000b0a0       ?str@?$basic_stringbuf@DU?$char_traits@D@std@@V?$allocator@D@2@@std@@QBE?AV?$basic_string@DU?$char_traits@D@std@@V?$allocator@D@2@@2@XZ 1000c0a0 f i java.obj
 0001:0000b180       ?allocate@?$allocator@D@std@@QAEPADI@Z 1000c180 f i java.obj
 0001:0000b1d0       ?deallocate@?$allocator@D@std@@QAEXPADI@Z 1000c1d0 f i java.obj
 0001:0000b220       ?_Pnavail@?$basic_streambuf@DU?$char_traits@D@std@@@std@@IBE_JXZ 1000c220 f i java.obj
 0001:0000b240       ?_Gnavail@?$basic_streambuf@DU?$char_traits@D@std@@@std@@IBE_JXZ 1000c240 f i java.obj
 0001:0000b260       ?do_truename@?$numpunct@D@std@@MBE?AV?$basic_string@DU?$char_traits@D@std@@V?$allocator@D@2@@2@XZ 1000c260 f i java.obj
 0001:0000b2b0       ?do_falsename@?$numpunct@D@std@@MBE?AV?$basic_string@DU?$char_traits@D@std@@V?$allocator@D@2@@2@XZ 1000c2b0 f i java.obj
 0001:0000b300       ?do_grouping@?$numpunct@D@std@@MBE?AV?$basic_string@DU?$char_traits@D@std@@V?$allocator@D@2@@2@XZ 1000c300 f i java.obj
 0001:0000b350       ?do_thousands_sep@?$numpunct@D@std@@MBEDXZ 1000c350 f i java.obj
 0001:0000b360       ?do_decimal_point@?$numpunct@D@std@@MBEDXZ 1000c360 f i java.obj
 0001:0000b370       ?_Rep@?$num_put@DV?$ostreambuf_iterator@DU?$char_traits@D@std@@@std@@@std@@ABA?AV?$ostreambuf_iterator@DU?$char_traits@D@std@@@2@V32@DI@Z 1000c370 f i java.obj
 0001:0000b3e0       ?_Put@?$num_put@DV?$ostreambuf_iterator@DU?$char_traits@D@std@@@std@@@std@@ABA?AV?$ostreambuf_iterator@DU?$char_traits@D@std@@@2@V32@PBDI@Z 1000c3e0 f i java.obj
 0001:0000b460       ?_Iput@?$num_put@DV?$ostreambuf_iterator@DU?$char_traits@D@std@@@std@@@std@@ABA?AV?$ostreambuf_iterator@DU?$char_traits@D@std@@@2@V32@AAVios_base@2@DPADI@Z 1000c460 f i java.obj
 0001:0000b780       ?_Ifmt@?$num_put@DV?$ostreambuf_iterator@DU?$char_traits@D@std@@@std@@@std@@ABAPADPADPBDH@Z 1000c780 f i java.obj
 0001:0000b810       ?_Fput@?$num_put@DV?$ostreambuf_iterator@DU?$char_traits@D@std@@@std@@@std@@ABA?AV?$ostreambuf_iterator@DU?$char_traits@D@std@@@2@V32@AAVios_base@2@DPBDI@Z 1000c810 f i java.obj
 0001:0000bba0       ?_Ffmt@?$num_put@DV?$ostreambuf_iterator@DU?$char_traits@D@std@@@std@@@std@@ABAPADPADDH@Z 1000cba0 f i java.obj
 0001:0000bc60       ?_Chassign@?$basic_string@DU?$char_traits@D@std@@V?$allocator@D@2@@std@@QAEXIID@Z 1000cc60 f i java.obj
 0001:0000bcb0       ?erase@?$basic_string@DU?$char_traits@D@std@@V?$allocator@D@2@@std@@QAEAAV12@II@Z 1000ccb0 f i java.obj
 0001:0000bd50       ?append@?$basic_string@DU?$char_traits@D@std@@V?$allocator@D@2@@std@@QAEAAV12@ID@Z 1000cd50 f i java.obj
 0001:0000bdf0       ?flush@?$basic_ostream@DU?$char_traits@D@std@@@std@@QAEAAV12@XZ 1000cdf0 f i java.obj
 0001:0000beb0       ??0?$basic_streambuf@DU?$char_traits@D@std@@@std@@IAE@XZ 1000ceb0 f i java.obj
 0001:0000bf30       ?init@?$basic_ios@DU?$char_traits@D@std@@@std@@IAEXPAV?$basic_streambuf@DU?$char_traits@D@std@@@2@_N@Z 1000cf30 f i java.obj
 0001:0000bfb0       ??_G?$numpunct@D@std@@MAEPAXI@Z 1000cfb0 f i java.obj
 0001:0000bfb0       ??_E?$numpunct@D@std@@MAEPAXI@Z 1000cfb0 f i * CIL library *:* CIL module *
 0001:0000bff0       ?_Copy@?$basic_string@DU?$char_traits@D@std@@V?$allocator@D@2@@std@@QAEXII@Z 1000cff0 f i java.obj
 0001:0000c120       ?insert@?$basic_string@DU?$char_traits@D@std@@V?$allocator@D@2@@std@@QAEAAV12@IID@Z 1000d120 f i java.obj
 0001:0000c220       ??$use_facet@V?$ctype@D@std@@@std@@YAABV?$ctype@D@0@ABVlocale@0@@Z 1000d220 f i java.obj
 0001:0000c310       ??$New@VBoolean@v8@@_N@Nan@@YA?AV?$Local@VBoolean@v8@@@v8@@_N@Z 1000d310 f i java.obj
 0001:0000c340       ??$Reset@VObject@v8@@@?$Persistent@VObject@v8@@V?$NonCopyablePersistentTraits@VObject@v8@@@2@@Nan@@QAEXABV?$Local@VObject@v8@@@v8@@@Z 1000d340 f i java.obj
 0001:0000c340       ??$Reset@VValue@v8@@@?$Persistent@VValue@v8@@V?$NonCopyablePersistentTraits@VValue@v8@@@2@@Nan@@QAEXABV?$Local@VValue@v8@@@v8@@@Z 1000d340 f i java.obj
 0001:0000c380       ??$?6U?$char_traits@D@std@@@std@@YAAAV?$basic_ostream@DU?$char_traits@D@std@@@0@AAV10@PBD@Z 1000d380 f i java.obj
 0001:0000c5c0       ??$Unwrap@VJava@@@ObjectWrap@Nan@@SAPAVJava@@V?$Local@VObject@v8@@@v8@@@Z 1000d5c0 f i java.obj
 0001:0000c5c0       ??$Unwrap@VJavaProxyObject@@@ObjectWrap@Nan@@SAPAVJavaProxyObject@@V?$Local@VObject@v8@@@v8@@@Z 1000d5c0 f i javaObject.obj
 0001:0000c5c0       ??$Unwrap@VJavaObject@@@ObjectWrap@Nan@@SAPAVJavaObject@@V?$Local@VObject@v8@@@v8@@@Z 1000d5c0 f i java.obj
 0001:0000c630       ??$?6DU?$char_traits@D@std@@V?$allocator@D@1@@std@@YAAAV?$basic_ostream@DU?$char_traits@D@std@@@0@AAV10@ABV?$basic_string@DU?$char_traits@D@std@@V?$allocator@D@2@@0@@Z 1000d630 f i java.obj
 0001:0000c830       ??$To@H@Nan@@YA?AV?$Maybe@H@v8@@V?$Local@VValue@v8@@@2@@Z 1000d830 f i java.obj
 0001:0000c880       ??$To@_J@Nan@@YA?AV?$Maybe@_J@v8@@V?$Local@VValue@v8@@@2@@Z 1000d880 f i java.obj
 0001:0000c8d0       ??$To@N@Nan@@YA?AV?$Maybe@N@v8@@V?$Local@VValue@v8@@@2@@Z 1000d8d0 f i java.obj
 0001:0000c920       ??$?HDU?$char_traits@D@std@@V?$allocator@D@1@@std@@YA?AV?$basic_string@DU?$char_traits@D@std@@V?$allocator@D@2@@0@PBDABV10@@Z 1000d920 f i java.obj
 0001:0000c9a0       ??$?HDU?$char_traits@D@std@@V?$allocator@D@1@@std@@YA?AV?$basic_string@DU?$char_traits@D@std@@V?$allocator@D@2@@0@ABV10@PBD@Z 1000d9a0 f i java.obj
 0001:0000c9f0       ??$use_facet@V?$num_put@DV?$ostreambuf_iterator@DU?$char_traits@D@std@@@std@@@std@@@std@@YAABV?$num_put@DV?$ostreambuf_iterator@DU?$char_traits@D@std@@@std@@@0@ABVlocale@0@@Z 1000d9f0 f i java.obj
 0001:0000cae0       ??$use_facet@V?$numpunct@D@std@@@std@@YAABV?$numpunct@D@0@ABVlocale@0@@Z 1000dae0 f i java.obj
 0001:0000cbd0       ?_Getcat@?$numpunct@D@std@@SAIPAPBVfacet@locale@2@PBV42@@Z 1000dbd0 f i java.obj
 0001:0000cc50       ?_Getcat@?$num_put@DV?$ostreambuf_iterator@DU?$char_traits@D@std@@@std@@@std@@SAIPAPBVfacet@locale@2@PBV42@@Z 1000dc50 f i java.obj
 0001:0000ccc0       ??0?$_Wrap_alloc@V?$allocator@D@std@@@std@@QAE@XZ 1000dcc0 f i java.obj
 0001:0000ccd0       ?reserve@?$basic_string@DU?$char_traits@D@std@@V?$allocator@D@2@@std@@QAEXI@Z 1000dcd0 f i java.obj
 0001:0000cd50       ?insert@?$basic_string@DU?$char_traits@D@std@@V?$allocator@D@2@@std@@QAEAAV12@IPBDI@Z 1000dd50 f i java.obj
 0001:0000ce90       ?_Init@?$numpunct@D@std@@IAEXABV_Locinfo@2@_N@Z 1000de90 f i java.obj
 0001:0000cfd0       ?insert@?$basic_string@DU?$char_traits@D@std@@V?$allocator@D@2@@std@@QAEAAV12@IABV12@II@Z 1000dfd0 f i java.obj
 0001:0000d12a       ??_E?$basic_ostream@DU?$char_traits@D@std@@@std@@$4PPPPPPPM@A@AEPAXI@Z 1000e12a f i java.obj
 0001:0000d132       ??_E?$basic_ostringstream@DU?$char_traits@D@std@@V?$allocator@D@2@@std@@$4PPPPPPPM@A@AEPAXI@Z 1000e132 f i java.obj
 0001:0000d140       ?CallStaticIntMethod@JNIEnv_@@QAAJPAV_jclass@@PAU_jmethodID@@ZZ 1000e140 f i javaObject.obj
 0001:0000d160       ?SetAccessor@Nan@@YAXV?$Local@VObjectTemplate@v8@@@v8@@V?$Local@VString@v8@@@3@P6AX1ABV?$PropertyCallbackInfo@VValue@v8@@@1@@ZP6AX1V?$Local@VValue@v8@@@3@ABV?$PropertyCallbackInfo@X@1@@Z4W4AccessControl@3@W4PropertyAttribute@3@V?$Local@VAccessorSignature@v8@@@3@@Z 1000e160 f i javaObject.obj
 0001:0000d2a0       ?SetIndexedPropertyHandler@Nan@@YAXV?$Local@VObjectTemplate@v8@@@v8@@P6AXIABV?$PropertyCallbackInfo@VValue@v8@@@1@@ZP6AXIV?$Local@VValue@v8@@@3@1@ZP6AXIABV?$PropertyCallbackInfo@VInteger@v8@@@1@@ZP6AXIABV?$PropertyCallbackInfo@VBoolean@v8@@@1@@ZP6AXABV?$PropertyCallbackInfo@VArray@v8@@@1@@Z3@Z 1000e2a0 f i javaObject.obj
 0001:0000d3d0       ?Unref@JavaObject@@UAEXXZ  1000e3d0 f i javaObject.obj
 0001:0000d3e0       ?New@JavaObject@@SA?AV?$Local@VObject@v8@@@v8@@PAVJava@@PAV_jobject@@@Z 1000e3e0 f   javaObject.obj
 0001:0000e4f0       ??_EJavaObject@@MAEPAXI@Z  1000f4f0 f i * CIL library *:* CIL module *
 0001:0000e4f0       ??_GJavaObject@@MAEPAXI@Z  1000f4f0 f i javaObject.obj
 0001:0000e510       ??1JavaObject@@MAE@XZ      1000f510 f   javaObject.obj
 0001:0000e5a0       ?methodCall@JavaObject@@CAXABV?$FunctionCallbackInfo@VValue@v8@@@Nan@@@Z 1000f5a0 f   javaObject.obj
 0001:0000ea00       ?methodCallSync@JavaObject@@CAXABV?$FunctionCallbackInfo@VValue@v8@@@Nan@@@Z 1000fa00 f   javaObject.obj
 0001:0000ec40       ?methodCallPromise@JavaObject@@CAXABV?$FunctionCallbackInfo@VValue@v8@@@Nan@@@Z 1000fc40 f   javaObject.obj
 0001:0000ed30       ?fieldGetter@JavaObject@@CAXV?$Local@VString@v8@@@v8@@ABV?$PropertyCallbackInfo@VValue@v8@@@Nan@@@Z 1000fd30 f   javaObject.obj
 0001:0000f080       ?fieldSetter@JavaObject@@CAXV?$Local@VString@v8@@@v8@@V?$Local@VValue@v8@@@3@ABV?$PropertyCallbackInfo@X@Nan@@@Z 10010080 f   javaObject.obj
 0001:0000f2b0       ?indexGetter@JavaObject@@CAXIABV?$PropertyCallbackInfo@VValue@v8@@@Nan@@@Z 100102b0 f   javaObject.obj
 0001:0000f410       ?init@JavaProxyObject@@SAXXZ 10010410 f   javaObject.obj
 0001:0000f5b0       ?New@JavaProxyObject@@SA?AV?$Local@VObject@v8@@@v8@@PAVJava@@PAV_jobject@@PAUDynamicProxyData@@@Z 100105b0 f   javaObject.obj
 0001:0000f750       ??_EJavaProxyObject@@EAEPAXI@Z 10010750 f i * CIL library *:* CIL module *
 0001:0000f750       ??_GJavaProxyObject@@EAEPAXI@Z 10010750 f i javaObject.obj
 0001:0000f7b0       ?doUnref@JavaProxyObject@@CAXABV?$FunctionCallbackInfo@VValue@v8@@@Nan@@@Z 100107b0 f   javaObject.obj
 0001:0000f810       ?invocationHandlerGetter@JavaProxyObject@@CAXV?$Local@VString@v8@@@v8@@ABV?$PropertyCallbackInfo@VValue@v8@@@Nan@@@Z 10010810 f   javaObject.obj
 0001:0000f8d0       ?Set@?$ReturnValue@VValue@v8@@@Nan@@QAEXH@Z 100108d0 f i javaObject.obj
 0001:0000f920       ??R?$less@V?$basic_string@DU?$char_traits@D@std@@V?$allocator@D@2@@std@@@std@@QBE_NABV?$basic_string@DU?$char_traits@D@std@@V?$allocator@D@2@@1@0@Z 10010920 f i javaObject.obj
 0001:0000f960       ?erase@?$_Tree@V?$_Tmap_traits@V?$basic_string@DU?$char_traits@D@std@@V?$allocator@D@2@@std@@PAV?$Persistent@VFunctionTemplate@v8@@V?$NonCopyablePersistentTraits@VFunctionTemplate@v8@@@2@@Nan@@U?$less@V?$basic_string@DU?$char_traits@D@std@@V?$allocator@D@2@@std@@@2@V?$allocator@U?$pair@$$CBV?$basic_string@DU?$char_traits@D@std@@V?$allocator@D@2@@std@@PAV?$Persistent@VFunctionTemplate@v8@@V?$NonCopyablePersistentTraits@VFunctionTemplate@v8@@@2@@Nan@@@std@@@2@$0A@@std@@@std@@QAE?AV?$_Tree_iterator@V?$_Tree_val@U?$_Tree_simple_types@U?$pair@$$CBV?$basic_string@DU?$char_traits@D@std@@V?$allocator@D@2@@std@@PAV?$Persistent@VFunctionTemplate@v8@@V?$NonCopyablePersistentTraits@VFunctionTemplate@v8@@@2@@Nan@@@std@@@std@@@std@@@2@V?$_Tree_const_iterator@V?$_Tree_val@U?$_Tree_simple_types@U?$pair@$$CBV?$basic_string@DU?$char_traits@D@std@@V?$allocator@D@2@@std@@PAV?$Persistent@VFunctionTemplate@v8@@V?$NonCopyablePersistentTraits@VFunctionTemplate@v8@@@2@@Nan@@@std@@@std@@@std@@@2@0@Z 10010960 f i javaObject.obj
 0001:0000fa00       ?clear@?$_Tree@V?$_Tmap_traits@V?$basic_string@DU?$char_traits@D@std@@V?$allocator@D@2@@std@@PAV?$Persistent@VFunctionTemplate@v8@@V?$NonCopyablePersistentTraits@VFunctionTemplate@v8@@@2@@Nan@@U?$less@V?$basic_string@DU?$char_traits@D@std@@V?$allocator@D@2@@std@@@2@V?$allocator@U?$pair@$$CBV?$basic_string@DU?$char_traits@D@std@@V?$allocator@D@2@@std@@PAV?$Persistent@VFunctionTemplate@v8@@V?$NonCopyablePersistentTraits@VFunctionTemplate@v8@@@2@@Nan@@@std@@@2@$0A@@std@@@std@@QAEXXZ 10010a00 f i javaObject.obj
 0001:0000fa60       ?erase@?$_Tree@V?$_Tmap_traits@V?$basic_string@DU?$char_traits@D@std@@V?$allocator@D@2@@std@@PAV?$Persistent@VFunctionTemplate@v8@@V?$NonCopyablePersistentTraits@VFunctionTemplate@v8@@@2@@Nan@@U?$less@V?$basic_string@DU?$char_traits@D@std@@V?$allocator@D@2@@std@@@2@V?$allocator@U?$pair@$$CBV?$basic_string@DU?$char_traits@D@std@@V?$allocator@D@2@@std@@PAV?$Persistent@VFunctionTemplate@v8@@V?$NonCopyablePersistentTraits@VFunctionTemplate@v8@@@2@@Nan@@@std@@@2@$0A@@std@@@std@@QAE?AV?$_Tree_iterator@V?$_Tree_val@U?$_Tree_simple_types@U?$pair@$$CBV?$basic_string@DU?$char_traits@D@std@@V?$allocator@D@2@@std@@PAV?$Persistent@VFunctionTemplate@v8@@V?$NonCopyablePersistentTraits@VFunctionTemplate@v8@@@2@@Nan@@@std@@@std@@@std@@@2@V?$_Tree_const_iterator@V?$_Tree_val@U?$_Tree_simple_types@U?$pair@$$CBV?$basic_string@DU?$char_traits@D@std@@V?$allocator@D@2@@std@@PAV?$Persistent@VFunctionTemplate@v8@@V?$NonCopyablePersistentTraits@VFunctionTemplate@v8@@@2@@Nan@@@std@@@std@@@std@@@2@@Z 10010a60 f i javaObject.obj
 0001:0000fea0       ??E?$_Tree_const_iterator@V?$_Tree_val@U?$_Tree_simple_types@U?$pair@$$CBV?$basic_string@DU?$char_traits@D@std@@V?$allocator@D@2@@std@@PAV?$Persistent@VFunctionTemplate@v8@@V?$NonCopyablePersistentTraits@VFunctionTemplate@v8@@@2@@Nan@@@std@@@std@@@std@@@std@@QAEAAV01@XZ 10010ea0 f i javaObject.obj
 0001:0000fef0       ?_Erase@?$_Tree@V?$_Tset_traits@V?$basic_string@DU?$char_traits@D@std@@V?$allocator@D@2@@std@@U?$less@V?$basic_string@DU?$char_traits@D@std@@V?$allocator@D@2@@std@@@2@V?$allocator@V?$basic_string@DU?$char_traits@D@std@@V?$allocator@D@2@@std@@@2@$0A@@std@@@std@@IAEXPAU?$_Tree_node@V?$basic_string@DU?$char_traits@D@std@@V?$allocator@D@2@@std@@PAX@2@@Z 10010ef0 f i utils.obj
 0001:0000fef0       ?_Erase@?$_Tree@V?$_Tmap_traits@V?$basic_string@DU?$char_traits@D@std@@V?$allocator@D@2@@std@@PAV?$Persistent@VFunctionTemplate@v8@@V?$NonCopyablePersistentTraits@VFunctionTemplate@v8@@@2@@Nan@@U?$less@V?$basic_string@DU?$char_traits@D@std@@V?$allocator@D@2@@std@@@2@V?$allocator@U?$pair@$$CBV?$basic_string@DU?$char_traits@D@std@@V?$allocator@D@2@@std@@PAV?$Persistent@VFunctionTemplate@v8@@V?$NonCopyablePersistentTraits@VFunctionTemplate@v8@@@2@@Nan@@@std@@@2@$0A@@std@@@std@@IAEXPAU?$_Tree_node@U?$pair@$$CBV?$basic_string@DU?$char_traits@D@std@@V?$allocator@D@2@@std@@PAV?$Persistent@VFunctionTemplate@v8@@V?$NonCopyablePersistentTraits@VFunctionTemplate@v8@@@2@@Nan@@@std@@PAX@2@@Z 10010ef0 f i javaObject.obj
 0001:0000ff30       ??$_Lbound@V?$basic_string@DU?$char_traits@D@std@@V?$allocator@D@2@@std@@@?$_Tree@V?$_Tmap_traits@V?$basic_string@DU?$char_traits@D@std@@V?$allocator@D@2@@std@@PAV?$Persistent@VFunctionTemplate@v8@@V?$NonCopyablePersistentTraits@VFunctionTemplate@v8@@@2@@Nan@@U?$less@V?$basic_string@DU?$char_traits@D@std@@V?$allocator@D@2@@std@@@2@V?$allocator@U?$pair@$$CBV?$basic_string@DU?$char_traits@D@std@@V?$allocator@D@2@@std@@PAV?$Persistent@VFunctionTemplate@v8@@V?$NonCopyablePersistentTraits@VFunctionTemplate@v8@@@2@@Nan@@@std@@@2@$0A@@std@@@std@@IBEPAU?$_Tree_node@U?$pair@$$CBV?$basic_string@DU?$char_traits@D@std@@V?$allocator@D@2@@std@@PAV?$Persistent@VFunctionTemplate@v8@@V?$NonCopyablePersistentTraits@VFunctionTemplate@v8@@@2@@Nan@@@std@@PAX@1@ABV?$basic_string@DU?$char_traits@D@std@@V?$allocator@D@2@@1@@Z 10010f30 f i javaObject.obj
 0001:0000ffa0       ??$_Try_emplace@ABV?$basic_string@DU?$char_traits@D@std@@V?$allocator@D@2@@std@@$$V@?$map@V?$basic_string@DU?$char_traits@D@std@@V?$allocator@D@2@@std@@PAV?$Persistent@VFunctionTemplate@v8@@V?$NonCopyablePersistentTraits@VFunctionTemplate@v8@@@2@@Nan@@U?$less@V?$basic_string@DU?$char_traits@D@std@@V?$allocator@D@2@@std@@@2@V?$allocator@U?$pair@$$CBV?$basic_string@DU?$char_traits@D@std@@V?$allocator@D@2@@std@@PAV?$Persistent@VFunctionTemplate@v8@@V?$NonCopyablePersistentTraits@VFunctionTemplate@v8@@@2@@Nan@@@std@@@2@@std@@QAE?AU?$pair@V?$_Tree_iterator@V?$_Tree_val@U?$_Tree_simple_types@U?$pair@$$CBV?$basic_string@DU?$char_traits@D@std@@V?$allocator@D@2@@std@@PAV?$Persistent@VFunctionTemplate@v8@@V?$NonCopyablePersistentTraits@VFunctionTemplate@v8@@@2@@Nan@@@std@@@std@@@std@@@std@@_N@1@ABV?$basic_string@DU?$char_traits@D@std@@V?$allocator@D@2@@1@@Z 10010fa0 f i javaObject.obj
 0001:00010030       ??0?$_Wrap_alloc@V?$allocator@U?$_Tree_node@U?$pair@$$CBV?$basic_string@DU?$char_traits@D@std@@V?$allocator@D@2@@std@@PAV?$Persistent@VFunctionTemplate@v8@@V?$NonCopyablePersistentTraits@VFunctionTemplate@v8@@@2@@Nan@@@std@@PAX@std@@@std@@@std@@QAE@XZ 10011030 f i javaObject.obj
 0001:00010040       ??$_Buynode@ABUpiecewise_construct_t@std@@V?$tuple@ABV?$basic_string@DU?$char_traits@D@std@@V?$allocator@D@2@@std@@@2@V?$tuple@$$V@2@@?$_Tree_comp_alloc@V?$_Tmap_traits@V?$basic_string@DU?$char_traits@D@std@@V?$allocator@D@2@@std@@PAV?$Persistent@VFunctionTemplate@v8@@V?$NonCopyablePersistentTraits@VFunctionTemplate@v8@@@2@@Nan@@U?$less@V?$basic_string@DU?$char_traits@D@std@@V?$allocator@D@2@@std@@@2@V?$allocator@U?$pair@$$CBV?$basic_string@DU?$char_traits@D@std@@V?$allocator@D@2@@std@@PAV?$Persistent@VFunctionTemplate@v8@@V?$NonCopyablePersistentTraits@VFunctionTemplate@v8@@@2@@Nan@@@std@@@2@$0A@@std@@@std@@QAEPAU?$_Tree_node@U?$pair@$$CBV?$basic_string@DU?$char_traits@D@std@@V?$allocator@D@2@@std@@PAV?$Persistent@VFunctionTemplate@v8@@V?$NonCopyablePersistentTraits@VFunctionTemplate@v8@@@2@@Nan@@@std@@PAX@1@ABUpiecewise_construct_t@1@$$QAV?$tuple@ABV?$basic_string@DU?$char_traits@D@std@@V?$allocator@D@2@@std@@@1@$$QAV?$tuple@$$V@1@@Z 10011040 f i javaObject.obj
 0001:000100c0       ??$_Insert_hint@AAU?$pair@$$CBV?$basic_string@DU?$char_traits@D@std@@V?$allocator@D@2@@std@@PAV?$Persistent@VFunctionTemplate@v8@@V?$NonCopyablePersistentTraits@VFunctionTemplate@v8@@@2@@Nan@@@std@@PAU?$_Tree_node@U?$pair@$$CBV?$basic_string@DU?$char_traits@D@std@@V?$allocator@D@2@@std@@PAV?$Persistent@VFunctionTemplate@v8@@V?$NonCopyablePersistentTraits@VFunctionTemplate@v8@@@2@@Nan@@@std@@PAX@2@@?$_Tree@V?$_Tmap_traits@V?$basic_string@DU?$char_traits@D@std@@V?$allocator@D@2@@std@@PAV?$Persistent@VFunctionTemplate@v8@@V?$NonCopyablePersistentTraits@VFunctionTemplate@v8@@@2@@Nan@@U?$less@V?$basic_string@DU?$char_traits@D@std@@V?$allocator@D@2@@std@@@2@V?$allocator@U?$pair@$$CBV?$basic_string@DU?$char_traits@D@std@@V?$allocator@D@2@@std@@PAV?$Persistent@VFunctionTemplate@v8@@V?$NonCopyablePersistentTraits@VFunctionTemplate@v8@@@2@@Nan@@@std@@@2@$0A@@std@@@std@@IAE?AV?$_Tree_iterator@V?$_Tree_val@U?$_Tree_simple_types@U?$pair@$$CBV?$basic_string@DU?$char_traits@D@std@@V?$allocator@D@2@@std@@PAV?$Persistent@VFunctionTemplate@v8@@V?$NonCopyablePersistentTraits@VFunctionTemplate@v8@@@2@@Nan@@@std@@@std@@@std@@@1@V?$_Tree_const_iterator@V?$_Tree_val@U?$_Tree_simple_types@U?$pair@$$CBV?$basic_string@DU?$char_traits@D@std@@V?$allocator@D@2@@std@@PAV?$Persistent@VFunctionTemplate@v8@@V?$NonCopyablePersistentTraits@VFunctionTemplate@v8@@@2@@Nan@@@std@@@std@@@std@@@1@AAU?$pair@$$CBV?$basic_string@DU?$char_traits@D@std@@V?$allocator@D@2@@std@@PAV?$Persistent@VFunctionTemplate@v8@@V?$NonCopyablePersistentTraits@VFunctionTemplate@v8@@@2@@Nan@@@1@PAU?$_Tree_node@U?$pair@$$CBV?$basic_string@DU?$char_traits@D@std@@V?$allocator@D@2@@std@@PAV?$Persistent@VFunctionTemplate@v8@@V?$NonCopyablePersistentTraits@VFunctionTemplate@v8@@@2@@Nan@@@std@@PAX@1@@Z 100110c0 f i javaObject.obj
 0001:00010250       ??F?$_Tree_unchecked_const_iterator@V?$_Tree_val@U?$_Tree_simple_types@U?$pair@$$CBV?$basic_string@DU?$char_traits@D@std@@V?$allocator@D@2@@std@@PAV?$Persistent@VFunctionTemplate@v8@@V?$NonCopyablePersistentTraits@VFunctionTemplate@v8@@@2@@Nan@@@std@@@std@@@std@@U_Iterator_base0@2@@std@@QAEAAV01@XZ 10011250 f i javaObject.obj
 0001:000102b0       ??$_Insert_at@AAU?$pair@$$CBV?$basic_string@DU?$char_traits@D@std@@V?$allocator@D@2@@std@@PAV?$Persistent@VFunctionTemplate@v8@@V?$NonCopyablePersistentTraits@VFunctionTemplate@v8@@@2@@Nan@@@std@@PAU?$_Tree_node@U?$pair@$$CBV?$basic_string@DU?$char_traits@D@std@@V?$allocator@D@2@@std@@PAV?$Persistent@VFunctionTemplate@v8@@V?$NonCopyablePersistentTraits@VFunctionTemplate@v8@@@2@@Nan@@@std@@PAX@2@@?$_Tree@V?$_Tmap_traits@V?$basic_string@DU?$char_traits@D@std@@V?$allocator@D@2@@std@@PAV?$Persistent@VFunctionTemplate@v8@@V?$NonCopyablePersistentTraits@VFunctionTemplate@v8@@@2@@Nan@@U?$less@V?$basic_string@DU?$char_traits@D@std@@V?$allocator@D@2@@std@@@2@V?$allocator@U?$pair@$$CBV?$basic_string@DU?$char_traits@D@std@@V?$allocator@D@2@@std@@PAV?$Persistent@VFunctionTemplate@v8@@V?$NonCopyablePersistentTraits@VFunctionTemplate@v8@@@2@@Nan@@@std@@@2@$0A@@std@@@std@@IAE?AV?$_Tree_iterator@V?$_Tree_val@U?$_Tree_simple_types@U?$pair@$$CBV?$basic_string@DU?$char_traits@D@std@@V?$allocator@D@2@@std@@PAV?$Persistent@VFunctionTemplate@v8@@V?$NonCopyablePersistentTraits@VFunctionTemplate@v8@@@2@@Nan@@@std@@@std@@@std@@@1@_NPAU?$_Tree_node@U?$pair@$$CBV?$basic_string@DU?$char_traits@D@std@@V?$allocator@D@2@@std@@PAV?$Persistent@VFunctionTemplate@v8@@V?$NonCopyablePersistentTraits@VFunctionTemplate@v8@@@2@@Nan@@@std@@PAX@1@AAU?$pair@$$CBV?$basic_string@DU?$char_traits@D@std@@V?$allocator@D@2@@std@@PAV?$Persistent@VFunctionTemplate@v8@@V?$NonCopyablePersistentTraits@VFunctionTemplate@v8@@@2@@Nan@@@1@1@Z 100112b0 f i javaObject.obj
 0001:000104f0       ??$_Insert_nohint@AAU?$pair@$$CBV?$basic_string@DU?$char_traits@D@std@@V?$allocator@D@2@@std@@PAV?$Persistent@VFunctionTemplate@v8@@V?$NonCopyablePersistentTraits@VFunctionTemplate@v8@@@2@@Nan@@@std@@PAU?$_Tree_node@U?$pair@$$CBV?$basic_string@DU?$char_traits@D@std@@V?$allocator@D@2@@std@@PAV?$Persistent@VFunctionTemplate@v8@@V?$NonCopyablePersistentTraits@VFunctionTemplate@v8@@@2@@Nan@@@std@@PAX@2@@?$_Tree@V?$_Tmap_traits@V?$basic_string@DU?$char_traits@D@std@@V?$allocator@D@2@@std@@PAV?$Persistent@VFunctionTemplate@v8@@V?$NonCopyablePersistentTraits@VFunctionTemplate@v8@@@2@@Nan@@U?$less@V?$basic_string@DU?$char_traits@D@std@@V?$allocator@D@2@@std@@@2@V?$allocator@U?$pair@$$CBV?$basic_string@DU?$char_traits@D@std@@V?$allocator@D@2@@std@@PAV?$Persistent@VFunctionTemplate@v8@@V?$NonCopyablePersistentTraits@VFunctionTemplate@v8@@@2@@Nan@@@std@@@2@$0A@@std@@@std@@IAE?AU?$pair@V?$_Tree_iterator@V?$_Tree_val@U?$_Tree_simple_types@U?$pair@$$CBV?$basic_string@DU?$char_traits@D@std@@V?$allocator@D@2@@std@@PAV?$Persistent@VFunctionTemplate@v8@@V?$NonCopyablePersistentTraits@VFunctionTemplate@v8@@@2@@Nan@@@std@@@std@@@std@@@std@@_N@1@_NAAU?$pair@$$CBV?$basic_string@DU?$char_traits@D@std@@V?$allocator@D@2@@std@@PAV?$Persistent@VFunctionTemplate@v8@@V?$NonCopyablePersistentTraits@VFunctionTemplate@v8@@@2@@Nan@@@1@PAU?$_Tree_node@U?$pair@$$CBV?$basic_string@DU?$char_traits@D@std@@V?$allocator@D@2@@std@@PAV?$Persistent@VFunctionTemplate@v8@@V?$NonCopyablePersistentTraits@VFunctionTemplate@v8@@@2@@Nan@@@std@@PAX@1@@Z 100114f0 f i javaObject.obj
 0001:00010620       ??0AsyncResource@Nan@@QAE@PBDV?$Local@VObject@v8@@@v8@@@Z 10011620 f i methodCallBaton.obj
 0001:000106c0       ?Call_@Callback@Nan@@ABE?AV?$MaybeLocal@VValue@v8@@@v8@@PAVIsolate@4@V?$Local@VObject@v8@@@4@HQAV?$Local@VValue@v8@@@4@PAVAsyncResource@2@@Z 100116c0 f i methodCallBaton.obj
 0001:00010770       ??0AsyncWorker@Nan@@QAE@PAVCallback@1@PBD@Z 10011770 f i methodCallBaton.obj
 0001:00010820       ??1AsyncWorker@Nan@@UAE@XZ 10011820 f i methodCallBaton.obj
 0001:000108d0       ?WorkComplete@AsyncWorker@Nan@@UAEXXZ 100118d0 f i methodCallBaton.obj
 0001:00010940       ?Destroy@AsyncWorker@Nan@@UAEXXZ 10011940 f i methodCallBaton.obj
 0001:00010950       ?HandleOKCallback@AsyncWorker@Nan@@MAEXXZ 10011950 f i methodCallBaton.obj
 0001:000109c0       ?HandleErrorCallback@AsyncWorker@Nan@@MAEXXZ 100119c0 f i methodCallBaton.obj
 0001:00010a70       ??_GAsyncWorker@Nan@@UAEPAXI@Z 10011a70 f i methodCallBaton.obj
 0001:00010a70       ??_EAsyncWorker@Nan@@UAEPAXI@Z 10011a70 f i * CIL library *:* CIL module *
 0001:00010a90       ?AsyncExecute@Nan@@YAXPAUuv_work_s@@@Z 10011a90 f i methodCallBaton.obj
 0001:00010aa0       ?AsyncExecuteComplete@Nan@@YAXPAUuv_work_s@@@Z 10011aa0 f i methodCallBaton.obj
 0001:00010ac0       ??0MethodCallBaton@@QAE@PAVJava@@PAV_jobject@@PAV_jarray@@AAV?$Local@VValue@v8@@@v8@@@Z 10011ac0 f   methodCallBaton.obj
 0001:00010b80       ??_GMethodCallBaton@@UAEPAXI@Z 10011b80 f i methodCallBaton.obj
 0001:00010b80       ??_EMethodCallBaton@@UAEPAXI@Z 10011b80 f i * CIL library *:* CIL module *
 0001:00010ba0       ??1MethodCallBaton@@UAE@XZ 10011ba0 f   methodCallBaton.obj
 0001:00010c30       ?run@MethodCallBaton@@QAEXXZ 10011c30 f   methodCallBaton.obj
 0001:00010c50       ?runSync@MethodCallBaton@@QAE?AV?$Local@VValue@v8@@@v8@@XZ 10011c50 f   methodCallBaton.obj
 0001:00010c80       ?Execute@MethodCallBaton@@MAEXXZ 10011c80 f   methodCallBaton.obj
 0001:00010cc0       ?WorkComplete@MethodCallBaton@@MAEXXZ 10011cc0 f   methodCallBaton.obj
 0001:00010e10       ?resultsToV8@MethodCallBaton@@IAE?AV?$Local@VValue@v8@@@v8@@PAUJNIEnv_@@@Z 10011e10 f   methodCallBaton.obj
 0001:00010ef0       ?ExecuteInternal@NewInstanceBaton@@MAEXPAUJNIEnv_@@@Z 10011ef0 f   methodCallBaton.obj
 0001:00010fe0       ?ExecuteInternal@StaticMethodCallBaton@@MAEXPAUJNIEnv_@@@Z 10011fe0 f   methodCallBaton.obj
 0001:000110f0       ?ExecuteInternal@InstanceMethodCallBaton@@MAEXPAUJNIEnv_@@@Z 100120f0 f   methodCallBaton.obj
 0001:00011220       ??0NewInstanceBaton@@QAE@PAVJava@@PAV_jclass@@PAV_jobject@@PAV_jarray@@AAV?$Local@VValue@v8@@@v8@@@Z 10012220 f   methodCallBaton.obj
 0001:00011260       ??_GNewInstanceBaton@@UAEPAXI@Z 10012260 f i methodCallBaton.obj
 0001:00011260       ??_ENewInstanceBaton@@UAEPAXI@Z 10012260 f i * CIL library *:* CIL module *
 0001:000112b0       ??0StaticMethodCallBaton@@QAE@PAVJava@@PAV_jclass@@PAV_jobject@@PAV_jarray@@AAV?$Local@VValue@v8@@@v8@@@Z 100122b0 f   methodCallBaton.obj
 0001:000112f0       ??_GStaticMethodCallBaton@@UAEPAXI@Z 100122f0 f i methodCallBaton.obj
 0001:000112f0       ??_EStaticMethodCallBaton@@UAEPAXI@Z 100122f0 f i * CIL library *:* CIL module *
 0001:00011340       ??0InstanceMethodCallBaton@@QAE@PAVJava@@PAVJavaObject@@PAV_jobject@@PAV_jarray@@AAV?$Local@VValue@v8@@@v8@@@Z 10012340 f   methodCallBaton.obj
 0001:00011380       ??_EInstanceMethodCallBaton@@UAEPAXI@Z 10012380 f i * CIL library *:* CIL module *
 0001:00011380       ??_GInstanceMethodCallBaton@@UAEPAXI@Z 10012380 f i methodCallBaton.obj
 0001:000113e0       _DllMain@12                100123e0 f   nodeJavaBridge.obj
 0001:000113f0       _printf                    100123f0 f i utils.obj
 0001:00011430       ?CallLongMethod@JNIEnv_@@QAA_JPAV_jobject@@PAU_jmethodID@@ZZ 10012430 f i utils.obj
 0001:00011450       ?javaReflectionGetMethods@@YAXPAUJNIEnv_@@PAV_jclass@@PAV?$list@PAV_jobject@@V?$allocator@PAV_jobject@@@std@@@std@@_N@Z 10012450 f   utils.obj
 0001:000115c0       ?javaReflectionGetConstructors@@YAXPAUJNIEnv_@@PAV_jclass@@PAV?$list@PAV_jobject@@V?$allocator@PAV_jobject@@@std@@@std@@@Z 100125c0 f   utils.obj
 0001:000116a0       ?javaReflectionGetFields@@YAXPAUJNIEnv_@@PAV_jclass@@PAV?$list@PAV_jobject@@V?$allocator@PAV_jobject@@@std@@@std@@@Z 100126a0 f   utils.obj
 0001:00011890       ?javaToString@@YA?AV?$basic_string@DU?$char_traits@D@std@@V?$allocator@D@2@@std@@PAUJNIEnv_@@PAV_jstring@@@Z 10012890 f   utils.obj
 0001:00011950       ?javaObjectToString@@YA?AV?$basic_string@DU?$char_traits@D@std@@V?$allocator@D@2@@std@@PAUJNIEnv_@@PAV_jobject@@@Z 10012950 f   utils.obj
 0001:000119f0       ?javaGetEnv@@YAPAUJNIEnv_@@PAUJavaVM_@@PAV_jobject@@@Z 100129f0 f   utils.obj
 0001:00011b20       ?javaGetType@@YA?AW4_jvalueType@@PAUJNIEnv_@@PAV_jclass@@@Z 10012b20 f   utils.obj
 0001:00011fe0       ?javaFindClass@@YAPAV_jclass@@PAUJNIEnv_@@AAV?$basic_string@DU?$char_traits@D@std@@V?$allocator@D@2@@std@@@Z 10012fe0 f   utils.obj
 0001:000120a0       ?javaFindField@@YAPAV_jobject@@PAUJNIEnv_@@PAV_jclass@@AAV?$basic_string@DU?$char_traits@D@std@@V?$allocator@D@2@@std@@@Z 100130a0 f   utils.obj
 0001:00012640       ?v8ToJava@@YAPAV_jobject@@PAUJNIEnv_@@V?$Local@VValue@v8@@@v8@@@Z 10013640 f   utils.obj
 0001:00012a60       ?checkJavaException@@YAXPAUJNIEnv_@@@Z 10013a60 f   utils.obj
 0001:00012b00       ?v8ToJava_javaLong@@YAPAV_jobject@@PAUJNIEnv_@@V?$Local@VObject@v8@@@v8@@@Z 10013b00 f   utils.obj
 0001:00012ba0       ?v8ToJava@@YAPAV_jobjectArray@@PAUJNIEnv_@@ABV?$FunctionCallbackInfo@VValue@v8@@@Nan@@HH@Z 10013ba0 f   utils.obj
 0001:00012c40       ?javaExceptionToString@@YA?AV?$basic_string@DU?$char_traits@D@std@@V?$allocator@D@2@@std@@PAUJNIEnv_@@PAV_jthrowable@@@Z 10013c40 f   utils.obj
 0001:00012d40       ?javaExceptionToV8@@YA?AV?$Local@VValue@v8@@@v8@@PAVJava@@PAUJNIEnv_@@PAV_jthrowable@@ABV?$basic_string@DU?$char_traits@D@std@@V?$allocator@D@2@@std@@@Z 10013d40 f   utils.obj
 0001:00012f40       ?javaExceptionToV8@@YA?AV?$Local@VValue@v8@@@v8@@PAVJava@@PAUJNIEnv_@@ABV?$basic_string@DU?$char_traits@D@std@@V?$allocator@D@2@@std@@@Z 10013f40 f   utils.obj
 0001:00012f90       ?javaGetArrayComponentType@@YA?AW4_jvalueType@@PAUJNIEnv_@@PAV_jobjectArray@@@Z 10013f90 f   utils.obj
 0001:00013050       ?newArrayBuffer@@YA?AV?$Local@VArrayBuffer@v8@@@v8@@PAXI@Z 10014050 f   utils.obj
 0001:000130a0       ?javaArrayToV8@@YA?AV?$Local@VValue@v8@@@v8@@PAVJava@@PAUJNIEnv_@@PAV_jobjectArray@@@Z 100140a0 f   utils.obj
 0001:00013490       ?javaToV8@@YA?AV?$Local@VValue@v8@@@v8@@PAVJava@@PAUJNIEnv_@@PAV_jobject@@@Z 10014490 f   utils.obj
 0001:000134c0       ?javaToV8@@YA?AV?$Local@VValue@v8@@@v8@@PAVJava@@PAUJNIEnv_@@PAV_jobject@@PAUDynamicProxyData@@@Z 100144c0 f   utils.obj
 0001:00013a90       ?javaObjectArrayToClasses@@YAPAV_jobjectArray@@PAUJNIEnv_@@PAV1@@Z 10014a90 f   utils.obj
 0001:00013b20       ?javaFindMethod@@YAPAV_jobject@@PAUJNIEnv_@@PAV_jclass@@AAV?$basic_string@DU?$char_traits@D@std@@V?$allocator@D@2@@std@@PAV_jobjectArray@@@Z 10014b20 f   utils.obj
 0001:00013cf0       ?javaFindConstructor@@YAPAV_jobject@@PAUJNIEnv_@@PAV_jclass@@PAV_jobjectArray@@@Z 10014cf0 f   utils.obj
 0001:00013d80       ?longToJavaLongObj@@YAPAV_jobject@@PAUJNIEnv_@@_J@Z 10014d80 f   utils.obj
 0001:00013dc0       ?dynamicProxyDataVerify@@YAHPAUDynamicProxyData@@@Z 10014dc0 f   utils.obj
 0001:00013df0       ?methodNotFoundToString@@YA?AV?$basic_string@DU?$char_traits@D@std@@V?$allocator@D@2@@std@@PAUJNIEnv_@@PAV_jclass@@V12@_NABV?$FunctionCallbackInfo@VValue@v8@@@Nan@@HH@Z 10014df0 f   utils.obj
 0001:000146e0       ?unref@@YAXPAUDynamicProxyData@@@Z 100156e0 f   utils.obj
 0001:00014770       ?GetHiddenValue@@YA?AV?$Local@VValue@v8@@@v8@@V?$Local@VObject@v8@@@2@V?$Local@VString@v8@@@2@@Z 10015770 f   utils.obj
 0001:00014800       ?SetHiddenValue@@YAXPAVNumberObject@v8@@V?$Local@VString@v8@@@2@V?$Local@VValue@v8@@@2@@Z 10015800 f   utils.obj
 0001:00014860       ?find@?$basic_string@DU?$char_traits@D@std@@V?$allocator@D@2@@std@@QBEIPBDII@Z 10015860 f i utils.obj
 0001:00014940       ?erase@?$_Tree@V?$_Tset_traits@V?$basic_string@DU?$char_traits@D@std@@V?$allocator@D@2@@std@@U?$less@V?$basic_string@DU?$char_traits@D@std@@V?$allocator@D@2@@std@@@2@V?$allocator@V?$basic_string@DU?$char_traits@D@std@@V?$allocator@D@2@@std@@@2@$0A@@std@@@std@@QAE?AV?$_Tree_const_iterator@V?$_Tree_val@U?$_Tree_simple_types@V?$basic_string@DU?$char_traits@D@std@@V?$allocator@D@2@@std@@@std@@@std@@@2@V32@0@Z 10015940 f i utils.obj
 0001:000149f0       ?clear@?$_Tree@V?$_Tset_traits@V?$basic_string@DU?$char_traits@D@std@@V?$allocator@D@2@@std@@U?$less@V?$basic_string@DU?$char_traits@D@std@@V?$allocator@D@2@@std@@@2@V?$allocator@V?$basic_string@DU?$char_traits@D@std@@V?$allocator@D@2@@std@@@2@$0A@@std@@@std@@QAEXXZ 100159f0 f i utils.obj
 0001:00014a40       ?erase@?$_Tree@V?$_Tset_traits@V?$basic_string@DU?$char_traits@D@std@@V?$allocator@D@2@@std@@U?$less@V?$basic_string@DU?$char_traits@D@std@@V?$allocator@D@2@@std@@@2@V?$allocator@V?$basic_string@DU?$char_traits@D@std@@V?$allocator@D@2@@std@@@2@$0A@@std@@@std@@QAE?AV?$_Tree_const_iterator@V?$_Tree_val@U?$_Tree_simple_types@V?$basic_string@DU?$char_traits@D@std@@V?$allocator@D@2@@std@@@std@@@std@@@2@V32@@Z 10015a40 f i utils.obj
 0001:00014e60       ??$To@_N@Nan@@YA?AV?$Maybe@_N@v8@@V?$Local@VValue@v8@@@2@@Z 10015e60 f i utils.obj
 0001:00014eb0       ??$_Lbound@V?$basic_string@DU?$char_traits@D@std@@V?$allocator@D@2@@std@@@?$_Tree@V?$_Tset_traits@V?$basic_string@DU?$char_traits@D@std@@V?$allocator@D@2@@std@@U?$less@V?$basic_string@DU?$char_traits@D@std@@V?$allocator@D@2@@std@@@2@V?$allocator@V?$basic_string@DU?$char_traits@D@std@@V?$allocator@D@2@@std@@@2@$0A@@std@@@std@@IBEPAU?$_Tree_node@V?$basic_string@DU?$char_traits@D@std@@V?$allocator@D@2@@std@@PAX@1@ABV?$basic_string@DU?$char_traits@D@std@@V?$allocator@D@2@@1@@Z 10015eb0 f i utils.obj
 0001:00014f10       ?New@?$IntegerFactory@VInteger@v8@@@imp@Nan@@SA?AV?$Local@VInteger@v8@@@v8@@H@Z 10015f10 f i utils.obj
 0001:00014f90       ??$_Insert_nohint@ABV?$basic_string@DU?$char_traits@D@std@@V?$allocator@D@2@@std@@U_Nil@2@@?$_Tree@V?$_Tset_traits@V?$basic_string@DU?$char_traits@D@std@@V?$allocator@D@2@@std@@U?$less@V?$basic_string@DU?$char_traits@D@std@@V?$allocator@D@2@@std@@@2@V?$allocator@V?$basic_string@DU?$char_traits@D@std@@V?$allocator@D@2@@std@@@2@$0A@@std@@@std@@IAE?AU?$pair@V?$_Tree_const_iterator@V?$_Tree_val@U?$_Tree_simple_types@V?$basic_string@DU?$char_traits@D@std@@V?$allocator@D@2@@std@@@std@@@std@@@std@@_N@1@_NABV?$basic_string@DU?$char_traits@D@std@@V?$allocator@D@2@@1@U_Nil@1@@Z 10015f90 f i utils.obj
 0001:000150e0       ??$_Insert_at@ABV?$basic_string@DU?$char_traits@D@std@@V?$allocator@D@2@@std@@U_Nil@2@@?$_Tree@V?$_Tset_traits@V?$basic_string@DU?$char_traits@D@std@@V?$allocator@D@2@@std@@U?$less@V?$basic_string@DU?$char_traits@D@std@@V?$allocator@D@2@@std@@@2@V?$allocator@V?$basic_string@DU?$char_traits@D@std@@V?$allocator@D@2@@std@@@2@$0A@@std@@@std@@IAE?AV?$_Tree_const_iterator@V?$_Tree_val@U?$_Tree_simple_types@V?$basic_string@DU?$char_traits@D@std@@V?$allocator@D@2@@std@@@std@@@std@@@1@_NPAU?$_Tree_node@V?$basic_string@DU?$char_traits@D@std@@V?$allocator@D@2@@std@@PAX@1@ABV?$basic_string@DU?$char_traits@D@std@@V?$allocator@D@2@@1@U_Nil@1@@Z 100160e0 f i utils.obj
 0001:0001534a       ??0_Init_locks@std@@QAE@XZ 1001634a f   libcpmt:xlock.obj
 0001:00015377       ??0_Lockit@std@@QAE@H@Z    10016377 f   libcpmt:xlock.obj
 0001:000153a8       ??1_Init_locks@std@@QAE@XZ 100163a8 f   libcpmt:xlock.obj
 0001:000153cf       ??1_Lockit@std@@QAE@XZ     100163cf f   libcpmt:xlock.obj
 0001:000153ee       ??0_Locimp@locale@std@@AAE@_N@Z 100163ee f i libcpmt:locale0.obj
 0001:00015431       ??1_Fac_node@std@@QAE@XZ   10016431 f i libcpmt:locale0.obj
 0001:00015490       ??1_Fac_tidy_reg_t@std@@QAE@XZ 10016490 f i libcpmt:locale0.obj
 0001:000154b7       ??1_Locimp@locale@std@@MAE@XZ 100164b7 f i libcpmt:locale0.obj
 0001:00015512       ??4?$_Yarn@D@std@@QAEAAV01@PBD@Z 10016512 f i libcpmt:locale0.obj
 0001:00015566       ??_E_Locimp@locale@std@@MAEPAXI@Z 10016566 f i libcpmt:locale0.obj
 0001:00015566       ??_G_Locimp@locale@std@@MAEPAXI@Z 10016566 f i libcpmt:locale0.obj
 0001:00015588       ?_Facet_Register@std@@YAXPAV_Facet_base@1@@Z 10016588 f   libcpmt:locale0.obj
 0001:000155b6       ?_Getgloballocale@locale@std@@CAPAV_Locimp@12@XZ 100165b6 f   libcpmt:locale0.obj
 0001:000155bc       ?_Init@locale@std@@CAPAV_Locimp@12@_N@Z 100165bc f   libcpmt:locale0.obj
 0001:0001564a       ?_Locimp_dtor@_Locimp@locale@std@@CAXPAV123@@Z 1001664a f   libcpmt:locale0.obj
 0001:000156bf       ?_Locinfo_ctor@_Locinfo@std@@SAXPAV12@PBD@Z 100166bf f   libcpmt:locale0.obj
 0001:0001570a       ?_Locinfo_dtor@_Locinfo@std@@SAXPAV12@@Z 1001670a f   libcpmt:locale0.obj
 0001:0001572c       ?_New_Locimp@_Locimp@locale@std@@CAPAV123@_N@Z 1001672c f   libcpmt:locale0.obj
 0001:00015751       ?_Setgloballocale@locale@std@@CAXPAX@Z 10016751 f   libcpmt:locale0.obj
 0001:00015779       __Deletegloballocale       10016779 f   libcpmt:locale0.obj
 0001:000157de       ??0bad_alloc@std@@QAE@ABV01@@Z 100167de f i libcpmt:xthrow.obj
 0001:000157f9       ??0bad_alloc@std@@QAE@XZ   100167f9 f i libcpmt:xthrow.obj
 0001:00015811       ??0exception@std@@QAE@ABV01@@Z 10016811 f i libcpmt:xthrow.obj
 0001:0001583d       ??0exception@std@@QAE@QBD@Z 1001683d f i libcpmt:xthrow.obj
 0001:00015874       ??0length_error@std@@QAE@ABV01@@Z 10016874 f i libcpmt:xthrow.obj
 0001:0001588f       ??0length_error@std@@QAE@PBD@Z 1001688f f i libcpmt:xthrow.obj
 0001:000158b0       ??0logic_error@std@@QAE@ABV01@@Z 100168b0 f i libcpmt:xthrow.obj
 0001:000158cb       ??0out_of_range@std@@QAE@ABV01@@Z 100168cb f i libcpmt:xthrow.obj
 0001:000158e6       ??0out_of_range@std@@QAE@PBD@Z 100168e6 f i libcpmt:xthrow.obj
 0001:00015907       ??1bad_alloc@std@@UAE@XZ   10016907 f i libcpmt:xthrow.obj
 0001:00015907       ??1out_of_range@std@@UAE@XZ 10016907 f i libcpmt:xthrow.obj
 0001:00015907       ??1bad_array_new_length@std@@UAE@XZ 10016907 f i LIBCMT:throw_bad_alloc.obj
 0001:00015907       ??1length_error@std@@UAE@XZ 10016907 f i libcpmt:xthrow.obj
 0001:00015907       ??1bad_exception@std@@UAE@XZ 10016907 f i libvcruntime:frame.obj
 0001:00015918       ?_Xlength_error@std@@YAXPBD@Z 10016918 f   libcpmt:xthrow.obj
 0001:00015938       ?_Xout_of_range@std@@YAXPBD@Z 10016938 f   libcpmt:xthrow.obj
 0001:00015958       ?what@exception@std@@UBEPBDXZ 10016958 f i libcpmt:xthrow.obj
 0001:00015965       ?_Callfns@ios_base@std@@AAEXW4event@12@@Z 10016965 f i libcpmt:ios.obj
 0001:00015997       ?_Ios_base_dtor@ios_base@std@@CAXPAV12@@Z 10016997 f   libcpmt:ios.obj
 0001:000159d7       ?_Tidy@ios_base@std@@AAEXXZ 100169d7 f i libcpmt:ios.obj
 0001:00015a1f       ?_Syserror_map@std@@YAPBDH@Z 10016a1f f   libcpmt:syserror.obj
 0001:00015a44       __Getctype                 10016a44 f   libcpmt:_tolower.obj
 0001:00015aaf       __Tolower                  10016aaf f   libcpmt:_tolower.obj
 0001:00015ba9       __Getcvt                   10016ba9 f   libcpmt:xwctomb.obj
 0001:00015c16       __Toupper                  10016c16 f   libcpmt:_toupper.obj
 0001:00015d10       __Mtxdst                   10016d10 f   libcpmt:xmtx.obj
 0001:00015d1e       __Mtxinit                  10016d1e f   libcpmt:xmtx.obj
 0001:00015d35       __Mtxlock                  10016d35 f   libcpmt:xmtx.obj
 0001:00015d43       __Mtxunlock                10016d43 f   libcpmt:xmtx.obj
 0001:00015d51       ??1_Init_atexit@@QAE@XZ    10016d51 f i libcpmt:iosptrs.obj
 0001:00015db5       ?_Atexit@@YAXP6AXXZ@Z      10016db5 f   libcpmt:iosptrs.obj
 0001:00015de3       ___crtLCMapStringA         10016de3 f   libcpmt:StlLCMapStringA.obj
 0001:00015fe6       __freea_crt                10016fe6 f i libcpmt:StlLCMapStringA.obj
 0001:000163ae       ___crtInitializeCriticalSectionEx 100173ae f   libcpmt:winapisupp.obj
 0001:000163e6       _GetTableIndexFromLocaleName 100173e6 f   libcpmt:winapinls.obj
 0001:00016434       ___crtDownlevelLocaleNameToLCID 10017434 f   libcpmt:winapinls.obj
 0001:0001645e       ___crtLCMapStringEx        1001745e f   libcpmt:winapinls.obj
 0001:000164b4       ___wcsnicmp_ascii          100174b4 f   libcpmt:winapinls.obj
 0001:00016527       @__security_check_cookie@4 10017527 f   LIBCMT:_secchk_.obj
 0001:00016538       ??_V@YAXPAX@Z              10017538 f   LIBCMT:delete_array.obj
 0001:0001653d       ??2@YAPAXI@Z               1001753d f   LIBCMT:new_scalar.obj
 0001:000165b4       ___scrt_acquire_startup_lock 100175b4 f   LIBCMT:utility.obj
 0001:000165e9       ___scrt_dllmain_after_initialize_c 100175e9 f   LIBCMT:utility.obj
 0001:00016614       ___scrt_dllmain_before_initialize_c 10017614 f   LIBCMT:utility.obj
 0001:00016622       ___scrt_dllmain_crt_thread_attach 10017622 f   LIBCMT:utility.obj
 0001:00016641       ___scrt_dllmain_crt_thread_detach 10017641 f   LIBCMT:utility.obj
 0001:0001664e       ___scrt_dllmain_exception_filter 1001764e f   LIBCMT:utility.obj
 0001:00016681       ___scrt_dllmain_uninitialize_c 10017681 f   LIBCMT:utility.obj
 0001:000166a4       ___scrt_dllmain_uninitialize_critical 100176a4 f   LIBCMT:utility.obj
 0001:000166b1       ___scrt_initialize_crt     100176b1 f   LIBCMT:utility.obj
 0001:000166ea       ___scrt_initialize_onexit_tables 100176ea f   LIBCMT:utility.obj
 0001:00016781       ___scrt_is_nonwritable_in_current_image 10017781 f   LIBCMT:utility.obj
 0001:0001680b       ___scrt_release_startup_lock 1001780b f   LIBCMT:utility.obj
 0001:00016828       ___scrt_uninitialize_crt   10017828 f   LIBCMT:utility.obj
 0001:00016850       __onexit                   10017850 f   LIBCMT:utility.obj
 0001:0001688b       _atexit                    1001788b f   LIBCMT:utility.obj
 0001:000168a0       ??3@YAXPAX@Z               100178a0 f   LIBCMT:delete_scalar.obj
 0001:000168a5       ??_U@YAPAXI@Z              100178a5 f   LIBCMT:new_array.obj
 0001:00016bb6       __DllMainCRTStartup@12     10017bb6 f   LIBCMT:dll_dllmain.obj
 0001:00016bd9       ??3@YAXPAXI@Z              10017bd9 f   LIBCMT:delete_scalar_size.obj
 0001:00016be7       @_guard_check_icall@4      10017be7 f i LIBCMT:checkcfg.obj
 0001:00016bed       __EH_epilog3               10017bed f   LIBCMT:ehprolg3.obj
 0001:00016c02       __EH_prolog3               10017c02 f   LIBCMT:ehprolg3.obj
 0001:00016c36       __EH_prolog3_catch         10017c36 f   LIBCMT:ehprolg3.obj
 0001:00016c6d       ??_Gtype_info@@UAEPAXI@Z   10017c6d f i LIBCMT:std_type_info_static.obj
 0001:00016c6d       ??_Etype_info@@UAEPAXI@Z   10017c6d f i LIBCMT:std_type_info_static.obj
 0001:00016c90       __alloca_probe_16          10017c90 f   LIBCMT:alloca16.obj
 0001:00016ca6       __alloca_probe_8           10017ca6     LIBCMT:alloca16.obj
 0001:00016cc0       __allmul                   10017cc0 f   LIBCMT:llmul.obj
 0001:00016d00       __aulldiv                  10017d00 f   LIBCMT:ulldiv.obj
 0001:00016d68       ___raise_securityfailure   10017d68 f   LIBCMT:gs_report.obj
 0001:00016d90       ___report_gsfailure        10017d90 f   LIBCMT:gs_report.obj
 0001:00016e8b       ___report_rangecheckfailure 10017e8b f   LIBCMT:gs_report.obj
 0001:00016e97       ___report_securityfailure  10017e97 f   LIBCMT:gs_report.obj
 0001:00016f67       ??0bad_array_new_length@std@@QAE@ABV01@@Z 10017f67 f i LIBCMT:throw_bad_alloc.obj
 0001:00016f82       ??0bad_array_new_length@std@@QAE@XZ 10017f82 f i LIBCMT:throw_bad_alloc.obj
 0001:00016f9a       ?__scrt_throw_std_bad_alloc@@YAXXZ 10017f9a f   LIBCMT:throw_bad_alloc.obj
 0001:00016f9a       ?_Xbad_alloc@std@@YAXXZ    10017f9a f   libcpmt:xthrow.obj
 0001:00016fb7       ?__scrt_throw_std_bad_array_new_length@@YAXXZ 10017fb7 f   LIBCMT:throw_bad_alloc.obj
 0001:00016fd4       ___isa_available_init      10017fd4 f   LIBCMT:_cpu_disp_.obj
 0001:0001716e       __get_startup_argv_mode    1001816e f   LIBCMT:argv_mode.obj
 0001:00017172       ___scrt_is_ucrt_dll_in_use 10018172 f   LIBCMT:ucrt_detection.obj
 0001:0001717e       ___scrt_fastfail           1001817e f   LIBCMT:utility_desktop.obj
 0001:00017299       __crt_debugger_hook        10018299 f   LIBCMT:utility_desktop.obj
 0001:000172b0       __SEH_prolog4              100182b0 f   LIBCMT:_sehprolg4_.obj
 0001:000172f6       __SEH_epilog4              100182f6 f   LIBCMT:_sehprolg4_.obj
 0001:0001730b       ___security_init_cookie    1001830b f   LIBCMT:gs_support.obj
 0001:000173a7       ?__scrt_initialize_type_info@@YAXXZ 100183a7 f   LIBCMT:tncleanup.obj
 0001:000173b3       ?__scrt_uninitialize_type_info@@YAXXZ 100183b3 f   LIBCMT:tncleanup.obj
 0001:000173bf       ___local_stdio_scanf_options 100183bf f i LIBCMT:default_local_stdio_options.obj
 0001:000173c5       ___scrt_initialize_default_local_stdio_options 100183c5 f   LIBCMT:default_local_stdio_options.obj
 0001:000173e2       ___scrt_get_dyn_tls_init_callback 100183e2 f   LIBCMT:dyn_tls_init.obj
 0001:000173e8       __RTC_Initialize           100183e8 f   LIBCMT:_initsect_.obj
 0001:00017413       __RTC_Terminate            10018413 f   LIBCMT:_initsect_.obj
 0001:00017440       __alloca_probe             10018440 f   LIBCMT:chkstk.obj
 0001:00017440       __chkstk                   10018440 f   LIBCMT:chkstk.obj
 0001:00017470       _memmove                   10018470 f   libvcruntime:memmove.obj
 0001:000179e4       __get_purecall_handler     100189e4 f   libvcruntime:purevirt.obj
 0001:00017a03       __purecall                 10018a03 f   libvcruntime:purevirt.obj
 0001:00017a20       _memchr                    10018a20 f   libvcruntime:memchr.obj
 0001:00017acd       ?_CallCatchBlock2@@YAPAXPAUEHRegistrationNode@@PBU_s_FuncInfo@@PAXHK@Z 10018acd f   libvcruntime:trnsctrl.obj
 0001:00017b2d       ?_CallSETranslator@@YAHPAUEHExceptionRecord@@PAUEHRegistrationNode@@PAX2PBU_s_FuncInfo@@H1@Z 10018b2d f   libvcruntime:trnsctrl.obj
 0001:00017c0a       ?_GetRangeOfTrysToCheck@@YAPBU_s_TryBlockMapEntry@@PBU_s_FuncInfo@@HHPAI1@Z 10018c0a f   libvcruntime:trnsctrl.obj
 0001:00017c82       ?_JumpToContinuation@@YGXPAXPAUEHRegistrationNode@@@Z 10018c82 f   libvcruntime:trnsctrl.obj
 0001:00017cb4       ?_UnwindNestedFrames@@YGXPAUEHRegistrationNode@@PAUEHExceptionRecord@@@Z 10018cb4 f   libvcruntime:trnsctrl.obj
 0001:00017d09       __CatchGuardHandler        10018d09 f   libvcruntime:trnsctrl.obj
 0001:00017d3a       __CreateFrameInfo          10018d3a f   libvcruntime:trnsctrl.obj
 0001:00017d5e       __FindAndUnlinkFrame       10018d5e f   libvcruntime:trnsctrl.obj
 0001:00017da8       __IsExceptionObjectToBeDestroyed 10018da8 f   libvcruntime:trnsctrl.obj
 0001:00017dce       __TranslatorGuardHandler   10018dce f   libvcruntime:trnsctrl.obj
 0001:00017e6d       ___CxxFrameHandler3        10018e6d f   libvcruntime:trnsctrl.obj
 0001:00017eb0       _memcpy                    10018eb0 f   libvcruntime:memcpy.obj
 0001:00018424       ___std_exception_copy      10019424 f   libvcruntime:std_exception.obj
 0001:00018487       ___std_exception_destroy   10019487 f   libvcruntime:std_exception.obj
 0001:000184a6       __CxxThrowException@8      100194a6 f   libvcruntime:throw.obj
 0001:00018514       ___DestructExceptionObject 10019514 f   libvcruntime:frame.obj
 0001:000185a8       ??0bad_exception@std@@QAE@ABV01@@Z 100195a8 f i libvcruntime:frame.obj
 0001:000185c3       ??0bad_exception@std@@QAE@XZ 100195c3 f i libvcruntime:frame.obj
 0001:000185db       ??_Ebad_array_new_length@std@@UAEPAXI@Z 100195db f i LIBCMT:throw_bad_alloc.obj
 0001:000185db       ??_Gbad_array_new_length@std@@UAEPAXI@Z 100195db f i LIBCMT:throw_bad_alloc.obj
 0001:000185db       ??_Glength_error@std@@UAEPAXI@Z 100195db f i libcpmt:xthrow.obj
 0001:000185db       ??_Gout_of_range@std@@UAEPAXI@Z 100195db f i libcpmt:xthrow.obj
 0001:000185db       ??_Gexception@std@@UAEPAXI@Z 100195db f i libcpmt:xthrow.obj
 0001:000185db       ??_Elogic_error@std@@UAEPAXI@Z 100195db f i libcpmt:xthrow.obj
 0001:000185db       ??_Eexception@std@@UAEPAXI@Z 100195db f i libcpmt:xthrow.obj
 0001:000185db       ??_Glogic_error@std@@UAEPAXI@Z 100195db f i libcpmt:xthrow.obj
 0001:000185db       ??_Ebad_alloc@std@@UAEPAXI@Z 100195db f i libcpmt:xthrow.obj
 0001:000185db       ??_Gbad_alloc@std@@UAEPAXI@Z 100195db f i libcpmt:xthrow.obj
 0001:000185db       ??_Gbad_exception@std@@UAEPAXI@Z 100195db f i libvcruntime:frame.obj
 0001:000185db       ??_Ebad_exception@std@@UAEPAXI@Z 100195db f i libvcruntime:frame.obj
 0001:000185db       ??_Eout_of_range@std@@UAEPAXI@Z 100195db f i libcpmt:xthrow.obj
 0001:000185db       ??_Elength_error@std@@UAEPAXI@Z 100195db f i libcpmt:xthrow.obj
 0001:00018e21       ?_CallMemberFunction0@@YGXQAX0@Z 10019e21 f i libvcruntime:frame.obj
 0001:00018e21       ?_CallMemberFunction1@@YGXQAX00@Z 10019e21 f i libvcruntime:frame.obj
 0001:00018e21       ?_CallMemberFunction2@@YGXQAX00H@Z 10019e21 f i libvcruntime:frame.obj
 0001:00018e28       ___AdjustPointer           10019e28 f   libvcruntime:frame.obj
 0001:00018e4d       ___BuildCatchObject        10019e4d f   libvcruntime:frame.obj
 0001:00018edc       ___BuildCatchObjectHelper  10019edc f   libvcruntime:frame.obj
 0001:0001900a       ___FrameUnwindFilter       1001a00a f   libvcruntime:frame.obj
 0001:0001904f       ___FrameUnwindToState      1001a04f f   libvcruntime:frame.obj
 0001:00019117       ___InternalCxxFrameHandler 1001a117 f   libvcruntime:frame.obj
 0001:00019213       ___TypeMatch               1001a213 f   libvcruntime:frame.obj
 0001:000192b0       _memset                    1001a2b0 f   libvcruntime:memset.obj
 0001:0001940a       _memcmp                    1001a40a f   libvcruntime:_memcmp_.obj
 0001:0001ab8a       ___vcrt_initialize         1001bb8a f   libvcruntime:initialization.obj
 0001:0001abb3       ___vcrt_thread_attach      1001bbb3 f   libvcruntime:initialization.obj
 0001:0001abbe       ___vcrt_thread_detach      1001bbbe f   libvcruntime:initialization.obj
 0001:0001abc9       ___vcrt_uninitialize       1001bbc9 f   libvcruntime:initialization.obj
 0001:0001abe8       ___vcrt_uninitialize_critical 1001bbe8 f   libvcruntime:initialization.obj
 0001:0001ac30       __except_handler4          1001bc30 f   libvcruntime:_chandler4_.obj
 0001:0001ad96       ___std_type_info_compare   1001bd96 f   libvcruntime:std_type_info.obj
 0001:0001add2       ___std_type_info_destroy_list 1001bdd2 f   libvcruntime:std_type_info.obj
 0001:0001adf5       ___vcrt_initialize_pure_virtual_call_handler 1001bdf5 f   libvcruntime:purevirt_data.obj
 0001:0001ae12       ___vcrt_freefls@4          1001be12 f   libvcruntime:per_thread_data.obj
 0001:0001ae2e       ___vcrt_freeptd            1001be2e f   libvcruntime:per_thread_data.obj
 0001:0001ae64       ___vcrt_getptd             1001be64 f   libvcruntime:per_thread_data.obj
 0001:0001ae72       ___vcrt_getptd_noexit      1001be72 f   libvcruntime:per_thread_data.obj
 0001:0001af04       ___vcrt_initialize_ptd     1001bf04 f   libvcruntime:per_thread_data.obj
 0001:0001af37       ___vcrt_uninitialize_ptd   1001bf37 f   libvcruntime:per_thread_data.obj
 0001:0001af60       __CallSettingFrame@12      1001bf60 f   libvcruntime:lowhelpr.obj
 0001:0001af87       __NLG_Return               1001bf87     libvcruntime:lowhelpr.obj
 0001:0001afac       _unexpected                1001bfac f   libvcruntime:unexpected.obj
 0001:0001afc8       ___vcrt_initialize_locks   1001bfc8 f   libvcruntime:locks.obj
 0001:0001b004       ___vcrt_uninitialize_locks 1001c004 f   libvcruntime:locks.obj
 0001:0001b033       ??$__crt_fast_encode_pointer@PAP6AXXZ@@YAPAP6AXXZQAP6AXXZ@Z 1001c033 f i LIBCMT:utility.obj
 0001:0001b033       ??$__crt_fast_encode_pointer@PAX@@YAPAXQAX@Z 1001c033 f i libvcruntime:winapi_downlevel.obj
 0001:0001b171       ___vcrt_FlsAlloc           1001c171 f   libvcruntime:winapi_downlevel.obj
 0001:0001b1ab       ___vcrt_FlsFree            1001c1ab f   libvcruntime:winapi_downlevel.obj
 0001:0001b1e5       ___vcrt_FlsGetValue        1001c1e5 f   libvcruntime:winapi_downlevel.obj
 0001:0001b21f       ___vcrt_FlsSetValue        1001c21f f   libvcruntime:winapi_downlevel.obj
 0001:0001b25c       ___vcrt_InitializeCriticalSectionEx 1001c25c f   libvcruntime:winapi_downlevel.obj
 0001:0001b2a2       ___vcrt_initialize_winapi_thunks 1001c2a2 f   libvcruntime:winapi_downlevel.obj
 0001:0001b2dc       ___vcrt_uninitialize_winapi_thunks 1001c2dc f   libvcruntime:winapi_downlevel.obj
 0001:0001b310       __local_unwind4            1001c310 f   libvcruntime:_exsup4_.obj
 0001:0001b3e6       __seh_longjmp_unwind4@4    1001c3e6 f   libvcruntime:_exsup4_.obj
 0001:0001b40e       @_EH4_CallFilterFunc@8     1001c40e f   libvcruntime:_exsup4_.obj
 0001:0001b425       @_EH4_TransferToHandler@8  1001c425 f   libvcruntime:_exsup4_.obj
 0001:0001b43e       @_EH4_GlobalUnwind2@8      1001c43e f   libvcruntime:_exsup4_.obj
 0001:0001b457       @_EH4_LocalUnwind@16       1001c457 f   libvcruntime:_exsup4_.obj
 0001:0001b470       __global_unwind2           1001c470 f   libvcruntime:_exsup_.obj
 0001:0001b4d5       __local_unwind2            1001c4d5 f   libvcruntime:_exsup_.obj
 0001:0001b559       __abnormal_termination     1001c559 f   libvcruntime:_exsup_.obj
 0001:0001b57c       __NLG_Notify1              1001c57c f   libvcruntime:_exsup_.obj
 0001:0001b585       __NLG_Notify               1001c585 f   libvcruntime:_exsup_.obj
 0001:0001b59c       __NLG_Dispatch2            1001c59c     libvcruntime:_exsup_.obj
 0001:0001b59c       __NLG_Dispatch             1001c59c     libvcruntime:_exsup_.obj
 0001:0001b5a4       __NLG_Call                 1001c5a4 f   libvcruntime:_exsup_.obj
 0001:0001b5a6       __NLG_Return2              1001c5a6     libvcruntime:_exsup_.obj
 0001:0001b5a7       _abort                     1001c5a7 f   libucrt:abort.obj
 0001:0001b5ea       _calloc                    1001c5ea f   libucrt:calloc.obj
 0001:0001b5f5       ___acrt_initialize_stdio   1001c5f5 f   libucrt:_file.obj
 0001:0001b6bd       ___acrt_iob_func           1001c6bd f   libucrt:_file.obj
 0001:0001b6cd       ___acrt_uninitialize_stdio 1001c6cd f   libucrt:_file.obj
 0001:0001b719       __lock_file                1001c719 f   libucrt:_file.obj
 0001:0001b72d       __unlock_file              1001c72d f   libucrt:_file.obj
 0001:0001b741       ___acrt_call_reportfault   1001c741 f   libucrt:invalid_parameter.obj
 0001:0001b87c       ___acrt_initialize_invalid_parameter_handler 1001c87c f   libucrt:invalid_parameter.obj
 0001:0001b890       __invalid_parameter        1001c890 f   libucrt:invalid_parameter.obj
 0001:0001b90b       __invalid_parameter_noinfo 1001c90b f   libucrt:invalid_parameter.obj
 0001:0001b91b       __invalid_parameter_noinfo_noreturn 1001c91b f   libucrt:invalid_parameter.obj
 0001:0001b938       __invoke_watson            1001c938 f   libucrt:invalid_parameter.obj
 0001:0001b970       _strcspn                   1001c970 f   libucrt:strcspn.obj
 0001:0001b9b6       ??$?RV<lambda_ab9923ffb5d694ec0d78876dd103e44f>@@AAV<lambda_481dd5778c961fbcd3b60b650e9b9dc4>@@V<lambda_7923d86c9e3f319b415918ec4b39749c>@@@?$__crt_seh_guarded_call@H@@QAEH$$QAV<lambda_ab9923ffb5d694ec0d78876dd103e44f>@@AAV<lambda_481dd5778c961fbcd3b60b650e9b9dc4>@@$$QAV<lambda_7923d86c9e3f319b415918ec4b39749c>@@@Z 1001c9b6 f i libucrt:output.obj
 0001:0001ba07       ??$?RV<lambda_db08b09ef7aa9d4f8620ce68402612bc>@@AAV<lambda_4f2c1eaeead2a5fc776db5b62ea0fb9b>@@V<lambda_3ae262bc35d4ba6a3825c4f6bcaaf95c>@@@?$__crt_seh_guarded_call@H@@QAEH$$QAV<lambda_db08b09ef7aa9d4f8620ce68402612bc>@@AAV<lambda_4f2c1eaeead2a5fc776db5b62ea0fb9b>@@$$QAV<lambda_3ae262bc35d4ba6a3825c4f6bcaaf95c>@@@Z 1001ca07 f i libucrt:output.obj
 0001:0001ba58       ??$__acrt_lock_stream_and_call@V<lambda_481dd5778c961fbcd3b60b650e9b9dc4>@@@@YAHQAU_iobuf@@$$QAV<lambda_481dd5778c961fbcd3b60b650e9b9dc4>@@@Z 1001ca58 f i libucrt:output.obj
 0001:0001ba80       ??$__acrt_lock_stream_and_call@V<lambda_4f2c1eaeead2a5fc776db5b62ea0fb9b>@@@@YAHQAU_iobuf@@$$QAV<lambda_4f2c1eaeead2a5fc776db5b62ea0fb9b>@@@Z 1001ca80 f i libucrt:output.obj
 0001:0001be21       ??$count@D@formatting_buffer@__crt_stdio_output@@QBEIXZ 1001ce21 f i libucrt:output.obj
 0001:0001be39       ??$ensure_buffer_is_big_enough@D@formatting_buffer@__crt_stdio_output@@QAE_NI@Z 1001ce39 f i libucrt:output.obj
 0001:0001bebf       ??$is_wide_character_specifier@D@__crt_stdio_output@@YA_N_KDW4length_modifier@0@@Z 1001cebf f i libucrt:output.obj
 0001:0001beff       ??$is_wide_character_specifier@_W@__crt_stdio_output@@YA_N_K_WW4length_modifier@0@@Z 1001ceff f i libucrt:output.obj
 0001:0001bf4e       ??$scratch_data@D@formatting_buffer@__crt_stdio_output@@QAEPADXZ 1001cf4e f i libucrt:output.obj
 0001:0001bf6c       ??$type_case_integer_parse_into_buffer@I@?$output_processor@_WV?$stream_output_adapter@_W@__crt_stdio_output@@V?$standard_base@_WV?$stream_output_adapter@_W@__crt_stdio_output@@@2@@__crt_stdio_output@@AAEXII_N@Z 1001cf6c f i libucrt:output.obj
 0001:0001bf6c       ??$type_case_integer_parse_into_buffer@I@?$output_processor@DV?$stream_output_adapter@D@__crt_stdio_output@@V?$standard_base@DV?$stream_output_adapter@D@__crt_stdio_output@@@2@@__crt_stdio_output@@AAEXII_N@Z 1001cf6c f i libucrt:output.obj
 0001:0001bf6c       ??$type_case_integer_parse_into_buffer@I@?$output_processor@_WV?$string_output_adapter@_W@__crt_stdio_output@@V?$standard_base@_WV?$string_output_adapter@_W@__crt_stdio_output@@@2@@__crt_stdio_output@@AAEXII_N@Z 1001cf6c f i libucrt:output.obj
 0001:0001bf6c       ??$type_case_integer_parse_into_buffer@I@?$output_processor@DV?$string_output_adapter@D@__crt_stdio_output@@V?$format_validation_base@DV?$string_output_adapter@D@__crt_stdio_output@@@2@@__crt_stdio_output@@AAEXII_N@Z 1001cf6c f i libucrt:output.obj
 0001:0001bfe1       ??$type_case_integer_parse_into_buffer@_K@?$output_processor@DV?$stream_output_adapter@D@__crt_stdio_output@@V?$standard_base@DV?$stream_output_adapter@D@__crt_stdio_output@@@2@@__crt_stdio_output@@AAEX_KI_N@Z 1001cfe1 f i libucrt:output.obj
[...]
 0002:0000ee58       __sehtable$??$?RV<lambda_9227be29367c048ad7fd93a717dcb1a1>@@AAV<lambda_a463b7b0560cfcaf9b17f27c6ef46564>@@V<lambda_ccea11b5727ccf69be64f5f5d9a08d9f>@@@?$__crt_seh_guarded_call@H@@QAEH$$QAV<lambda_9227be29367c048ad7fd93a717dcb1a1>@@AAV<lambda_a463b7b0560cfcaf9b17f27c6ef46564>@@$$QAV<lambda_ccea11b5727ccf69be64f5f5d9a08d9f>@@@Z 10041e58     libucrt:winapi_thunks.obj
 0002:0000ee78       __sehtable$__fcloseall     10041e78     libucrt:closeall.obj
 0002:0000ee98       __sehtable$_fflush         10041e98     libucrt:fflush.obj
 0002:0000eeb8       __sehtable$_common_flush_all 10041eb8     libucrt:fflush.obj
 0002:0000eee0       __sehtable$___acrt_initialize_lowio 10041ee0     libucrt:ioinit.obj
 0002:0000ef00       __sehtable$??$?RV<lambda_9df27f884b057bc3edfc946cb5b7cf47>@@AAV<lambda_e69574bed617af4e071282c136b37893>@@V<lambda_cc0d902bcbbeb830f749456577db4721>@@@?$__crt_seh_guarded_call@X@@QAEX$$QAV<lambda_9df27f884b057bc3edfc946cb5b7cf47>@@AAV<lambda_e69574bed617af4e071282c136b37893>@@$$QAV<lambda_cc0d902bcbbeb830f749456577db4721>@@@Z 10041f00     libucrt:per_thread_data.obj
 0002:0000ef20       __sehtable$??$?RV<lambda_3518db117f0e7cdb002338c5d3c47b6c>@@AAV<lambda_b2ea41f6bbb362cd97d94c6828d90b61>@@V<lambda_abdedf541bb04549bc734292b4a045d4>@@@?$__crt_seh_guarded_call@X@@QAEX$$QAV<lambda_3518db117f0e7cdb002338c5d3c47b6c>@@AAV<lambda_b2ea41f6bbb362cd97d94c6828d90b61>@@$$QAV<lambda_abdedf541bb04549bc734292b4a045d4>@@@Z 10041f20     libucrt:per_thread_data.obj
 0002:0000ef40       __sehtable$??$?RV<lambda_51b6e8b1eb166f2a3faf91f424b38130>@@AAV<lambda_6250bd4b2a391816dd638c3bf72b0bcb>@@V<lambda_0b5a4a3e68152e1d9b943535f5f47bed>@@@?$__crt_seh_guarded_call@X@@QAEX$$QAV<lambda_51b6e8b1eb166f2a3faf91f424b38130>@@AAV<lambda_6250bd4b2a391816dd638c3bf72b0bcb>@@$$QAV<lambda_0b5a4a3e68152e1d9b943535f5f47bed>@@@Z 10041f40     libucrt:per_thread_data.obj
 0002:0000ef60       __sehtable$??$?RV<lambda_5b71d36f03204c0beab531769a5b5694>@@AAV<lambda_be2b3da3f62db62e9dad5dc70221a656>@@V<lambda_8f9ce462984622f9bf76b59e2aaaf805>@@@?$__crt_seh_guarded_call@X@@QAEX$$QAV<lambda_5b71d36f03204c0beab531769a5b5694>@@AAV<lambda_be2b3da3f62db62e9dad5dc70221a656>@@$$QAV<lambda_8f9ce462984622f9bf76b59e2aaaf805>@@@Z 10041f60     libucrt:per_thread_data.obj
 0002:0000ef80       __sehtable$___acrt_uninitialize_locale 10041f80     libucrt:wsetlocale.obj
 0002:0000efa0       __sehtable$??$?RV<lambda_70818de7b02deff9841e8b0962a60ed9>@@AAV<lambda_2af78c5f5901b1372d98f9ab3177dfa6>@@AAV<lambda_f51fe5fd7c79a33db34fc9310f277369>@@@?$__crt_seh_guarded_call@X@@QAEX$$QAV<lambda_70818de7b02deff9841e8b0962a60ed9>@@AAV<lambda_2af78c5f5901b1372d98f9ab3177dfa6>@@AAV<lambda_f51fe5fd7c79a33db34fc9310f277369>@@@Z 10041fa0     libucrt:wsetlocale.obj
 0002:0000efc0       __sehtable$??$?RV<lambda_c76fdea48760d5f9368b465f31df4405>@@AAV<lambda_e378711a6f6581bf7f0efd7cdf97f5d9>@@V<lambda_e927a58b2a85c081d733e8c6192ae2d2>@@@?$__crt_seh_guarded_call@X@@QAEX$$QAV<lambda_c76fdea48760d5f9368b465f31df4405>@@AAV<lambda_e378711a6f6581bf7f0efd7cdf97f5d9>@@$$QAV<lambda_e927a58b2a85c081d733e8c6192ae2d2>@@@Z 10041fc0     libucrt:wsetlocale.obj
 0002:0000efe0       __sehtable$??$?RV<lambda_d92cfe8357b99225085016881b624cb0>@@AAV<lambda_b721fa326cdb32351d23dfa67958c160>@@V<lambda_42d75b0848218ec137fa420c8ba9fdf9>@@@?$__crt_seh_guarded_call@H@@QAEH$$QAV<lambda_d92cfe8357b99225085016881b624cb0>@@AAV<lambda_b721fa326cdb32351d23dfa67958c160>@@$$QAV<lambda_42d75b0848218ec137fa420c8ba9fdf9>@@@Z 10041fe0     libucrt:setvbuf.obj
 0002:0000f000       __sehtable$___acrt_update_thread_multibyte_data 10042000     libucrt:mbctype.obj
 0002:0000f020       __sehtable$??$?RV<lambda_978dc153c237d78434369da87b74ff60>@@AAV<lambda_ad1ced32f4ac17aa236e5ef05d6b3b7c>@@V<lambda_4a8533e2866a575feecb8298ce776b0d>@@@?$__crt_seh_guarded_call@X@@QAEX$$QAV<lambda_978dc153c237d78434369da87b74ff60>@@AAV<lambda_ad1ced32f4ac17aa236e5ef05d6b3b7c>@@$$QAV<lambda_4a8533e2866a575feecb8298ce776b0d>@@@Z 10042020     libucrt:mbctype.obj
 0002:0000f040       __sehtable$_fclose         10042040     libucrt:fclose.obj
 0002:0000f060       __sehtable$??$?RV<lambda_61cee617f5178ae960314fd4d05640a0>@@AAV<lambda_6978c1fb23f02e42e1d9e99668cc68aa>@@V<lambda_9cd88cf8ad10232537feb2133f08c833>@@@?$__crt_seh_guarded_call@H@@QAEH$$QAV<lambda_61cee617f5178ae960314fd4d05640a0>@@AAV<lambda_6978c1fb23f02e42e1d9e99668cc68aa>@@$$QAV<lambda_9cd88cf8ad10232537feb2133f08c833>@@@Z 10042060     libucrt:commit.obj
 0002:0000f080       __sehtable$__write         10042080     libucrt:write.obj
 0002:0000f0a0       __sehtable$___acrt_lowio_ensure_fh_exists 100420a0     libucrt:osfinfo.obj
 0002:0000f0c0       __sehtable$___acrt_update_thread_locale_data 100420c0     libucrt:locale_refcounting.obj
 0002:0000f0e0       __sehtable$??$?RV<lambda_123407a5e2ac06da108355a851863b7a>@@AAV<lambda_2fe9b910cf3cbf4a0ab98a02ba45b3ec>@@V<lambda_ae55bdf541ad94d75914d381c370e64d>@@@?$__crt_seh_guarded_call@H@@QAEH$$QAV<lambda_123407a5e2ac06da108355a851863b7a>@@AAV<lambda_2fe9b910cf3cbf4a0ab98a02ba45b3ec>@@$$QAV<lambda_ae55bdf541ad94d75914d381c370e64d>@@@Z 100420e0     libucrt:close.obj
 0002:0000f100       __sehtable$??$common_lseek@_J@@YA_JH_JH@Z 10042100     libucrt:lseek.obj
 0002:0000f120       __sehtable$__IsNonwritableInCurrentImage 10042120     LIBCMT:pesect.obj
 0002:0000f140       .edata                     10042140     nodejavabridge_bindings.exp
 0002:0000f168       rgpv                       10042168     nodejavabridge_bindings.exp
 0002:0000f174       rgszName                   10042174     nodejavabridge_bindings.exp
 0002:0000f180       rgwOrd                     10042180     nodejavabridge_bindings.exp
 0002:0000f186       szName                     10042186     nodejavabridge_bindings.exp
 0002:0000f1a3       $N00001                    100421a3     nodejavabridge_bindings.exp
 0002:0000f1ce       $N00002                    100421ce     nodejavabridge_bindings.exp
 0002:0000f1f8       $N00003                    100421f8     nodejavabridge_bindings.exp
 0002:0000f574       .idata$6                   10042574     kernel32:KERNEL32.dll
 0002:00010e7a       .idata$6                   10043e7a     nw:nw.dll
 0002:00011012       .idata$6                   10044012     node:node.dll
 0002:00011030       .idata$6                   10044030     jvm:jvm.dll
 0003:00000000       ?init@std@@3JA             10045000     libcpmt:xlock.obj
 0003:00000008       ?atcount_cdecl@@3IA        10045008     libcpmt:iosptrs.obj
 0003:00000090       ?__vcrt_flsindex@@3KA      10045090     libvcruntime:per_thread_data.obj
 0003:000001c4       _errno_no_memory           100451c4     libucrt:errno.obj
 0003:000001c8       _doserrno_no_memory        100451c8     libucrt:errno.obj
 0003:00000200       ___acrt_flsindex           10045200     libucrt:per_thread_data.obj
 0003:00000204       __ctype_loc_style          10045204     libucrt:wsetlocale.obj
 0003:000002e0       _tzstd_program             100452e0     libucrt:timeset.obj
 0003:00000320       _tzdst_program             10045320     libucrt:timeset.obj
 0003:00000360       _tzname_states             10045360     libucrt:timeset.obj
 0003:00000368       ___rgctypeflag             10045368     libucrt:mbctype.obj
 0003:00000370       ___rgcode_page_info        10045370     libucrt:mbctype.obj
 0003:000008a0       __module                   100458a0     nodeJavaBridge.obj
 0003:00000b28       ?initlocks@std@@3V_Init_locks@1@A 10045b28     libcpmt:xlock.obj
 0003:00000b30       ?mtx@std@@3PAU_RTL_CRITICAL_SECTION@@A 10045b30     libcpmt:xlock.obj
 0003:00000bf8       _global_locale             10045bf8     libcpmt:locale0.obj
 0003:00000bfc       ?_Fac_head@std@@3PAU_Fac_node@1@A 10045bfc     libcpmt:locale0.obj
 0003:00000c14       ?classic_locale@std@@3Vlocale@1@A 10045c14     libcpmt:locale0.obj
 0003:00000c1c       ?_Fac_tidy_reg@std@@3U_Fac_tidy_reg_t@1@B 10045c1c     libcpmt:locale0.obj
 0003:00000c1d       ?registered@?1??_Setgloballocale@locale@std@@CAXPAX@Z@4_NA 10045c1d     libcpmt:locale0.obj
 0003:00000c24       ?stdstr@std@@3PAPAVios_base@1@A 10045c24     libcpmt:ios.obj
 0003:00000c4c       ?stdopens@std@@3PADA       10045c4c     libcpmt:ios.obj
 0003:00000c7c       ?atfuns_cdecl@@3PAP6AXXZA  10045c7c     libcpmt:iosptrs.obj
 0003:00000ca4       ?initlocks@std@@3V_Init_locks@1@A 10045ca4     libcpmt:iosptrs.obj
 0003:00000ca5       ?init_atexit@@3U_Init_atexit@@A 10045ca5     libcpmt:iosptrs.obj
 0003:00000dd0       ?module_local_atexit_table@@3U_onexit_table_t@@A 10045dd0     LIBCMT:utility.obj
 0003:00000ddc       ?module_local_at_quick_exit_table@@3U_onexit_table_t@@A 10045ddc     LIBCMT:utility.obj
 0003:00000de8       ?is_initialized_as_dll@@3_NA 10045de8     LIBCMT:utility.obj
 0003:00000dec       ?__proc_attached@@3HA      10045dec     LIBCMT:dll_dllmain.obj
 0003:00000df0       _GS_ExceptionRecord        10045df0     LIBCMT:gs_report.obj
 0003:00000e40       _GS_ContextRecord          10045e40     LIBCMT:gs_report.obj
 0003:00001130       ?__vcrt_startup_thread_ptd@@3U__vcrt_ptd@@A 10046130     libvcruntime:per_thread_data.obj
 0003:00001158       ___vcrt_lock_table         10046158     libvcruntime:locks.obj
 0003:00001170       ___vcrt_locks_initialized  10046170     libvcruntime:locks.obj
 0003:00001174       ?module_handles@@3PAPAUHINSTANCE__@@A 10046174     libvcruntime:winapi_downlevel.obj
 0003:00001184       ?encoded_function_pointers@@3PAPAXA 10046184     libvcruntime:winapi_downlevel.obj
 0003:000011d0       ?heap@@3V_HeapManager@@A   100461d0     libvcruntime:undname.obj
 0003:000011f0       ___acrt_invalid_parameter_handler 100461f0     libucrt:invalid_parameter.obj
 0003:00001200       ___acrt_lock_table         10046200     libucrt:locks.obj
 0003:00001338       ___acrt_locks_initialized  10046338     libucrt:locks.obj
 0003:0000133c       ___acrt_new_handler        1004633c     libucrt:new_handler.obj
 0003:00001340       _c_termination_complete    10046340     libucrt:exit.obj
 0003:00001344       _thread_local_exit_callback_func 10046344     libucrt:exit.obj
 0003:00001348       ?c_exit_complete@?5??common_exit@@YAXHW4_crt_exit_cleanup_mode@@W4_crt_exit_return_mode@@@Z@4_NA 10046348     libucrt:exit.obj
 0003:00001350       ?program_name@?5???$common_configure_argv@D@@YAHW4_crt_argv_mode@@@Z@4PADA 10046350     libucrt:argv_parsing.obj
 0003:00001480       _ctrlc_action              10046480     libucrt:signal.obj
 0003:00001484       _ctrlbreak_action          10046484     libucrt:signal.obj
 0003:00001488       _abort_action              10046488     libucrt:signal.obj
 0003:0000148c       _term_action               1004648c     libucrt:signal.obj
 0003:00001490       _module_handles            10046490     libucrt:winapi_thunks.obj
 0003:000014e0       _encoded_function_pointers 100464e0     libucrt:winapi_thunks.obj
 0003:00001560       ?static_enum_proc@?1??enum_system_locales_ex_nolock@@YAHQ6GHPA_WKJ@Z@Z@4P6GH0KJ@ZA 10046560     libucrt:winapi_thunks.obj
 0003:00001564       ?state_cache@?1??__acrt_is_packaged_app@@9@4JA 10046564     libucrt:winapi_thunks.obj
 0003:0000176c       _enable_percent_n          1004676c     libucrt:printf_count_output.obj
 0003:00001780       ___acrt_app_type           10046780     libucrt:report_runtime_error.obj
 0003:00001784       ___acrt_error_mode         10046784     libucrt:set_error_mode.obj
 0003:00001788       ___acrt_global_new_mode    10046788     libucrt:new_mode.obj
 0003:000017a0       __tzname                   100467a0     libucrt:timeset.obj
 0003:000017a8       _tz_api_used               100467a8     libucrt:tzset.obj
 0003:000017b0       _tz_info                   100467b0     libucrt:tzset.obj
 0003:00001874       _fSystemSet                10046874     libucrt:mbctype.obj
 0003:00001878       ?initialized@?1??__acrt_initialize_multibyte@@9@4_NA 10046878     libucrt:mbctype.obj
 0003:00001894       _user_matherr              10046894     libucrt:matherr.obj
 0003:00001898       __pmatherr_set             10046898     libucrt:libm_error.obj
 0003:000018a4       ?nw_dll@@3PAUHINSTANCE__@@A 100468a4     win_delay_load_hook.obj
 0003:000018a8       ?node_dll@@3PAUHINSTANCE__@@A 100468a8     win_delay_load_hook.obj
 0003:000018d4       ?kObject@@3V?$basic_string@DU?$char_traits@D@std@@V?$allocator@D@2@@std@@B 100468d4     utils.obj
 0003:000018ec       ?kLong@@3V?$basic_string@DU?$char_traits@D@std@@V?$allocator@D@2@@std@@B 100468ec     utils.obj
 0003:00001904       ?kInteger@@3V?$basic_string@DU?$char_traits@D@std@@V?$allocator@D@2@@std@@B 10046904     utils.obj
 0003:0000191c       ?kDouble@@3V?$basic_string@DU?$char_traits@D@std@@V?$allocator@D@2@@std@@B 1004691c     utils.obj
 0003:00001934       ?kNumber@@3V?$basic_string@DU?$char_traits@D@std@@V?$allocator@D@2@@std@@B 10046934     utils.obj
 0003:0000194c       ?kString@@3V?$basic_string@DU?$char_traits@D@std@@V?$allocator@D@2@@std@@B 1004694c     utils.obj
 0003:00001964       ?kBoolean@@3V?$basic_string@DU?$char_traits@D@std@@V?$allocator@D@2@@std@@B 10046964     utils.obj
 0004:00000000       __guard_fids____dcrt_uninitialize_environments_nolock 10047000     libucrt:environment_initialization.obj
 0004:00000008       __guard_fids__             10047008     libucrt:initialization.obj
 0004:00000068       __guard_fids__             10047068     libucrt:stdio_initializer.obj
 0004:0000006c       __guard_fids__             1004706c     libucrt:stdio_initializer.obj
 0004:00000070       __guard_fids_??$?RV<lambda_9227be29367c048ad7fd93a717dcb1a1>@@AAV<lambda_a463b7b0560cfcaf9b17f27c6ef46564>@@V<lambda_ccea11b5727ccf69be64f5f5d9a08d9f>@@@?$__crt_seh_guarded_call@H@@QAEH$$QAV<lambda_9227be29367c048ad7fd93a717dcb1a1>@@AAV<lambda_a463b7b0560cfcaf9b17f27c6ef46564>@@$$QAV<lambda_ccea11b5727ccf69be64f5f5d9a08d9f>@@@Z 10047070     libucrt:winapi_thunks.obj
 0004:00000074       __guard_fids____acrt_initialize_ptd 10047074     libucrt:per_thread_data.obj
 0004:00000078       __guard_fids__             10047078     libucrt:wsetlocale.obj
 0004:00000090       __guard_fids_??$common_show_message_box@_W@@YAHQB_W0I@Z 10047090     libucrt:crtmbox.obj
 0004:00000094       __guard_fids_??$expand_argument_wildcards@D@@YAHQAD0AAV?$argument_list@D@?A0xb0e4b824@@@Z 10047094     libucrt:argv_wildcards.obj
 0004:00000098       __guard_fids__             10047098     libucrt:locale_initializer.obj
 0004:0000009c       __guard_fids__GetLocaleNameFromLangCountry 1004709c     libucrt:get_qualified_locale.obj
 0004:000000a0       __guard_fids__GetLocaleNameFromLanguage 100470a0     libucrt:get_qualified_locale.obj
 0004:000000a4       __guard_fids__GetLcidFromLangCountry 100470a4     libucrt:getqloc_downlevel.obj
 0004:000000a8       __guard_fids__GetLcidFromLanguage 100470a8     libucrt:getqloc_downlevel.obj
 0004:000000ac       __guard_fids__GetLcidFromCountry 100470ac     libucrt:getqloc_downlevel.obj
 0004:000000b0       __guard_fids__             100470b0     libucrt:sse2_initializer.obj
 0004:000000b4       __guard_fids____libm_error_support 100470b4     libucrt:libm_error.obj
 0004:000000b8       __guard_fids__             100470b8     libucrt:timeset_initializer.obj
 0004:000000bc       __guard_fids__             100470bc     libucrt:multibyte_initializer.obj
 0004:000000c0       __guard_fids__             100470c0     libucrt:console_output_initializer.obj
 0004:000000c4       __guard_fids_??__Einitlocks@std@@YAXXZ 100470c4     libcpmt:xlock.obj
 0004:000000c8       __guard_fids__             100470c8     libcpmt:xlock.obj
 0004:000000cc       __guard_fids_??__E_Fac_tidy_reg@std@@YAXXZ 100470cc     libcpmt:locale0.obj
 0004:000000d0       __guard_fids_?_Setgloballocale@locale@std@@CAXPAX@Z 100470d0     libcpmt:locale0.obj
 0004:000000d4       __guard_fids_??__Eclassic_locale@std@@YAXXZ 100470d4     libcpmt:locale0.obj
 0004:000000d8       __guard_fids__             100470d8     libcpmt:locale0.obj
 0004:000000e4       __guard_fids__             100470e4     libcpmt:locale0.obj
 0004:000000f0       __guard_fids__             100470f0     libcpmt:locale0.obj
 0004:000000f4       __guard_fids__             100470f4     libcpmt:locale0.obj
 0004:000000f8       __guard_fids__             100470f8     libcpmt:xthrow.obj
 0004:00000100       __guard_fids__             10047100     libcpmt:xthrow.obj
 0004:00000108       __guard_fids__             10047108     libcpmt:xthrow.obj
 0004:00000110       __guard_fids__             10047110     libcpmt:xthrow.obj
 0004:00000118       __guard_fids__             10047118     libcpmt:xthrow.obj
 0004:00000120       __guard_fids__             10047120     libcpmt:xthrow.obj
 0004:00000128       __guard_fids__             10047128     libcpmt:xthrow.obj
 0004:0000012c       __guard_fids__             1004712c     libcpmt:xthrow.obj
 0004:00000130       __guard_fids__             10047130     libcpmt:xthrow.obj
 0004:00000134       __guard_fids__             10047134     libcpmt:xthrow.obj
 0004:00000138       __guard_fids__             10047138     libcpmt:xthrow.obj
 0004:0000013c       __guard_fids__             1004713c     libcpmt:xthrow.obj
 0004:00000140       __guard_fids__             10047140     libcpmt:xthrow.obj
 0004:00000144       __guard_fids__             10047144     libcpmt:xthrow.obj
 0004:00000148       __guard_fids_??__Einitlocks@std@@YAXXZ 10047148     libcpmt:iosptrs.obj
 0004:0000014c       __guard_fids_??__Einit_atexit@@YAXXZ 1004714c     libcpmt:iosptrs.obj
 0004:00000150       __guard_fids__             10047150     libcpmt:iosptrs.obj
 0004:00000154       __guard_fids__             10047154     libcpmt:iosptrs.obj
 0004:00000158       __guard_fids__             10047158     libcpmt:locale.obj
 0004:00000184       __guard_fids__             10047184     libcpmt:locale.obj
 0004:000001b0       __guard_fids__             100471b0     libcpmt:locale.obj
 0004:000001d0       __guard_fids__             100471d0     libcpmt:winapisupp.obj
 0004:000001d4       __guard_fids_?dllmain_crt_process_attach@@YAHQAUHINSTANCE__@@QAX@Z 100471d4     LIBCMT:dll_dllmain.obj
 0004:000001dc       __guard_fids_?dllmain_dispatch@@YAHQAUHINSTANCE__@@KQAX@Z 100471dc     LIBCMT:dll_dllmain.obj
 0004:000001e0       __guard_fids__             100471e0     LIBCMT:std_type_info_static.obj
 0004:000001e4       __guard_fids__             100471e4     LIBCMT:throw_bad_alloc.obj
 0004:000001ec       __guard_fids__             100471ec     LIBCMT:throw_bad_alloc.obj
 0004:000001f0       __guard_fids__             100471f0     LIBCMT:throw_bad_alloc.obj
 0004:000001f4       __guard_fids__             100471f4     LIBCMT:guard_support.obj
 0004:000001f8       __guard_fids__             100471f8     libvcruntime:frame.obj
 0004:000001fc       __guard_fids__             100471fc     libvcruntime:frame.obj
 0004:00000204       __guard_fids__             10047204     libvcruntime:frame.obj
 0004:00000208       __guard_fids__             10047208     libvcruntime:frame.obj
 0004:0000020c       __guard_fids____vcrt_initialize_ptd 1004720c     libvcruntime:per_thread_data.obj
 0005:00000060       $R000000                   10048060     * linker generated manifest res *

 Exports

  ordinal    name

        1    _Java_node_NodeDynamicProxyClass_callJs@24
        2    _Java_node_NodeDynamicProxyClass_unref@16
        3    __register_nodejavabridge_bindings_
               exported name: _register_nodejavabridge_bindings_
