 serialport

 Timestamp is 5ae0f1d3 (Wed Apr 25 14:23:31 2018)

 Preferred load address is 10000000

 Start         Length     Name                   Class
 0001:00000000 00000080H .text$di                CODE
 0001:00000080 00019420H .text$mn                CODE
 0001:000194a0 00000cb0H .text$x                 CODE
 0001:0001a150 00000005H .text$yd                CODE
 0002:00000000 00000294H .idata$5                DATA
 0002:00000294 00000004H .00cfg                  DATA
 0002:00000298 00000004H .CRT$XCA                DATA
 0002:0000029c 00000008H .CRT$XCU                DATA
 0002:000002a4 00000004H .CRT$XCZ                DATA
 0002:000002a8 00000004H .CRT$XIA                DATA
 0002:000002ac 0000000cH .CRT$XIC                DATA
 0002:000002b8 00000004H .CRT$XIZ                DATA
 0002:000002bc 00000004H .CRT$XPA                DATA
 0002:000002c0 00000008H .CRT$XPX                DATA
 0002:000002c8 00000004H .CRT$XPXA               DATA
 0002:000002cc 00000004H .CRT$XPZ                DATA
 0002:000002d0 00000004H .CRT$XTA                DATA
 0002:000002d4 0000000cH .CRT$XTZ                DATA
 0002:000002e0 000062ecH .rdata                  DATA
 0002:000065cc 00000264H .rdata$r                DATA
 0002:00006830 000000d8H .rdata$sxdata           DATA
 0002:00006908 00000378H .rdata$zzzdbg           DATA
 0002:00006c80 00000004H .rtc$IAA                DATA
 0002:00006c84 00000004H .rtc$IZZ                DATA
 0002:00006c88 00000004H .rtc$TAA                DATA
 0002:00006c8c 00000004H .rtc$TZZ                DATA
 0002:00006c90 00001300H .xdata$x                DATA
 0002:00007f90 00000058H .edata                  DATA
 0002:00007fe8 00000064H .idata$2                DATA
 0002:0000804c 00000014H .idata$3                DATA
 0002:00008060 00000294H .idata$4                DATA
 0002:000082f4 0000170aH .idata$6                DATA
 0003:00000000 000007c0H .data                   DATA
 0003:000007c0 000000f8H .data$r                 DATA
 0003:000008b8 00000a34H .bss                    DATA
 0004:00000000 00000090H .gfids$x                DATA
 0004:00000090 00000084H .gfids$y                DATA
 0005:00000000 00000060H .rsrc$01                DATA
 0005:00000060 00000180H .rsrc$02                DATA

  Address         Publics by Value              Rva+Base       Lib:Object

 0000:00000000       ___guard_fids_count        00000000     <absolute>
 0000:00000000       ___guard_longjmp_count     00000000     <absolute>
 0000:00000000       __except_list              00000000     <absolute>
 0000:00000000       ___guard_longjmp_table     00000000     <absolute>
 0000:00000000       ___guard_iat_table         00000000     <absolute>
 0000:00000000       ___guard_iat_count         00000000     <absolute>
 0000:00000000       ___guard_fids_table        00000000     <absolute>
 0000:00000000       ___dynamic_value_reloc_table 00000000     <absolute>
 0000:00000036       ___safe_se_handler_count   00000036     <absolute>
 0000:00000100       ___guard_flags             00000100     <absolute>
 0000:00000000       ___ImageBase               10000000     <linker-defined>
 0001:00000140       ?NewInstance@Nan@@YA?AV?$MaybeLocal@VObject@v8@@@v8@@V?$Local@VObjectTemplate@v8@@@3@@Z 10001140 f i serialport.obj
 0001:000001e0       ?GetFunction@Nan@@YA?AV?$MaybeLocal@VFunction@v8@@@v8@@V?$Local@VFunctionTemplate@v8@@@3@@Z 100011e0 f i serialport.obj
 0001:00000280       ?Get@Nan@@YA?AV?$MaybeLocal@VValue@v8@@@v8@@V?$Local@VObject@v8@@@3@V?$Local@VValue@v8@@@3@@Z 10001280 f i serialport.obj
 0001:00000320       ?Has@Nan@@YA?AV?$Maybe@_N@v8@@V?$Local@VObject@v8@@@3@V?$Local@VString@v8@@@3@@Z 10001320 f i serialport.obj
 0001:000003b0       ?convert@?$ToFactory@VBoolean@v8@@@imp@Nan@@SA?AV?$MaybeLocal@VBoolean@v8@@@v8@@V?$Local@VValue@v8@@@5@@Z 100013b0 f i serialport.obj
 0001:00000450       ?convert@?$ToFactory@VString@v8@@@imp@Nan@@SA?AV?$MaybeLocal@VString@v8@@@v8@@V?$Local@VValue@v8@@@5@@Z 10001450 f i serialport.obj
 0001:000004f0       ?convert@?$ToFactory@VInteger@v8@@@imp@Nan@@SA?AV?$MaybeLocal@VInteger@v8@@@v8@@V?$Local@VValue@v8@@@5@@Z 100014f0 f i serialport.obj
 0001:00000590       ?convert@?$ToFactory@VInt32@v8@@@imp@Nan@@SA?AV?$MaybeLocal@VInt32@v8@@@v8@@V?$Local@VValue@v8@@@5@@Z 10001590 f i serialport.obj
 0001:00000630       ?convert@?$ToFactory@N@imp@Nan@@SA?AV?$Maybe@N@v8@@V?$Local@VValue@v8@@@5@@Z 10001630 f i serialport.obj
 0001:000006c0       ?convert@?$ToFactory@H@imp@Nan@@SA?AV?$Maybe@H@v8@@V?$Local@VValue@v8@@@5@@Z 100016c0 f i serialport.obj
 0001:00000750       ?New@?$Factory@VFunctionTemplate@v8@@@imp@Nan@@SA?AV?$Local@VFunctionTemplate@v8@@@v8@@P6AXABV?$FunctionCallbackInfo@VValue@v8@@@3@@ZV?$Local@VValue@v8@@@5@V?$Local@VSignature@v8@@@5@@Z 10001750 f i serialport.obj
 0001:000008a0       ??0AsyncResource@Nan@@QAE@PBDV?$Local@VObject@v8@@@v8@@@Z 100018a0 f i serialport.obj
 0001:00000940       ??1AsyncResource@Nan@@QAE@XZ 10001940 f i serialport.obj
 0001:00000990       ??1EscapableHandleScope@Nan@@QAE@XZ 10001990 f i serialport.obj
 0001:000009e0       ??1HandleScope@Nan@@QAE@XZ 100019e0 f i serialport.obj
 0001:00000a30       ?ThrowTypeError@Nan@@YAXPBD@Z 10001a30 f i serialport.obj
 0001:00000ae0       ??0Utf8String@Nan@@QAE@V?$Local@VValue@v8@@@v8@@@Z 10001ae0 f i serialport.obj
 0001:00000bf0       ??1Utf8String@Nan@@QAE@XZ  10001bf0 f i serialport.obj
 0001:00000c40       ??1Callback@Nan@@QAE@XZ    10001c40 f i serialport.obj
 0001:00000cb0       ??$Reset@VObject@v8@@@?$Persistent@VObject@v8@@V?$NonCopyablePersistentTraits@VObject@v8@@@2@@Nan@@QAEXABV?$Local@VObject@v8@@@v8@@@Z 10001cb0 f i serialport_win.obj
 0001:00000cb0       ?Reset@Callback@Nan@@QAEXABV?$Local@VFunction@v8@@@v8@@@Z 10001cb0 f i serialport.obj
 0001:00000cf0       ?Call@Callback@Nan@@QBE?AV?$Local@VValue@v8@@@v8@@HQAV34@@Z 10001cf0 f i serialport.obj
 0001:00000de0       ?Call_@Callback@Nan@@ABE?AV?$MaybeLocal@VValue@v8@@@v8@@PAVIsolate@4@V?$Local@VObject@v8@@@4@HQAV?$Local@VValue@v8@@@4@PAVAsyncResource@2@@Z 10001de0 f i serialport.obj
 0001:00000ec0       ??1?$Persistent@VObject@v8@@V?$NonCopyablePersistentTraits@VObject@v8@@@2@@Nan@@QAE@XZ 10001ec0 f i serialport_win.obj
 0001:00000ec0       ??1?$Persistent@VFunction@v8@@V?$NonCopyablePersistentTraits@VFunction@v8@@@2@@Nan@@QAE@XZ 10001ec0 f i serialport.obj
 0001:00000f00       ?getValueFromObject@@YA?AV?$Local@VValue@v8@@@v8@@V?$Local@VObject@v8@@@2@V?$basic_string@DU?$char_traits@D@std@@V?$allocator@D@2@@std@@@Z 10001f00 f   serialport.obj
 0001:00001020       ?getIntFromObject@@YAHV?$Local@VObject@v8@@@v8@@V?$basic_string@DU?$char_traits@D@std@@V?$allocator@D@2@@std@@@Z 10002020 f   serialport.obj
 0001:00001120       ?getBoolFromObject@@YA_NV?$Local@VObject@v8@@@v8@@V?$basic_string@DU?$char_traits@D@std@@V?$allocator@D@2@@std@@@Z 10002120 f   serialport.obj
 0001:00001220       ?getStringFromObj@@YA?AV?$Local@VString@v8@@@v8@@V?$Local@VObject@v8@@@2@V?$basic_string@DU?$char_traits@D@std@@V?$allocator@D@2@@std@@@Z 10002220 f   serialport.obj
 0001:00001320       ?getDoubleFromObject@@YANV?$Local@VObject@v8@@@v8@@V?$basic_string@DU?$char_traits@D@std@@V?$allocator@D@2@@std@@@Z 10002320 f   serialport.obj
 0001:00001420       ?Open@@YAXABV?$FunctionCallbackInfo@VValue@v8@@@Nan@@@Z 10002420 f   serialport.obj
 0001:00001830       ?EIO_AfterOpen@@YAXPAUuv_work_s@@@Z 10002830 f   serialport.obj
 0001:00001980       ?Update@@YAXABV?$FunctionCallbackInfo@VValue@v8@@@Nan@@@Z 10002980 f   serialport.obj
 0001:00001bd0       ?EIO_AfterUpdate@@YAXPAUuv_work_s@@@Z 10002bd0 f   serialport.obj
 0001:00001ce0       ?Close@@YAXABV?$FunctionCallbackInfo@VValue@v8@@@Nan@@@Z 10002ce0 f   serialport.obj
 0001:00001e90       ?EIO_AfterClose@@YAXPAUuv_work_s@@@Z 10002e90 f   serialport.obj
 0001:00001e90       ?EIO_AfterDrain@@YAXPAUuv_work_s@@@Z 10002e90 f   serialport.obj
 0001:00001e90       ?EIO_AfterFlush@@YAXPAUuv_work_s@@@Z 10002e90 f   serialport.obj
 0001:00001fa0       ?Flush@@YAXABV?$FunctionCallbackInfo@VValue@v8@@@Nan@@@Z 10002fa0 f   serialport.obj
 0001:00002140       ?Set@@YAXABV?$FunctionCallbackInfo@VValue@v8@@@Nan@@@Z 10003140 f   serialport.obj
 0001:00002430       ?EIO_AfterSet@@YAXPAUuv_work_s@@@Z 10003430 f   serialport.obj
 0001:00002540       ?Get@@YAXABV?$FunctionCallbackInfo@VValue@v8@@@Nan@@@Z 10003540 f   serialport.obj
 0001:000026f0       ?EIO_AfterGet@@YAXPAUuv_work_s@@@Z 100036f0 f   serialport.obj
 0001:00002910       ?GetBaudRate@@YAXABV?$FunctionCallbackInfo@VValue@v8@@@Nan@@@Z 10003910 f   serialport.obj
 0001:00002ac0       ?EIO_AfterGetBaudRate@@YAXPAUuv_work_s@@@Z 10003ac0 f   serialport.obj
 0001:00002c60       ?Drain@@YAXABV?$FunctionCallbackInfo@VValue@v8@@@Nan@@@Z 10003c60 f   serialport.obj
 0001:00002e00       ?ToParityEnum@@YA?AW4SerialPortParity@@ABV?$Local@VString@v8@@@v8@@@Z 10003e00 f i serialport.obj
 0001:00002f50       _init                      10003f50 f   serialport.obj
 0001:00003090       ??1?$Persistent@VObject@v8@@V?$NonCopyablePersistentTraits@VObject@v8@@@2@@v8@@QAE@XZ 10004090 f i serialport_win.obj
 0001:00003090       ??1?$Persistent@VFunction@v8@@V?$NonCopyablePersistentTraits@VFunction@v8@@@2@@v8@@QAE@XZ 10004090 f i serialport.obj
 0001:000030d0       ??1?$basic_string@DU?$char_traits@D@std@@V?$allocator@D@2@@std@@QAE@XZ 100040d0 f i serialport.obj
 0001:00003140       ??0?$basic_string@DU?$char_traits@D@std@@V?$allocator@D@2@@std@@QAE@PBD@Z 10004140 f i serialport.obj
 0001:00003190       ?assign@?$basic_string@DU?$char_traits@D@std@@V?$allocator@D@2@@std@@QAEAAV12@PBDI@Z 10004190 f i serialport.obj
 0001:00003290       ?assign@?$basic_string@DU?$char_traits@D@std@@V?$allocator@D@2@@std@@QAEAAV12@ABV12@II@Z 10004290 f i serialport.obj
 0001:000033a0       ?erase@?$basic_string@DU?$char_traits@D@std@@V?$allocator@D@2@@std@@QAEAAV12@II@Z 100043a0 f i serialport.obj
 0001:00003420       ?_Copy@?$basic_string@DU?$char_traits@D@std@@V?$allocator@D@2@@std@@QAEXII@Z 10004420 f i serialport.obj
 0001:00003550       ??$New@VString@v8@@V?$basic_string@DU?$char_traits@D@std@@V?$allocator@D@2@@std@@@Nan@@YA?AV?$MaybeLocal@VString@v8@@@v8@@V?$basic_string@DU?$char_traits@D@std@@V?$allocator@D@2@@std@@@Z 10004550 f i serialport.obj
 0001:00003640       ??$SetMethod@VObject@v8@@VLocal@2@@Nan@@YAXV?$Local@VObject@v8@@@v8@@PBDP6AXABV?$FunctionCallbackInfo@VValue@v8@@@0@@Z@Z 10004640 f i serialport.obj
 0001:00003700       ??$SetMethodAux@V?$Local@VObject@v8@@@v8@@@imp@Nan@@YAXV?$Local@VObject@v8@@@v8@@V?$Local@VString@v8@@@3@V?$Local@VFunctionTemplate@v8@@@3@ZZ 10004700 f i serialport.obj
 0001:00003740       ___local_stdio_printf_options 10004740 f i serialport_win.obj
 0001:00003750       __snprintf_s               10004750 f i serialport_win.obj
 0001:00003790       ?Set@Nan@@YA?AV?$Maybe@_N@v8@@V?$Local@VObject@v8@@@3@V?$Local@VValue@v8@@@3@1@Z 10004790 f i serialport_win.obj
 0001:00003820       ?Set@Nan@@YA?AV?$Maybe@_N@v8@@V?$Local@VObject@v8@@@3@IV?$Local@VValue@v8@@@3@@Z 10004820 f i serialport_win.obj
 0001:000038b0       ?Error@Nan@@YA?AV?$Local@VValue@v8@@@v8@@PBD@Z 100048b0 f i serialport_win.obj
 0001:00003970       ?ErrorCodeToString@@YAXPBDHPAD@Z 10004970 f   serialport_win.obj
 0001:00003a30       ?AsyncCloseCallback@@YAXPAUuv_handle_s@@@Z 10004a30 f   serialport_win.obj
 0001:00003a40       ?EIO_Open@@YAXPAUuv_work_s@@@Z 10004a40 f   serialport_win.obj
 0001:00003da0       ?EIO_Update@@YAXPAUuv_work_s@@@Z 10004da0 f   serialport_win.obj
 0001:00003e50       ?EIO_Set@@YAXPAUuv_work_s@@@Z 10004e50 f   serialport_win.obj
 0001:00003f00       ?EIO_Get@@YAXPAUuv_work_s@@@Z 10004f00 f   serialport_win.obj
 0001:00003f70       ?EIO_GetBaudRate@@YAXPAUuv_work_s@@@Z 10004f70 f   serialport_win.obj
 0001:00004010       ?Write@@YAXABV?$FunctionCallbackInfo@VValue@v8@@@Nan@@@Z 10005010 f   serialport_win.obj
 0001:00004250       ?WriteIOCompletion@@YGXKKPAU_OVERLAPPED@@@Z 10005250 f   serialport_win.obj
 0001:000042b0       ?WriteThread@@YGKPAX@Z     100052b0 f   serialport_win.obj
 0001:00004350       ?EIO_AfterWrite@@YAXPAUuv_async_s@@@Z 10005350 f   serialport_win.obj
 0001:00004480       ?Read@@YAXABV?$FunctionCallbackInfo@VValue@v8@@@Nan@@@Z 10005480 f   serialport_win.obj
 0001:00004780       ?ReadIOCompletion@@YGXKKPAU_OVERLAPPED@@@Z 10005780 f   serialport_win.obj
 0001:00004950       ?ReadThread@@YGKPAX@Z      10005950 f   serialport_win.obj
 0001:00004a50       ?EIO_AfterRead@@YAXPAUuv_async_s@@@Z 10005a50 f   serialport_win.obj
 0001:00004b90       ?EIO_Close@@YAXPAUuv_work_s@@@Z 10005b90 f   serialport_win.obj
 0001:00004bf0       ?List@@YAXABV?$FunctionCallbackInfo@VValue@v8@@@Nan@@@Z 10005bf0 f   serialport_win.obj
 0001:00004d50       ?EIO_List@@YAXPAUuv_work_s@@@Z 10005d50 f   serialport_win.obj
 0001:000052a0       ??0ListResultItem@@QAE@XZ  100062a0 f i serialport_win.obj
 0001:00005390       ?setIfNotEmpty@@YAXV?$Local@VObject@v8@@@v8@@V?$basic_string@DU?$char_traits@D@std@@V?$allocator@D@2@@std@@PBD@Z 10006390 f   serialport_win.obj
 0001:000054e0       ?EIO_AfterList@@YAXPAUuv_work_s@@@Z 100064e0 f   serialport_win.obj
 0001:000058c0       ??1ListBaton@@QAE@XZ       100068c0 f i serialport_win.obj
 0001:00005980       ?EIO_Flush@@YAXPAUuv_work_s@@@Z 10006980 f   serialport_win.obj
 0001:000059b0       ?EIO_Drain@@YAXPAUuv_work_s@@@Z 100069b0 f   serialport_win.obj
 0001:000059e0       ??1?$list@HV?$allocator@H@std@@@std@@QAE@XZ 100069e0 f i serialport_win.obj
 0001:00005a70       ??1?$list@PAUListResultItem@@V?$allocator@PAUListResultItem@@@std@@@std@@QAE@XZ 10006a70 f i serialport_win.obj
 0001:00005af0       ??1?$_List_buy@HV?$allocator@H@std@@@std@@QAE@XZ 10006af0 f i serialport_win.obj
 0001:00005b40       ??1?$_List_buy@PAUListResultItem@@V?$allocator@PAUListResultItem@@@std@@@std@@QAE@XZ 10006b40 f i serialport_win.obj
 0001:00005b90       ??1?$_List_alloc@U?$_List_base_types@HV?$allocator@H@std@@@std@@@std@@QAE@XZ 10006b90 f i serialport_win.obj
 0001:00005ba0       ??1?$_List_alloc@U?$_List_base_types@PAUListResultItem@@V?$allocator@PAUListResultItem@@@std@@@std@@@std@@QAE@XZ 10006ba0 f i serialport_win.obj
 0001:00005bb0       ??$_Insert@ABH@?$list@HV?$allocator@H@std@@@std@@QAEXV?$_List_unchecked_const_iterator@V?$_List_val@U?$_List_simple_types@H@std@@@std@@U_Iterator_base0@2@@1@ABH@Z 10006bb0 f i serialport_win.obj
 0001:00005c30       ??0?$_Wrap_alloc@V?$allocator@U?$_List_node@HPAX@std@@@std@@@std@@QAE@XZ 10006c30 f i serialport_win.obj
 0001:00005c36       ??0bad_alloc@std@@QAE@ABV01@@Z 10006c36 f i libcpmt:xthrow.obj
 0001:00005c51       ??0bad_alloc@std@@QAE@XZ   10006c51 f i libcpmt:xthrow.obj
 0001:00005c69       ??0exception@std@@QAE@ABV01@@Z 10006c69 f i libcpmt:xthrow.obj
 0001:00005c95       ??0exception@std@@QAE@QBD@Z 10006c95 f i libcpmt:xthrow.obj
 0001:00005ccc       ??0length_error@std@@QAE@ABV01@@Z 10006ccc f i libcpmt:xthrow.obj
 0001:00005ce7       ??0length_error@std@@QAE@PBD@Z 10006ce7 f i libcpmt:xthrow.obj
 0001:00005d08       ??0logic_error@std@@QAE@ABV01@@Z 10006d08 f i libcpmt:xthrow.obj
 0001:00005d23       ??0out_of_range@std@@QAE@ABV01@@Z 10006d23 f i libcpmt:xthrow.obj
 0001:00005d3e       ??0out_of_range@std@@QAE@PBD@Z 10006d3e f i libcpmt:xthrow.obj
 0001:00005d5f       ??1bad_array_new_length@std@@UAE@XZ 10006d5f f i LIBCMT:throw_bad_alloc.obj
 0001:00005d5f       ??1length_error@std@@UAE@XZ 10006d5f f i libcpmt:xthrow.obj
 0001:00005d5f       ??1bad_alloc@std@@UAE@XZ   10006d5f f i libcpmt:xthrow.obj
 0001:00005d5f       ??1bad_exception@std@@UAE@XZ 10006d5f f i libvcruntime:frame.obj
 0001:00005d5f       ??1out_of_range@std@@UAE@XZ 10006d5f f i libcpmt:xthrow.obj
 0001:00005d70       ??_Ebad_alloc@std@@UAEPAXI@Z 10006d70 f i libcpmt:xthrow.obj
 0001:00005d70       ??_Elogic_error@std@@UAEPAXI@Z 10006d70 f i libcpmt:xthrow.obj
 0001:00005d70       ??_Elength_error@std@@UAEPAXI@Z 10006d70 f i libcpmt:xthrow.obj
 0001:00005d70       ??_Gout_of_range@std@@UAEPAXI@Z 10006d70 f i libcpmt:xthrow.obj
 0001:00005d70       ??_Eexception@std@@UAEPAXI@Z 10006d70 f i libcpmt:xthrow.obj
 0001:00005d70       ??_Gbad_array_new_length@std@@UAEPAXI@Z 10006d70 f i LIBCMT:throw_bad_alloc.obj
 0001:00005d70       ??_Ebad_array_new_length@std@@UAEPAXI@Z 10006d70 f i LIBCMT:throw_bad_alloc.obj
 0001:00005d70       ??_Glogic_error@std@@UAEPAXI@Z 10006d70 f i libcpmt:xthrow.obj
 0001:00005d70       ??_Gbad_exception@std@@UAEPAXI@Z 10006d70 f i libvcruntime:frame.obj
 0001:00005d70       ??_Gbad_alloc@std@@UAEPAXI@Z 10006d70 f i libcpmt:xthrow.obj
 0001:00005d70       ??_Ebad_exception@std@@UAEPAXI@Z 10006d70 f i libvcruntime:frame.obj
 0001:00005d70       ??_Glength_error@std@@UAEPAXI@Z 10006d70 f i libcpmt:xthrow.obj
 0001:00005d70       ??_Gexception@std@@UAEPAXI@Z 10006d70 f i libcpmt:xthrow.obj
 0001:00005d70       ??_Eout_of_range@std@@UAEPAXI@Z 10006d70 f i libcpmt:xthrow.obj
 0001:00005d9d       ?__scrt_throw_std_bad_alloc@@YAXXZ 10006d9d f   LIBCMT:throw_bad_alloc.obj
 0001:00005d9d       ?_Xbad_alloc@std@@YAXXZ    10006d9d f   libcpmt:xthrow.obj
 0001:00005dba       ?_Xlength_error@std@@YAXPBD@Z 10006dba f   libcpmt:xthrow.obj
 0001:00005dda       ?_Xout_of_range@std@@YAXPBD@Z 10006dda f   libcpmt:xthrow.obj
 0001:00005dfa       ?what@exception@std@@UBEPBDXZ 10006dfa f i libcpmt:xthrow.obj
 0001:00005e07       @__security_check_cookie@4 10006e07 f   LIBCMT:_secchk_.obj
 0001:00005e18       ??2@YAPAXI@Z               10006e18 f   LIBCMT:new_scalar.obj
 0001:00005e4b       ??3@YAXPAX@Z               10006e4b f   LIBCMT:delete_scalar.obj
 0001:00005e50       ___raise_securityfailure   10006e50 f   LIBCMT:gs_report.obj
 0001:00005e78       ___report_gsfailure        10006e78 f   LIBCMT:gs_report.obj
 0001:00005f73       ___report_rangecheckfailure 10006f73 f   LIBCMT:gs_report.obj
 0001:00005f7f       ___report_securityfailure  10006f7f f   LIBCMT:gs_report.obj
 0001:00006093       ___scrt_acquire_startup_lock 10007093 f   LIBCMT:utility.obj
 0001:000060c8       ___scrt_dllmain_after_initialize_c 100070c8 f   LIBCMT:utility.obj
 0001:000060f3       ___scrt_dllmain_before_initialize_c 100070f3 f   LIBCMT:utility.obj
 0001:00006101       ___scrt_dllmain_crt_thread_attach 10007101 f   LIBCMT:utility.obj
 0001:00006120       ___scrt_dllmain_crt_thread_detach 10007120 f   LIBCMT:utility.obj
 0001:0000612d       ___scrt_dllmain_exception_filter 1000712d f   LIBCMT:utility.obj
 0001:00006160       ___scrt_dllmain_uninitialize_c 10007160 f   LIBCMT:utility.obj
 0001:00006183       ___scrt_dllmain_uninitialize_critical 10007183 f   LIBCMT:utility.obj
 0001:00006190       ___scrt_initialize_crt     10007190 f   LIBCMT:utility.obj
 0001:000061c9       ___scrt_initialize_onexit_tables 100071c9 f   LIBCMT:utility.obj
 0001:00006260       ___scrt_is_nonwritable_in_current_image 10007260 f   LIBCMT:utility.obj
 0001:000062ea       ___scrt_release_startup_lock 100072ea f   LIBCMT:utility.obj
 0001:00006307       ___scrt_uninitialize_crt   10007307 f   LIBCMT:utility.obj
 0001:0000632f       __onexit                   1000732f f   LIBCMT:utility.obj
 0001:0000636a       _atexit                    1000736a f   LIBCMT:utility.obj
 0001:00006687       __DllMainCRTStartup@12     10007687 f   LIBCMT:dll_dllmain.obj
 0001:000066aa       ??3@YAXPAXI@Z              100076aa f   LIBCMT:delete_scalar_size.obj
 0001:000066b8       ??_Gtype_info@@UAEPAXI@Z   100076b8 f i LIBCMT:std_type_info_static.obj
 0001:000066b8       ??_Etype_info@@UAEPAXI@Z   100076b8 f i LIBCMT:std_type_info_static.obj
 0001:000066db       ??0bad_array_new_length@std@@QAE@ABV01@@Z 100076db f i LIBCMT:throw_bad_alloc.obj
 0001:000066f6       ??0bad_array_new_length@std@@QAE@XZ 100076f6 f i LIBCMT:throw_bad_alloc.obj
 0001:0000670e       ?__scrt_throw_std_bad_array_new_length@@YAXXZ 1000770e f   LIBCMT:throw_bad_alloc.obj
 0001:0000672b       ___isa_available_init      1000772b f   LIBCMT:_cpu_disp_.obj
 0001:000068c5       __get_startup_argv_mode    100078c5 f   LIBCMT:argv_mode.obj
 0001:000068c9       ___scrt_is_ucrt_dll_in_use 100078c9 f   LIBCMT:ucrt_detection.obj
 0001:000068d5       ___scrt_fastfail           100078d5 f   LIBCMT:utility_desktop.obj
 0001:000069f0       __crt_debugger_hook        100079f0 f   LIBCMT:utility_desktop.obj
 0001:000069f8       @_guard_check_icall@4      100079f8 f i LIBCMT:checkcfg.obj
 0001:00006a00       __SEH_prolog4              10007a00 f   LIBCMT:_sehprolg4_.obj
 0001:00006a46       __SEH_epilog4              10007a46 f   LIBCMT:_sehprolg4_.obj
 0001:00006a5b       ___security_init_cookie    10007a5b f   LIBCMT:gs_support.obj
 0001:00006af7       _DllMain@12                10007af7 f   LIBCMT:dll_dllmain_stub.obj
 0001:00006afd       ?__scrt_initialize_type_info@@YAXXZ 10007afd f   LIBCMT:tncleanup.obj
 0001:00006b09       ?__scrt_uninitialize_type_info@@YAXXZ 10007b09 f   LIBCMT:tncleanup.obj
 0001:00006b15       ___local_stdio_scanf_options 10007b15 f i LIBCMT:default_local_stdio_options.obj
 0001:00006b1b       ___scrt_initialize_default_local_stdio_options 10007b1b f   LIBCMT:default_local_stdio_options.obj
 0001:00006b38       ___scrt_get_dyn_tls_init_callback 10007b38 f   LIBCMT:dyn_tls_init.obj
 0001:00006b3e       __RTC_Initialize           10007b3e f   LIBCMT:_initsect_.obj
 0001:00006b69       __RTC_Terminate            10007b69 f   LIBCMT:_initsect_.obj
 0001:00006ba0       _memmove                   10007ba0 f   libvcruntime:memmove.obj
 0001:00007120       _strstr                    10008120 f   libvcruntime:strstr.obj
 0001:00007383       ___std_exception_copy      10008383 f   libvcruntime:std_exception.obj
 0001:000073e6       ___std_exception_destroy   100083e6 f   libvcruntime:std_exception.obj
 0001:00007405       __CxxThrowException@8      10008405 f   libvcruntime:throw.obj
 0001:00007473       ___vcrt_initialize         10008473 f   libvcruntime:initialization.obj
 0001:0000749c       ___vcrt_thread_attach      1000849c f   libvcruntime:initialization.obj
 0001:000074a7       ___vcrt_thread_detach      100084a7 f   libvcruntime:initialization.obj
 0001:000074b2       ___vcrt_uninitialize       100084b2 f   libvcruntime:initialization.obj
 0001:000074d1       ___vcrt_uninitialize_critical 100084d1 f   libvcruntime:initialization.obj
 0001:00007520       __except_handler4          10008520 f   libvcruntime:_chandler4_.obj
 0001:00007690       _memset                    10008690 f   libvcruntime:memset.obj
 0001:000077ea       ___std_type_info_compare   100087ea f   libvcruntime:std_type_info.obj
 0001:00007826       ___std_type_info_destroy_list 10008826 f   libvcruntime:std_type_info.obj
 0001:00007850       _strchr                    10008850 f   libvcruntime:strchr.obj
 0001:000078be       ___from_strstr_to_strchr   100088be     libvcruntime:strchr.obj
 0001:0000797b       ___vcrt_freefls@4          1000897b f   libvcruntime:per_thread_data.obj
 0001:00007997       ___vcrt_freeptd            10008997 f   libvcruntime:per_thread_data.obj
 0001:000079cd       ___vcrt_getptd             100089cd f   libvcruntime:per_thread_data.obj
 0001:000079db       ___vcrt_getptd_noexit      100089db f   libvcruntime:per_thread_data.obj
 0001:00007a6d       ___vcrt_initialize_ptd     10008a6d f   libvcruntime:per_thread_data.obj
 0001:00007aa0       ___vcrt_uninitialize_ptd   10008aa0 f   libvcruntime:per_thread_data.obj
 0001:00007abb       ___vcrt_initialize_locks   10008abb f   libvcruntime:locks.obj
 0001:00007af7       ___vcrt_uninitialize_locks 10008af7 f   libvcruntime:locks.obj
 0001:00007b26       ??$__crt_fast_encode_pointer@PAX@@YAPAXQAX@Z 10008b26 f i libvcruntime:winapi_downlevel.obj
 0001:00007b26       ??$__crt_fast_encode_pointer@PAP6AXXZ@@YAPAP6AXXZQAP6AXXZ@Z 10008b26 f i LIBCMT:utility.obj
 0001:00007c64       ___vcrt_FlsAlloc           10008c64 f   libvcruntime:winapi_downlevel.obj
 0001:00007c9e       ___vcrt_FlsFree            10008c9e f   libvcruntime:winapi_downlevel.obj
 0001:00007cd8       ___vcrt_FlsGetValue        10008cd8 f   libvcruntime:winapi_downlevel.obj
 0001:00007d12       ___vcrt_FlsSetValue        10008d12 f   libvcruntime:winapi_downlevel.obj
 0001:00007d4f       ___vcrt_InitializeCriticalSectionEx 10008d4f f   libvcruntime:winapi_downlevel.obj
 0001:00007d95       ___vcrt_initialize_winapi_thunks 10008d95 f   libvcruntime:winapi_downlevel.obj
 0001:00007dcf       ___vcrt_uninitialize_winapi_thunks 10008dcf f   libvcruntime:winapi_downlevel.obj
 0001:00007e01       ___vcrt_initialize_pure_virtual_call_handler 10008e01 f   libvcruntime:purevirt_data.obj
 0001:00007e20       __local_unwind4            10008e20 f   libvcruntime:_exsup4_.obj
 0001:00007ef6       __seh_longjmp_unwind4@4    10008ef6 f   libvcruntime:_exsup4_.obj
 0001:00007f1e       @_EH4_CallFilterFunc@8     10008f1e f   libvcruntime:_exsup4_.obj
 0001:00007f35       @_EH4_TransferToHandler@8  10008f35 f   libvcruntime:_exsup4_.obj
 0001:00007f4e       @_EH4_GlobalUnwind2@8      10008f4e f   libvcruntime:_exsup4_.obj
 0001:00007f67       @_EH4_LocalUnwind@16       10008f67 f   libvcruntime:_exsup4_.obj
 0001:00007f7e       ___except_validate_jump_buffer 10008f7e f   libvcruntime:jbcxrval.obj
 0001:00007f7e       @_guard_check_icall_nop@4  10008f7e f   LIBCMT:guard_support.obj
 0001:00007f7e       ___except_validate_context_record 10008f7e f   libvcruntime:jbcxrval.obj
 0001:00007f90       __global_unwind2           10008f90 f   libvcruntime:_exsup_.obj
 0001:00007ff5       __local_unwind2            10008ff5 f   libvcruntime:_exsup_.obj
 0001:00008079       __abnormal_termination     10009079 f   libvcruntime:_exsup_.obj
 0001:0000809c       __NLG_Notify1              1000909c f   libvcruntime:_exsup_.obj
 0001:000080a5       __NLG_Notify               100090a5 f   libvcruntime:_exsup_.obj
 0001:000080bc       __NLG_Dispatch2            100090bc     libvcruntime:_exsup_.obj
 0001:000080bc       __NLG_Dispatch             100090bc     libvcruntime:_exsup_.obj
 0001:000080c4       __NLG_Call                 100090c4 f   libvcruntime:_exsup_.obj
 0001:000080c6       __NLG_Return2              100090c6     libvcruntime:_exsup_.obj
 0001:000080c7       _free                      100090c7 f   libucrt:free.obj
 0001:00008730       ??$ftprintf@PAU_iobuf@@PB_WABQB_WABQB_WABI@?$__crt_char_traits@_W@@SAH$$QAPAU_iobuf@@$$QAPB_WABQB_W2ABI@Z 10009730 f i libucrt:assert.obj
 0001:0000880f       __vfwprintf_l              1000980f f i libucrt:assert.obj
 0001:00008834       __vswprintf_c_l            10009834 f i libucrt:assert.obj
 0001:00008863       __wassert                  10009863 f   libucrt:assert.obj
 0001:000088ab       _fwprintf                  100098ab f i libucrt:assert.obj
 0001:000088c6       _swprintf                  100098c6 f i libucrt:assert.obj
 0001:000088e4       ___acrt_call_reportfault   100098e4 f   libucrt:invalid_parameter.obj
 0001:00008a1f       ___acrt_initialize_invalid_parameter_handler 10009a1f f   libucrt:invalid_parameter.obj
 0001:00008a33       __invalid_parameter        10009a33 f   libucrt:invalid_parameter.obj
 0001:00008aae       __invalid_parameter_noinfo 10009aae f   libucrt:invalid_parameter.obj
 0001:00008abe       __invalid_parameter_noinfo_noreturn 10009abe f   libucrt:invalid_parameter.obj
 0001:00008adb       __invoke_watson            10009adb f   libucrt:invalid_parameter.obj
 0001:00008b0e       _malloc                    10009b0e f   libucrt:malloc.obj
 0001:00008bca       _strncpy_s                 10009bca f   libucrt:strncpy_s.obj
 0001:00008bd5       ??$?RV<lambda_ab9923ffb5d694ec0d78876dd103e44f>@@AAV<lambda_481dd5778c961fbcd3b60b650e9b9dc4>@@V<lambda_7923d86c9e3f319b415918ec4b39749c>@@@?$__crt_seh_guarded_call@H@@QAEH$$QAV<lambda_ab9923ffb5d694ec0d78876dd103e44f>@@AAV<lambda_481dd5778c961fbcd3b60b650e9b9dc4>@@$$QAV<lambda_7923d86c9e3f319b415918ec4b39749c>@@@Z 10009bd5 f i libucrt:output.obj
 0001:00008c26       ??$__acrt_lock_stream_and_call@V<lambda_481dd5778c961fbcd3b60b650e9b9dc4>@@@@YAHQAU_iobuf@@$$QAV<lambda_481dd5778c961fbcd3b60b650e9b9dc4>@@@Z 10009c26 f i libucrt:output.obj
 0001:00009053       ??$count@D@formatting_buffer@__crt_stdio_output@@QBEIXZ 1000a053 f i libucrt:output.obj
 0001:0000906b       ??$ensure_buffer_is_big_enough@D@formatting_buffer@__crt_stdio_output@@QAE_NI@Z 1000a06b f i libucrt:output.obj
 0001:000090f1       ??$is_wide_character_specifier@D@__crt_stdio_output@@YA_N_KDW4length_modifier@0@@Z 1000a0f1 f i libucrt:output.obj
 0001:00009131       ??$is_wide_character_specifier@_W@__crt_stdio_output@@YA_N_K_WW4length_modifier@0@@Z 1000a131 f i libucrt:output.obj
 0001:00009180       ??$scratch_data@D@formatting_buffer@__crt_stdio_output@@QAEPADXZ 1000a180 f i libucrt:output.obj
 0001:0000919e       ??$type_case_integer_parse_into_buffer@I@?$output_processor@_WV?$stream_output_adapter@_W@__crt_stdio_output@@V?$standard_base@_WV?$stream_output_adapter@_W@__crt_stdio_output@@@2@@__crt_stdio_output@@AAEXII_N@Z 1000a19e f i libucrt:output.obj
 0001:0000919e       ??$type_case_integer_parse_into_buffer@I@?$output_processor@_WV?$string_output_adapter@_W@__crt_stdio_output@@V?$standard_base@_WV?$string_output_adapter@_W@__crt_stdio_output@@@2@@__crt_stdio_output@@AAEXII_N@Z 1000a19e f i libucrt:output.obj
 0001:0000919e       ??$type_case_integer_parse_into_buffer@I@?$output_processor@DV?$string_output_adapter@D@__crt_stdio_output@@V?$format_validation_base@DV?$string_output_adapter@D@__crt_stdio_output@@@2@@__crt_stdio_output@@AAEXII_N@Z 1000a19e f i libucrt:output.obj
 0001:00009213       ??$type_case_integer_parse_into_buffer@_K@?$output_processor@_WV?$stream_output_adapter@_W@__crt_stdio_output@@V?$standard_base@_WV?$stream_output_adapter@_W@__crt_stdio_output@@@2@@__crt_stdio_output@@AAEX_KI_N@Z 1000a213 f i libucrt:output.obj
 0001:00009213       ??$type_case_integer_parse_into_buffer@_K@?$output_processor@_WV?$string_output_adapter@_W@__crt_stdio_output@@V?$standard_base@_WV?$string_output_adapter@_W@__crt_stdio_output@@@2@@__crt_stdio_output@@AAEX_KI_N@Z 1000a213 f i libucrt:output.obj
 0001:00009213       ??$type_case_integer_parse_into_buffer@_K@?$output_processor@DV?$string_output_adapter@D@__crt_stdio_output@@V?$format_validation_base@DV?$string_output_adapter@D@__crt_stdio_output@@@2@@__crt_stdio_output@@AAEX_KI_N@Z 1000a213 f i libucrt:output.obj
 0001:0000929b       ??$write_multiple_characters@V?$stream_output_adapter@_W@__crt_stdio_output@@D@__crt_stdio_output@@YAXABV?$stream_output_adapter@_W@0@DHQAH@Z 1000a29b f i libucrt:output.obj
 0001:000092cc       ??$write_multiple_characters@V?$string_output_adapter@D@__crt_stdio_output@@D@__crt_stdio_output@@YAXABV?$string_output_adapter@D@0@DHQAH@Z 1000a2cc f i libucrt:output.obj
 0001:000092f8       ??$write_multiple_characters@V?$string_output_adapter@_W@__crt_stdio_output@@D@__crt_stdio_output@@YAXABV?$string_output_adapter@_W@0@DHQAH@Z 1000a2f8 f i libucrt:output.obj
 0001:00009329       ??0?$common_data@D@__crt_stdio_output@@IAE@XZ 1000a329 f i libucrt:output.obj
 0001:00009370       ??0?$common_data@_W@__crt_stdio_output@@IAE@XZ 1000a370 f i libucrt:output.obj
 0001:000093bc       ??0?$output_adapter_data@DV?$string_output_adapter@D@__crt_stdio_output@@@__crt_stdio_output@@IAE@ABV?$string_output_adapter@D@1@_KQBDQAU__crt_locale_pointers@@QAD@Z 1000a3bc f i libucrt:output.obj
 0001:000093f8       ??0?$output_adapter_data@_WV?$stream_output_adapter@_W@__crt_stdio_output@@@__crt_stdio_output@@IAE@ABV?$stream_output_adapter@_W@1@_KQB_WQAU__crt_locale_pointers@@QAD@Z 1000a3f8 f i libucrt:output.obj
 0001:000093f8       ??0?$output_adapter_data@_WV?$string_output_adapter@_W@__crt_stdio_output@@@__crt_stdio_output@@IAE@ABV?$string_output_adapter@_W@1@_KQB_WQAU__crt_locale_pointers@@QAD@Z 1000a3f8 f i libucrt:output.obj
 0001:00009434       ??0?$output_processor@DV?$string_output_adapter@D@__crt_stdio_output@@V?$format_validation_base@DV?$string_output_adapter@D@__crt_stdio_output@@@2@@__crt_stdio_output@@QAE@ABV?$string_output_adapter@D@1@_KQBDQAU__crt_locale_pointers@@QAD@Z 1000a434 f i libucrt:output.obj
 0001:00009469       ??0?$output_processor@_WV?$stream_output_adapter@_W@__crt_stdio_output@@V?$standard_base@_WV?$stream_output_adapter@_W@__crt_stdio_output@@@2@@__crt_stdio_output@@QAE@ABV?$stream_output_adapter@_W@1@_KQB_WQAU__crt_locale_pointers@@QAD@Z 1000a469 f i libucrt:output.obj
 0001:00009469       ??0?$output_processor@_WV?$string_output_adapter@_W@__crt_stdio_output@@V?$standard_base@_WV?$string_output_adapter@_W@__crt_stdio_output@@@2@@__crt_stdio_output@@QAE@ABV?$string_output_adapter@_W@1@_KQB_WQAU__crt_locale_pointers@@QAD@Z 1000a469 f i libucrt:output.obj
 0001:0000949e       ??0_LocaleUpdate@@QAE@QAU__crt_locale_pointers@@@Z 1000a49e f i libucrt:output.obj
 0001:00009521       ??1formatting_buffer@__crt_stdio_output@@QAE@XZ 1000a521 f i libucrt:output.obj
 0001:0000953b       ??4?$__crt_unique_heap_ptr@DU__crt_internal_free_policy@@@@QAEAAV0@$$QAV0@@Z 1000a53b f i libucrt:output.obj
 0001:0000961c       ?crop_zeroes@__crt_stdio_output@@YAXPADQAU__crt_locale_pointers@@@Z 1000a61c f i libucrt:output.obj
 0001:00009673       ?find_next_state@?$output_processor@DV?$string_output_adapter@D@__crt_stdio_output@@V?$format_validation_base@DV?$string_output_adapter@D@__crt_stdio_output@@@2@@__crt_stdio_output@@ABE?AW4state@2@DW432@@Z 1000a673 f i libucrt:output.obj
 0001:000096a8       ?find_next_state@?$output_processor@_WV?$string_output_adapter@_W@__crt_stdio_output@@V?$standard_base@_WV?$string_output_adapter@_W@__crt_stdio_output@@@2@@__crt_stdio_output@@ABE?AW4state@2@_WW432@@Z 1000a6a8 f i libucrt:output.obj
 0001:000096a8       ?find_next_state@?$output_processor@_WV?$stream_output_adapter@_W@__crt_stdio_output@@V?$standard_base@_WV?$stream_output_adapter@_W@__crt_stdio_output@@@2@@__crt_stdio_output@@ABE?AW4state@2@_WW432@@Z 1000a6a8 f i libucrt:output.obj
 0001:000096dc       ?force_decimal_point@__crt_stdio_output@@YAXPADQAU__crt_locale_pointers@@@Z 1000a6dc f i libucrt:output.obj
 0001:00009738       ?parse_int_from_format_string@?$output_processor@DV?$string_output_adapter@D@__crt_stdio_output@@V?$format_validation_base@DV?$string_output_adapter@D@__crt_stdio_output@@@2@@__crt_stdio_output@@AAE_NQAH@Z 1000a738 f i libucrt:output.obj
 0001:00009794       ?parse_int_from_format_string@?$output_processor@_WV?$stream_output_adapter@_W@__crt_stdio_output@@V?$standard_base@_WV?$stream_output_adapter@_W@__crt_stdio_output@@@2@@__crt_stdio_output@@AAE_NQAH@Z 1000a794 f i libucrt:output.obj
 0001:00009794       ?parse_int_from_format_string@?$output_processor@_WV?$string_output_adapter@_W@__crt_stdio_output@@V?$standard_base@_WV?$string_output_adapter@_W@__crt_stdio_output@@@2@@__crt_stdio_output@@AAE_NQAH@Z 1000a794 f i libucrt:output.obj
 0001:000097f2       ?process@?$output_processor@DV?$string_output_adapter@D@__crt_stdio_output@@V?$format_validation_base@DV?$string_output_adapter@D@__crt_stdio_output@@@2@@__crt_stdio_output@@QAEHXZ 1000a7f2 f i libucrt:output.obj
 0001:0000991a       ?process@?$output_processor@_WV?$stream_output_adapter@_W@__crt_stdio_output@@V?$standard_base@_WV?$stream_output_adapter@_W@__crt_stdio_output@@@2@@__crt_stdio_output@@QAEHXZ 1000a91a f i libucrt:output.obj
 0001:00009a3a       ?process@?$output_processor@_WV?$string_output_adapter@_W@__crt_stdio_output@@V?$standard_base@_WV?$string_output_adapter@_W@__crt_stdio_output@@@2@@__crt_stdio_output@@QAEHXZ 1000aa3a f i libucrt:output.obj
 0001:00009b5a       ?state_case_flag@?$output_processor@DV?$string_output_adapter@D@__crt_stdio_output@@V?$format_validation_base@DV?$string_output_adapter@D@__crt_stdio_output@@@2@@__crt_stdio_output@@AAE_NXZ 1000ab5a f i libucrt:output.obj
 0001:00009b97       ?state_case_flag@?$output_processor@_WV?$string_output_adapter@_W@__crt_stdio_output@@V?$standard_base@_WV?$string_output_adapter@_W@__crt_stdio_output@@@2@@__crt_stdio_output@@AAE_NXZ 1000ab97 f i libucrt:output.obj
 0001:00009b97       ?state_case_flag@?$output_processor@_WV?$stream_output_adapter@_W@__crt_stdio_output@@V?$standard_base@_WV?$stream_output_adapter@_W@__crt_stdio_output@@@2@@__crt_stdio_output@@AAE_NXZ 1000ab97 f i libucrt:output.obj
 0001:00009bd4       ?state_case_normal@?$output_processor@DV?$string_output_adapter@D@__crt_stdio_output@@V?$format_validation_base@DV?$string_output_adapter@D@__crt_stdio_output@@@2@@__crt_stdio_output@@AAE_NXZ 1000abd4 f i libucrt:output.obj
 0001:00009bf3       ?state_case_normal@?$output_processor@_WV?$stream_output_adapter@_W@__crt_stdio_output@@V?$standard_base@_WV?$stream_output_adapter@_W@__crt_stdio_output@@@2@@__crt_stdio_output@@AAE_NXZ 1000abf3 f i libucrt:output.obj
 0001:00009c12       ?state_case_normal@?$output_processor@_WV?$string_output_adapter@_W@__crt_stdio_output@@V?$standard_base@_WV?$string_output_adapter@_W@__crt_stdio_output@@@2@@__crt_stdio_output@@AAE_NXZ 1000ac12 f i libucrt:output.obj
 0001:00009c31       ?state_case_normal_common@?$output_processor@DV?$string_output_adapter@D@__crt_stdio_output@@V?$format_validation_base@DV?$string_output_adapter@D@__crt_stdio_output@@@2@@__crt_stdio_output@@AAE_NXZ 1000ac31 f i libucrt:output.obj
 0001:00009c5b       ?state_case_normal_common@?$output_processor@_WV?$stream_output_adapter@_W@__crt_stdio_output@@V?$standard_base@_WV?$stream_output_adapter@_W@__crt_stdio_output@@@2@@__crt_stdio_output@@AAE_NXZ 1000ac5b f i libucrt:output.obj
 0001:00009c76       ?state_case_normal_common@?$output_processor@_WV?$string_output_adapter@_W@__crt_stdio_output@@V?$standard_base@_WV?$string_output_adapter@_W@__crt_stdio_output@@@2@@__crt_stdio_output@@AAE_NXZ 1000ac76 f i libucrt:output.obj
 0001:00009c91       ?state_case_normal_tchar@?$output_processor@DV?$string_output_adapter@D@__crt_stdio_output@@V?$format_validation_base@DV?$string_output_adapter@D@__crt_stdio_output@@@2@@__crt_stdio_output@@AAE_ND@Z 1000ac91 f i libucrt:output.obj
 0001:00009cf2       ?state_case_precision@?$output_processor@DV?$string_output_adapter@D@__crt_stdio_output@@V?$format_validation_base@DV?$string_output_adapter@D@__crt_stdio_output@@@2@@__crt_stdio_output@@AAE_NXZ 1000acf2 f i libucrt:output.obj
 0001:00009d1a       ?state_case_precision@?$output_processor@_WV?$string_output_adapter@_W@__crt_stdio_output@@V?$standard_base@_WV?$string_output_adapter@_W@__crt_stdio_output@@@2@@__crt_stdio_output@@AAE_NXZ 1000ad1a f i libucrt:output.obj
 0001:00009d1a       ?state_case_precision@?$output_processor@_WV?$stream_output_adapter@_W@__crt_stdio_output@@V?$standard_base@_WV?$stream_output_adapter@_W@__crt_stdio_output@@@2@@__crt_stdio_output@@AAE_NXZ 1000ad1a f i libucrt:output.obj
 0001:00009d43       ?state_case_size@?$output_processor@DV?$string_output_adapter@D@__crt_stdio_output@@V?$format_validation_base@DV?$string_output_adapter@D@__crt_stdio_output@@@2@@__crt_stdio_output@@AAE_NXZ 1000ad43 f i libucrt:output.obj
 0001:00009eac       ?state_case_size@?$output_processor@_WV?$stream_output_adapter@_W@__crt_stdio_output@@V?$standard_base@_WV?$stream_output_adapter@_W@__crt_stdio_output@@@2@@__crt_stdio_output@@AAE_NXZ 1000aeac f i libucrt:output.obj
 0001:0000a028       ?state_case_size@?$output_processor@_WV?$string_output_adapter@_W@__crt_stdio_output@@V?$standard_base@_WV?$string_output_adapter@_W@__crt_stdio_output@@@2@@__crt_stdio_output@@AAE_NXZ 1000b028 f i libucrt:output.obj
 0001:0000a1a4       ?state_case_type@?$output_processor@DV?$string_output_adapter@D@__crt_stdio_output@@V?$format_validation_base@DV?$string_output_adapter@D@__crt_stdio_output@@@2@@__crt_stdio_output@@AAE_NXZ 1000b1a4 f i libucrt:output.obj
 0001:0000a3d3       ?state_case_type@?$output_processor@_WV?$stream_output_adapter@_W@__crt_stdio_output@@V?$standard_base@_WV?$stream_output_adapter@_W@__crt_stdio_output@@@2@@__crt_stdio_output@@AAE_NXZ 1000b3d3 f i libucrt:output.obj
 0001:0000a630       ?state_case_type@?$output_processor@_WV?$string_output_adapter@_W@__crt_stdio_output@@V?$standard_base@_WV?$string_output_adapter@_W@__crt_stdio_output@@@2@@__crt_stdio_output@@AAE_NXZ 1000b630 f i libucrt:output.obj
 0001:0000a88d       ?state_case_width@?$output_processor@DV?$string_output_adapter@D@__crt_stdio_output@@V?$format_validation_base@DV?$string_output_adapter@D@__crt_stdio_output@@@2@@__crt_stdio_output@@AAE_NXZ 1000b88d f i libucrt:output.obj
 0001:0000a8b8       ?state_case_width@?$output_processor@_WV?$string_output_adapter@_W@__crt_stdio_output@@V?$standard_base@_WV?$string_output_adapter@_W@__crt_stdio_output@@@2@@__crt_stdio_output@@AAE_NXZ 1000b8b8 f i libucrt:output.obj
 0001:0000a8b8       ?state_case_width@?$output_processor@_WV?$stream_output_adapter@_W@__crt_stdio_output@@V?$standard_base@_WV?$stream_output_adapter@_W@__crt_stdio_output@@@2@@__crt_stdio_output@@AAE_NXZ 1000b8b8 f i libucrt:output.obj
 0001:0000a8e4       ?to_integer_size@__crt_stdio_output@@YAIW4length_modifier@1@@Z 1000b8e4 f i libucrt:output.obj
 0001:0000a940       ?type_case_Z@?$output_processor@DV?$string_output_adapter@D@__crt_stdio_output@@V?$format_validation_base@DV?$string_output_adapter@D@__crt_stdio_output@@@2@@__crt_stdio_output@@AAE_NXZ 1000b940 f i libucrt:output.obj
 0001:0000a9a3       ?type_case_Z@?$output_processor@_WV?$stream_output_adapter@_W@__crt_stdio_output@@V?$standard_base@_WV?$stream_output_adapter@_W@__crt_stdio_output@@@2@@__crt_stdio_output@@AAE_NXZ 1000b9a3 f i libucrt:output.obj
 0001:0000a9a3       ?type_case_Z@?$output_processor@_WV?$string_output_adapter@_W@__crt_stdio_output@@V?$standard_base@_WV?$string_output_adapter@_W@__crt_stdio_output@@@2@@__crt_stdio_output@@AAE_NXZ 1000b9a3 f i libucrt:output.obj
 0001:0000aa06       ?type_case_a@?$output_processor@DV?$string_output_adapter@D@__crt_stdio_output@@V?$format_validation_base@DV?$string_output_adapter@D@__crt_stdio_output@@@2@@__crt_stdio_output@@AAE_NXZ 1000ba06 f i libucrt:output.obj
 0001:0000ab60       ?type_case_a@?$output_processor@_WV?$string_output_adapter@_W@__crt_stdio_output@@V?$standard_base@_WV?$string_output_adapter@_W@__crt_stdio_output@@@2@@__crt_stdio_output@@AAE_NXZ 1000bb60 f i libucrt:output.obj
 0001:0000ab60       ?type_case_a@?$output_processor@_WV?$stream_output_adapter@_W@__crt_stdio_output@@V?$standard_base@_WV?$stream_output_adapter@_W@__crt_stdio_output@@@2@@__crt_stdio_output@@AAE_NXZ 1000bb60 f i libucrt:output.obj
 0001:0000acd2       ?type_case_c_tchar@?$output_processor@DV?$string_output_adapter@D@__crt_stdio_output@@V?$format_validation_base@DV?$string_output_adapter@D@__crt_stdio_output@@@2@@__crt_stdio_output@@AAE_ND@Z 1000bcd2 f i libucrt:output.obj
 0001:0000ad62       ?type_case_c_tchar@?$output_processor@_WV?$stream_output_adapter@_W@__crt_stdio_output@@V?$standard_base@_WV?$stream_output_adapter@_W@__crt_stdio_output@@@2@@__crt_stdio_output@@AAE_N_W@Z 1000bd62 f i libucrt:output.obj
 0001:0000ad62       ?type_case_c_tchar@?$output_processor@_WV?$string_output_adapter@_W@__crt_stdio_output@@V?$standard_base@_WV?$string_output_adapter@_W@__crt_stdio_output@@@2@@__crt_stdio_output@@AAE_N_W@Z 1000bd62 f i libucrt:output.obj
 0001:0000adfa       ?type_case_integer@?$output_processor@_WV?$stream_output_adapter@_W@__crt_stdio_output@@V?$standard_base@_WV?$stream_output_adapter@_W@__crt_stdio_output@@@2@@__crt_stdio_output@@AAE_NI_N@Z 1000bdfa f i libucrt:output.obj
 0001:0000adfa       ?type_case_integer@?$output_processor@_WV?$string_output_adapter@_W@__crt_stdio_output@@V?$standard_base@_WV?$string_output_adapter@_W@__crt_stdio_output@@@2@@__crt_stdio_output@@AAE_NI_N@Z 1000bdfa f i libucrt:output.obj
 0001:0000adfa       ?type_case_integer@?$output_processor@DV?$string_output_adapter@D@__crt_stdio_output@@V?$format_validation_base@DV?$string_output_adapter@D@__crt_stdio_output@@@2@@__crt_stdio_output@@AAE_NI_N@Z 1000bdfa f i libucrt:output.obj
 0001:0000af44       ?type_case_n@?$output_processor@DV?$string_output_adapter@D@__crt_stdio_output@@V?$format_validation_base@DV?$string_output_adapter@D@__crt_stdio_output@@@2@@__crt_stdio_output@@AAE_NXZ 1000bf44 f i libucrt:output.obj
 0001:0000af44       ?type_case_n@?$output_processor@_WV?$string_output_adapter@_W@__crt_stdio_output@@V?$standard_base@_WV?$string_output_adapter@_W@__crt_stdio_output@@@2@@__crt_stdio_output@@AAE_NXZ 1000bf44 f i libucrt:output.obj
 0001:0000af44       ?type_case_n@?$output_processor@_WV?$stream_output_adapter@_W@__crt_stdio_output@@V?$standard_base@_WV?$stream_output_adapter@_W@__crt_stdio_output@@@2@@__crt_stdio_output@@AAE_NXZ 1000bf44 f i libucrt:output.obj
 0001:0000afb8       ?type_case_o@?$output_processor@DV?$string_output_adapter@D@__crt_stdio_output@@V?$format_validation_base@DV?$string_output_adapter@D@__crt_stdio_output@@@2@@__crt_stdio_output@@AAE_NXZ 1000bfb8 f i libucrt:output.obj
 0001:0000afb8       ?type_case_o@?$output_processor@_WV?$stream_output_adapter@_W@__crt_stdio_output@@V?$standard_base@_WV?$stream_output_adapter@_W@__crt_stdio_output@@@2@@__crt_stdio_output@@AAE_NXZ 1000bfb8 f i libucrt:output.obj
 0001:0000afb8       ?type_case_o@?$output_processor@_WV?$string_output_adapter@_W@__crt_stdio_output@@V?$standard_base@_WV?$string_output_adapter@_W@__crt_stdio_output@@@2@@__crt_stdio_output@@AAE_NXZ 1000bfb8 f i libucrt:output.obj
 0001:0000afd7       ?type_case_p@?$output_processor@_WV?$stream_output_adapter@_W@__crt_stdio_output@@V?$standard_base@_WV?$stream_output_adapter@_W@__crt_stdio_output@@@2@@__crt_stdio_output@@AAE_NXZ 1000bfd7 f i libucrt:output.obj
 0001:0000afd7       ?type_case_p@?$output_processor@_WV?$string_output_adapter@_W@__crt_stdio_output@@V?$standard_base@_WV?$string_output_adapter@_W@__crt_stdio_output@@@2@@__crt_stdio_output@@AAE_NXZ 1000bfd7 f i libucrt:output.obj
 0001:0000afd7       ?type_case_p@?$output_processor@DV?$string_output_adapter@D@__crt_stdio_output@@V?$format_validation_base@DV?$string_output_adapter@D@__crt_stdio_output@@@2@@__crt_stdio_output@@AAE_NXZ 1000bfd7 f i libucrt:output.obj
 0001:0000afef       ?type_case_s@?$output_processor@DV?$string_output_adapter@D@__crt_stdio_output@@V?$format_validation_base@DV?$string_output_adapter@D@__crt_stdio_output@@@2@@__crt_stdio_output@@AAE_NXZ 1000bfef f i libucrt:output.obj
 0001:0000b062       ?type_case_s@?$output_processor@_WV?$stream_output_adapter@_W@__crt_stdio_output@@V?$standard_base@_WV?$stream_output_adapter@_W@__crt_stdio_output@@@2@@__crt_stdio_output@@AAE_NXZ 1000c062 f i libucrt:output.obj
 0001:0000b062       ?type_case_s@?$output_processor@_WV?$string_output_adapter@_W@__crt_stdio_output@@V?$standard_base@_WV?$string_output_adapter@_W@__crt_stdio_output@@@2@@__crt_stdio_output@@AAE_NXZ 1000c062 f i libucrt:output.obj
 0001:0000b0d6       ?type_case_s_compute_narrow_string_length@?$output_processor@_WV?$stream_output_adapter@_W@__crt_stdio_output@@V?$standard_base@_WV?$stream_output_adapter@_W@__crt_stdio_output@@@2@@__crt_stdio_output@@ABEHH_W@Z 1000c0d6 f i libucrt:output.obj
 0001:0000b0d6       ?type_case_s_compute_narrow_string_length@?$output_processor@_WV?$string_output_adapter@_W@__crt_stdio_output@@V?$standard_base@_WV?$string_output_adapter@_W@__crt_stdio_output@@@2@@__crt_stdio_output@@ABEHH_W@Z 1000c0d6 f i libucrt:output.obj
 0001:0000b116       ?validate@?$string_output_adapter@D@__crt_stdio_output@@QBE_NXZ 1000c116 f i libucrt:output.obj
 0001:0000b116       ?validate@?$c_string_character_source@_W@__crt_strtox@@QBE_NXZ 1000c116 f i libucrt:atox.obj
 0001:0000b116       ?validate@?$c_string_character_source@D@__crt_strtox@@QBE_NXZ 1000c116 f i libucrt:atox.obj
 0001:0000b116       ?validate@?$stream_output_adapter@_W@__crt_stdio_output@@QBE_NXZ 1000c116 f i libucrt:output.obj
 0001:0000b116       ?validate@?$string_output_adapter@_W@__crt_stdio_output@@QBE_NXZ 1000c116 f i libucrt:output.obj
 0001:0000b131       ?validate_and_update_state_at_end_of_format_string@?$format_validation_base@DV?$string_output_adapter@D@__crt_stdio_output@@@__crt_stdio_output@@IBE_NXZ 1000c131 f i libucrt:output.obj
 0001:0000b153       ?write_character@?$stream_output_adapter@_W@__crt_stdio_output@@QBEX_WQAH@Z 1000c153 f i libucrt:output.obj
 0001:0000b193       ?write_character@?$string_output_adapter@D@__crt_stdio_output@@QBE_NDQAH@Z 1000c193 f i libucrt:output.obj
 0001:0000b1d5       ?write_character@?$string_output_adapter@_W@__crt_stdio_output@@QBE_N_WQAH@Z 1000c1d5 f i libucrt:output.obj
 0001:0000b21a       ?write_stored_string_tchar@?$output_processor@DV?$string_output_adapter@D@__crt_stdio_output@@V?$format_validation_base@DV?$string_output_adapter@D@__crt_stdio_output@@@2@@__crt_stdio_output@@AAE_ND@Z 1000c21a f i libucrt:output.obj
 0001:0000b2c1       ?write_stored_string_tchar@?$output_processor@_WV?$stream_output_adapter@_W@__crt_stdio_output@@V?$standard_base@_WV?$stream_output_adapter@_W@__crt_stdio_output@@@2@@__crt_stdio_output@@AAE_N_W@Z 1000c2c1 f i libucrt:output.obj
 0001:0000b34c       ?write_stored_string_tchar@?$output_processor@_WV?$string_output_adapter@_W@__crt_stdio_output@@V?$standard_base@_WV?$string_output_adapter@_W@__crt_stdio_output@@@2@@__crt_stdio_output@@AAE_N_W@Z 1000c34c f i libucrt:output.obj
 0001:0000b3d7       ?write_string@?$stream_output_adapter@_W@__crt_stdio_output@@QBEXQB_WHQAH1@Z 1000c3d7 f i libucrt:output.obj
 0001:0000b464       ?write_string@?$string_output_adapter@D@__crt_stdio_output@@QBEXQBDHQAH1@Z 1000c464 f i libucrt:output.obj
 0001:0000b4f7       ?write_string@?$string_output_adapter@_W@__crt_stdio_output@@QBEXQB_WHQAH1@Z 1000c4f7 f i libucrt:output.obj
 0001:0000b591       ___stdio_common_vfwprintf  1000c591 f   libucrt:output.obj
 0001:0000b608       ___stdio_common_vsnprintf_s 1000c608 f   libucrt:output.obj
 0001:0000b62f       ___stdio_common_vswprintf  1000c62f f   libucrt:output.obj
 0001:0000b660       _strncpy                   1000c660 f   libucrt:strncpy.obj
 0001:0000b784       ___acrt_initialize_new_handler 1000c784 f   libucrt:new_handler.obj
 0001:0000b798       __callnewh                 1000c798 f   libucrt:new_handler.obj
 0001:0000b7dc       __query_new_handler        1000c7dc f   libucrt:new_handler.obj
 0001:0000b82e       __seh_filter_dll           1000c82e f   libucrt:exception_filter.obj
 0001:0000b84e       __seh_filter_exe           1000c84e f   libucrt:exception_filter.obj
 0001:0000bbdc       ___acrt_initialize_thread_local_exit_callback 1000cbdc f   libucrt:exit.obj
 0001:0000bbeb       __cexit                    1000cbeb f   libucrt:exit.obj
 0001:0000bbfa       __exit                     1000cbfa f   libucrt:exit.obj
 0001:0000bc10       __is_c_termination_complete 1000cc10 f   libucrt:exit.obj
 0001:0000beaf       ___acrt_allocate_buffer_for_argv 1000ceaf f   libucrt:argv_parsing.obj
 0001:0000bf04       __configure_narrow_argv    1000cf04 f   libucrt:argv_parsing.obj
 0001:0000c068       ??$uninitialize@A6AXAAPAPA_W@Z@?$dual_state_global@PAPA_W@__crt_state_management@@QAEXA6AXAAPAPA_W@Z@Z 1000d068 f i libucrt:environment_initialization.obj
 0001:0000c068       ??$uninitialize@A6AXAAPAPAD@Z@?$dual_state_global@PAPAD@__crt_state_management@@QAEXA6AXAAPAPAD@Z@Z 1000d068 f i libucrt:environment_initialization.obj
 0001:0000c0de       ___dcrt_uninitialize_environments_nolock 1000d0de f   libucrt:environment_initialization.obj
 0001:0000c115       __initialize_narrow_environment 1000d115 f   libucrt:environment_initialization.obj
 0001:0000c11a       ??$?RV<lambda_800076c951b434888f4765a74a194fcc>@@AAV<lambda_4e60a939b0d047cfe11ddc22648dfba9>@@V<lambda_6dbb1268764f43b569ce7b67e331d33a>@@@?$__crt_seh_guarded_call@H@@QAEH$$QAV<lambda_800076c951b434888f4765a74a194fcc>@@AAV<lambda_4e60a939b0d047cfe11ddc22648dfba9>@@$$QAV<lambda_6dbb1268764f43b569ce7b67e331d33a>@@@Z 1000d11a f i libucrt:onexit.obj
 0001:0000c16b       ??$?RV<lambda_995298e7d72eb4c2aab26c0585b3abe5>@@AAV<lambda_275893d493268fdec8709772e3fcec0e>@@V<lambda_293819299cbf9a7022e18b56a874bb5c>@@@?$__crt_seh_guarded_call@H@@QAEH$$QAV<lambda_995298e7d72eb4c2aab26c0585b3abe5>@@AAV<lambda_275893d493268fdec8709772e3fcec0e>@@$$QAV<lambda_293819299cbf9a7022e18b56a874bb5c>@@@Z 1000d16b f i libucrt:onexit.obj
 0001:0000c1bc       ??$__acrt_lock_and_call@V<lambda_275893d493268fdec8709772e3fcec0e>@@@@YAHW4__acrt_lock_id@@$$QAV<lambda_275893d493268fdec8709772e3fcec0e>@@@Z 1000d1bc f i libucrt:onexit.obj
 0001:0000c1e4       ??$__acrt_lock_and_call@V<lambda_4e60a939b0d047cfe11ddc22648dfba9>@@@@YAHW4__acrt_lock_id@@$$QAV<lambda_4e60a939b0d047cfe11ddc22648dfba9>@@@Z 1000d1e4 f i libucrt:onexit.obj
 0001:0000c20c       ??$__crt_fast_encode_pointer@P6AHXZ@@YAP6AHXZQ6AHXZ@Z 1000d20c f i libucrt:onexit.obj
 0001:0000c48c       __crt_atexit               1000d48c f   libucrt:onexit.obj
 0001:0000c4a2       __execute_onexit_table     1000d4a2 f   libucrt:onexit.obj
 0001:0000c4bf       __initialize_onexit_table  1000d4bf f   libucrt:onexit.obj
 0001:0000c4fc       __register_onexit_function 1000d4fc f   libucrt:onexit.obj
 0001:0000c54c       ___acrt_uninitialize_command_line 1000d54c f   libucrt:argv_data.obj
 0001:0000c614       ___acrt_initialize         1000d614 f   libucrt:initialization.obj
 0001:0000c626       ___acrt_thread_attach      1000d626 f   libucrt:initialization.obj
 0001:0000c631       ___acrt_thread_detach      1000d631 f   libucrt:initialization.obj
 0001:0000c639       ___acrt_uninitialize       1000d639 f   libucrt:initialization.obj
 0001:0000c64b       ___acrt_uninitialize_critical 1000d64b f   libucrt:initialization.obj
 0001:0000c65d       __initterm                 1000d65d f   libucrt:initterm.obj
 0001:0000c6b9       __initterm_e               1000d6b9 f   libucrt:initterm.obj
 0001:0000c6fe       _terminate                 1000d6fe f   libucrt:terminate.obj
 0001:0000c73a       __strnicmp                 1000d73a f   libucrt:strnicmp.obj
 0001:0000c73a       _strnicmp                  1000d73a f   libucrt:strnicmp.obj
 0001:0000c7a6       __strnicmp_l               1000d7a6 f   libucrt:strnicmp.obj
 0001:0000c85d       _strdup                    1000d85d f   libucrt:strdup.obj
 0001:0000c85d       __strdup                   1000d85d f   libucrt:strdup.obj
 0001:0000c8b3       _strcpy_s                  1000d8b3 f   libucrt:strcpy_s.obj
 0001:0000c90d       __free_base                1000d90d f   libucrt:free_base.obj
 0001:0000c947       __malloc_base              1000d947 f   libucrt:malloc_base.obj
 0001:0000c995       _abort                     1000d995 f   libucrt:abort.obj
 0001:0000c9d8       __calloc_base              1000d9d8 f   libucrt:calloc_base.obj
 0001:0000ca35       ??$is_overflow_condition@K@__crt_strtox@@YA_NIK@Z 1000da35 f i libucrt:atox.obj
 0001:0000ca68       ??$parse_integer@KV?$c_string_character_source@D@__crt_strtox@@@__crt_strtox@@YAKQAU__crt_locale_pointers@@V?$c_string_character_source@D@0@H_N@Z 1000da68 f i libucrt:atox.obj
 0001:0000cc90       ??$parse_integer@KV?$c_string_character_source@_W@__crt_strtox@@@__crt_strtox@@YAKQAU__crt_locale_pointers@@V?$c_string_character_source@_W@0@H_N@Z 1000dc90 f i libucrt:atox.obj
 0001:0000d375       ?unget@?$c_string_character_source@D@__crt_strtox@@QAEXD@Z 1000e375 f i libucrt:atox.obj
 0001:0000d39d       ?unget@?$c_string_character_source@_W@__crt_strtox@@QAEX_W@Z 1000e39d f i libucrt:atox.obj
 0001:0000d3c9       __chvalidchk_l             1000e3c9 f i libucrt:atox.obj
 0001:0000d3f3       __ischartype_l             1000e3f3 f i libucrt:atox.obj
 0001:0000d426       __query_app_type           1000e426 f   libucrt:report_runtime_error.obj
 0001:0000d42c       ___acrt_errno_from_os_error 1000e42c f   libucrt:errno.obj
 0001:0000d46f       ___acrt_errno_map_os_error 1000e46f f   libucrt:errno.obj
 0001:0000d492       ___doserrno                1000e492 f   libucrt:errno.obj
 0001:0000d4a5       __errno                    1000e4a5 f   libucrt:errno.obj
 0001:0000d5a5       __itow_s                   1000e5a5 f   libucrt:xtoa.obj
 0001:0000d5da       __set_error_mode           1000e5da f   libucrt:set_error_mode.obj
 0001:0000d619       _wcscat_s                  1000e619 f   libucrt:wcscat_s.obj
 0001:0000d68e       _wcscpy_s                  1000e68e f   libucrt:wcscpy_s.obj
 0001:0000d7db       _wcsncat_s                 1000e7db f   libucrt:wcsncat_s.obj
 0001:0000d8e1       ___acrt_show_wide_message_box 1000e8e1 f   libucrt:crtmbox.obj
 0001:0000d8ec       ___acrt_initialize_stdio   1000e8ec f   libucrt:_file.obj
 0001:0000d9b4       ___acrt_iob_func           1000e9b4 f   libucrt:_file.obj
 0001:0000d9c4       ___acrt_uninitialize_stdio 1000e9c4 f   libucrt:_file.obj
 0001:0000da10       __lock_file                1000ea10 f   libucrt:_file.obj
 0001:0000da24       __unlock_file              1000ea24 f   libucrt:_file.obj
 0001:0000da38       ___acrt_stdio_flush_nolock 1000ea38 f   libucrt:fflush.obj
 0001:0000da9e       __fflush_nolock            1000ea9e f   libucrt:fflush.obj
 0001:0000dae5       __flushall                 1000eae5 f   libucrt:fflush.obj
 0001:0000dbc6       _fflush                    1000ebc6 f   libucrt:fflush.obj
 0001:0000dc1f       ??$?RV<lambda_d92cfe8357b99225085016881b624cb0>@@AAV<lambda_b721fa326cdb32351d23dfa67958c160>@@V<lambda_42d75b0848218ec137fa420c8ba9fdf9>@@@?$__crt_seh_guarded_call@H@@QAEH$$QAV<lambda_d92cfe8357b99225085016881b624cb0>@@AAV<lambda_b721fa326cdb32351d23dfa67958c160>@@$$QAV<lambda_42d75b0848218ec137fa420c8ba9fdf9>@@@Z 1000ec1f f i libucrt:setvbuf.obj
 0001:0000dc70       ??$__acrt_lock_stream_and_call@V<lambda_b721fa326cdb32351d23dfa67958c160>@@@@YAHQAU_iobuf@@$$QAV<lambda_b721fa326cdb32351d23dfa67958c160>@@@Z 1000ec70 f i libucrt:setvbuf.obj
 0001:0000dd65       _setvbuf                   1000ed65 f   libucrt:setvbuf.obj
 0001:0000dddb       ??$?RV<lambda_a048d3beccc847880fc8490e18b82769>@@AAV<lambda_ec61778202f4f5fc7e7711acc23c3bca>@@V<lambda_f7496a158712204296dd6628a163878e>@@@?$__crt_seh_guarded_call@P6AXH@Z@@QAEP6AXH@Z$$QAV<lambda_a048d3beccc847880fc8490e18b82769>@@AAV<lambda_ec61778202f4f5fc7e7711acc23c3bca>@@$$QAV<lambda_f7496a158712204296dd6628a163878e>@@@Z 1000eddb f i libucrt:signal.obj
 0001:0000de35       ??$__acrt_lock_and_call@V<lambda_ec61778202f4f5fc7e7711acc23c3bca>@@@@YAP6AXH@ZW4__acrt_lock_id@@$$QAV<lambda_ec61778202f4f5fc7e7711acc23c3bca>@@@Z 1000ee35 f i libucrt:signal.obj
 0001:0000dec7       ___acrt_get_sigabrt_handler 1000eec7 f   libucrt:signal.obj
 0001:0000dede       ___acrt_initialize_signal_handlers 1000eede f   libucrt:signal.obj
 0001:0000df19       ___fpecode                 1000ef19 f   libucrt:signal.obj
 0001:0000df22       _raise                     1000ef22 f   libucrt:signal.obj
 0001:0000e12a       ??$?RV<lambda_3518db117f0e7cdb002338c5d3c47b6c>@@AAV<lambda_b2ea41f6bbb362cd97d94c6828d90b61>@@V<lambda_abdedf541bb04549bc734292b4a045d4>@@@?$__crt_seh_guarded_call@X@@QAEX$$QAV<lambda_3518db117f0e7cdb002338c5d3c47b6c>@@AAV<lambda_b2ea41f6bbb362cd97d94c6828d90b61>@@$$QAV<lambda_abdedf541bb04549bc734292b4a045d4>@@@Z 1000f12a f i libucrt:per_thread_data.obj
 0001:0000e17a       ??$?RV<lambda_51b6e8b1eb166f2a3faf91f424b38130>@@AAV<lambda_6250bd4b2a391816dd638c3bf72b0bcb>@@V<lambda_0b5a4a3e68152e1d9b943535f5f47bed>@@@?$__crt_seh_guarded_call@X@@QAEX$$QAV<lambda_51b6e8b1eb166f2a3faf91f424b38130>@@AAV<lambda_6250bd4b2a391816dd638c3bf72b0bcb>@@$$QAV<lambda_0b5a4a3e68152e1d9b943535f5f47bed>@@@Z 1000f17a f i libucrt:per_thread_data.obj
 0001:0000e1db       ??$?RV<lambda_5b71d36f03204c0beab531769a5b5694>@@AAV<lambda_be2b3da3f62db62e9dad5dc70221a656>@@V<lambda_8f9ce462984622f9bf76b59e2aaaf805>@@@?$__crt_seh_guarded_call@X@@QAEX$$QAV<lambda_5b71d36f03204c0beab531769a5b5694>@@AAV<lambda_be2b3da3f62db62e9dad5dc70221a656>@@$$QAV<lambda_8f9ce462984622f9bf76b59e2aaaf805>@@@Z 1000f1db f i libucrt:per_thread_data.obj
 0001:0000e226       ??$?RV<lambda_9df27f884b057bc3edfc946cb5b7cf47>@@AAV<lambda_e69574bed617af4e071282c136b37893>@@V<lambda_cc0d902bcbbeb830f749456577db4721>@@@?$__crt_seh_guarded_call@X@@QAEX$$QAV<lambda_9df27f884b057bc3edfc946cb5b7cf47>@@AAV<lambda_e69574bed617af4e071282c136b37893>@@$$QAV<lambda_cc0d902bcbbeb830f749456577db4721>@@@Z 1000f226 f i libucrt:per_thread_data.obj
 0001:0000e26e       ??$__acrt_lock_and_call@V<lambda_6250bd4b2a391816dd638c3bf72b0bcb>@@@@YAXW4__acrt_lock_id@@$$QAV<lambda_6250bd4b2a391816dd638c3bf72b0bcb>@@@Z 1000f26e f i libucrt:per_thread_data.obj
 0001:0000e296       ??$__acrt_lock_and_call@V<lambda_b2ea41f6bbb362cd97d94c6828d90b61>@@@@YAXW4__acrt_lock_id@@$$QAV<lambda_b2ea41f6bbb362cd97d94c6828d90b61>@@@Z 1000f296 f i libucrt:per_thread_data.obj
 0001:0000e2be       ??$__acrt_lock_and_call@V<lambda_be2b3da3f62db62e9dad5dc70221a656>@@@@YAXW4__acrt_lock_id@@$$QAV<lambda_be2b3da3f62db62e9dad5dc70221a656>@@@Z 1000f2be f i libucrt:per_thread_data.obj
 0001:0000e2e6       ??$__acrt_lock_and_call@V<lambda_e69574bed617af4e071282c136b37893>@@@@YAXW4__acrt_lock_id@@$$QAV<lambda_e69574bed617af4e071282c136b37893>@@@Z 1000f2e6 f i libucrt:per_thread_data.obj
 0001:0000e49c       ___acrt_freeptd            1000f49c f   libucrt:per_thread_data.obj
 0001:0000e4c8       ___acrt_getptd             1000f4c8 f   libucrt:per_thread_data.obj
 0001:0000e54c       ___acrt_getptd_noexit      1000f54c f   libucrt:per_thread_data.obj
 0001:0000e5d1       ___acrt_initialize_ptd     1000f5d1 f   libucrt:per_thread_data.obj
 0001:0000e5fd       ___acrt_uninitialize_ptd   1000f5fd f   libucrt:per_thread_data.obj
 0001:0000e617       __isdigit_l                1000f617 f i libucrt:_ctype.obj
 0001:0000e64f       _isdigit                   1000f64f f i libucrt:_ctype.obj
 0001:0000e7e3       __tolower_l                1000f7e3 f   libucrt:tolower_toupper.obj
 0001:0000e7fd       _tolower                   1000f7fd f   libucrt:tolower_toupper.obj
 0001:0000e82d       ??$make_c_string_character_source@_WPAPA_W@__crt_strtox@@YA?AV?$c_string_character_source@_W@0@QB_WQAPA_W@Z 1000f82d f i libucrt:strtox.obj
 0001:0000e82d       ??$make_c_string_character_source@DPAPAD@__crt_strtox@@YA?AV?$c_string_character_source@D@0@QBDQAPAD@Z 1000f82d f i libucrt:strtox.obj
 0001:0000e848       _strtol                    1000f848 f   libucrt:strtox.obj
 0001:0000e874       _wcstol                    1000f874 f   libucrt:strtox.obj
 0001:0000e8a0       __mbtowc_l                 1000f8a0 f   libucrt:mbtowc.obj
 0001:0000e99a       _mbtowc                    1000f99a f   libucrt:mbtowc.obj
 0001:0000e9b4       __wctomb_s_l               1000f9b4 f   libucrt:wctomb.obj
 0001:0000ead5       _wctomb_s                  1000fad5 f   libucrt:wctomb.obj
 0001:0000eaf2       _strnlen                   1000faf2 f   libucrt:strnlen.obj
 0001:0000ec19       _wcsnlen                   1000fc19 f   libucrt:strnlen.obj
 0001:0000edd0       ___acrt_update_locale_info 1000fdd0 f   libucrt:locale_update.obj
 0001:0000edfd       ___acrt_update_multibyte_info 1000fdfd f   libucrt:locale_update.obj
 0001:0000ee2a       ?__acrt_fp_classify@@YA?AW4__acrt_fp_class@@ABN@Z 1000fe2a f i libucrt:cvt.obj
 0001:0000ee96       ?__acrt_fp_is_negative@@YA_NABN@Z 1000fe96 f i libucrt:cvt.obj
 0001:0000f6f5       ___acrt_fp_format          100106f5 f   libucrt:cvt.obj
 0001:0000f871       __fputwc_nolock            10010871 f   libucrt:fputwc.obj
 0001:0000f997       __fileno                   10010997 f   libucrt:fileno.obj
 0001:0000f9bd       __fputc_nolock             100109bd f   libucrt:fputc.obj
 0001:0000f9e6       __get_printf_count_output  100109e6 f   libucrt:printf_count_output.obj
 0001:0000f9fb       ___acrt_stdio_begin_temporary_buffering_nolock 100109fb f   libucrt:_sftbuf.obj
 0001:0000fab0       ___acrt_stdio_end_temporary_buffering_nolock 10010ab0 f   libucrt:_sftbuf.obj
 0001:0000fae9       ___acrt_set_locale_changed 10010ae9 f   libucrt:wsetlocale.obj
 0001:0000faf4       ___acrt_uninitialize_locale 10010af4 f   libucrt:wsetlocale.obj
 0001:0000fcb2       ___acrt_initialize_lowio   10010cb2 f   libucrt:ioinit.obj
 0001:0000fd08       ___acrt_uninitialize_lowio 10010d08 f   libucrt:ioinit.obj
 0001:0000fd34       ___acrt_initialize_locks   10010d34 f   libucrt:locks.obj
 0001:0000fd75       ___acrt_lock               10010d75 f   libucrt:locks.obj
 0001:0000fd8c       ___acrt_uninitialize_locks 10010d8c f   libucrt:locks.obj
 0001:0000fdbd       ___acrt_unlock             10010dbd f   libucrt:locks.obj
 0001:0000ff1f       ___acrt_FlsAlloc@4         10010f1f f   libucrt:winapi_thunks.obj
 0001:0000ff75       ___acrt_FlsFree@4          10010f75 f   libucrt:winapi_thunks.obj
 0001:0000ffcb       ___acrt_FlsGetValue@4      10010fcb f   libucrt:winapi_thunks.obj
 0001:00010021       ___acrt_FlsSetValue@8      10011021 f   libucrt:winapi_thunks.obj
 0001:0001007a       ___acrt_InitializeCriticalSectionEx@12 1001107a f   libucrt:winapi_thunks.obj
 0001:000100dc       ___acrt_LCMapStringEx@36   100110dc f   libucrt:winapi_thunks.obj
 0001:00010164       ___acrt_LocaleNameToLCID@8 10011164 f   libucrt:winapi_thunks.obj
 0001:000101c0       ___acrt_MessageBoxW@16     100111c0 f   libucrt:winapi_thunks.obj
 0001:00010209       ___acrt_can_show_message_box 10011209 f   libucrt:winapi_thunks.obj
 0001:00010222       ___acrt_get_parent_window  10011222 f   libucrt:winapi_thunks.obj
 0001:000102a1       ___acrt_initialize_winapi_thunks 100112a1 f   libucrt:winapi_thunks.obj
 0001:000102c7       ___acrt_is_interactive     100112c7 f   libucrt:winapi_thunks.obj
 0001:0001036d       ___acrt_is_packaged_app    1001136d f   libucrt:winapi_thunks.obj
 0001:000103f4       ___acrt_uninitialize_winapi_thunks 100113f4 f   libucrt:winapi_thunks.obj
 0001:000107ec       ??1?$argument_list@D@?A0xb0e4b824@@QAE@XZ 100117ec f i libucrt:argv_wildcards.obj
 0001:00010811       ?append@?$argument_list@D@?A0xb0e4b824@@QAEHQAD@Z 10011811 f i libucrt:argv_wildcards.obj
 0001:00010846       ?expand_if_necessary@?$argument_list@D@?A0xb0e4b824@@AAEHXZ 10011846 f i libucrt:argv_wildcards.obj
 0001:000108cd       ___acrt_expand_narrow_argv_wildcards 100118cd f   libucrt:argv_wildcards.obj
 0001:000108d8       ??$?RV<lambda_978dc153c237d78434369da87b74ff60>@@AAV<lambda_ad1ced32f4ac17aa236e5ef05d6b3b7c>@@V<lambda_4a8533e2866a575feecb8298ce776b0d>@@@?$__crt_seh_guarded_call@X@@QAEX$$QAV<lambda_978dc153c237d78434369da87b74ff60>@@AAV<lambda_ad1ced32f4ac17aa236e5ef05d6b3b7c>@@$$QAV<lambda_4a8533e2866a575feecb8298ce776b0d>@@@Z 100118d8 f i libucrt:mbctype.obj
 0001:0001091b       ??$__acrt_lock_and_call@V<lambda_ad1ced32f4ac17aa236e5ef05d6b3b7c>@@@@YAXW4__acrt_lock_id@@$$QAV<lambda_ad1ced32f4ac17aa236e5ef05d6b3b7c>@@@Z 1001191b f i libucrt:mbctype.obj
 0001:00010db2       ___acrt_initialize_multibyte 10011db2 f   libucrt:mbctype.obj
 0001:00010dd0       ___acrt_update_thread_multibyte_data 10011dd0 f   libucrt:mbctype.obj
 0001:00010e72       __setmbcp_nolock           10011e72 f   libucrt:mbctype.obj
 0001:0001113d       __ismbblead                1001213d f   libucrt:ismbbyte.obj
 0001:00011155       ___acrt_initialize_command_line 10012155 f   libucrt:argv_data.obj
 0001:000111a5       ___dcrt_get_narrow_environment_from_os 100121a5 f   libucrt:get_environment_from_os.obj
 0001:00011228       __recalloc                 10012228 f   libucrt:recalloc.obj
 0001:00011233       __recalloc_base            10012233 f   libucrt:recalloc.obj
 0001:000112a0       ___acrt_initialize_heap    100122a0 f   libucrt:heap_handle.obj
 0001:000112b1       ___acrt_uninitialize_heap  100122b1 f   libucrt:heap_handle.obj
 0001:000112bb       ___acrt_execute_initializers 100122bb f   libucrt:shared_initialization.obj
 0001:0001133e       ___acrt_execute_uninitializers 1001233e f   libucrt:shared_initialization.obj
 0001:0001138b       ?initialize@?$dual_state_global@P6AHI@Z@__crt_state_management@@QAEXQ6AHI@Z@Z 1001238b f i libucrt:new_handler.obj
 0001:0001138b       ?initialize@?$dual_state_global@PAU__crt_locale_data@@@__crt_state_management@@QAEXQAU__crt_locale_data@@@Z 1001238b f i libucrt:initialization.obj
 0001:0001138b       ?initialize@?$dual_state_global@P6AHPAU_exception@@@Z@__crt_state_management@@QAEXQ6AHPAU_exception@@@Z@Z 1001238b f i libucrt:matherr.obj
 0001:0001138b       ?initialize@?$dual_state_global@P6AXH@Z@__crt_state_management@@QAEXQ6AXH@Z@Z 1001238b f i libucrt:signal.obj
 0001:0001138b       ?initialize@?$dual_state_global@PAPAD@__crt_state_management@@QAEXQAPAD@Z 1001238b f i libucrt:environment_initialization.obj
 0001:0001138b       ?initialize@?$dual_state_global@P6AXPB_W00II@Z@__crt_state_management@@QAEXQ6AXPB_W00II@Z@Z 1001238b f i libucrt:invalid_parameter.obj
 0001:000113bc       ___acrt_has_user_matherr   100123bc f   libucrt:matherr.obj
 0001:000113d5       ___acrt_initialize_user_matherr 100123d5 f   libucrt:matherr.obj
 0001:000113e9       ___acrt_invoke_user_matherr 100123e9 f   libucrt:matherr.obj
 0001:00011440       ___ascii_strnicmp          10012440 f   libucrt:_strnicm.obj
 0001:000114a1       __query_new_mode           100124a1 f   libucrt:new_mode.obj
 0001:000114a7       ___pctype_func             100124a7 f   libucrt:ctype.obj
 0001:000114cd       _iswctype                  100124cd f   libucrt:iswctype.obj
 0001:0001152c       __isctype_l                1001252c f   libucrt:isctype.obj
 0001:000115fe       __fcloseall                100125fe f   libucrt:closeall.obj
 0001:0001169e       ___acrt_stdio_free_buffer_nolock 1001269e f   libucrt:_freebuf.obj
 0001:000116dc       ??$?RV<lambda_61cee617f5178ae960314fd4d05640a0>@@AAV<lambda_6978c1fb23f02e42e1d9e99668cc68aa>@@V<lambda_9cd88cf8ad10232537feb2133f08c833>@@@?$__crt_seh_guarded_call@H@@QAEH$$QAV<lambda_61cee617f5178ae960314fd4d05640a0>@@AAV<lambda_6978c1fb23f02e42e1d9e99668cc68aa>@@$$QAV<lambda_9cd88cf8ad10232537feb2133f08c833>@@@Z 100126dc f i libucrt:commit.obj
 0001:00011774       ??$__acrt_lowio_lock_fh_and_call@V<lambda_6978c1fb23f02e42e1d9e99668cc68aa>@@@@YAHH$$QAV<lambda_6978c1fb23f02e42e1d9e99668cc68aa>@@@Z 10012774 f i libucrt:commit.obj
 0001:0001179c       __commit                   1001279c f   libucrt:commit.obj
 0001:00011d9b       __write                    10012d9b f   libucrt:write.obj
 0001:00011e86       __write_nolock             10012e86 f   libucrt:write.obj
 0001:00012092       ___acrt_add_locale_ref     10013092 f   libucrt:locale_refcounting.obj
 0001:0001210f       ___acrt_free_locale        1001310f f   libucrt:locale_refcounting.obj
 0001:00012259       ___acrt_locale_add_lc_time_reference 10013259 f   libucrt:locale_refcounting.obj
 0001:00012282       ___acrt_locale_free_lc_time_if_unreferenced 10013282 f   libucrt:locale_refcounting.obj
 0001:000122b2       ___acrt_locale_release_lc_time_reference 100132b2 f   libucrt:locale_refcounting.obj
 0001:000122db       ___acrt_release_locale_ref 100132db f   libucrt:locale_refcounting.obj
 0001:0001235c       ___acrt_update_thread_locale_data 1001335c f   libucrt:locale_refcounting.obj
 0001:000123d3       __updatetlocinfoEx_nolock  100133d3 f   libucrt:locale_refcounting.obj
 0001:00012423       __isleadbyte_l             10013423 f i libucrt:_wctype.obj
 0001:00012679       ___acrt_LCMapStringA       10013679 f   libucrt:lcmapstringa.obj
 0001:000126c4       __freea_crt                100136c4 f i libucrt:lcmapstringa.obj
 0001:000126e4       ___acrt_fp_strflt_to_string 100136e4 f   libucrt:_fptostr.obj
 0001:000127a0       ??0scoped_fp_state_reset@?A0x48fbfdd4@@QAE@XZ 100137a0 f i libucrt:cfout.obj
 0001:000127d0       ?divide@__crt_strtox@@YA_KAAUbig_integer@1@ABU21@@Z 100137d0 f i libucrt:cfout.obj
 0001:00012c7e       ___acrt_fltout             10013c7e f   libucrt:cfout.obj
 0001:000143e0       ___acrt_stdio_flush_and_write_narrow_nolock 100153e0 f   libucrt:_flsbuf.obj
 0001:000143eb       ___acrt_stdio_flush_and_write_wide_nolock 100153eb f   libucrt:_flsbuf.obj
 0001:000143f6       __isatty                   100153f6 f   libucrt:isatty.obj
 0001:0001444c       ___acrt_locale_free_monetary 1001544c f   libucrt:initmon.obj
 0001:0001454a       ___acrt_locale_free_numeric 1001554a f   libucrt:initnum.obj
 0001:000145ef       ___acrt_locale_free_time   100155ef f   libucrt:inittime.obj
 0001:000146d3       ___acrt_GetStringTypeA     100156d3 f   libucrt:getstringtypea.obj
 0001:000147f0       ___acrt_lowio_create_handle_array 100157f0 f   libucrt:osfinfo.obj
 0001:0001486a       ___acrt_lowio_destroy_handle_array 1001586a f   libucrt:osfinfo.obj
 0001:0001489f       ___acrt_lowio_ensure_fh_exists 1001589f f   libucrt:osfinfo.obj
 0001:00014937       ___acrt_lowio_lock_fh      10015937 f   libucrt:osfinfo.obj
 0001:0001495a       ___acrt_lowio_unlock_fh    1001595a f   libucrt:osfinfo.obj
 0001:0001497d       __free_osfhnd              1001597d f   libucrt:osfinfo.obj
 0001:00014a0e       __get_osfhandle            10015a0e f   libucrt:osfinfo.obj
 0001:00014b34       ___acrt_DownlevelLocaleNameToLCID 10015b34 f   libucrt:lcidtoname_downlevel.obj
 0001:00014c40       _qsort                     10015c40 f   libucrt:qsort.obj
 0001:00014fe0       _strpbrk                   10015fe0 f   libucrt:strpbrk.obj
 0001:00015020       __mbsdec                   10016020 f   libucrt:mbsdec.obj
 0001:00015037       __mbsdec_l                 10016037 f   libucrt:mbsdec.obj
 0001:000150d3       __msize                    100160d3 f   libucrt:msize.obj
 0001:00015106       __realloc_base             10016106 f   libucrt:realloc_base.obj
 0001:0001516f       __fclose_nolock            1001616f f   libucrt:fclose.obj
 0001:000151e5       _fclose                    100161e5 f   libucrt:fclose.obj
 0001:000153e8       __lseeki64                 100163e8 f   libucrt:lseek.obj
 0001:00015403       __lseeki64_nolock          10016403 f   libucrt:lseek.obj
 0001:0001541e       __putwch_nolock            1001641e f   libucrt:putwch.obj
 0001:00015463       ___strncnt                 10016463 f   libucrt:strncnt.obj
 0001:0001547f       _fegetenv                  1001647f f   libucrt:fegetenv.obj
 0001:0001549c       _fesetenv                  1001649c f   libucrt:fesetenv.obj
 0001:000154e5       _feholdexcept              100164e5 f   libucrt:feholdexcept.obj
 0001:00015540       _log10                     10016540 f   libucrt:log10.obj
 0001:00015580       __CIlog10                  10016580 f   libucrt:log10.obj
 0001:000155bb       __CIlog10_default          100165bb f   libucrt:log10.obj
 0001:000155cf       __log10_default            100165cf     libucrt:log10.obj
 0001:00015690       _ceil                      10016690 f   libucrt:ceil_pentium4.obj
 0001:000156d0       __ceil_pentium4            100166d0 f   libucrt:ceil_pentium4.obj
 0001:000157ad       ___acrt_stdio_allocate_buffer_nolock 100167ad f   libucrt:_getbuf.obj
 0001:0001580a       ??$?RV<lambda_123407a5e2ac06da108355a851863b7a>@@AAV<lambda_2fe9b910cf3cbf4a0ab98a02ba45b3ec>@@V<lambda_ae55bdf541ad94d75914d381c370e64d>@@@?$__crt_seh_guarded_call@H@@QAEH$$QAV<lambda_123407a5e2ac06da108355a851863b7a>@@AAV<lambda_2fe9b910cf3cbf4a0ab98a02ba45b3ec>@@$$QAV<lambda_ae55bdf541ad94d75914d381c370e64d>@@@Z 1001680a f i libucrt:close.obj
 0001:0001588c       ??$__acrt_lowio_lock_fh_and_call@V<lambda_2fe9b910cf3cbf4a0ab98a02ba45b3ec>@@@@YAHH$$QAV<lambda_2fe9b910cf3cbf4a0ab98a02ba45b3ec>@@@Z 1001688c f i libucrt:close.obj
 0001:000158b4       __close                    100168b4 f   libucrt:close.obj
 0001:00015933       __close_nolock             10016933 f   libucrt:close.obj
 0001:000159cf       ?__acrt_stdio_free_stream@@YAXV__crt_stdio_stream@@@Z 100169cf f   libucrt:stream.obj
 0001:00015a0a       ___dcrt_lowio_initialize_console_output 10016a0a f   libucrt:initcon.obj
 0001:00015a29       ___dcrt_terminate_console_output 10016a29 f   libucrt:initcon.obj
 0001:00015ce3       __getfpcontrolword         10016ce3 f   libucrt:_fenvutils.obj
 0001:00015d26       __getfpstatusword          10016d26 f   libucrt:_fenvutils.obj
 0001:00015dce       __setfpcontrolword         10016dce f   libucrt:_fenvutils.obj
 0001:00015e4e       __setfpstatusword          10016e4e f   libucrt:_fenvutils.obj
 0001:00015ece       __clearfp                  10016ece f   libucrt:ieee87.obj
 0001:00015fac       ___acrt_initialize_sse2    10016fac f   libucrt:mathfcns.obj
 0001:00015fc0       __CIlog10_pentium4         10016fc0 f   libucrt:log10_pentium4.obj
 0001:00015fd8       __log10_pentium4           10016fd8     libucrt:log10_pentium4.obj
 0001:00016261       __fFEXP                    10017261     libucrt:87tran.obj
 0001:000162b8       __rtinfpopse               100172b8     libucrt:87tran.obj
 0001:000162ba       __rtinfnpopse              100172ba     libucrt:87tran.obj
 0001:000162ca       __fFLN                     100172ca     libucrt:87tran.obj
 0001:0001637f       __rtinfpop                 1001737f     libucrt:87tran.obj
 0001:00016381       __rtinfnpop                10017381     libucrt:87tran.obj
 0001:0001639e       __ffexpm1                  1001739e     libucrt:87tran.obj
 0001:00016450       __trandisp1                10017450 f   libucrt:87disp.obj
 0001:000164b7       __trandisp2                100174b7 f   libucrt:87disp.obj
 0001:00016543       __rttospopde               10017543     libucrt:87disp.obj
 0001:00016548       __rttospop                 10017548     libucrt:87disp.obj
 0001:0001654a       __rtnospop                 1001754a     libucrt:87disp.obj
 0001:0001654c       __rttosnpop                1001754c     libucrt:87disp.obj
 0001:0001654d       __rtnospopde               1001754d     libucrt:87disp.obj
 0001:00016554       __rtzeropop                10017554     libucrt:87disp.obj
 0001:00016556       __rtzeronpop               10017556     libucrt:87disp.obj
 0001:0001655b       __rtzerospop               1001755b     libucrt:87disp.obj
 0001:00016568       __rtonepop                 10017568     libucrt:87disp.obj
 0001:0001656a       __rtonenpop                1001756a     libucrt:87disp.obj
 0001:0001656f       __tosnan1                  1001756f     libucrt:87disp.obj
 0001:0001659a       __nosnan2                  1001759a     libucrt:87disp.obj
 0001:0001659c       __tosnan2                  1001759c     libucrt:87disp.obj
 0001:000165c4       __nan2                     100175c4     libucrt:87disp.obj
 0001:00016603       __rtindfpop                10017603     libucrt:87disp.obj
 0001:00016605       __rtindfnpop               10017605     libucrt:87disp.obj
 0001:00016616       __rttosnpopde              10017616     libucrt:87disp.obj
 0001:00016620       __rtatan2inf               10017620     libucrt:87disp.obj
 0001:0001663d       __rtchsifneg               1001763d     libucrt:87disp.obj
 0001:00016650       __twoToTOS                 10017650 f   libucrt:common.obj
 0001:00016665       __load_CW                  10017665 f   libucrt:common.obj
 0001:0001667c       __convertTOStoQNaN         1001767c f   libucrt:common.obj
 0001:00016695       __fload_withFB             10017695 f   libucrt:common.obj
 0001:000166d8       __checkTOS_withFB          100176d8 f   libucrt:common.obj
 0001:000166ee       __fast_exit                100176ee f   libucrt:common.obj
 0001:000166fb       __math_exit                100176fb f   libucrt:common.obj
 0001:00016725       __check_overflow_exit      10017725 f   libucrt:common.obj
 0001:00016739       __check_range_exit         10017739 f   libucrt:common.obj
 0001:000167e0       __startTwoArgErrorHandling 100177e0 f   libucrt:genexcep.obj
 0001:000167f7       __startOneArgErrorHandling 100177f7 f   libucrt:genexcep.obj
[...]
 0002:00007450       __ehfuncinfo$?Set@Nan@@YA?AV?$Maybe@_N@v8@@V?$Local@VObject@v8@@@3@IV?$Local@VValue@v8@@@3@@Z 10023450     serialport_win.obj
 0002:00007474       __unwindtable$?Error@Nan@@YA?AV?$Local@VValue@v8@@@v8@@PBD@Z 10023474     serialport_win.obj
 0002:00007494       __ehfuncinfo$?Error@Nan@@YA?AV?$Local@VValue@v8@@@v8@@PBD@Z 10023494     serialport_win.obj
 0002:000074b8       __unwindtable$??__Eg_closingHandles@@YAXXZ 100234b8     serialport_win.obj
 0002:000074c8       __ehfuncinfo$??__Eg_closingHandles@@YAXXZ 100234c8     serialport_win.obj
 0002:000074ec       __ehfuncinfo$?Write@@YAXABV?$FunctionCallbackInfo@VValue@v8@@@Nan@@@Z 100234ec     serialport_win.obj
 0002:00007510       __unwindtable$?Write@@YAXABV?$FunctionCallbackInfo@VValue@v8@@@Nan@@@Z 10023510     serialport_win.obj
 0002:00007540       __ehfuncinfo$?EIO_AfterWrite@@YAXPAUuv_async_s@@@Z 10023540     serialport_win.obj
 0002:00007564       __unwindtable$?EIO_AfterWrite@@YAXPAUuv_async_s@@@Z 10023564     serialport_win.obj
 0002:000075a4       __unwindtable$?Read@@YAXABV?$FunctionCallbackInfo@VValue@v8@@@Nan@@@Z 100235a4     serialport_win.obj
 0002:000075c4       __ehfuncinfo$?Read@@YAXABV?$FunctionCallbackInfo@VValue@v8@@@Nan@@@Z 100235c4     serialport_win.obj
 0002:000075e8       __ehfuncinfo$?EIO_AfterRead@@YAXPAUuv_async_s@@@Z 100235e8     serialport_win.obj
 0002:0000760c       __unwindtable$?EIO_AfterRead@@YAXPAUuv_async_s@@@Z 1002360c     serialport_win.obj
 0002:0000763c       __ehfuncinfo$?List@@YAXABV?$FunctionCallbackInfo@VValue@v8@@@Nan@@@Z 1002363c     serialport_win.obj
 0002:00007660       __unwindtable$?List@@YAXABV?$FunctionCallbackInfo@VValue@v8@@@Nan@@@Z 10023660     serialport_win.obj
 0002:00007698       __unwindtable$?EIO_List@@YAXPAUuv_work_s@@@Z 10023698     serialport_win.obj
 0002:000076a0       __ehfuncinfo$?EIO_List@@YAXPAUuv_work_s@@@Z 100236a0     serialport_win.obj
 0002:000076c4       __ehfuncinfo$??0ListResultItem@@QAE@XZ 100236c4     serialport_win.obj
 0002:000076e8       __unwindtable$??0ListResultItem@@QAE@XZ 100236e8     serialport_win.obj
 0002:00007720       __unwindtable$?setIfNotEmpty@@YAXV?$Local@VObject@v8@@@v8@@V?$basic_string@DU?$char_traits@D@std@@V?$allocator@D@2@@std@@PBD@Z 10023720     serialport_win.obj
 0002:00007730       __ehfuncinfo$?setIfNotEmpty@@YAXV?$Local@VObject@v8@@@v8@@V?$basic_string@DU?$char_traits@D@std@@V?$allocator@D@2@@std@@PBD@Z 10023730     serialport_win.obj
 0002:00007754       __ehfuncinfo$?EIO_AfterList@@YAXPAUuv_work_s@@@Z 10023754     serialport_win.obj
 0002:00007778       __unwindtable$?EIO_AfterList@@YAXPAUuv_work_s@@@Z 10023778     serialport_win.obj
 0002:00007800       __ehfuncinfo$??1ListBaton@@QAE@XZ 10023800     serialport_win.obj
 0002:00007824       __unwindtable$??1ListBaton@@QAE@XZ 10023824     serialport_win.obj
 0002:00007854       __unwindtable$??1?$list@HV?$allocator@H@std@@@std@@QAE@XZ 10023854     serialport_win.obj
 0002:00007864       __ehfuncinfo$??1?$list@HV?$allocator@H@std@@@std@@QAE@XZ 10023864     serialport_win.obj
 0002:00007888       __unwindtable$??1?$list@PAUListResultItem@@V?$allocator@PAUListResultItem@@@std@@@std@@QAE@XZ 10023888     serialport_win.obj
 0002:00007898       __ehfuncinfo$??1?$list@PAUListResultItem@@V?$allocator@PAUListResultItem@@@std@@@std@@QAE@XZ 10023898     serialport_win.obj
 0002:000078bc       __unwindtable$??1?$_List_buy@HV?$allocator@H@std@@@std@@QAE@XZ 100238bc     serialport_win.obj
 0002:000078c4       __ehfuncinfo$??1?$_List_buy@HV?$allocator@H@std@@@std@@QAE@XZ 100238c4     serialport_win.obj
 0002:000078e8       __unwindtable$??1?$_List_buy@PAUListResultItem@@V?$allocator@PAUListResultItem@@@std@@@std@@QAE@XZ 100238e8     serialport_win.obj
 0002:000078f0       __ehfuncinfo$??1?$_List_buy@PAUListResultItem@@V?$allocator@PAUListResultItem@@@std@@@std@@QAE@XZ 100238f0     serialport_win.obj
 0002:00007a00       __sehtable$___scrt_is_nonwritable_in_current_image 10023a00     LIBCMT:utility.obj
 0002:00007a20       __sehtable$?dllmain_crt_process_attach@@YAHQAUHINSTANCE__@@QAX@Z 10023a20     LIBCMT:dll_dllmain.obj
 0002:00007a40       __sehtable$?dllmain_crt_process_detach@@YAH_N@Z 10023a40     LIBCMT:dll_dllmain.obj
 0002:00007a60       __sehtable$?dllmain_dispatch@@YAHQAUHINSTANCE__@@KQAX@Z 10023a60     LIBCMT:dll_dllmain.obj
 0002:00007ab8       __sehtable$??$?RV<lambda_ab9923ffb5d694ec0d78876dd103e44f>@@AAV<lambda_481dd5778c961fbcd3b60b650e9b9dc4>@@V<lambda_7923d86c9e3f319b415918ec4b39749c>@@@?$__crt_seh_guarded_call@H@@QAEH$$QAV<lambda_ab9923ffb5d694ec0d78876dd103e44f>@@AAV<lambda_481dd5778c961fbcd3b60b650e9b9dc4>@@$$QAV<lambda_7923d86c9e3f319b415918ec4b39749c>@@@Z 10023ab8     libucrt:output.obj
 0002:00007ad8       __sehtable$__query_new_handler 10023ad8     libucrt:new_handler.obj
 0002:00007af8       __sehtable$?common_exit@@YAXHW4_crt_exit_cleanup_mode@@W4_crt_exit_return_mode@@@Z 10023af8     libucrt:exit.obj
 0002:00007b20       __sehtable$??$?RV<lambda_800076c951b434888f4765a74a194fcc>@@AAV<lambda_4e60a939b0d047cfe11ddc22648dfba9>@@V<lambda_6dbb1268764f43b569ce7b67e331d33a>@@@?$__crt_seh_guarded_call@H@@QAEH$$QAV<lambda_800076c951b434888f4765a74a194fcc>@@AAV<lambda_4e60a939b0d047cfe11ddc22648dfba9>@@$$QAV<lambda_6dbb1268764f43b569ce7b67e331d33a>@@@Z 10023b20     libucrt:onexit.obj
 0002:00007b40       __sehtable$??$?RV<lambda_995298e7d72eb4c2aab26c0585b3abe5>@@AAV<lambda_275893d493268fdec8709772e3fcec0e>@@V<lambda_293819299cbf9a7022e18b56a874bb5c>@@@?$__crt_seh_guarded_call@H@@QAEH$$QAV<lambda_995298e7d72eb4c2aab26c0585b3abe5>@@AAV<lambda_275893d493268fdec8709772e3fcec0e>@@$$QAV<lambda_293819299cbf9a7022e18b56a874bb5c>@@@Z 10023b40     libucrt:onexit.obj
 0002:00007b60       __sehtable$_terminate      10023b60     libucrt:terminate.obj
 0002:00007b80       __sehtable$_fflush         10023b80     libucrt:fflush.obj
 0002:00007ba0       __sehtable$_common_flush_all 10023ba0     libucrt:fflush.obj
 0002:00007bc8       __sehtable$??$?RV<lambda_d92cfe8357b99225085016881b624cb0>@@AAV<lambda_b721fa326cdb32351d23dfa67958c160>@@V<lambda_42d75b0848218ec137fa420c8ba9fdf9>@@@?$__crt_seh_guarded_call@H@@QAEH$$QAV<lambda_d92cfe8357b99225085016881b624cb0>@@AAV<lambda_b721fa326cdb32351d23dfa67958c160>@@$$QAV<lambda_42d75b0848218ec137fa420c8ba9fdf9>@@@Z 10023bc8     libucrt:setvbuf.obj
 0002:00007be8       __sehtable$_raise          10023be8     libucrt:signal.obj
 0002:00007c08       __sehtable$??$?RV<lambda_a048d3beccc847880fc8490e18b82769>@@AAV<lambda_ec61778202f4f5fc7e7711acc23c3bca>@@V<lambda_f7496a158712204296dd6628a163878e>@@@?$__crt_seh_guarded_call@P6AXH@Z@@QAEP6AXH@Z$$QAV<lambda_a048d3beccc847880fc8490e18b82769>@@AAV<lambda_ec61778202f4f5fc7e7711acc23c3bca>@@$$QAV<lambda_f7496a158712204296dd6628a163878e>@@@Z 10023c08     libucrt:signal.obj
 0002:00007c28       __sehtable$??$?RV<lambda_9df27f884b057bc3edfc946cb5b7cf47>@@AAV<lambda_e69574bed617af4e071282c136b37893>@@V<lambda_cc0d902bcbbeb830f749456577db4721>@@@?$__crt_seh_guarded_call@X@@QAEX$$QAV<lambda_9df27f884b057bc3edfc946cb5b7cf47>@@AAV<lambda_e69574bed617af4e071282c136b37893>@@$$QAV<lambda_cc0d902bcbbeb830f749456577db4721>@@@Z 10023c28     libucrt:per_thread_data.obj
 0002:00007c48       __sehtable$??$?RV<lambda_3518db117f0e7cdb002338c5d3c47b6c>@@AAV<lambda_b2ea41f6bbb362cd97d94c6828d90b61>@@V<lambda_abdedf541bb04549bc734292b4a045d4>@@@?$__crt_seh_guarded_call@X@@QAEX$$QAV<lambda_3518db117f0e7cdb002338c5d3c47b6c>@@AAV<lambda_b2ea41f6bbb362cd97d94c6828d90b61>@@$$QAV<lambda_abdedf541bb04549bc734292b4a045d4>@@@Z 10023c48     libucrt:per_thread_data.obj
 0002:00007c68       __sehtable$??$?RV<lambda_51b6e8b1eb166f2a3faf91f424b38130>@@AAV<lambda_6250bd4b2a391816dd638c3bf72b0bcb>@@V<lambda_0b5a4a3e68152e1d9b943535f5f47bed>@@@?$__crt_seh_guarded_call@X@@QAEX$$QAV<lambda_51b6e8b1eb166f2a3faf91f424b38130>@@AAV<lambda_6250bd4b2a391816dd638c3bf72b0bcb>@@$$QAV<lambda_0b5a4a3e68152e1d9b943535f5f47bed>@@@Z 10023c68     libucrt:per_thread_data.obj
 0002:00007c88       __sehtable$??$?RV<lambda_5b71d36f03204c0beab531769a5b5694>@@AAV<lambda_be2b3da3f62db62e9dad5dc70221a656>@@V<lambda_8f9ce462984622f9bf76b59e2aaaf805>@@@?$__crt_seh_guarded_call@X@@QAEX$$QAV<lambda_5b71d36f03204c0beab531769a5b5694>@@AAV<lambda_be2b3da3f62db62e9dad5dc70221a656>@@$$QAV<lambda_8f9ce462984622f9bf76b59e2aaaf805>@@@Z 10023c88     libucrt:per_thread_data.obj
 0002:00007ca8       __sehtable$___acrt_uninitialize_locale 10023ca8     libucrt:wsetlocale.obj
 0002:00007cc8       __sehtable$___acrt_initialize_lowio 10023cc8     libucrt:ioinit.obj
 0002:00007ce8       __sehtable$___acrt_update_thread_multibyte_data 10023ce8     libucrt:mbctype.obj
 0002:00007d08       __sehtable$??$?RV<lambda_978dc153c237d78434369da87b74ff60>@@AAV<lambda_ad1ced32f4ac17aa236e5ef05d6b3b7c>@@V<lambda_4a8533e2866a575feecb8298ce776b0d>@@@?$__crt_seh_guarded_call@X@@QAEX$$QAV<lambda_978dc153c237d78434369da87b74ff60>@@AAV<lambda_ad1ced32f4ac17aa236e5ef05d6b3b7c>@@$$QAV<lambda_4a8533e2866a575feecb8298ce776b0d>@@@Z 10023d08     libucrt:mbctype.obj
 0002:00007d28       __sehtable$__fcloseall     10023d28     libucrt:closeall.obj
 0002:00007d48       __sehtable$??$?RV<lambda_61cee617f5178ae960314fd4d05640a0>@@AAV<lambda_6978c1fb23f02e42e1d9e99668cc68aa>@@V<lambda_9cd88cf8ad10232537feb2133f08c833>@@@?$__crt_seh_guarded_call@H@@QAEH$$QAV<lambda_61cee617f5178ae960314fd4d05640a0>@@AAV<lambda_6978c1fb23f02e42e1d9e99668cc68aa>@@$$QAV<lambda_9cd88cf8ad10232537feb2133f08c833>@@@Z 10023d48     libucrt:commit.obj
 0002:00007d68       __sehtable$__write         10023d68     libucrt:write.obj
 0002:00007d88       __sehtable$___acrt_update_thread_locale_data 10023d88     libucrt:locale_refcounting.obj
 0002:00007da8       __sehtable$___acrt_lowio_ensure_fh_exists 10023da8     libucrt:osfinfo.obj
 0002:00007dc8       __sehtable$_fclose         10023dc8     libucrt:fclose.obj
 0002:00007de8       __sehtable$??$common_lseek@_J@@YA_JH_JH@Z 10023de8     libucrt:lseek.obj
 0002:00007e08       __sehtable$??$?RV<lambda_123407a5e2ac06da108355a851863b7a>@@AAV<lambda_2fe9b910cf3cbf4a0ab98a02ba45b3ec>@@V<lambda_ae55bdf541ad94d75914d381c370e64d>@@@?$__crt_seh_guarded_call@H@@QAEH$$QAV<lambda_123407a5e2ac06da108355a851863b7a>@@AAV<lambda_2fe9b910cf3cbf4a0ab98a02ba45b3ec>@@$$QAV<lambda_ae55bdf541ad94d75914d381c370e64d>@@@Z 10023e08     libucrt:close.obj
 0002:00007e28       __sehtable$__IsNonwritableInCurrentImage 10023e28     LIBCMT:pesect.obj
 0002:00007e48       __sehtable$___FrameUnwindToState 10023e48     libvcruntime:frame.obj
 0002:00007e70       __sehtable$?CallCatchBlock@@YAPAXPAUEHExceptionRecord@@PAUEHRegistrationNode@@PAU_CONTEXT@@PBU_s_FuncInfo@@PAXHK@Z 10023e70     libvcruntime:frame.obj
 0002:00007e98       __sehtable$___BuildCatchObject 10023e98     libvcruntime:frame.obj
 0002:00007eb8       __sehtable$___DestructExceptionObject 10023eb8     libvcruntime:frame.obj
 0002:00007ed4       __catchsym$?CallUnexpected@@YAXPBU_s_ESTypeList@@@Z$2 10023ed4     libvcruntime:frame.obj
 0002:00007ee4       __unwindtable$?CallUnexpected@@YAXPBU_s_ESTypeList@@@Z 10023ee4     libvcruntime:frame.obj
 0002:00007ef4       __tryblocktable$?CallUnexpected@@YAXPBU_s_ESTypeList@@@Z 10023ef4     libvcruntime:frame.obj
 0002:00007f08       __ehfuncinfo$?CallUnexpected@@YAXPBU_s_ESTypeList@@@Z 10023f08     libvcruntime:frame.obj
 0002:00007f30       __sehtable$___BuildCatchObjectHelper 10023f30     libvcruntime:frame.obj
 0002:00007f90       .edata                     10023f90     serialport.exp
 0002:00007fb8       rgpv                       10023fb8     serialport.exp
 0002:00007fbc       rgszName                   10023fbc     serialport.exp
 0002:00007fc0       rgwOrd                     10023fc0     serialport.exp
 0002:00007fc2       szName                     10023fc2     serialport.exp
 0002:00007fd2       $N00001                    10023fd2     serialport.exp
 0002:00008478       .idata$6                   10024478     kernel32:KERNEL32.dll
 0002:000084a8       .idata$6                   100244a8     advapi32:ADVAPI32.dll
 0002:0000922c       .idata$6                   1002522c     nw:nw.dll
 0002:0000949c       .idata$6                   1002549c     node:node.dll
 0002:00009550       .idata$6                   10025550     setupapi:SETUPAPI.dll
 0003:00000010       ?__vcrt_flsindex@@3KA      10026010     libvcruntime:per_thread_data.obj
 0003:00000034       _errno_no_memory           10026034     libucrt:errno.obj
 0003:00000038       _doserrno_no_memory        10026038     libucrt:errno.obj
 0003:000000e8       ___acrt_flsindex           100260e8     libucrt:per_thread_data.obj
 0003:000001e8       ___rgctypeflag             100261e8     libucrt:mbctype.obj
 0003:000001f0       ___rgcode_page_info        100261f0     libucrt:mbctype.obj
 0003:00000790       __module                   10026790     serialport.obj
 0003:000008b8       _GS_ExceptionRecord        100268b8     LIBCMT:gs_report.obj
 0003:00000908       _GS_ContextRecord          10026908     LIBCMT:gs_report.obj
 0003:00000bdc       ?module_local_atexit_table@@3U_onexit_table_t@@A 10026bdc     LIBCMT:utility.obj
 0003:00000be8       ?module_local_at_quick_exit_table@@3U_onexit_table_t@@A 10026be8     LIBCMT:utility.obj
 0003:00000bf4       ?is_initialized_as_dll@@3_NA 10026bf4     LIBCMT:utility.obj
 0003:00000bf8       ?__proc_attached@@3HA      10026bf8     LIBCMT:dll_dllmain.obj
 0003:00000c18       ?__vcrt_startup_thread_ptd@@3U__vcrt_ptd@@A 10026c18     libvcruntime:per_thread_data.obj
 0003:00000c40       ___vcrt_lock_table         10026c40     libvcruntime:locks.obj
 0003:00000c58       ___vcrt_locks_initialized  10026c58     libvcruntime:locks.obj
 0003:00000c5c       ?module_handles@@3PAPAUHINSTANCE__@@A 10026c5c     libvcruntime:winapi_downlevel.obj
 0003:00000c6c       ?encoded_function_pointers@@3PAPAXA 10026c6c     libvcruntime:winapi_downlevel.obj
 0003:00000cbc       ?heap@@3V_HeapManager@@A   10026cbc     libvcruntime:undname.obj
 0003:00000cd0       ___acrt_invalid_parameter_handler 10026cd0     libucrt:invalid_parameter.obj
 0003:00000cd4       ___acrt_new_handler        10026cd4     libucrt:new_handler.obj
 0003:00000cd8       _c_termination_complete    10026cd8     libucrt:exit.obj
 0003:00000cdc       _thread_local_exit_callback_func 10026cdc     libucrt:exit.obj
 0003:00000ce0       ?c_exit_complete@?5??common_exit@@YAXHW4_crt_exit_cleanup_mode@@W4_crt_exit_return_mode@@@Z@4_NA 10026ce0     libucrt:exit.obj
 0003:00000ce8       ?program_name@?5???$common_configure_argv@D@@YAHW4_crt_argv_mode@@@Z@4PADA 10026ce8     libucrt:argv_parsing.obj
 0003:00000e18       ___acrt_app_type           10026e18     libucrt:report_runtime_error.obj
 0003:00000e1c       ___acrt_error_mode         10026e1c     libucrt:set_error_mode.obj
 0003:00000e2c       _ctrlc_action              10026e2c     libucrt:signal.obj
 0003:00000e30       _ctrlbreak_action          10026e30     libucrt:signal.obj
 0003:00000e34       _abort_action              10026e34     libucrt:signal.obj
 0003:00000e38       _term_action               10026e38     libucrt:signal.obj
 0003:00000e3c       _enable_percent_n          10026e3c     libucrt:printf_count_output.obj
 0003:00001058       ___acrt_lock_table         10027058     libucrt:locks.obj
 0003:00001190       ___acrt_locks_initialized  10027190     libucrt:locks.obj
 0003:00001198       _module_handles            10027198     libucrt:winapi_thunks.obj
 0003:000011e8       _encoded_function_pointers 100271e8     libucrt:winapi_thunks.obj
 0003:00001268       ?state_cache@?1??__acrt_is_packaged_app@@9@4JA 10027268     libucrt:winapi_thunks.obj
 0003:00001284       _fSystemSet                10027284     libucrt:mbctype.obj
 0003:00001288       ?initialized@?1??__acrt_initialize_multibyte@@9@4_NA 10027288     libucrt:mbctype.obj
 0003:000012a8       _user_matherr              100272a8     libucrt:matherr.obj
 0003:000012ac       ___acrt_global_new_mode    100272ac     libucrt:new_mode.obj
 0003:000012bc       __pmatherr_set             100272bc     libucrt:libm_error.obj
 0003:000012c0       ?nw_dll@@3PAUHINSTANCE__@@A 100272c0     win_delay_load_hook.obj
 0003:000012c4       ?node_dll@@3PAUHINSTANCE__@@A 100272c4     win_delay_load_hook.obj
 0004:00000000       __guard_fids____dcrt_uninitialize_environments_nolock 10028000     libucrt:environment_initialization.obj
 0004:00000008       __guard_fids__             10028008     libucrt:initialization.obj
 0004:00000068       __guard_fids_??$common_show_message_box@_W@@YAHQB_W0I@Z 10028068     libucrt:crtmbox.obj
 0004:0000006c       __guard_fids____acrt_initialize_ptd 1002806c     libucrt:per_thread_data.obj
 0004:00000070       __guard_fids_??$expand_argument_wildcards@D@@YAHQAD0AAV?$argument_list@D@?A0xb0e4b824@@@Z 10028070     libucrt:argv_wildcards.obj
 0004:00000074       __guard_fids__             10028074     libucrt:stdio_initializer.obj
 0004:00000078       __guard_fids__             10028078     libucrt:stdio_initializer.obj
 0004:0000007c       __guard_fids__             1002807c     libucrt:locale_initializer.obj
 0004:00000080       __guard_fids__             10028080     libucrt:multibyte_initializer.obj
 0004:00000084       __guard_fids____libm_error_support 10028084     libucrt:libm_error.obj
 0004:00000088       __guard_fids__             10028088     libucrt:console_output_initializer.obj
 0004:0000008c       __guard_fids__             1002808c     libucrt:sse2_initializer.obj
 0004:00000090       __guard_fids__             10028090     libcpmt:xthrow.obj
 0004:00000098       __guard_fids__             10028098     libcpmt:xthrow.obj
 0004:000000a0       __guard_fids__             100280a0     libcpmt:xthrow.obj
 0004:000000a8       __guard_fids__             100280a8     libcpmt:xthrow.obj
 0004:000000b0       __guard_fids__             100280b0     libcpmt:xthrow.obj
 0004:000000b8       __guard_fids__             100280b8     libcpmt:xthrow.obj
 0004:000000bc       __guard_fids__             100280bc     libcpmt:xthrow.obj
 0004:000000c0       __guard_fids__             100280c0     libcpmt:xthrow.obj
 0004:000000c4       __guard_fids__             100280c4     libcpmt:xthrow.obj
 0004:000000c8       __guard_fids__             100280c8     libcpmt:xthrow.obj
 0004:000000cc       __guard_fids__             100280cc     libcpmt:xthrow.obj
 0004:000000d0       __guard_fids__             100280d0     libcpmt:xthrow.obj
 0004:000000d4       __guard_fids__             100280d4     libcpmt:xthrow.obj
 0004:000000d8       __guard_fids_?dllmain_crt_process_attach@@YAHQAUHINSTANCE__@@QAX@Z 100280d8     LIBCMT:dll_dllmain.obj
 0004:000000e0       __guard_fids_?dllmain_dispatch@@YAHQAUHINSTANCE__@@KQAX@Z 100280e0     LIBCMT:dll_dllmain.obj
 0004:000000e4       __guard_fids__             100280e4     LIBCMT:std_type_info_static.obj
 0004:000000e8       __guard_fids__             100280e8     LIBCMT:throw_bad_alloc.obj
 0004:000000f0       __guard_fids__             100280f0     LIBCMT:throw_bad_alloc.obj
 0004:000000f4       __guard_fids__             100280f4     LIBCMT:throw_bad_alloc.obj
 0004:000000f8       __guard_fids__             100280f8     LIBCMT:guard_support.obj
 0004:000000fc       __guard_fids____vcrt_initialize_ptd 100280fc     libvcruntime:per_thread_data.obj
 0004:00000100       __guard_fids__             10028100     libvcruntime:frame.obj
 0004:00000104       __guard_fids__             10028104     libvcruntime:frame.obj
 0004:0000010c       __guard_fids__             1002810c     libvcruntime:frame.obj
 0004:00000110       __guard_fids__             10028110     libvcruntime:frame.obj
 0005:00000060       $R000000                   10029060     * linker generated manifest res *

 Exports

  ordinal    name

        1    __register_serialport_
               exported name: _register_serialport_
