 serialport

 Timestamp is 5c522de8 (Wed Jan 30 16:06:16 2019)

 Preferred load address is 10000000

 Start         Length     Name                   Class
 0001:00000000 00000070H .text$di                CODE
 0001:00000070 0001a170H .text$mn                CODE
 0001:0001a1e0 00000d40H .text$x                 CODE
 0001:0001af20 0000008eH .text$yd                CODE
 0002:00000000 000002a8H .idata$5                DATA
 0002:000002a8 00000004H .00cfg                  DATA
 0002:000002ac 00000004H .CRT$XCA                DATA
 0002:000002b0 00000008H .CRT$XCU                DATA
 0002:000002b8 00000004H .CRT$XCZ                DATA
 0002:000002bc 00000004H .CRT$XIA                DATA
 0002:000002c0 0000000cH .CRT$XIC                DATA
 0002:000002cc 00000004H .CRT$XIZ                DATA
 0002:000002d0 00000004H .CRT$XPA                DATA
 0002:000002d4 00000008H .CRT$XPX                DATA
 0002:000002dc 00000004H .CRT$XPXA               DATA
 0002:000002e0 00000004H .CRT$XPZ                DATA
 0002:000002e4 00000004H .CRT$XTA                DATA
 0002:000002e8 00000008H .CRT$XTZ                DATA
 0002:000002ec 00000000H .gfids$y                DATA
 0002:000002f0 00006530H .rdata                  DATA
 0002:00006820 00000220H .rdata$r                DATA
 0002:00006a40 000000c0H .rdata$sxdata           DATA
 0002:00006b00 00000354H .rdata$zzzdbg           DATA
 0002:00006e54 00000004H .rtc$IAA                DATA
 0002:00006e58 00000004H .rtc$IZZ                DATA
 0002:00006e5c 00000004H .rtc$TAA                DATA
 0002:00006e60 00000008H .rtc$TZZ                DATA
 0002:00006e68 00001338H .xdata$x                DATA
 0002:000081a0 00000058H .edata                  DATA
 0002:000081f8 00000078H .idata$2                DATA
 0002:00008270 00000014H .idata$3                DATA
 0002:00008284 000002a8H .idata$4                DATA
 0002:0000852c 00001768H .idata$6                DATA
 0003:00000000 000007b4H .data                   DATA
 0003:000007b4 000000dcH .data$r                 DATA
 0003:00000890 00000a38H .bss                    DATA
 0004:00000000 00000060H .rsrc$01                DATA
 0004:00000060 00000180H .rsrc$02                DATA

  Address         Publics by Value              Rva+Base       Lib:Object

 0000:00000000       ___guard_iat_count         00000000     <absolute>
 0000:00000000       ___guard_longjmp_count     00000000     <absolute>
 0000:00000000       ___guard_fids_count        00000000     <absolute>
 0000:00000000       ___guard_longjmp_table     00000000     <absolute>
 0000:00000000       ___hybrid_code_map_count   00000000     <absolute>
 0000:00000000       __except_list              00000000     <absolute>
 0000:00000000       ___hybrid_auxiliary_iat    00000000     <absolute>
 0000:00000000       ___guard_fids_table        00000000     <absolute>
 0000:00000000       ___dynamic_value_reloc_table 00000000     <absolute>
 0000:00000000       ___guard_iat_table         00000000     <absolute>
 0000:00000000       ___volatile_metadata       00000000     <absolute>
 0000:00000000       ___enclave_config          00000000     <absolute>
 0000:00000000       ___hybrid_code_map         00000000     <absolute>
 0000:00000030       ___safe_se_handler_count   00000030     <absolute>
 0000:00000100       ___guard_flags             00000100     <absolute>
 0000:00000000       ___ImageBase               10000000     <linker-defined>
 0001:00000070       ___local_stdio_printf_options 10001070 f i serialport.obj
 0001:00000080       _snprintf                  10001080 f i serialport.obj
 0001:000001a0       ?New@?$Factory@VFunctionTemplate@v8@@@imp@Nan@@SA?AV?$Local@VFunctionTemplate@v8@@@v8@@P6AXABV?$FunctionCallbackInfo@VValue@v8@@@3@@ZV?$Local@VValue@v8@@@5@V?$Local@VSignature@v8@@@5@@Z 100011a0 f i serialport.obj
 0001:00000330       ??1AsyncResource@Nan@@QAE@XZ 10001330 f i serialport.obj
 0001:00000380       ??1EscapableHandleScope@Nan@@QAE@XZ 10001380 f i serialport.obj
 0001:000003d0       ??1HandleScope@Nan@@QAE@XZ 100013d0 f i serialport.obj
 0001:00000420       ?ThrowTypeError@Nan@@YAXPBD@Z 10001420 f i serialport.obj
 0001:000004d0       ??1Utf8String@Nan@@QAE@XZ  100014d0 f i serialport.obj
 0001:00000520       ??1Callback@Nan@@QAE@XZ    10001520 f i serialport.obj
 0001:00000590       ?Call@Callback@Nan@@QBE?AV?$Local@VValue@v8@@@v8@@HQAV34@@Z 10001590 f i serialport.obj
 0001:00000770       ??1?$Persistent@VObject@v8@@V?$NonCopyablePersistentTraits@VObject@v8@@@2@@Nan@@QAE@XZ 10001770 f i serialport_win.obj
 0001:00000770       ??1?$Persistent@VFunction@v8@@V?$NonCopyablePersistentTraits@VFunction@v8@@@2@@Nan@@QAE@XZ 10001770 f i serialport.obj
 0001:000007b0       ?getValueFromObject@@YA?AV?$Local@VValue@v8@@@v8@@V?$Local@VObject@v8@@@2@V?$basic_string@DU?$char_traits@D@std@@V?$allocator@D@2@@std@@@Z 100017b0 f   serialport.obj
 0001:000008e0       ?getIntFromObject@@YAHV?$Local@VObject@v8@@@v8@@V?$basic_string@DU?$char_traits@D@std@@V?$allocator@D@2@@std@@@Z 100018e0 f   serialport.obj
 0001:00000a00       ?getBoolFromObject@@YA_NV?$Local@VObject@v8@@@v8@@V?$basic_string@DU?$char_traits@D@std@@V?$allocator@D@2@@std@@@Z 10001a00 f   serialport.obj
 0001:00000b30       ?Open@@YAXABV?$FunctionCallbackInfo@VValue@v8@@@Nan@@@Z 10001b30 f   serialport.obj
 0001:00001190       ?EIO_AfterOpen@@YAXPAUuv_work_s@@@Z 10002190 f   serialport.obj
 0001:00001310       ?Update@@YAXABV?$FunctionCallbackInfo@VValue@v8@@@Nan@@@Z 10002310 f   serialport.obj
 0001:00001610       ?EIO_AfterUpdate@@YAXPAUuv_work_s@@@Z 10002610 f   serialport.obj
 0001:00001710       ?Close@@YAXABV?$FunctionCallbackInfo@VValue@v8@@@Nan@@@Z 10002710 f   serialport.obj
 0001:00001900       ?EIO_AfterDrain@@YAXPAUuv_work_s@@@Z 10002900 f   serialport.obj
 0001:00001900       ?EIO_AfterClose@@YAXPAUuv_work_s@@@Z 10002900 f   serialport.obj
 0001:00001900       ?EIO_AfterFlush@@YAXPAUuv_work_s@@@Z 10002900 f   serialport.obj
 0001:00001a00       ?Flush@@YAXABV?$FunctionCallbackInfo@VValue@v8@@@Nan@@@Z 10002a00 f   serialport.obj
 0001:00001be0       ?Set@@YAXABV?$FunctionCallbackInfo@VValue@v8@@@Nan@@@Z 10002be0 f   serialport.obj
 0001:00001f60       ?EIO_AfterSet@@YAXPAUuv_work_s@@@Z 10002f60 f   serialport.obj
 0001:00002060       ?Get@@YAXABV?$FunctionCallbackInfo@VValue@v8@@@Nan@@@Z 10003060 f   serialport.obj
 0001:00002250       ?EIO_AfterGet@@YAXPAUuv_work_s@@@Z 10003250 f   serialport.obj
 0001:00002470       ?GetBaudRate@@YAXABV?$FunctionCallbackInfo@VValue@v8@@@Nan@@@Z 10003470 f   serialport.obj
 0001:00002660       ?EIO_AfterGetBaudRate@@YAXPAUuv_work_s@@@Z 10003660 f   serialport.obj
 0001:00002830       ?Drain@@YAXABV?$FunctionCallbackInfo@VValue@v8@@@Nan@@@Z 10003830 f   serialport.obj
 0001:00002a10       ?ToParityEnum@@YA?AW4SerialPortParity@@ABV?$Local@VString@v8@@@v8@@@Z 10003a10 f i serialport.obj
 0001:00002c10       _init                      10003c10 f   serialport.obj
 0001:00002d50       ??1?$Persistent@VObject@v8@@V?$NonCopyablePersistentTraits@VObject@v8@@@2@@v8@@QAE@XZ 10003d50 f i serialport_win.obj
 0001:00002d50       ??1?$Persistent@VFunction@v8@@V?$NonCopyablePersistentTraits@VFunction@v8@@@2@@v8@@QAE@XZ 10003d50 f i serialport.obj
 0001:00002d90       ??1?$basic_string@DU?$char_traits@D@std@@V?$allocator@D@2@@std@@QAE@XZ 10003d90 f i serialport.obj
 0001:00002e10       ??0?$basic_string@DU?$char_traits@D@std@@V?$allocator@D@2@@std@@QAE@ABV01@@Z 10003e10 f i serialport.obj
 0001:00002ed0       ?assign@?$basic_string@DU?$char_traits@D@std@@V?$allocator@D@2@@std@@QAEAAV12@QBD@Z 10003ed0 f i serialport.obj
 0001:00003000       ??$New@VString@v8@@V?$basic_string@DU?$char_traits@D@std@@V?$allocator@D@2@@std@@@Nan@@YA?AV?$MaybeLocal@VString@v8@@@v8@@V?$basic_string@DU?$char_traits@D@std@@V?$allocator@D@2@@std@@@Z 10004000 f i serialport.obj
 0001:000030e0       ??$SetMethod@VObject@v8@@VLocal@2@@Nan@@YAXV?$Local@VObject@v8@@@v8@@PBDP6AXABV?$FunctionCallbackInfo@VValue@v8@@@0@@Z@Z 100040e0 f i serialport.obj
 0001:000031a0       ?_Xlen@?$basic_string@DU?$char_traits@D@std@@V?$allocator@D@2@@std@@SAXXZ 100041a0 f i serialport.obj
 0001:000031b0       ??$SetMethodAux@V?$Local@VObject@v8@@@v8@@@imp@Nan@@YAXV?$Local@VObject@v8@@@v8@@V?$Local@VString@v8@@@3@V?$Local@VFunctionTemplate@v8@@@3@ZZ 100041b0 f i serialport.obj
 0001:00003260       __snprintf_s               10004260 f i serialport_win.obj
 0001:000032a0       ?ErrorCodeToString@@YAXPBDHPAD@Z 100042a0 f   serialport_win.obj
 0001:00003360       ?AsyncCloseCallback@@YAXPAUuv_handle_s@@@Z 10004360 f   serialport_win.obj
 0001:00003370       ?EIO_Open@@YAXPAUuv_work_s@@@Z 10004370 f   serialport_win.obj
 0001:000036a0       ?EIO_Update@@YAXPAUuv_work_s@@@Z 100046a0 f   serialport_win.obj
 0001:00003750       ?EIO_Set@@YAXPAUuv_work_s@@@Z 10004750 f   serialport_win.obj
 0001:00003810       ?EIO_Get@@YAXPAUuv_work_s@@@Z 10004810 f   serialport_win.obj
 0001:00003880       ?EIO_GetBaudRate@@YAXPAUuv_work_s@@@Z 10004880 f   serialport_win.obj
 0001:00003920       ?Write@@YAXABV?$FunctionCallbackInfo@VValue@v8@@@Nan@@@Z 10004920 f   serialport_win.obj
 0001:00003bf0       ?WriteIOCompletion@@YGXKKPAU_OVERLAPPED@@@Z 10004bf0 f   serialport_win.obj
 0001:00003c50       ?WriteThread@@YGKPAX@Z     10004c50 f   serialport_win.obj
 0001:00003d00       ?EIO_AfterWrite@@YAXPAUuv_async_s@@@Z 10004d00 f   serialport_win.obj
 0001:00003e40       ?Read@@YAXABV?$FunctionCallbackInfo@VValue@v8@@@Nan@@@Z 10004e40 f   serialport_win.obj
 0001:00004230       ?ReadIOCompletion@@YGXKKPAU_OVERLAPPED@@@Z 10005230 f   serialport_win.obj
 0001:00004400       ?ReadThread@@YGKPAX@Z      10005400 f   serialport_win.obj
 0001:00004510       ?EIO_AfterRead@@YAXPAUuv_async_s@@@Z 10005510 f   serialport_win.obj
 0001:000046e0       ?EIO_Close@@YAXPAUuv_work_s@@@Z 100056e0 f   serialport_win.obj
 0001:00004780       ?List@@YAXABV?$FunctionCallbackInfo@VValue@v8@@@Nan@@@Z 10005780 f   serialport_win.obj
 0001:000048e0       ?getSerialNumber@@YAXPBD0QAXU_SP_DEVINFO_DATA@@IPAD@Z 100058e0 f   serialport_win.obj
 0001:00004be0       ?EIO_List@@YAXPAUuv_work_s@@@Z 10005be0 f   serialport_win.obj
 0001:00005150       ?setIfNotEmpty@@YAXV?$Local@VObject@v8@@@v8@@V?$basic_string@DU?$char_traits@D@std@@V?$allocator@D@2@@std@@PBD@Z 10006150 f   serialport_win.obj
 0001:000052d0       ?EIO_AfterList@@YAXPAUuv_work_s@@@Z 100062d0 f   serialport_win.obj
 0001:000056f0       ??1ListResultItem@@QAE@XZ  100066f0 f i serialport_win.obj
 0001:00005950       ?EIO_Flush@@YAXPAUuv_work_s@@@Z 10006950 f   serialport_win.obj
 0001:00005980       ?EIO_Drain@@YAXPAUuv_work_s@@@Z 10006980 f   serialport_win.obj
 0001:000059b0       ??1?$list@PAUListResultItem@@V?$allocator@PAUListResultItem@@@std@@@std@@QAE@XZ 100069b0 f i serialport_win.obj
 0001:00005a30       ??1?$_List_buy@HV?$allocator@H@std@@@std@@QAE@XZ 10006a30 f i serialport_win.obj
 0001:00005a80       ??1?$_List_buy@PAUListResultItem@@V?$allocator@PAUListResultItem@@@std@@@std@@QAE@XZ 10006a80 f i serialport_win.obj
 0001:00005ad0       ??1?$_List_alloc@U?$_List_base_types@HV?$allocator@H@std@@@std@@@std@@QAE@XZ 10006ad0 f i serialport_win.obj
 0001:00005b20       ??1?$_List_alloc@U?$_List_base_types@PAUListResultItem@@V?$allocator@PAUListResultItem@@@std@@@std@@@std@@QAE@XZ 10006b20 f i serialport_win.obj
 0001:00005b5d       ??0bad_alloc@std@@QAE@ABV01@@Z 10006b5d f i libcpmt:xthrow.obj
 0001:00005b78       ??0bad_alloc@std@@QAE@XZ   10006b78 f i libcpmt:xthrow.obj
 0001:00005b90       ??0exception@std@@QAE@ABV01@@Z 10006b90 f i libcpmt:xthrow.obj
 0001:00005bbc       ??0exception@std@@QAE@QBD@Z 10006bbc f i libcpmt:xthrow.obj
 0001:00005bf1       ??0length_error@std@@QAE@ABV01@@Z 10006bf1 f i libcpmt:xthrow.obj
 0001:00005c0c       ??0length_error@std@@QAE@PBD@Z 10006c0c f i libcpmt:xthrow.obj
 0001:00005c2b       ??0logic_error@std@@QAE@ABV01@@Z 10006c2b f i libcpmt:xthrow.obj
 0001:00005c46       ??1length_error@std@@UAE@XZ 10006c46 f i libcpmt:xthrow.obj
 0001:00005c46       ??1bad_exception@std@@UAE@XZ 10006c46 f i libvcruntime:frame.obj
 0001:00005c46       ??1bad_array_new_length@std@@UAE@XZ 10006c46 f i LIBCMT:throw_bad_alloc.obj
 0001:00005c46       ??1bad_alloc@std@@UAE@XZ   10006c46 f i libcpmt:xthrow.obj
 0001:00005c57       ??_Gbad_alloc@std@@UAEPAXI@Z 10006c57 f i libcpmt:xthrow.obj
 0001:00005c57       ??_Ebad_exception@std@@UAEPAXI@Z 10006c57 f i libvcruntime:frame.obj
 0001:00005c57       ??_Elogic_error@std@@UAEPAXI@Z 10006c57 f i libcpmt:xthrow.obj
 0001:00005c57       ??_Gexception@std@@UAEPAXI@Z 10006c57 f i libcpmt:xthrow.obj
 0001:00005c57       ??_Gbad_exception@std@@UAEPAXI@Z 10006c57 f i libvcruntime:frame.obj
 0001:00005c57       ??_Glogic_error@std@@UAEPAXI@Z 10006c57 f i libcpmt:xthrow.obj
 0001:00005c57       ??_Ebad_alloc@std@@UAEPAXI@Z 10006c57 f i libcpmt:xthrow.obj
 0001:00005c57       ??_Ebad_array_new_length@std@@UAEPAXI@Z 10006c57 f i LIBCMT:throw_bad_alloc.obj
 0001:00005c57       ??_Elength_error@std@@UAEPAXI@Z 10006c57 f i libcpmt:xthrow.obj
 0001:00005c57       ??_Gbad_array_new_length@std@@UAEPAXI@Z 10006c57 f i LIBCMT:throw_bad_alloc.obj
 0001:00005c57       ??_Glength_error@std@@UAEPAXI@Z 10006c57 f i libcpmt:xthrow.obj
 0001:00005c57       ??_Eexception@std@@UAEPAXI@Z 10006c57 f i libcpmt:xthrow.obj
 0001:00005c84       ?_Xlength_error@std@@YAXPBD@Z 10006c84 f   libcpmt:xthrow.obj
 0001:00005ca4       ?what@exception@std@@UBEPBDXZ 10006ca4 f i libcpmt:xthrow.obj
 0001:00005cb1       @__security_check_cookie@4 10006cb1 f   LIBCMT:_secchk_.obj
 0001:00005cc2       ??2@YAPAXI@Z               10006cc2 f   LIBCMT:new_scalar.obj
 0001:00005cf2       ??3@YAXPAX@Z               10006cf2 f   LIBCMT:delete_scalar.obj
 0001:00005cf7       ??3@YAXPAXI@Z              10006cf7 f   LIBCMT:delete_scalar_size.obj
 0001:00005d05       ___raise_securityfailure   10006d05 f   LIBCMT:gs_report.obj
 0001:00005d2d       ___report_gsfailure        10006d2d f   LIBCMT:gs_report.obj
 0001:00005e26       ___report_rangecheckfailure 10006e26 f   LIBCMT:gs_report.obj
 0001:00005e32       ___report_securityfailure  10006e32 f   LIBCMT:gs_report.obj
 0001:00005f00       ??$__crt_fast_encode_pointer@PAP6AXXZ@@YAPAP6AXXZQAP6AXXZ@Z 10006f00 f i LIBCMT:utility.obj
 0001:00005f00       ??$__crt_fast_encode_pointer@PAX@@YAPAXQAX@Z 10006f00 f i libvcruntime:winapi_downlevel.obj
 0001:00005f61       ___scrt_acquire_startup_lock 10006f61 f   LIBCMT:utility.obj
 0001:00005f93       ___scrt_dllmain_after_initialize_c 10006f93 f   LIBCMT:utility.obj
 0001:00005fbe       ___scrt_dllmain_before_initialize_c 10006fbe f   LIBCMT:utility.obj
 0001:00005fcc       ___scrt_dllmain_crt_thread_attach 10006fcc f   LIBCMT:utility.obj
 0001:00005feb       ___scrt_dllmain_crt_thread_detach 10006feb f   LIBCMT:utility.obj
 0001:00005ff8       ___scrt_dllmain_exception_filter 10006ff8 f   LIBCMT:utility.obj
 0001:0000602c       ___scrt_dllmain_uninitialize_c 1000702c f   LIBCMT:utility.obj
 0001:0000604f       ___scrt_dllmain_uninitialize_critical 1000704f f   LIBCMT:utility.obj
 0001:0000605c       ___scrt_initialize_crt     1000705c f   LIBCMT:utility.obj
 0001:00006095       ___scrt_initialize_onexit_tables 10007095 f   LIBCMT:utility.obj
 0001:0000613a       ___scrt_is_nonwritable_in_current_image 1000713a f   LIBCMT:utility.obj
 0001:000061ce       ___scrt_release_startup_lock 100071ce f   LIBCMT:utility.obj
 0001:000061eb       ___scrt_uninitialize_crt   100071eb f   LIBCMT:utility.obj
 0001:00006213       __onexit                   10007213 f   LIBCMT:utility.obj
 0001:0000624e       _atexit                    1000724e f   LIBCMT:utility.obj
 0001:00006583       __DllMainCRTStartup@12     10007583 f   LIBCMT:dll_dllmain.obj
 0001:000065a6       ??_Gtype_info@@UAEPAXI@Z   100075a6 f i LIBCMT:std_type_info_static.obj
 0001:000065a6       ??_Etype_info@@UAEPAXI@Z   100075a6 f i LIBCMT:std_type_info_static.obj
 0001:000065c9       ??0bad_array_new_length@std@@QAE@ABV01@@Z 100075c9 f i LIBCMT:throw_bad_alloc.obj
 0001:000065e4       ??0bad_array_new_length@std@@QAE@XZ 100075e4 f i LIBCMT:throw_bad_alloc.obj
 0001:000065fc       ?__scrt_throw_std_bad_alloc@@YAXXZ 100075fc f   LIBCMT:throw_bad_alloc.obj
 0001:00006619       ?__scrt_throw_std_bad_array_new_length@@YAXXZ 10007619 f   LIBCMT:throw_bad_alloc.obj
 0001:00006636       ___isa_available_init      10007636 f   LIBCMT:_cpu_disp_.obj
 0001:000067cd       __get_startup_argv_mode    100077cd f   LIBCMT:argv_mode.obj
 0001:000067d1       ___scrt_is_ucrt_dll_in_use 100077d1 f   LIBCMT:ucrt_detection.obj
 0001:000067dd       ___scrt_fastfail           100077dd f   LIBCMT:utility_desktop.obj
 0001:000068f7       __crt_debugger_hook        100078f7 f   LIBCMT:utility_desktop.obj
 0001:00006900       __SEH_prolog4              10007900 f   LIBCMT:_sehprolg4_.obj
 0001:00006946       __SEH_epilog4              10007946 f   LIBCMT:_sehprolg4_.obj
 0001:0000695b       @_guard_check_icall_nop@4  1000795b f i LIBCMT:guard_support.obj
 0001:000069a9       ___security_init_cookie    100079a9 f   LIBCMT:gs_support.obj
 0001:000069f4       _DllMain@12                100079f4 f   LIBCMT:dll_dllmain_stub.obj
 0001:000069fa       ?__scrt_initialize_type_info@@YAXXZ 100079fa f   LIBCMT:tncleanup.obj
 0001:00006a06       ?__scrt_uninitialize_type_info@@YAXXZ 10007a06 f   LIBCMT:tncleanup.obj
 0001:00006a12       ___local_stdio_scanf_options 10007a12 f i LIBCMT:default_local_stdio_options.obj
 0001:00006a18       ___scrt_initialize_default_local_stdio_options 10007a18 f   LIBCMT:default_local_stdio_options.obj
 0001:00006a35       ___scrt_get_dyn_tls_init_callback 10007a35 f   LIBCMT:dyn_tls_init.obj
 0001:00006a3b       __RTC_Initialize           10007a3b f   LIBCMT:_initsect_.obj
 0001:00006a67       __RTC_Terminate            10007a67 f   LIBCMT:_initsect_.obj
 0001:00006a93       ?GetRangeOfTrysToCheck@__FrameHandler3@@SA?AU?$pair@Viterator@TryBlockMap@__FrameHandler3@@V123@@std@@AAVTryBlockMap@1@HH@Z 10007a93 f   libvcruntime:trnsctrl.obj
 0001:00006b15       ?_CallCatchBlock2@@YAPAXPAUEHRegistrationNode@@PBU_s_FuncInfo@@PAXHK@Z 10007b15 f   libvcruntime:trnsctrl.obj
 0001:00006b73       ?_CallSETranslator@@YAHPAUEHExceptionRecord@@PAUEHRegistrationNode@@PAX2PBU_s_FuncInfo@@H1@Z 10007b73 f   libvcruntime:trnsctrl.obj
 0001:00006c4e       ?_JumpToContinuation@@YGXPAXPAUEHRegistrationNode@@@Z 10007c4e f   libvcruntime:trnsctrl.obj
 0001:00006c7e       ?_UnwindNestedFrames@@YGXPAUEHRegistrationNode@@PAUEHExceptionRecord@@@Z 10007c7e f   libvcruntime:trnsctrl.obj
 0001:00006cd1       __CatchGuardHandler        10007cd1 f   libvcruntime:trnsctrl.obj
 0001:00006d02       __CreateFrameInfo          10007d02 f   libvcruntime:trnsctrl.obj
 0001:00006d26       __FindAndUnlinkFrame       10007d26 f   libvcruntime:trnsctrl.obj
 0001:00006d6b       __TranslatorGuardHandler   10007d6b f   libvcruntime:trnsctrl.obj
 0001:00006e08       ___CxxFrameHandler3        10007e08 f   libvcruntime:trnsctrl.obj
 0001:00006e40       _strstr                    10007e40 f   libvcruntime:strstr.obj
 0001:000070a3       ___std_exception_copy      100080a3 f   libvcruntime:std_exception.obj
 0001:00007106       ___std_exception_destroy   10008106 f   libvcruntime:std_exception.obj
 0001:00007125       __CxxThrowException@8      10008125 f   libvcruntime:throw.obj
 0001:00007192       ___vcrt_initialize         10008192 f   libvcruntime:initialization.obj
 0001:000071bb       ___vcrt_thread_attach      100081bb f   libvcruntime:initialization.obj
 0001:000071c6       ___vcrt_thread_detach      100081c6 f   libvcruntime:initialization.obj
 0001:000071d1       ___vcrt_uninitialize       100081d1 f   libvcruntime:initialization.obj
 0001:000071f0       ___vcrt_uninitialize_critical 100081f0 f   libvcruntime:initialization.obj
 0001:00007240       __except_handler4          10008240 f   libvcruntime:_chandler4_.obj
 0001:000073a0       _memset                    100083a0 f   libvcruntime:memset.obj
 0001:000074fa       ___std_type_info_compare   100084fa f   libvcruntime:std_type_info.obj
 0001:00007536       ___std_type_info_destroy_list 10008536 f   libvcruntime:std_type_info.obj
 0001:00007559       ___vcrt_freefls@4          10008559 f   libvcruntime:per_thread_data.obj
 0001:00007575       ___vcrt_freeptd            10008575 f   libvcruntime:per_thread_data.obj
 0001:000075ab       ___vcrt_getptd             100085ab f   libvcruntime:per_thread_data.obj
 0001:000075b9       ___vcrt_getptd_noexit      100085b9 f   libvcruntime:per_thread_data.obj
 0001:0000764b       ___vcrt_initialize_ptd     1000864b f   libvcruntime:per_thread_data.obj
 0001:0000767e       ___vcrt_uninitialize_ptd   1000867e f   libvcruntime:per_thread_data.obj
 0001:00007d90       ??$TypeMatchHelper@$$CBU_s_HandlerType@@@@YAHPBU_s_HandlerType@@PBU_s_CatchableType@@PBU_s_ThrowInfo@@@Z 10008d90 f i libvcruntime:frame.obj
 0001:00007e1e       ??$__InternalCxxFrameHandler@V__FrameHandler3@@@@YA?AW4_EXCEPTION_DISPOSITION@@PAUEHExceptionRecord@@PAUEHRegistrationNode@@PAU_CONTEXT@@PAXPBU_s_FuncInfo@@H1E@Z 10008e1e f i libvcruntime:frame.obj
 0001:00007f20       ??0bad_exception@std@@QAE@ABV01@@Z 10008f20 f i libvcruntime:frame.obj
 0001:00007f3b       ??0bad_exception@std@@QAE@XZ 10008f3b f i libvcruntime:frame.obj
 0001:00007f53       ??8type_info@@QBE_NABV0@@Z 10008f53 f i libvcruntime:frame.obj
 0001:000081ba       ?FrameUnwindToEmptyState@__FrameHandler3@@SAXPAUEHRegistrationNode@@PAXPBU_s_FuncInfo@@@Z 100091ba f   libvcruntime:frame.obj
 0001:000081d2       ?FrameUnwindToState@__FrameHandler3@@SAXPAUEHRegistrationNode@@PAXPBU_s_FuncInfo@@H@Z 100091d2 f   libvcruntime:frame.obj
 0001:00008354       ?_CallMemberFunction1@@YGXQAX00@Z 10009354 f i libvcruntime:frame.obj
 0001:00008364       ?_CallMemberFunction2@@YGXQAX00H@Z 10009364 f i libvcruntime:frame.obj
 0001:00008377       ?getESTypes@__FrameHandler3@@SAPBU_s_ESTypeList@@PBU_s_FuncInfo@@@Z 10009377 f i libvcruntime:frame.obj
 0001:00008390       __CallSettingFrame@12      10009390 f   libvcruntime:lowhelpr.obj
 0001:000083b7       __NLG_Return               100093b7     libvcruntime:lowhelpr.obj
 0001:000083dc       ___except_validate_context_record 100093dc f   libvcruntime:jbcxrval.obj
 0001:0000840c       ___except_validate_jump_buffer 1000940c f   libvcruntime:jbcxrval.obj
 0001:00008440       _strchr                    10009440 f   libvcruntime:strchr.obj
 0001:000084ae       ___from_strstr_to_strchr   100094ae     libvcruntime:strchr.obj
 0001:0000856b       ___vcrt_initialize_locks   1000956b f   libvcruntime:locks.obj
 0001:000085a7       ___vcrt_uninitialize_locks 100095a7 f   libvcruntime:locks.obj
 0001:00008709       ___vcrt_FlsAlloc           10009709 f   libvcruntime:winapi_downlevel.obj
 0001:00008744       ___vcrt_FlsFree            10009744 f   libvcruntime:winapi_downlevel.obj
 0001:0000877f       ___vcrt_FlsGetValue        1000977f f   libvcruntime:winapi_downlevel.obj
 0001:000087ba       ___vcrt_FlsSetValue        100097ba f   libvcruntime:winapi_downlevel.obj
 0001:000087f8       ___vcrt_InitializeCriticalSectionEx 100097f8 f   libvcruntime:winapi_downlevel.obj
 0001:0000883f       ___vcrt_initialize_winapi_thunks 1000983f f   libvcruntime:winapi_downlevel.obj
 0001:00008868       ___vcrt_uninitialize_winapi_thunks 10009868 f   libvcruntime:winapi_downlevel.obj
 0001:0000889a       ___vcrt_initialize_pure_virtual_call_handler 1000989a f   libvcruntime:purevirt_data.obj
 0001:000088b0       __local_unwind4            100098b0 f   libvcruntime:_exsup4_.obj
 0001:00008988       __seh_longjmp_unwind4@4    10009988 f   libvcruntime:_exsup4_.obj
 0001:000089b0       @_EH4_CallFilterFunc@8     100099b0 f   libvcruntime:_exsup4_.obj
 0001:000089c8       @_EH4_TransferToHandler@8  100099c8 f   libvcruntime:_exsup4_.obj
 0001:000089e4       @_EH4_GlobalUnwind2@8      100099e4 f   libvcruntime:_exsup4_.obj
 0001:00008a00       @_EH4_LocalUnwind@16       10009a00 f   libvcruntime:_exsup4_.obj
 0001:00008a17       _unexpected                10009a17 f   libvcruntime:unexpected.obj
 0001:00008a34       ?GetCurrentState@__FrameHandler3@@SAHPAUEHRegistrationNode@@PAXPBU_s_FuncInfo@@@Z 10009a34 f   libvcruntime:ehstate.obj
 0001:00008a51       ?SetState@__FrameHandler3@@SAXPAUEHRegistrationNode@@PBU_s_FuncInfo@@H@Z 10009a51 f   libvcruntime:ehstate.obj
 0001:00008a5f       ___DestructExceptionObject 10009a5f f   libvcruntime:ehhelpers.obj
 0001:00008aff       ?_CallMemberFunction0@@YGXQAX0@Z 10009aff f i libvcruntime:ehhelpers.obj
 0001:00008b0c       __IsExceptionObjectToBeDestroyed 10009b0c f   libvcruntime:ehhelpers.obj
 0001:00008b32       ___AdjustPointer           10009b32 f   libvcruntime:ehhelpers.obj
 0001:00008b57       ___FrameUnwindFilter       10009b57 f   libvcruntime:ehhelpers.obj
 0001:00008ba0       _memmove                   10009ba0 f   libvcruntime:memmove.obj
 0001:00009120       __global_unwind2           1000a120 f   libvcruntime:_exsup_.obj
 0001:00009186       __local_unwind2            1000a186 f   libvcruntime:_exsup_.obj
 0001:0000920a       __abnormal_termination     1000a20a f   libvcruntime:_exsup_.obj
 0001:00009230       __NLG_Notify1              1000a230 f   libvcruntime:_exsup_.obj
 0001:0000923c       __NLG_Notify               1000a23c f   libvcruntime:_exsup_.obj
 0001:00009253       __NLG_Dispatch             1000a253     libvcruntime:_exsup_.obj
 0001:00009253       __NLG_Dispatch2            1000a253     libvcruntime:_exsup_.obj
 0001:0000925b       __NLG_Call                 1000a25b f   libvcruntime:_exsup_.obj
 0001:0000925d       __NLG_Return2              1000a25d     libvcruntime:_exsup_.obj
 0001:00009260       _memcpy                    1000a260 f   libvcruntime:memcpy.obj
 0001:000097d4       ??$?RV<lambda_75d23329f2fb3d02b2e1cf5509bb1caf>@@AAV<lambda_c4f131f91cb4ec00a5b0a26aa161b8b4>@@V<lambda_114dc79c86b00c313cb0b6b3b001aaf8>@@@?$__crt_seh_guarded_call@H@@QAEH$$QAV<lambda_75d23329f2fb3d02b2e1cf5509bb1caf>@@AAV<lambda_c4f131f91cb4ec00a5b0a26aa161b8b4>@@$$QAV<lambda_114dc79c86b00c313cb0b6b3b001aaf8>@@@Z 1000a7d4 f i libucrt:output.obj
 0001:00009825       ??$__acrt_lock_stream_and_call@V<lambda_c4f131f91cb4ec00a5b0a26aa161b8b4>@@@@YAHQAU_iobuf@@$$QAV<lambda_c4f131f91cb4ec00a5b0a26aa161b8b4>@@@Z 1000a825 f i libucrt:output.obj
 0001:00009dda       ??$count@D@formatting_buffer@__crt_stdio_output@@QBEIXZ 1000adda f i libucrt:output.obj
 0001:00009df2       ??$count@_W@formatting_buffer@__crt_stdio_output@@QBEIXZ 1000adf2 f i libucrt:output.obj
 0001:00009e0b       ??$ensure_buffer_is_big_enough@D@formatting_buffer@__crt_stdio_output@@QAE_NI@Z 1000ae0b f i libucrt:output.obj
 0001:00009e91       ??$is_wide_character_specifier@D@__crt_stdio_output@@YA_N_KDW4length_modifier@0@@Z 1000ae91 f i libucrt:output.obj
 0001:00009ed1       ??$is_wide_character_specifier@_W@__crt_stdio_output@@YA_N_K_WW4length_modifier@0@@Z 1000aed1 f i libucrt:output.obj
 0001:00009f20       ??$scratch_data@D@formatting_buffer@__crt_stdio_output@@QAEPADXZ 1000af20 f i libucrt:output.obj
 0001:00009f3e       ??$type_case_integer_parse_into_buffer@I@?$output_processor@DV?$string_output_adapter@D@__crt_stdio_output@@V?$standard_base@DV?$string_output_adapter@D@__crt_stdio_output@@@2@@__crt_stdio_output@@AAEXII_N@Z 1000af3e f i libucrt:output.obj
 0001:00009f3e       ??$type_case_integer_parse_into_buffer@I@?$output_processor@DV?$string_output_adapter@D@__crt_stdio_output@@V?$format_validation_base@DV?$string_output_adapter@D@__crt_stdio_output@@@2@@__crt_stdio_output@@AAEXII_N@Z 1000af3e f i libucrt:output.obj
 0001:00009fb0       ??$type_case_integer_parse_into_buffer@I@?$output_processor@_WV?$stream_output_adapter@_W@__crt_stdio_output@@V?$standard_base@_WV?$stream_output_adapter@_W@__crt_stdio_output@@@2@@__crt_stdio_output@@AAEXII_N@Z 1000afb0 f i libucrt:output.obj
 0001:00009fb0       ??$type_case_integer_parse_into_buffer@I@?$output_processor@_WV?$string_output_adapter@_W@__crt_stdio_output@@V?$standard_base@_WV?$string_output_adapter@_W@__crt_stdio_output@@@2@@__crt_stdio_output@@AAEXII_N@Z 1000afb0 f i libucrt:output.obj
 0001:0000a036       ??$type_case_integer_parse_into_buffer@_K@?$output_processor@DV?$string_output_adapter@D@__crt_stdio_output@@V?$format_validation_base@DV?$string_output_adapter@D@__crt_stdio_output@@@2@@__crt_stdio_output@@AAEX_KI_N@Z 1000b036 f i libucrt:output.obj
 0001:0000a036       ??$type_case_integer_parse_into_buffer@_K@?$output_processor@DV?$string_output_adapter@D@__crt_stdio_output@@V?$standard_base@DV?$string_output_adapter@D@__crt_stdio_output@@@2@@__crt_stdio_output@@AAEX_KI_N@Z 1000b036 f i libucrt:output.obj
 0001:0000a0bd       ??$type_case_integer_parse_into_buffer@_K@?$output_processor@_WV?$stream_output_adapter@_W@__crt_stdio_output@@V?$standard_base@_WV?$stream_output_adapter@_W@__crt_stdio_output@@@2@@__crt_stdio_output@@AAEX_KI_N@Z 1000b0bd f i libucrt:output.obj
 0001:0000a0bd       ??$type_case_integer_parse_into_buffer@_K@?$output_processor@_WV?$string_output_adapter@_W@__crt_stdio_output@@V?$standard_base@_WV?$string_output_adapter@_W@__crt_stdio_output@@@2@@__crt_stdio_output@@AAEX_KI_N@Z 1000b0bd f i libucrt:output.obj
 0001:0000a158       ??$write_multiple_characters@V?$stream_output_adapter@_W@__crt_stdio_output@@D@__crt_stdio_output@@YAXABV?$stream_output_adapter@_W@0@DHQAH@Z 1000b158 f i libucrt:output.obj
 0001:0000a189       ??$write_multiple_characters@V?$string_output_adapter@D@__crt_stdio_output@@D@__crt_stdio_output@@YAXABV?$string_output_adapter@D@0@DHQAH@Z 1000b189 f i libucrt:output.obj
 0001:0000a1b5       ??$write_multiple_characters@V?$string_output_adapter@_W@__crt_stdio_output@@D@__crt_stdio_output@@YAXABV?$string_output_adapter@_W@0@DHQAH@Z 1000b1b5 f i libucrt:output.obj
 0001:0000a1e6       ??0?$common_data@D@__crt_stdio_output@@IAE@XZ 1000b1e6 f i libucrt:output.obj
 0001:0000a22d       ??0?$common_data@_W@__crt_stdio_output@@IAE@XZ 1000b22d f i libucrt:output.obj
 0001:0000a279       ??0?$output_adapter_data@DV?$string_output_adapter@D@__crt_stdio_output@@@__crt_stdio_output@@IAE@ABV?$string_output_adapter@D@1@_KQBDQAU__crt_locale_pointers@@QAD@Z 1000b279 f i libucrt:output.obj
 0001:0000a2b5       ??0?$output_adapter_data@_WV?$string_output_adapter@_W@__crt_stdio_output@@@__crt_stdio_output@@IAE@ABV?$string_output_adapter@_W@1@_KQB_WQAU__crt_locale_pointers@@QAD@Z 1000b2b5 f i libucrt:output.obj
 0001:0000a2b5       ??0?$output_adapter_data@_WV?$stream_output_adapter@_W@__crt_stdio_output@@@__crt_stdio_output@@IAE@ABV?$stream_output_adapter@_W@1@_KQB_WQAU__crt_locale_pointers@@QAD@Z 1000b2b5 f i libucrt:output.obj
 0001:0000a2f1       ??0_LocaleUpdate@@QAE@QAU__crt_locale_pointers@@@Z 1000b2f1 f i libucrt:output.obj
 0001:0000a374       ??1formatting_buffer@__crt_stdio_output@@QAE@XZ 1000b374 f i libucrt:output.obj
 0001:0000a38e       ??4?$__crt_unique_heap_ptr@DU__crt_internal_free_policy@@@@QAEAAV0@$$QAV0@@Z 1000b38e f i libucrt:output.obj
 0001:0000a473       ?crop_zeroes@__crt_stdio_output@@YAXPADQAU__crt_locale_pointers@@@Z 1000b473 f i libucrt:output.obj
 0001:0000a4ca       ?find_next_state@?$output_processor@DV?$string_output_adapter@D@__crt_stdio_output@@V?$format_validation_base@DV?$string_output_adapter@D@__crt_stdio_output@@@2@@__crt_stdio_output@@ABE?AW4state@2@DW432@@Z 1000b4ca f i libucrt:output.obj
 0001:0000a4ff       ?find_next_state@?$output_processor@DV?$string_output_adapter@D@__crt_stdio_output@@V?$standard_base@DV?$string_output_adapter@D@__crt_stdio_output@@@2@@__crt_stdio_output@@ABE?AW4state@2@DW432@@Z 1000b4ff f i libucrt:output.obj
 0001:0000a531       ?find_next_state@?$output_processor@_WV?$string_output_adapter@_W@__crt_stdio_output@@V?$standard_base@_WV?$string_output_adapter@_W@__crt_stdio_output@@@2@@__crt_stdio_output@@ABE?AW4state@2@_WW432@@Z 1000b531 f i libucrt:output.obj
 0001:0000a531       ?find_next_state@?$output_processor@_WV?$stream_output_adapter@_W@__crt_stdio_output@@V?$standard_base@_WV?$stream_output_adapter@_W@__crt_stdio_output@@@2@@__crt_stdio_output@@ABE?AW4state@2@_WW432@@Z 1000b531 f i libucrt:output.obj
 0001:0000a565       ?force_decimal_point@__crt_stdio_output@@YAXPADQAU__crt_locale_pointers@@@Z 1000b565 f i libucrt:output.obj
 0001:0000a5c1       ?parse_int_from_format_string@?$output_processor@DV?$string_output_adapter@D@__crt_stdio_output@@V?$standard_base@DV?$string_output_adapter@D@__crt_stdio_output@@@2@@__crt_stdio_output@@AAE_NQAH@Z 1000b5c1 f i libucrt:output.obj
 0001:0000a5c1       ?parse_int_from_format_string@?$output_processor@DV?$string_output_adapter@D@__crt_stdio_output@@V?$format_validation_base@DV?$string_output_adapter@D@__crt_stdio_output@@@2@@__crt_stdio_output@@AAE_NQAH@Z 1000b5c1 f i libucrt:output.obj
 0001:0000a639       ?parse_int_from_format_string@?$output_processor@_WV?$stream_output_adapter@_W@__crt_stdio_output@@V?$standard_base@_WV?$stream_output_adapter@_W@__crt_stdio_output@@@2@@__crt_stdio_output@@AAE_NQAH@Z 1000b639 f i libucrt:output.obj
 0001:0000a639       ?parse_int_from_format_string@?$output_processor@_WV?$string_output_adapter@_W@__crt_stdio_output@@V?$standard_base@_WV?$string_output_adapter@_W@__crt_stdio_output@@@2@@__crt_stdio_output@@AAE_NQAH@Z 1000b639 f i libucrt:output.obj
 0001:0000a6b3       ?process@?$output_processor@DV?$string_output_adapter@D@__crt_stdio_output@@V?$format_validation_base@DV?$string_output_adapter@D@__crt_stdio_output@@@2@@__crt_stdio_output@@QAEHXZ 1000b6b3 f i libucrt:output.obj
 0001:0000a7db       ?process@?$output_processor@DV?$string_output_adapter@D@__crt_stdio_output@@V?$standard_base@DV?$string_output_adapter@D@__crt_stdio_output@@@2@@__crt_stdio_output@@QAEHXZ 1000b7db f i libucrt:output.obj
 0001:0000a8f7       ?process@?$output_processor@_WV?$stream_output_adapter@_W@__crt_stdio_output@@V?$standard_base@_WV?$stream_output_adapter@_W@__crt_stdio_output@@@2@@__crt_stdio_output@@QAEHXZ 1000b8f7 f i libucrt:output.obj
 0001:0000aa17       ?process@?$output_processor@_WV?$string_output_adapter@_W@__crt_stdio_output@@V?$standard_base@_WV?$string_output_adapter@_W@__crt_stdio_output@@@2@@__crt_stdio_output@@QAEHXZ 1000ba17 f i libucrt:output.obj
 0001:0000ab37       ?state_case_flag@?$output_processor@DV?$string_output_adapter@D@__crt_stdio_output@@V?$standard_base@DV?$string_output_adapter@D@__crt_stdio_output@@@2@@__crt_stdio_output@@AAE_NXZ 1000bb37 f i libucrt:output.obj
 0001:0000ab37       ?state_case_flag@?$output_processor@DV?$string_output_adapter@D@__crt_stdio_output@@V?$format_validation_base@DV?$string_output_adapter@D@__crt_stdio_output@@@2@@__crt_stdio_output@@AAE_NXZ 1000bb37 f i libucrt:output.obj
 0001:0000ab74       ?state_case_flag@?$output_processor@_WV?$stream_output_adapter@_W@__crt_stdio_output@@V?$standard_base@_WV?$stream_output_adapter@_W@__crt_stdio_output@@@2@@__crt_stdio_output@@AAE_NXZ 1000bb74 f i libucrt:output.obj
 0001:0000ab74       ?state_case_flag@?$output_processor@_WV?$string_output_adapter@_W@__crt_stdio_output@@V?$standard_base@_WV?$string_output_adapter@_W@__crt_stdio_output@@@2@@__crt_stdio_output@@AAE_NXZ 1000bb74 f i libucrt:output.obj
 0001:0000abb1       ?state_case_normal@?$output_processor@DV?$string_output_adapter@D@__crt_stdio_output@@V?$format_validation_base@DV?$string_output_adapter@D@__crt_stdio_output@@@2@@__crt_stdio_output@@AAE_NXZ 1000bbb1 f i libucrt:output.obj
 0001:0000abb1       ?state_case_normal@?$output_processor@DV?$string_output_adapter@D@__crt_stdio_output@@V?$standard_base@DV?$string_output_adapter@D@__crt_stdio_output@@@2@@__crt_stdio_output@@AAE_NXZ 1000bbb1 f i libucrt:output.obj
 0001:0000abd0       ?state_case_normal@?$output_processor@_WV?$stream_output_adapter@_W@__crt_stdio_output@@V?$standard_base@_WV?$stream_output_adapter@_W@__crt_stdio_output@@@2@@__crt_stdio_output@@AAE_NXZ 1000bbd0 f i libucrt:output.obj
 0001:0000abef       ?state_case_normal@?$output_processor@_WV?$string_output_adapter@_W@__crt_stdio_output@@V?$standard_base@_WV?$string_output_adapter@_W@__crt_stdio_output@@@2@@__crt_stdio_output@@AAE_NXZ 1000bbef f i libucrt:output.obj
 0001:0000ac0e       ?state_case_normal_common@?$output_processor@DV?$string_output_adapter@D@__crt_stdio_output@@V?$format_validation_base@DV?$string_output_adapter@D@__crt_stdio_output@@@2@@__crt_stdio_output@@AAE_NXZ 1000bc0e f i libucrt:output.obj
 0001:0000ac0e       ?state_case_normal_common@?$output_processor@DV?$string_output_adapter@D@__crt_stdio_output@@V?$standard_base@DV?$string_output_adapter@D@__crt_stdio_output@@@2@@__crt_stdio_output@@AAE_NXZ 1000bc0e f i libucrt:output.obj
 0001:0000ac38       ?state_case_normal_common@?$output_processor@_WV?$stream_output_adapter@_W@__crt_stdio_output@@V?$standard_base@_WV?$stream_output_adapter@_W@__crt_stdio_output@@@2@@__crt_stdio_output@@AAE_NXZ 1000bc38 f i libucrt:output.obj
 0001:0000ac53       ?state_case_normal_common@?$output_processor@_WV?$string_output_adapter@_W@__crt_stdio_output@@V?$standard_base@_WV?$string_output_adapter@_W@__crt_stdio_output@@@2@@__crt_stdio_output@@AAE_NXZ 1000bc53 f i libucrt:output.obj
 0001:0000ac6e       ?state_case_normal_tchar@?$output_processor@DV?$string_output_adapter@D@__crt_stdio_output@@V?$standard_base@DV?$string_output_adapter@D@__crt_stdio_output@@@2@@__crt_stdio_output@@AAE_ND@Z 1000bc6e f i libucrt:output.obj
 0001:0000ac6e       ?state_case_normal_tchar@?$output_processor@DV?$string_output_adapter@D@__crt_stdio_output@@V?$format_validation_base@DV?$string_output_adapter@D@__crt_stdio_output@@@2@@__crt_stdio_output@@AAE_ND@Z 1000bc6e f i libucrt:output.obj
 0001:0000accf       ?state_case_precision@?$output_processor@DV?$string_output_adapter@D@__crt_stdio_output@@V?$standard_base@DV?$string_output_adapter@D@__crt_stdio_output@@@2@@__crt_stdio_output@@AAE_NXZ 1000bccf f i libucrt:output.obj
 0001:0000accf       ?state_case_precision@?$output_processor@DV?$string_output_adapter@D@__crt_stdio_output@@V?$format_validation_base@DV?$string_output_adapter@D@__crt_stdio_output@@@2@@__crt_stdio_output@@AAE_NXZ 1000bccf f i libucrt:output.obj
 0001:0000acf7       ?state_case_precision@?$output_processor@_WV?$stream_output_adapter@_W@__crt_stdio_output@@V?$standard_base@_WV?$stream_output_adapter@_W@__crt_stdio_output@@@2@@__crt_stdio_output@@AAE_NXZ 1000bcf7 f i libucrt:output.obj
 0001:0000acf7       ?state_case_precision@?$output_processor@_WV?$string_output_adapter@_W@__crt_stdio_output@@V?$standard_base@_WV?$string_output_adapter@_W@__crt_stdio_output@@@2@@__crt_stdio_output@@AAE_NXZ 1000bcf7 f i libucrt:output.obj
 0001:0000ad20       ?state_case_size@?$output_processor@DV?$string_output_adapter@D@__crt_stdio_output@@V?$format_validation_base@DV?$string_output_adapter@D@__crt_stdio_output@@@2@@__crt_stdio_output@@AAE_NXZ 1000bd20 f i libucrt:output.obj
 0001:0000ad20       ?state_case_size@?$output_processor@DV?$string_output_adapter@D@__crt_stdio_output@@V?$standard_base@DV?$string_output_adapter@D@__crt_stdio_output@@@2@@__crt_stdio_output@@AAE_NXZ 1000bd20 f i libucrt:output.obj
 0001:0000ae89       ?state_case_size@?$output_processor@_WV?$stream_output_adapter@_W@__crt_stdio_output@@V?$standard_base@_WV?$stream_output_adapter@_W@__crt_stdio_output@@@2@@__crt_stdio_output@@AAE_NXZ 1000be89 f i libucrt:output.obj
 0001:0000b005       ?state_case_size@?$output_processor@_WV?$string_output_adapter@_W@__crt_stdio_output@@V?$standard_base@_WV?$string_output_adapter@_W@__crt_stdio_output@@@2@@__crt_stdio_output@@AAE_NXZ 1000c005 f i libucrt:output.obj
 0001:0000b181       ?state_case_type@?$output_processor@DV?$string_output_adapter@D@__crt_stdio_output@@V?$standard_base@DV?$string_output_adapter@D@__crt_stdio_output@@@2@@__crt_stdio_output@@AAE_NXZ 1000c181 f i libucrt:output.obj
 0001:0000b181       ?state_case_type@?$output_processor@DV?$string_output_adapter@D@__crt_stdio_output@@V?$format_validation_base@DV?$string_output_adapter@D@__crt_stdio_output@@@2@@__crt_stdio_output@@AAE_NXZ 1000c181 f i libucrt:output.obj
 0001:0000b3b1       ?state_case_type@?$output_processor@_WV?$stream_output_adapter@_W@__crt_stdio_output@@V?$standard_base@_WV?$stream_output_adapter@_W@__crt_stdio_output@@@2@@__crt_stdio_output@@AAE_NXZ 1000c3b1 f i libucrt:output.obj
 0001:0000b60f       ?state_case_type@?$output_processor@_WV?$string_output_adapter@_W@__crt_stdio_output@@V?$standard_base@_WV?$string_output_adapter@_W@__crt_stdio_output@@@2@@__crt_stdio_output@@AAE_NXZ 1000c60f f i libucrt:output.obj
 0001:0000b86d       ?state_case_width@?$output_processor@DV?$string_output_adapter@D@__crt_stdio_output@@V?$format_validation_base@DV?$string_output_adapter@D@__crt_stdio_output@@@2@@__crt_stdio_output@@AAE_NXZ 1000c86d f i libucrt:output.obj
 0001:0000b86d       ?state_case_width@?$output_processor@DV?$string_output_adapter@D@__crt_stdio_output@@V?$standard_base@DV?$string_output_adapter@D@__crt_stdio_output@@@2@@__crt_stdio_output@@AAE_NXZ 1000c86d f i libucrt:output.obj
 0001:0000b898       ?state_case_width@?$output_processor@_WV?$stream_output_adapter@_W@__crt_stdio_output@@V?$standard_base@_WV?$stream_output_adapter@_W@__crt_stdio_output@@@2@@__crt_stdio_output@@AAE_NXZ 1000c898 f i libucrt:output.obj
 0001:0000b898       ?state_case_width@?$output_processor@_WV?$string_output_adapter@_W@__crt_stdio_output@@V?$standard_base@_WV?$string_output_adapter@_W@__crt_stdio_output@@@2@@__crt_stdio_output@@AAE_NXZ 1000c898 f i libucrt:output.obj
 0001:0000b8c4       ?to_integer_size@__crt_stdio_output@@YAIW4length_modifier@1@@Z 1000c8c4 f i libucrt:output.obj
 0001:0000b920       ?type_case_Z@?$output_processor@DV?$string_output_adapter@D@__crt_stdio_output@@V?$format_validation_base@DV?$string_output_adapter@D@__crt_stdio_output@@@2@@__crt_stdio_output@@AAE_NXZ 1000c920 f i libucrt:output.obj
 0001:0000b920       ?type_case_Z@?$output_processor@DV?$string_output_adapter@D@__crt_stdio_output@@V?$standard_base@DV?$string_output_adapter@D@__crt_stdio_output@@@2@@__crt_stdio_output@@AAE_NXZ 1000c920 f i libucrt:output.obj
 0001:0000b983       ?type_case_Z@?$output_processor@_WV?$string_output_adapter@_W@__crt_stdio_output@@V?$standard_base@_WV?$string_output_adapter@_W@__crt_stdio_output@@@2@@__crt_stdio_output@@AAE_NXZ 1000c983 f i libucrt:output.obj
 0001:0000b983       ?type_case_Z@?$output_processor@_WV?$stream_output_adapter@_W@__crt_stdio_output@@V?$standard_base@_WV?$stream_output_adapter@_W@__crt_stdio_output@@@2@@__crt_stdio_output@@AAE_NXZ 1000c983 f i libucrt:output.obj
 0001:0000b9e6       ?type_case_a@?$output_processor@DV?$string_output_adapter@D@__crt_stdio_output@@V?$standard_base@DV?$string_output_adapter@D@__crt_stdio_output@@@2@@__crt_stdio_output@@AAE_NXZ 1000c9e6 f i libucrt:output.obj
 0001:0000b9e6       ?type_case_a@?$output_processor@DV?$string_output_adapter@D@__crt_stdio_output@@V?$format_validation_base@DV?$string_output_adapter@D@__crt_stdio_output@@@2@@__crt_stdio_output@@AAE_NXZ 1000c9e6 f i libucrt:output.obj
 0001:0000bb40       ?type_case_a@?$output_processor@_WV?$stream_output_adapter@_W@__crt_stdio_output@@V?$standard_base@_WV?$stream_output_adapter@_W@__crt_stdio_output@@@2@@__crt_stdio_output@@AAE_NXZ 1000cb40 f i libucrt:output.obj
 0001:0000bb40       ?type_case_a@?$output_processor@_WV?$string_output_adapter@_W@__crt_stdio_output@@V?$standard_base@_WV?$string_output_adapter@_W@__crt_stdio_output@@@2@@__crt_stdio_output@@AAE_NXZ 1000cb40 f i libucrt:output.obj
 0001:0000bcb2       ?type_case_c_tchar@?$output_processor@DV?$string_output_adapter@D@__crt_stdio_output@@V?$format_validation_base@DV?$string_output_adapter@D@__crt_stdio_output@@@2@@__crt_stdio_output@@AAE_ND@Z 1000ccb2 f i libucrt:output.obj
 0001:0000bcb2       ?type_case_c_tchar@?$output_processor@DV?$string_output_adapter@D@__crt_stdio_output@@V?$standard_base@DV?$string_output_adapter@D@__crt_stdio_output@@@2@@__crt_stdio_output@@AAE_ND@Z 1000ccb2 f i libucrt:output.obj
 0001:0000bd42       ?type_case_c_tchar@?$output_processor@_WV?$string_output_adapter@_W@__crt_stdio_output@@V?$standard_base@_WV?$string_output_adapter@_W@__crt_stdio_output@@@2@@__crt_stdio_output@@AAE_N_W@Z 1000cd42 f i libucrt:output.obj
 0001:0000bd42       ?type_case_c_tchar@?$output_processor@_WV?$stream_output_adapter@_W@__crt_stdio_output@@V?$standard_base@_WV?$stream_output_adapter@_W@__crt_stdio_output@@@2@@__crt_stdio_output@@AAE_N_W@Z 1000cd42 f i libucrt:output.obj
 0001:0000bdda       ?type_case_integer@?$output_processor@DV?$string_output_adapter@D@__crt_stdio_output@@V?$standard_base@DV?$string_output_adapter@D@__crt_stdio_output@@@2@@__crt_stdio_output@@AAE_NI_N@Z 1000cdda f i libucrt:output.obj
 0001:0000bdda       ?type_case_integer@?$output_processor@DV?$string_output_adapter@D@__crt_stdio_output@@V?$format_validation_base@DV?$string_output_adapter@D@__crt_stdio_output@@@2@@__crt_stdio_output@@AAE_NI_N@Z 1000cdda f i libucrt:output.obj
 0001:0000bf28       ?type_case_integer@?$output_processor@_WV?$string_output_adapter@_W@__crt_stdio_output@@V?$standard_base@_WV?$string_output_adapter@_W@__crt_stdio_output@@@2@@__crt_stdio_output@@AAE_NI_N@Z 1000cf28 f i libucrt:output.obj
 0001:0000bf28       ?type_case_integer@?$output_processor@_WV?$stream_output_adapter@_W@__crt_stdio_output@@V?$standard_base@_WV?$stream_output_adapter@_W@__crt_stdio_output@@@2@@__crt_stdio_output@@AAE_NI_N@Z 1000cf28 f i libucrt:output.obj
 0001:0000c07a       ?type_case_n@?$output_processor@DV?$string_output_adapter@D@__crt_stdio_output@@V?$format_validation_base@DV?$string_output_adapter@D@__crt_stdio_output@@@2@@__crt_stdio_output@@AAE_NXZ 1000d07a f i libucrt:output.obj
 0001:0000c07a       ?type_case_n@?$output_processor@DV?$string_output_adapter@D@__crt_stdio_output@@V?$standard_base@DV?$string_output_adapter@D@__crt_stdio_output@@@2@@__crt_stdio_output@@AAE_NXZ 1000d07a f i libucrt:output.obj
 0001:0000c07a       ?type_case_n@?$output_processor@_WV?$stream_output_adapter@_W@__crt_stdio_output@@V?$standard_base@_WV?$stream_output_adapter@_W@__crt_stdio_output@@@2@@__crt_stdio_output@@AAE_NXZ 1000d07a f i libucrt:output.obj
 0001:0000c07a       ?type_case_n@?$output_processor@_WV?$string_output_adapter@_W@__crt_stdio_output@@V?$standard_base@_WV?$string_output_adapter@_W@__crt_stdio_output@@@2@@__crt_stdio_output@@AAE_NXZ 1000d07a f i libucrt:output.obj
 0001:0000c0ee       ?type_case_o@?$output_processor@DV?$string_output_adapter@D@__crt_stdio_output@@V?$standard_base@DV?$string_output_adapter@D@__crt_stdio_output@@@2@@__crt_stdio_output@@AAE_NXZ 1000d0ee f i libucrt:output.obj
 0001:0000c0ee       ?type_case_o@?$output_processor@DV?$string_output_adapter@D@__crt_stdio_output@@V?$format_validation_base@DV?$string_output_adapter@D@__crt_stdio_output@@@2@@__crt_stdio_output@@AAE_NXZ 1000d0ee f i libucrt:output.obj
 0001:0000c10d       ?type_case_o@?$output_processor@_WV?$string_output_adapter@_W@__crt_stdio_output@@V?$standard_base@_WV?$string_output_adapter@_W@__crt_stdio_output@@@2@@__crt_stdio_output@@AAE_NXZ 1000d10d f i libucrt:output.obj
 0001:0000c10d       ?type_case_o@?$output_processor@_WV?$stream_output_adapter@_W@__crt_stdio_output@@V?$standard_base@_WV?$stream_output_adapter@_W@__crt_stdio_output@@@2@@__crt_stdio_output@@AAE_NXZ 1000d10d f i libucrt:output.obj
 0001:0000c12c       ?type_case_p@?$output_processor@DV?$string_output_adapter@D@__crt_stdio_output@@V?$format_validation_base@DV?$string_output_adapter@D@__crt_stdio_output@@@2@@__crt_stdio_output@@AAE_NXZ 1000d12c f i libucrt:output.obj
 0001:0000c12c       ?type_case_p@?$output_processor@DV?$string_output_adapter@D@__crt_stdio_output@@V?$standard_base@DV?$string_output_adapter@D@__crt_stdio_output@@@2@@__crt_stdio_output@@AAE_NXZ 1000d12c f i libucrt:output.obj
 0001:0000c144       ?type_case_p@?$output_processor@_WV?$string_output_adapter@_W@__crt_stdio_output@@V?$standard_base@_WV?$string_output_adapter@_W@__crt_stdio_output@@@2@@__crt_stdio_output@@AAE_NXZ 1000d144 f i libucrt:output.obj
 0001:0000c144       ?type_case_p@?$output_processor@_WV?$stream_output_adapter@_W@__crt_stdio_output@@V?$standard_base@_WV?$stream_output_adapter@_W@__crt_stdio_output@@@2@@__crt_stdio_output@@AAE_NXZ 1000d144 f i libucrt:output.obj
 0001:0000c15c       ?type_case_s@?$output_processor@DV?$string_output_adapter@D@__crt_stdio_output@@V?$standard_base@DV?$string_output_adapter@D@__crt_stdio_output@@@2@@__crt_stdio_output@@AAE_NXZ 1000d15c f i libucrt:output.obj
 0001:0000c15c       ?type_case_s@?$output_processor@DV?$string_output_adapter@D@__crt_stdio_output@@V?$format_validation_base@DV?$string_output_adapter@D@__crt_stdio_output@@@2@@__crt_stdio_output@@AAE_NXZ 1000d15c f i libucrt:output.obj
 0001:0000c1cf       ?type_case_s@?$output_processor@_WV?$string_output_adapter@_W@__crt_stdio_output@@V?$standard_base@_WV?$string_output_adapter@_W@__crt_stdio_output@@@2@@__crt_stdio_output@@AAE_NXZ 1000d1cf f i libucrt:output.obj
 0001:0000c1cf       ?type_case_s@?$output_processor@_WV?$stream_output_adapter@_W@__crt_stdio_output@@V?$standard_base@_WV?$stream_output_adapter@_W@__crt_stdio_output@@@2@@__crt_stdio_output@@AAE_NXZ 1000d1cf f i libucrt:output.obj
 0001:0000c243       ?type_case_s_compute_narrow_string_length@?$output_processor@_WV?$string_output_adapter@_W@__crt_stdio_output@@V?$standard_base@_WV?$string_output_adapter@_W@__crt_stdio_output@@@2@@__crt_stdio_output@@ABEHH_W@Z 1000d243 f i libucrt:output.obj
 0001:0000c243       ?type_case_s_compute_narrow_string_length@?$output_processor@_WV?$stream_output_adapter@_W@__crt_stdio_output@@V?$standard_base@_WV?$stream_output_adapter@_W@__crt_stdio_output@@@2@@__crt_stdio_output@@ABEHH_W@Z 1000d243 f i libucrt:output.obj
 0001:0000c283       ?validate@?$c_string_character_source@_W@__crt_strtox@@QBE_NXZ 1000d283 f i libucrt:atox.obj
 0001:0000c283       ?validate@?$stream_output_adapter@_W@__crt_stdio_output@@QBE_NXZ 1000d283 f i libucrt:output.obj
 0001:0000c283       ?validate@?$string_output_adapter@_W@__crt_stdio_output@@QBE_NXZ 1000d283 f i libucrt:output.obj
 0001:0000c283       ?validate@?$string_output_adapter@D@__crt_stdio_output@@QBE_NXZ 1000d283 f i libucrt:output.obj
 0001:0000c283       ?validate@?$c_string_character_source@D@__crt_strtox@@QBE_NXZ 1000d283 f i libucrt:atox.obj
 0001:0000c29e       ?validate_and_update_state_at_end_of_format_string@?$format_validation_base@DV?$string_output_adapter@D@__crt_stdio_output@@@__crt_stdio_output@@IBE_NXZ 1000d29e f i libucrt:output.obj
 0001:0000c2c0       ?write_character@?$stream_output_adapter@_W@__crt_stdio_output@@QBEX_WQAH@Z 1000d2c0 f i libucrt:output.obj
 0001:0000c300       ?write_character@?$string_output_adapter@D@__crt_stdio_output@@QBE_NDQAH@Z 1000d300 f i libucrt:output.obj
 0001:0000c342       ?write_character@?$string_output_adapter@_W@__crt_stdio_output@@QBE_N_WQAH@Z 1000d342 f i libucrt:output.obj
 0001:0000c387       ?write_stored_string_tchar@?$output_processor@DV?$string_output_adapter@D@__crt_stdio_output@@V?$format_validation_base@DV?$string_output_adapter@D@__crt_stdio_output@@@2@@__crt_stdio_output@@AAE_ND@Z 1000d387 f i libucrt:output.obj
 0001:0000c387       ?write_stored_string_tchar@?$output_processor@DV?$string_output_adapter@D@__crt_stdio_output@@V?$standard_base@DV?$string_output_adapter@D@__crt_stdio_output@@@2@@__crt_stdio_output@@AAE_ND@Z 1000d387 f i libucrt:output.obj
 0001:0000c430       ?write_stored_string_tchar@?$output_processor@_WV?$stream_output_adapter@_W@__crt_stdio_output@@V?$standard_base@_WV?$stream_output_adapter@_W@__crt_stdio_output@@@2@@__crt_stdio_output@@AAE_N_W@Z 1000d430 f i libucrt:output.obj
 0001:0000c4bc       ?write_stored_string_tchar@?$output_processor@_WV?$string_output_adapter@_W@__crt_stdio_output@@V?$standard_base@_WV?$string_output_adapter@_W@__crt_stdio_output@@@2@@__crt_stdio_output@@AAE_N_W@Z 1000d4bc f i libucrt:output.obj
 0001:0000c548       ?write_string@?$stream_output_adapter@_W@__crt_stdio_output@@QBEXQB_WHQAHAAV__crt_deferred_errno_cache@@@Z 1000d548 f i libucrt:output.obj
 0001:0000c601       ?write_string@?$string_output_adapter@D@__crt_stdio_output@@QBEXQBDHQAHAAV__crt_deferred_errno_cache@@@Z 1000d601 f i libucrt:output.obj
 0001:0000c668       ?write_string@?$string_output_adapter@_W@__crt_stdio_output@@QBEXQB_WHQAHAAV__crt_deferred_errno_cache@@@Z 1000d668 f i libucrt:output.obj
 0001:0000c6db       ___stdio_common_vfwprintf  1000d6db f   libucrt:output.obj
 0001:0000c752       ___stdio_common_vsnprintf_s 1000d752 f   libucrt:output.obj
 0001:0000c779       ___stdio_common_vsprintf   1000d779 f   libucrt:output.obj
 0001:0000c79d       ___stdio_common_vswprintf  1000d79d f   libucrt:output.obj
 0001:0000c7c1       _free                      1000d7c1 f   libucrt:free.obj
 0001:0000ce42       ??$ftprintf@PAU_iobuf@@PB_WABQB_WABQB_WABI@?$__crt_char_traits@_W@@SAH$$QAPAU_iobuf@@$$QAPB_WABQB_W2ABI@Z 1000de42 f i libucrt:assert.obj
 0001:0000cf21       __vfwprintf_l              1000df21 f i libucrt:assert.obj
 0001:0000cf46       __vswprintf_c_l            1000df46 f i libucrt:assert.obj
 0001:0000cf75       __wassert                  1000df75 f   libucrt:assert.obj
 0001:0000cfbd       _fwprintf                  1000dfbd f i libucrt:assert.obj
 0001:0000d059       _swprintf                  1000e059 f i libucrt:assert.obj
 0001:0000d077       ___acrt_call_reportfault   1000e077 f   libucrt:invalid_parameter.obj
 0001:0000d1b2       ___acrt_initialize_invalid_parameter_handler 1000e1b2 f   libucrt:invalid_parameter.obj
 0001:0000d1c1       __invalid_parameter        1000e1c1 f   libucrt:invalid_parameter.obj
 0001:0000d23c       __invalid_parameter_noinfo 1000e23c f   libucrt:invalid_parameter.obj
 0001:0000d24c       __invalid_parameter_noinfo_noreturn 1000e24c f   libucrt:invalid_parameter.obj
 0001:0000d269       __invoke_watson            1000e269 f   libucrt:invalid_parameter.obj
 0001:0000d29c       _malloc                    1000e29c f   libucrt:malloc.obj
 0001:0000d358       _strncpy_s                 1000e358 f   libucrt:strncpy_s.obj
 0001:0000d370       _strncpy                   1000e370 f   libucrt:strncpy.obj
 0001:0000d494       ?initialize@?$dual_state_global@PAU__crt_multibyte_data@@@__crt_state_management@@QAEXQAU__crt_multibyte_data@@@Z 1000e494 f i libucrt:mbctype.obj
 0001:0000d494       ?initialize@?$dual_state_global@P6AXH@Z@__crt_state_management@@QAEXQ6AXH@Z@Z 1000e494 f i libucrt:signal.obj
 0001:0000d494       ?initialize@?$dual_state_global@PAPAD@__crt_state_management@@QAEXQAPAD@Z 1000e494 f i libucrt:environment_initialization.obj
 0001:0000d494       ?initialize@?$dual_state_global@P6AHPAU_exception@@@Z@__crt_state_management@@QAEXQ6AHPAU_exception@@@Z@Z 1000e494 f i libucrt:matherr.obj
 0001:0000d494       ?initialize@?$dual_state_global@P6AHI@Z@__crt_state_management@@QAEXQ6AHI@Z@Z 1000e494 f i libucrt:new_handler.obj
 0001:0000d494       ?initialize@?$dual_state_global@PAU__crt_locale_data@@@__crt_state_management@@QAEXQAU__crt_locale_data@@@Z 1000e494 f i libucrt:initialization.obj
 0001:0000d4c5       ___acrt_initialize_new_handler 1000e4c5 f   libucrt:new_handler.obj
 0001:0000d4d9       __callnewh                 1000e4d9 f   libucrt:new_handler.obj
 0001:0000d51d       __query_new_handler        1000e51d f   libucrt:new_handler.obj
 0001:0000d56f       __seh_filter_dll           1000e56f f   libucrt:exception_filter.obj
 0001:0000d58f       __seh_filter_exe           1000e58f f   libucrt:exception_filter.obj
 0001:0000d702       ??$?RV<lambda_03b1d95aef87969028cfba75ccab2455>@@AAV<lambda_6e4b09c48022b2350581041d5f6b0c4c>@@V<lambda_22bdf7517842c4b3e53723af5aa32b9e>@@@?$__crt_seh_guarded_call@X@@QAEX$$QAV<lambda_03b1d95aef87969028cfba75ccab2455>@@AAV<lambda_6e4b09c48022b2350581041d5f6b0c4c>@@$$QAV<lambda_22bdf7517842c4b3e53723af5aa32b9e>@@@Z 1000e702 f i libucrt:exit.obj
 0001:0000d745       ??$__acrt_lock_and_call@V<lambda_6e4b09c48022b2350581041d5f6b0c4c>@@@@YAXW4__acrt_lock_id@@$$QAV<lambda_6e4b09c48022b2350581041d5f6b0c4c>@@@Z 1000e745 f i libucrt:exit.obj
 0001:0000d9a2       ___acrt_initialize_thread_local_exit_callback 1000e9a2 f   libucrt:exit.obj
 0001:0000d9b1       __cexit                    1000e9b1 f   libucrt:exit.obj
 0001:0000d9c0       __exit                     1000e9c0 f   libucrt:exit.obj
 0001:0000d9d6       __is_c_termination_complete 1000e9d6 f   libucrt:exit.obj
 0001:0000dc87       ___acrt_allocate_buffer_for_argv 1000ec87 f   libucrt:argv_parsing.obj
 0001:0000dcdc       __configure_narrow_argv    1000ecdc f   libucrt:argv_parsing.obj
 0001:0000de40       ??$uninitialize@A6AXAAPAPA_W@Z@?$dual_state_global@PAPA_W@__crt_state_management@@QAEXA6AXAAPAPA_W@Z@Z 1000ee40 f i libucrt:environment_initialization.obj
 0001:0000de40       ??$uninitialize@A6AXAAPAPAD@Z@?$dual_state_global@PAPAD@__crt_state_management@@QAEXA6AXAAPAPAD@Z@Z 1000ee40 f i libucrt:environment_initialization.obj
 0001:0000deb6       ___dcrt_uninitialize_environments_nolock 1000eeb6 f   libucrt:environment_initialization.obj
 0001:0000deed       __initialize_narrow_environment 1000eeed f   libucrt:environment_initialization.obj
 0001:0000def2       ??$?RV<lambda_69a2805e680e0e292e8ba93315fe43a8>@@AAV<lambda_f03950bc5685219e0bcd2087efbe011e>@@V<lambda_03fcd07e894ec930e3f35da366ca99d6>@@@?$__crt_seh_guarded_call@H@@QAEH$$QAV<lambda_69a2805e680e0e292e8ba93315fe43a8>@@AAV<lambda_f03950bc5685219e0bcd2087efbe011e>@@$$QAV<lambda_03fcd07e894ec930e3f35da366ca99d6>@@@Z 1000eef2 f i libucrt:onexit.obj
 0001:0000df43       ??$?RV<lambda_8e746cf0007f6ed984d6f78af1fec997>@@AAV<lambda_22ebabd17bc4fa466a2aca6d8deb888d>@@V<lambda_18ed0c0b38a6dc0daf1e7ac6d6adf05e>@@@?$__crt_seh_guarded_call@H@@QAEH$$QAV<lambda_8e746cf0007f6ed984d6f78af1fec997>@@AAV<lambda_22ebabd17bc4fa466a2aca6d8deb888d>@@$$QAV<lambda_18ed0c0b38a6dc0daf1e7ac6d6adf05e>@@@Z 1000ef43 f i libucrt:onexit.obj
 0001:0000df94       ??$__acrt_lock_and_call@V<lambda_22ebabd17bc4fa466a2aca6d8deb888d>@@@@YAHW4__acrt_lock_id@@$$QAV<lambda_22ebabd17bc4fa466a2aca6d8deb888d>@@@Z 1000ef94 f i libucrt:onexit.obj
 0001:0000dfbc       ??$__acrt_lock_and_call@V<lambda_f03950bc5685219e0bcd2087efbe011e>@@@@YAHW4__acrt_lock_id@@$$QAV<lambda_f03950bc5685219e0bcd2087efbe011e>@@@Z 1000efbc f i libucrt:onexit.obj
 0001:0000dfe7       ??$__crt_fast_encode_pointer@P6AHXZ@@YAP6AHXZQ6AHXZ@Z 1000efe7 f i libucrt:onexit.obj
 0001:0000e265       __crt_atexit               1000f265 f   libucrt:onexit.obj
 0001:0000e27b       __execute_onexit_table     1000f27b f   libucrt:onexit.obj
 0001:0000e298       __initialize_onexit_table  1000f298 f   libucrt:onexit.obj
 0001:0000e2d5       __register_onexit_function 1000f2d5 f   libucrt:onexit.obj
 0001:0000e325       ___acrt_uninitialize_command_line 1000f325 f   libucrt:argv_data.obj
 0001:0000e408       ___acrt_initialize         1000f408 f   libucrt:initialization.obj
 0001:0000e41a       ___acrt_thread_attach      1000f41a f   libucrt:initialization.obj
 0001:0000e425       ___acrt_thread_detach      1000f425 f   libucrt:initialization.obj
 0001:0000e42d       ___acrt_uninitialize       1000f42d f   libucrt:initialization.obj
 0001:0000e43f       ___acrt_uninitialize_critical 1000f43f f   libucrt:initialization.obj
 0001:0000e451       __initterm                 1000f451 f   libucrt:initterm.obj
 0001:0000e4ad       __initterm_e               1000f4ad f   libucrt:initterm.obj
 0001:0000e4f2       _terminate                 1000f4f2 f   libucrt:terminate.obj
 0001:0000e52e       __strnicmp                 1000f52e f   libucrt:strnicmp.obj
 0001:0000e52e       _strnicmp                  1000f52e f   libucrt:strnicmp.obj
 0001:0000e59b       __strnicmp_l               1000f59b f   libucrt:strnicmp.obj
 0001:0000e652       __strdup                   1000f652 f   libucrt:strdup.obj
 0001:0000e652       _strdup                    1000f652 f   libucrt:strdup.obj
 0001:0000e824       __freea_crt                1000f824 f i libucrt:strlwr.obj
 0001:0000e844       __strlwr                   1000f844 f   libucrt:strlwr.obj
 0001:0000e844       _strlwr                    1000f844 f   libucrt:strlwr.obj
 0001:0000e8a1       __strlwr_s_l               1000f8a1 f   libucrt:strlwr.obj
 0001:0000e8da       _strcpy_s                  1000f8da f   libucrt:strcpy_s.obj
 0001:0000e934       _abort                     1000f934 f   libucrt:abort.obj
 0001:0000e977       _calloc                    1000f977 f   libucrt:calloc.obj
 0001:0000e982       _wcsncmp                   1000f982 f   libucrt:wcsncmp.obj
 0001:0000e9bc       ??$is_overflow_condition@K@__crt_strtox@@YA_NIK@Z 1000f9bc f i libucrt:atox.obj
 0001:0000e9ef       ??$parse_integer@KV?$c_string_character_source@D@__crt_strtox@@@__crt_strtox@@YAKQAU__crt_locale_pointers@@V?$c_string_character_source@D@0@H_N@Z 1000f9ef f i libucrt:atox.obj
 0001:0000ec17       ??$parse_integer@KV?$c_string_character_source@_W@__crt_strtox@@@__crt_strtox@@YAKQAU__crt_locale_pointers@@V?$c_string_character_source@_W@0@H_N@Z 1000fc17 f i libucrt:atox.obj
 0001:0000f2fc       ?unget@?$c_string_character_source@D@__crt_strtox@@QAEXD@Z 100102fc f i libucrt:atox.obj
 0001:0000f324       ?unget@?$c_string_character_source@_W@__crt_strtox@@QAEX_W@Z 10010324 f i libucrt:atox.obj
 0001:0000f350       __chvalidchk_l             10010350 f i libucrt:atox.obj
 0001:0000f37a       __ischartype_l             1001037a f i libucrt:atox.obj
 0001:0000f3b0       _strncmp                   100103b0 f   libucrt:strncmp.obj
 0001:0000f428       __isdigit_l                10010428 f i libucrt:_ctype.obj
 0001:0000f460       _isdigit                   10010460 f i libucrt:_ctype.obj
 0001:0000f5f4       __tolower_l                100105f4 f   libucrt:tolower_toupper.obj
 0001:0000f60e       _tolower                   1001060e f   libucrt:tolower_toupper.obj
 0001:0000f63e       ___acrt_errno_from_os_error 1001063e f   libucrt:errno.obj
 0001:0000f681       ___acrt_errno_map_os_error 10010681 f   libucrt:errno.obj
 0001:0000f6a4       ___doserrno                100106a4 f   libucrt:errno.obj
 0001:0000f6b7       __errno                    100106b7 f   libucrt:errno.obj
 0001:0000f6ca       __free_base                100106ca f   libucrt:free_base.obj
 0001:0000f704       __malloc_base              10010704 f   libucrt:malloc_base.obj
 0001:0000f752       ??$make_c_string_character_source@_WPAPA_W@__crt_strtox@@YA?AV?$c_string_character_source@_W@0@QB_WQAPA_W@Z 10010752 f i libucrt:strtox.obj
 0001:0000f752       ??$make_c_string_character_source@DPAPAD@__crt_strtox@@YA?AV?$c_string_character_source@D@0@QBDQAPAD@Z 10010752 f i libucrt:strtox.obj
 0001:0000f76d       _strtol                    1001076d f   libucrt:strtox.obj
 0001:0000f799       _wcstol                    10010799 f   libucrt:strtox.obj
 0001:0000f7c5       __mbtowc_l                 100107c5 f   libucrt:mbtowc.obj
 0001:0000f8bf       _mbtowc                    100108bf f   libucrt:mbtowc.obj
 0001:0000f8d9       __wctomb_s_l               100108d9 f   libucrt:wctomb.obj
 0001:0000f9fa       _wctomb_s                  100109fa f   libucrt:wctomb.obj
 0001:0000fa17       _strnlen                   10010a17 f   libucrt:strnlen.obj
 0001:0000fb3e       _wcsnlen                   10010b3e f   libucrt:strnlen.obj
 0001:0000fcf5       ??$?RV<lambda_15ade71b0218206bbe3333a0c9b79046>@@AAV<lambda_da44e0f8b0f19ba52fefafb335991732>@@V<lambda_207f2d024fc103971653565357d6cd41>@@@?$__crt_seh_guarded_call@X@@QAEX$$QAV<lambda_15ade71b0218206bbe3333a0c9b79046>@@AAV<lambda_da44e0f8b0f19ba52fefafb335991732>@@$$QAV<lambda_207f2d024fc103971653565357d6cd41>@@@Z 10010cf5 f i libucrt:per_thread_data.obj
 0001:0000fd3d       ??$?RV<lambda_38edbb1296d33220d7e4dd0ed76b244a>@@AAV<lambda_5ce1d447e08cb34b2473517608e21441>@@V<lambda_fb385d3da700c9147fc39e65dd577a8c>@@@?$__crt_seh_guarded_call@X@@QAEX$$QAV<lambda_38edbb1296d33220d7e4dd0ed76b244a>@@AAV<lambda_5ce1d447e08cb34b2473517608e21441>@@$$QAV<lambda_fb385d3da700c9147fc39e65dd577a8c>@@@Z 10010d3d f i libucrt:per_thread_data.obj
 0001:0000fd9e       ??$?RV<lambda_6affb1475c98b40b75cdec977db92e3c>@@AAV<lambda_b8d4b9c228a6ecc3f80208dbb4b4a104>@@V<lambda_608742c3c92a14382c1684fc64f96c88>@@@?$__crt_seh_guarded_call@X@@QAEX$$QAV<lambda_6affb1475c98b40b75cdec977db92e3c>@@AAV<lambda_b8d4b9c228a6ecc3f80208dbb4b4a104>@@$$QAV<lambda_608742c3c92a14382c1684fc64f96c88>@@@Z 10010d9e f i libucrt:per_thread_data.obj
 0001:0000fde9       ??$?RV<lambda_a7e850c220f1c8d1e6efeecdedd162c6>@@AAV<lambda_46720907175c18b6c9d2717bc0d2d362>@@V<lambda_9048902d66e8d99359bc9897bbb930a8>@@@?$__crt_seh_guarded_call@X@@QAEX$$QAV<lambda_a7e850c220f1c8d1e6efeecdedd162c6>@@AAV<lambda_46720907175c18b6c9d2717bc0d2d362>@@$$QAV<lambda_9048902d66e8d99359bc9897bbb930a8>@@@Z 10010de9 f i libucrt:per_thread_data.obj
 0001:0000fe39       ??$__acrt_lock_and_call@V<lambda_46720907175c18b6c9d2717bc0d2d362>@@@@YAXW4__acrt_lock_id@@$$QAV<lambda_46720907175c18b6c9d2717bc0d2d362>@@@Z 10010e39 f i libucrt:per_thread_data.obj
 0001:0000fe61       ??$__acrt_lock_and_call@V<lambda_5ce1d447e08cb34b2473517608e21441>@@@@YAXW4__acrt_lock_id@@$$QAV<lambda_5ce1d447e08cb34b2473517608e21441>@@@Z 10010e61 f i libucrt:per_thread_data.obj
 0001:0000fe89       ??$__acrt_lock_and_call@V<lambda_b8d4b9c228a6ecc3f80208dbb4b4a104>@@@@YAXW4__acrt_lock_id@@$$QAV<lambda_b8d4b9c228a6ecc3f80208dbb4b4a104>@@@Z 10010e89 f i libucrt:per_thread_data.obj
 0001:0000feb1       ??$__acrt_lock_and_call@V<lambda_da44e0f8b0f19ba52fefafb335991732>@@@@YAXW4__acrt_lock_id@@$$QAV<lambda_da44e0f8b0f19ba52fefafb335991732>@@@Z 10010eb1 f i libucrt:per_thread_data.obj
 0001:00010067       ___acrt_freeptd            10011067 f   libucrt:per_thread_data.obj
 0001:00010093       ___acrt_getptd             10011093 f   libucrt:per_thread_data.obj
 0001:00010147       ___acrt_getptd_head        10011147 f   libucrt:per_thread_data.obj
 0001:000101e1       ___acrt_getptd_noexit      100111e1 f   libucrt:per_thread_data.obj
 0001:00010294       ___acrt_initialize_ptd     10011294 f   libucrt:per_thread_data.obj
 0001:000102c0       ___acrt_uninitialize_ptd   100112c0 f   libucrt:per_thread_data.obj
 0001:000102da       ___acrt_update_locale_info 100112da f   libucrt:locale_update.obj
 0001:00010307       ___acrt_update_multibyte_info 10011307 f   libucrt:locale_update.obj
 0001:00010334       ?__acrt_fp_classify@@YA?AW4__acrt_fp_class@@ABN@Z 10011334 f i libucrt:cvt.obj
 0001:0001039c       ?__acrt_fp_is_negative@@YA_NABN@Z 1001139c f i libucrt:cvt.obj
 0001:00010c0c       ___acrt_fp_format          10011c0c f   libucrt:cvt.obj
 0001:00010d88       __fputwc_nolock            10011d88 f   libucrt:fputwc.obj
 0001:00010eb2       __fileno                   10011eb2 f   libucrt:fileno.obj
 0001:00010ed8       ___acrt_initialize_stdio   10011ed8 f   libucrt:_file.obj
 0001:00010fa0       ___acrt_iob_func           10011fa0 f   libucrt:_file.obj
 0001:00010fb0       ___acrt_uninitialize_stdio 10011fb0 f   libucrt:_file.obj
 0001:00010ffc       __lock_file                10011ffc f   libucrt:_file.obj
 0001:00011010       __unlock_file              10012010 f   libucrt:_file.obj
 0001:00011024       __fputc_nolock             10012024 f   libucrt:fputc.obj
 0001:0001104d       __get_printf_count_output  1001204d f   libucrt:printf_count_output.obj
 0001:00011062       ___acrt_stdio_begin_temporary_buffering_nolock 10012062 f   libucrt:_sftbuf.obj
 0001:00011117       ___acrt_stdio_end_temporary_buffering_nolock 10012117 f   libucrt:_sftbuf.obj
 0001:00011150       ??$?RV<lambda_e5124f882df8998aaf41531e079ba474>@@AAV<lambda_3e16ef9562a7dcce91392c22ab16ea36>@@V<lambda_e25ca0880e6ef98be67edffd8c599615>@@@?$__crt_seh_guarded_call@X@@QAEX$$QAV<lambda_e5124f882df8998aaf41531e079ba474>@@AAV<lambda_3e16ef9562a7dcce91392c22ab16ea36>@@$$QAV<lambda_e25ca0880e6ef98be67edffd8c599615>@@@Z 10012150 f i libucrt:wsetlocale.obj
 0001:00011199       ??$__acrt_lock_and_call@V<lambda_3e16ef9562a7dcce91392c22ab16ea36>@@@@YAXW4__acrt_lock_id@@$$QAV<lambda_3e16ef9562a7dcce91392c22ab16ea36>@@@Z 10012199 f i libucrt:wsetlocale.obj
 0001:000111c1       ??$uninitialize@V<lambda_88ce03f932007f29bf8b8056cbaba4f3>@@@?$dual_state_global@PAU__crt_locale_data@@@__crt_state_management@@QAEX$$QAV<lambda_88ce03f932007f29bf8b8056cbaba4f3>@@@Z 100121c1 f i libucrt:wsetlocale.obj
 0001:000111f0       ___acrt_set_locale_changed 100121f0 f   libucrt:wsetlocale.obj
 0001:000111fb       ___acrt_uninitialize_locale 100121fb f   libucrt:wsetlocale.obj
 0001:0001137c       ___acrt_initialize_lowio   1001237c f   libucrt:ioinit.obj
 0001:000113d2       ___acrt_uninitialize_lowio 100123d2 f   libucrt:ioinit.obj
 0001:000113fe       __query_app_type           100123fe f   libucrt:report_runtime_error.obj
 0001:000114f1       __itow_s                   100124f1 f   libucrt:xtoa.obj
 0001:00011526       __set_error_mode           10012526 f   libucrt:set_error_mode.obj
 0001:00011565       _wcscat_s                  10012565 f   libucrt:wcscat_s.obj
 0001:000115da       _wcscpy_s                  100125da f   libucrt:wcscpy_s.obj
 0001:00011727       _wcsncat_s                 10012727 f   libucrt:wcsncat_s.obj
 0001:000117b6       ___acrt_show_wide_message_box 100127b6 f   libucrt:crtmbox.obj
 0001:000117c1       ??$?RV<lambda_2866be3712abc81a800a822484c830d8>@@AAV<lambda_39ca0ed439415581b5b15c265174cece>@@V<lambda_2b24c74d71094a6cd0cb82e44167d71b>@@@?$__crt_seh_guarded_call@X@@QAEX$$QAV<lambda_2866be3712abc81a800a822484c830d8>@@AAV<lambda_39ca0ed439415581b5b15c265174cece>@@$$QAV<lambda_2b24c74d71094a6cd0cb82e44167d71b>@@@Z 100127c1 f i libucrt:fflush.obj
 0001:00011842       ??$?RV<lambda_2cc53f568c5a2bb6f192f930a45d44ea>@@AAV<lambda_ab61a845afdef5b7c387490eaf3616ee>@@V<lambda_c2ffc0b7726aa6be21d5f0026187e748>@@@?$__crt_seh_guarded_call@X@@QAEX$$QAV<lambda_2cc53f568c5a2bb6f192f930a45d44ea>@@AAV<lambda_ab61a845afdef5b7c387490eaf3616ee>@@$$QAV<lambda_c2ffc0b7726aa6be21d5f0026187e748>@@@Z 10012842 f i libucrt:fflush.obj
 0001:000118d5       ??$?RV<lambda_6d20deecaf4856105ebacbad442d1079>@@AAV<lambda_9a32fed5bf61b6b509b2d3f6003082a1>@@V<lambda_63ea2239ed67c638ddbae41947fdf875>@@@?$__crt_seh_guarded_call@H@@QAEH$$QAV<lambda_6d20deecaf4856105ebacbad442d1079>@@AAV<lambda_9a32fed5bf61b6b509b2d3f6003082a1>@@$$QAV<lambda_63ea2239ed67c638ddbae41947fdf875>@@@Z 100128d5 f i libucrt:fflush.obj
 0001:0001192b       ??$__acrt_lock_and_call@V<lambda_ab61a845afdef5b7c387490eaf3616ee>@@@@YAXW4__acrt_lock_id@@$$QAV<lambda_ab61a845afdef5b7c387490eaf3616ee>@@@Z 1001292b f i libucrt:fflush.obj
 0001:00011953       ??$__acrt_lock_stream_and_call@V<lambda_39ca0ed439415581b5b15c265174cece>@@@@YAXQAU_iobuf@@$$QAV<lambda_39ca0ed439415581b5b15c265174cece>@@@Z 10012953 f i libucrt:fflush.obj
 0001:0001197b       ??$__acrt_lock_stream_and_call@V<lambda_9a32fed5bf61b6b509b2d3f6003082a1>@@@@YAHQAU_iobuf@@$$QAV<lambda_9a32fed5bf61b6b509b2d3f6003082a1>@@@Z 1001297b f i libucrt:fflush.obj
 0001:00011a37       ___acrt_stdio_flush_nolock 10012a37 f   libucrt:fflush.obj
 0001:00011a9a       __fflush_nolock            10012a9a f   libucrt:fflush.obj
 0001:00011ae1       __flushall                 10012ae1 f   libucrt:fflush.obj
 0001:00011aea       _fflush                    10012aea f   libucrt:fflush.obj
 0001:00011b2d       ??$?RV<lambda_70c0770dcc4f6ec6272bb01dc82d3c91>@@AAV<lambda_ca71763b3c0644891230e4f79ea54fa6>@@V<lambda_ca266f0f09348b8765c113e3a39a2bc1>@@@?$__crt_seh_guarded_call@H@@QAEH$$QAV<lambda_70c0770dcc4f6ec6272bb01dc82d3c91>@@AAV<lambda_ca71763b3c0644891230e4f79ea54fa6>@@$$QAV<lambda_ca266f0f09348b8765c113e3a39a2bc1>@@@Z 10012b2d f i libucrt:setvbuf.obj
 0001:00011b7e       ??$__acrt_lock_stream_and_call@V<lambda_ca71763b3c0644891230e4f79ea54fa6>@@@@YAHQAU_iobuf@@$$QAV<lambda_ca71763b3c0644891230e4f79ea54fa6>@@@Z 10012b7e f i libucrt:setvbuf.obj
 0001:00011c73       _setvbuf                   10012c73 f   libucrt:setvbuf.obj
 0001:00011ce9       ??$?RV<lambda_cbab9ec6f41b0180b23cc171c22676b0>@@AAV<lambda_44731a7d0e6d81c3e6aa82d741081786>@@V<lambda_4b292cb8dd18144e164572427af410ab>@@@?$__crt_seh_guarded_call@P6AXH@Z@@QAEP6AXH@Z$$QAV<lambda_cbab9ec6f41b0180b23cc171c22676b0>@@AAV<lambda_44731a7d0e6d81c3e6aa82d741081786>@@$$QAV<lambda_4b292cb8dd18144e164572427af410ab>@@@Z 10012ce9 f i libucrt:signal.obj
 0001:00011d43       ??$__acrt_lock_and_call@V<lambda_44731a7d0e6d81c3e6aa82d741081786>@@@@YAP6AXH@ZW4__acrt_lock_id@@$$QAV<lambda_44731a7d0e6d81c3e6aa82d741081786>@@@Z 10012d43 f i libucrt:signal.obj
 0001:00011dd5       ___acrt_get_sigabrt_handler 10012dd5 f   libucrt:signal.obj
 0001:00011dec       ___acrt_initialize_signal_handlers 10012dec f   libucrt:signal.obj
 0001:00011e27       ___fpecode                 10012e27 f   libucrt:signal.obj
 0001:00011e30       _raise                     10012e30 f   libucrt:signal.obj
 0001:00012038       ___acrt_initialize_locks   10013038 f   libucrt:locks.obj
 0001:00012079       ___acrt_lock               10013079 f   libucrt:locks.obj
 0001:00012090       ___acrt_uninitialize_locks 10013090 f   libucrt:locks.obj
 0001:000120c1       ___acrt_unlock             100130c1 f   libucrt:locks.obj
 0001:000120d8       ___acrt_get_developer_information_policy 100130d8 f   libucrt:win_policies.obj
 0001:0001210a       ___acrt_get_process_end_policy 1001310a f   libucrt:win_policies.obj
 0001:0001212a       ___acrt_get_windowing_model_policy 1001312a f   libucrt:win_policies.obj
 0001:00012178       __calloc_base              10013178 f   libucrt:calloc_base.obj
 0001:0001268c       ___acrt_expand_narrow_argv_wildcards 1001368c f   libucrt:argv_wildcards.obj
 0001:00012697       ??$?RV<lambda_ceb1ee4838e85a9d631eb091e2fbe199>@@AAV<lambda_ae742caa10f662c28703da3d2ea5e57e>@@V<lambda_cd08b5d6af4937fe54fc07d0c9bf6b37>@@@?$__crt_seh_guarded_call@X@@QAEX$$QAV<lambda_ceb1ee4838e85a9d631eb091e2fbe199>@@AAV<lambda_ae742caa10f662c28703da3d2ea5e57e>@@$$QAV<lambda_cd08b5d6af4937fe54fc07d0c9bf6b37>@@@Z 10013697 f i libucrt:mbctype.obj
 0001:000126da       ??$__acrt_lock_and_call@V<lambda_ae742caa10f662c28703da3d2ea5e57e>@@@@YAXW4__acrt_lock_id@@$$QAV<lambda_ae742caa10f662c28703da3d2ea5e57e>@@@Z 100136da f i libucrt:mbctype.obj
 0001:00012bcf       ___acrt_initialize_multibyte 10013bcf f   libucrt:mbctype.obj
 0001:00012c1c       ___acrt_update_thread_multibyte_data 10013c1c f   libucrt:mbctype.obj
 0001:00012c30       __setmbcp_nolock           10013c30 f   libucrt:mbctype.obj
 0001:00012e7a       __ismbblead                10013e7a f   libucrt:ismbbyte.obj
 0001:00012e92       ___acrt_initialize_command_line 10013e92 f   libucrt:argv_data.obj
 0001:00012ee2       ___dcrt_get_narrow_environment_from_os 10013ee2 f   libucrt:get_environment_from_os.obj
 0001:00012f65       __recalloc_base            10013f65 f   libucrt:recalloc.obj
 0001:00013184       ___acrt_AppPolicyGetProcessTerminationMethodInternal@4 10014184 f   libucrt:winapi_thunks.obj
 0001:000131db       ___acrt_AppPolicyGetShowDeveloperDiagnosticInternal@4 100141db f   libucrt:winapi_thunks.obj
 0001:00013232       ___acrt_AppPolicyGetWindowingModelInternal@4 10014232 f   libucrt:winapi_thunks.obj
 0001:00013289       ___acrt_FlsAlloc@4         10014289 f   libucrt:winapi_thunks.obj
 0001:000132df       ___acrt_FlsFree@4          100142df f   libucrt:winapi_thunks.obj
 0001:00013335       ___acrt_FlsGetValue@4      10014335 f   libucrt:winapi_thunks.obj
 0001:0001338b       ___acrt_FlsSetValue@8      1001438b f   libucrt:winapi_thunks.obj
 0001:000133e4       ___acrt_InitializeCriticalSectionEx@12 100143e4 f   libucrt:winapi_thunks.obj
 0001:00013446       ___acrt_LCMapStringEx@36   10014446 f   libucrt:winapi_thunks.obj
 0001:000134ba       ___acrt_LocaleNameToLCID@8 100144ba f   libucrt:winapi_thunks.obj
 0001:00013502       ___acrt_MessageBoxW@16     10014502 f   libucrt:winapi_thunks.obj
 0001:0001354b       ___acrt_can_show_message_box 1001454b f   libucrt:winapi_thunks.obj
 0001:00013572       ___acrt_get_parent_window  10014572 f   libucrt:winapi_thunks.obj
 0001:000135f1       ___acrt_initialize_winapi_thunks 100145f1 f   libucrt:winapi_thunks.obj
 0001:00013617       ___acrt_is_interactive     10014617 f   libucrt:winapi_thunks.obj
 0001:000136bd       ___acrt_uninitialize_winapi_thunks 100146bd f   libucrt:winapi_thunks.obj
 0001:000136f3       ___acrt_initialize_heap    100146f3 f   libucrt:heap_handle.obj
 0001:00013704       ___acrt_uninitialize_heap  10014704 f   libucrt:heap_handle.obj
 0001:0001370e       ___acrt_execute_initializers 1001470e f   libucrt:shared_initialization.obj
 0001:00013791       ___acrt_execute_uninitializers 10014791 f   libucrt:shared_initialization.obj
 0001:000137de       ___acrt_has_user_matherr   100147de f   libucrt:matherr.obj
 0001:000137f7       ___acrt_initialize_user_matherr 100147f7 f   libucrt:matherr.obj
 0001:0001380b       ___acrt_invoke_user_matherr 1001480b f   libucrt:matherr.obj
 0001:00013860       ___ascii_strnicmp          10014860 f   libucrt:_strnicm.obj
 0001:00013ade       ___acrt_LCMapStringA       10014ade f   libucrt:lcmapstringa.obj
 0001:00013b29       ___pctype_func             10014b29 f   libucrt:ctype.obj
 0001:00013b4f       _iswctype                  10014b4f f   libucrt:iswctype.obj
 0001:00013bae       __isctype_l                10014bae f   libucrt:isctype.obj
 0001:00013c80       __isleadbyte_l             10014c80 f i libucrt:_wctype.obj
 0001:00013cb9       __query_new_mode           10014cb9 f   libucrt:new_mode.obj
 0001:00013cbf       ___acrt_add_locale_ref     10014cbf f   libucrt:locale_refcounting.obj
 0001:00013d3c       ___acrt_free_locale        10014d3c f   libucrt:locale_refcounting.obj
 0001:00013e86       ___acrt_locale_add_lc_time_reference 10014e86 f   libucrt:locale_refcounting.obj
 0001:00013eaf       ___acrt_locale_free_lc_time_if_unreferenced 10014eaf f   libucrt:locale_refcounting.obj
 0001:00013edf       ___acrt_locale_release_lc_time_reference 10014edf f   libucrt:locale_refcounting.obj
 0001:00013f08       ___acrt_release_locale_ref 10014f08 f   libucrt:locale_refcounting.obj
 0001:00013f89       ___acrt_update_thread_locale_data 10014f89 f   libucrt:locale_refcounting.obj
 0001:00014000       __updatetlocinfoEx_nolock  10015000 f   libucrt:locale_refcounting.obj
 0001:00014050       ___acrt_fp_strflt_to_string 10015050 f   libucrt:_fptostr.obj
 0001:00014110       ?divide@__crt_strtox@@YA_KAAUbig_integer@1@ABU21@@Z 10015110 f i libucrt:cfout.obj
 0001:000145be       ___acrt_fltout             100155be f   libucrt:cfout.obj
 0001:00015d78       ___acrt_stdio_flush_and_write_narrow_nolock 10016d78 f   libucrt:_flsbuf.obj
 0001:00015d83       ___acrt_stdio_flush_and_write_wide_nolock 10016d83 f   libucrt:_flsbuf.obj
 0001:00015d8e       __fcloseall                10016d8e f   libucrt:closeall.obj
 0001:00015e2e       ___acrt_stdio_free_buffer_nolock 10016e2e f   libucrt:_freebuf.obj
 0001:00015e6c       __isatty                   10016e6c f   libucrt:isatty.obj
 0001:00015ec2       ___acrt_locale_free_monetary 10016ec2 f   libucrt:initmon.obj
 0001:00015fc0       ___acrt_locale_free_numeric 10016fc0 f   libucrt:initnum.obj
 0001:00016065       ___acrt_locale_free_time   10017065 f   libucrt:inittime.obj
 0001:00016149       ___acrt_GetStringTypeA     10017149 f   libucrt:getstringtypea.obj
 0001:00016266       ___acrt_lowio_create_handle_array 10017266 f   libucrt:osfinfo.obj
 0001:000162e0       ___acrt_lowio_destroy_handle_array 100172e0 f   libucrt:osfinfo.obj
[...]
 0002:0000761c       __unwindtable$??$SetMethod@VObject@v8@@VLocal@2@@Nan@@YAXV?$Local@VObject@v8@@@v8@@PBDP6AXABV?$FunctionCallbackInfo@VValue@v8@@@0@@Z@Z 1002361c     serialport.obj
 0002:00007634       __ehfuncinfo$??$SetMethod@VObject@v8@@VLocal@2@@Nan@@YAXV?$Local@VObject@v8@@@v8@@PBDP6AXABV?$FunctionCallbackInfo@VValue@v8@@@0@@Z@Z 10023634     serialport.obj
 0002:00007658       __unwindtable$??$SetMethodAux@V?$Local@VObject@v8@@@v8@@@imp@Nan@@YAXV?$Local@VObject@v8@@@v8@@V?$Local@VString@v8@@@3@V?$Local@VFunctionTemplate@v8@@@3@ZZ 10023658     serialport.obj
 0002:00007668       __ehfuncinfo$??$SetMethodAux@V?$Local@VObject@v8@@@v8@@@imp@Nan@@YAXV?$Local@VObject@v8@@@v8@@V?$Local@VString@v8@@@3@V?$Local@VFunctionTemplate@v8@@@3@ZZ 10023668     serialport.obj
 0002:0000768c       __unwindtable$??__Eg_closingHandles@@YAXXZ 1002368c     serialport_win.obj
 0002:0000769c       __ehfuncinfo$??__Eg_closingHandles@@YAXXZ 1002369c     serialport_win.obj
 0002:000076c0       __unwindtable$??__Fg_closingHandles@@YAXXZ 100236c0     serialport_win.obj
 0002:000076d0       __ehfuncinfo$??__Fg_closingHandles@@YAXXZ 100236d0     serialport_win.obj
 0002:000076f4       __ehfuncinfo$?Write@@YAXABV?$FunctionCallbackInfo@VValue@v8@@@Nan@@@Z 100236f4     serialport_win.obj
 0002:00007718       __unwindtable$?Write@@YAXABV?$FunctionCallbackInfo@VValue@v8@@@Nan@@@Z 10023718     serialport_win.obj
 0002:00007750       __ehfuncinfo$?EIO_AfterWrite@@YAXPAUuv_async_s@@@Z 10023750     serialport_win.obj
 0002:00007774       __unwindtable$?EIO_AfterWrite@@YAXPAUuv_async_s@@@Z 10023774     serialport_win.obj
 0002:000077b4       __ehfuncinfo$?Read@@YAXABV?$FunctionCallbackInfo@VValue@v8@@@Nan@@@Z 100237b4     serialport_win.obj
 0002:000077d8       __unwindtable$?Read@@YAXABV?$FunctionCallbackInfo@VValue@v8@@@Nan@@@Z 100237d8     serialport_win.obj
 0002:00007820       __ehfuncinfo$?EIO_AfterRead@@YAXPAUuv_async_s@@@Z 10023820     serialport_win.obj
 0002:00007844       __unwindtable$?EIO_AfterRead@@YAXPAUuv_async_s@@@Z 10023844     serialport_win.obj
 0002:000078a4       __ehfuncinfo$?List@@YAXABV?$FunctionCallbackInfo@VValue@v8@@@Nan@@@Z 100238a4     serialport_win.obj
 0002:000078c8       __unwindtable$?List@@YAXABV?$FunctionCallbackInfo@VValue@v8@@@Nan@@@Z 100238c8     serialport_win.obj
 0002:00007900       __ehfuncinfo$?EIO_List@@YAXPAUuv_work_s@@@Z 10023900     serialport_win.obj
 0002:00007924       __unwindtable$?EIO_List@@YAXPAUuv_work_s@@@Z 10023924     serialport_win.obj
 0002:0000795c       __unwindtable$?setIfNotEmpty@@YAXV?$Local@VObject@v8@@@v8@@V?$basic_string@DU?$char_traits@D@std@@V?$allocator@D@2@@std@@PBD@Z 1002395c     serialport_win.obj
 0002:0000797c       __ehfuncinfo$?setIfNotEmpty@@YAXV?$Local@VObject@v8@@@v8@@V?$basic_string@DU?$char_traits@D@std@@V?$allocator@D@2@@std@@PBD@Z 1002397c     serialport_win.obj
 0002:000079a0       __ehfuncinfo$?EIO_AfterList@@YAXPAUuv_work_s@@@Z 100239a0     serialport_win.obj
 0002:000079c4       __unwindtable$?EIO_AfterList@@YAXPAUuv_work_s@@@Z 100239c4     serialport_win.obj
 0002:00007a4c       __ehfuncinfo$??1ListResultItem@@QAE@XZ 10023a4c     serialport_win.obj
 0002:00007a70       __unwindtable$??1ListResultItem@@QAE@XZ 10023a70     serialport_win.obj
 0002:00007aa8       __unwindtable$??1?$list@PAUListResultItem@@V?$allocator@PAUListResultItem@@@std@@@std@@QAE@XZ 10023aa8     serialport_win.obj
 0002:00007ab8       __ehfuncinfo$??1?$list@PAUListResultItem@@V?$allocator@PAUListResultItem@@@std@@@std@@QAE@XZ 10023ab8     serialport_win.obj
 0002:00007adc       __unwindtable$??1?$_List_buy@HV?$allocator@H@std@@@std@@QAE@XZ 10023adc     serialport_win.obj
 0002:00007ae4       __ehfuncinfo$??1?$_List_buy@HV?$allocator@H@std@@@std@@QAE@XZ 10023ae4     serialport_win.obj
 0002:00007b08       __unwindtable$??1?$_List_buy@PAUListResultItem@@V?$allocator@PAUListResultItem@@@std@@@std@@QAE@XZ 10023b08     serialport_win.obj
 0002:00007b10       __ehfuncinfo$??1?$_List_buy@PAUListResultItem@@V?$allocator@PAUListResultItem@@@std@@@std@@QAE@XZ 10023b10     serialport_win.obj
 0002:00007be0       __sehtable$___scrt_is_nonwritable_in_current_image 10023be0     LIBCMT:utility.obj
 0002:00007c00       __sehtable$?dllmain_crt_process_attach@@YAHQAUHINSTANCE__@@QAX@Z 10023c00     LIBCMT:dll_dllmain.obj
 0002:00007c20       __sehtable$?dllmain_crt_process_detach@@YAH_N@Z 10023c20     LIBCMT:dll_dllmain.obj
 0002:00007c40       __sehtable$?dllmain_dispatch@@YAHQAUHINSTANCE__@@KQAX@Z 10023c40     LIBCMT:dll_dllmain.obj
 0002:00007c98       __sehtable$?FrameUnwindToState@__FrameHandler3@@SAXPAUEHRegistrationNode@@PAXPBU_s_FuncInfo@@H@Z 10023c98     libvcruntime:frame.obj
 0002:00007cc0       __sehtable$?CallCatchBlock@@YAPAXPAUEHExceptionRecord@@PAUEHRegistrationNode@@PAU_CONTEXT@@PBU_s_FuncInfo@@PAXHK@Z 10023cc0     libvcruntime:frame.obj
 0002:00007ce8       __catchsym$?CallUnexpected@@YAXPBU_s_ESTypeList@@@Z$2 10023ce8     libvcruntime:frame.obj
 0002:00007cf8       __unwindtable$?CallUnexpected@@YAXPBU_s_ESTypeList@@@Z 10023cf8     libvcruntime:frame.obj
 0002:00007d08       __tryblocktable$?CallUnexpected@@YAXPBU_s_ESTypeList@@@Z 10023d08     libvcruntime:frame.obj
 0002:00007d1c       __ehfuncinfo$?CallUnexpected@@YAXPBU_s_ESTypeList@@@Z 10023d1c     libvcruntime:frame.obj
 0002:00007d40       __sehtable$??$BuildCatchObjectHelperInternal@$$CBU_s_HandlerType@@@@YAHPAUEHExceptionRecord@@PAXPBU_s_HandlerType@@PBU_s_CatchableType@@@Z 10023d40     libvcruntime:frame.obj
 0002:00007d60       __sehtable$??$BuildCatchObjectInternal@$$CBU_s_HandlerType@@@@YAXPAUEHExceptionRecord@@PAXPBU_s_HandlerType@@PBU_s_CatchableType@@@Z 10023d60     libvcruntime:frame.obj
 0002:00007db8       __sehtable$___DestructExceptionObject 10023db8     libvcruntime:ehhelpers.obj
 0002:00007dd8       __sehtable$??$?RV<lambda_75d23329f2fb3d02b2e1cf5509bb1caf>@@AAV<lambda_c4f131f91cb4ec00a5b0a26aa161b8b4>@@V<lambda_114dc79c86b00c313cb0b6b3b001aaf8>@@@?$__crt_seh_guarded_call@H@@QAEH$$QAV<lambda_75d23329f2fb3d02b2e1cf5509bb1caf>@@AAV<lambda_c4f131f91cb4ec00a5b0a26aa161b8b4>@@$$QAV<lambda_114dc79c86b00c313cb0b6b3b001aaf8>@@@Z 10023dd8     libucrt:output.obj
 0002:00007df8       __sehtable$__query_new_handler 10023df8     libucrt:new_handler.obj
 0002:00007e18       __sehtable$??R<lambda_6e4b09c48022b2350581041d5f6b0c4c>@@QBE@XZ 10023e18     libucrt:exit.obj
 0002:00007e38       __sehtable$??$?RV<lambda_03b1d95aef87969028cfba75ccab2455>@@AAV<lambda_6e4b09c48022b2350581041d5f6b0c4c>@@V<lambda_22bdf7517842c4b3e53723af5aa32b9e>@@@?$__crt_seh_guarded_call@X@@QAEX$$QAV<lambda_03b1d95aef87969028cfba75ccab2455>@@AAV<lambda_6e4b09c48022b2350581041d5f6b0c4c>@@$$QAV<lambda_22bdf7517842c4b3e53723af5aa32b9e>@@@Z 10023e38     libucrt:exit.obj
 0002:00007e58       __sehtable$??$?RV<lambda_8e746cf0007f6ed984d6f78af1fec997>@@AAV<lambda_22ebabd17bc4fa466a2aca6d8deb888d>@@V<lambda_18ed0c0b38a6dc0daf1e7ac6d6adf05e>@@@?$__crt_seh_guarded_call@H@@QAEH$$QAV<lambda_8e746cf0007f6ed984d6f78af1fec997>@@AAV<lambda_22ebabd17bc4fa466a2aca6d8deb888d>@@$$QAV<lambda_18ed0c0b38a6dc0daf1e7ac6d6adf05e>@@@Z 10023e58     libucrt:onexit.obj
 0002:00007e78       __sehtable$??$?RV<lambda_69a2805e680e0e292e8ba93315fe43a8>@@AAV<lambda_f03950bc5685219e0bcd2087efbe011e>@@V<lambda_03fcd07e894ec930e3f35da366ca99d6>@@@?$__crt_seh_guarded_call@H@@QAEH$$QAV<lambda_69a2805e680e0e292e8ba93315fe43a8>@@AAV<lambda_f03950bc5685219e0bcd2087efbe011e>@@$$QAV<lambda_03fcd07e894ec930e3f35da366ca99d6>@@@Z 10023e78     libucrt:onexit.obj
 0002:00007e98       __sehtable$_terminate      10023e98     libucrt:terminate.obj
 0002:00007eb8       __sehtable$??$?RV<lambda_15ade71b0218206bbe3333a0c9b79046>@@AAV<lambda_da44e0f8b0f19ba52fefafb335991732>@@V<lambda_207f2d024fc103971653565357d6cd41>@@@?$__crt_seh_guarded_call@X@@QAEX$$QAV<lambda_15ade71b0218206bbe3333a0c9b79046>@@AAV<lambda_da44e0f8b0f19ba52fefafb335991732>@@$$QAV<lambda_207f2d024fc103971653565357d6cd41>@@@Z 10023eb8     libucrt:per_thread_data.obj
 0002:00007ed8       __sehtable$??$?RV<lambda_a7e850c220f1c8d1e6efeecdedd162c6>@@AAV<lambda_46720907175c18b6c9d2717bc0d2d362>@@V<lambda_9048902d66e8d99359bc9897bbb930a8>@@@?$__crt_seh_guarded_call@X@@QAEX$$QAV<lambda_a7e850c220f1c8d1e6efeecdedd162c6>@@AAV<lambda_46720907175c18b6c9d2717bc0d2d362>@@$$QAV<lambda_9048902d66e8d99359bc9897bbb930a8>@@@Z 10023ed8     libucrt:per_thread_data.obj
 0002:00007ef8       __sehtable$??$?RV<lambda_38edbb1296d33220d7e4dd0ed76b244a>@@AAV<lambda_5ce1d447e08cb34b2473517608e21441>@@V<lambda_fb385d3da700c9147fc39e65dd577a8c>@@@?$__crt_seh_guarded_call@X@@QAEX$$QAV<lambda_38edbb1296d33220d7e4dd0ed76b244a>@@AAV<lambda_5ce1d447e08cb34b2473517608e21441>@@$$QAV<lambda_fb385d3da700c9147fc39e65dd577a8c>@@@Z 10023ef8     libucrt:per_thread_data.obj
 0002:00007f18       __sehtable$??$?RV<lambda_6affb1475c98b40b75cdec977db92e3c>@@AAV<lambda_b8d4b9c228a6ecc3f80208dbb4b4a104>@@V<lambda_608742c3c92a14382c1684fc64f96c88>@@@?$__crt_seh_guarded_call@X@@QAEX$$QAV<lambda_6affb1475c98b40b75cdec977db92e3c>@@AAV<lambda_b8d4b9c228a6ecc3f80208dbb4b4a104>@@$$QAV<lambda_608742c3c92a14382c1684fc64f96c88>@@@Z 10023f18     libucrt:per_thread_data.obj
 0002:00007f38       __sehtable$??$?RV<lambda_e5124f882df8998aaf41531e079ba474>@@AAV<lambda_3e16ef9562a7dcce91392c22ab16ea36>@@V<lambda_e25ca0880e6ef98be67edffd8c599615>@@@?$__crt_seh_guarded_call@X@@QAEX$$QAV<lambda_e5124f882df8998aaf41531e079ba474>@@AAV<lambda_3e16ef9562a7dcce91392c22ab16ea36>@@$$QAV<lambda_e25ca0880e6ef98be67edffd8c599615>@@@Z 10023f38     libucrt:wsetlocale.obj
 0002:00007f58       __sehtable$___acrt_initialize_lowio 10023f58     libucrt:ioinit.obj
 0002:00007f78       __sehtable$??$?RV<lambda_2866be3712abc81a800a822484c830d8>@@AAV<lambda_39ca0ed439415581b5b15c265174cece>@@V<lambda_2b24c74d71094a6cd0cb82e44167d71b>@@@?$__crt_seh_guarded_call@X@@QAEX$$QAV<lambda_2866be3712abc81a800a822484c830d8>@@AAV<lambda_39ca0ed439415581b5b15c265174cece>@@$$QAV<lambda_2b24c74d71094a6cd0cb82e44167d71b>@@@Z 10023f78     libucrt:fflush.obj
 0002:00007f98       __sehtable$??$?RV<lambda_2cc53f568c5a2bb6f192f930a45d44ea>@@AAV<lambda_ab61a845afdef5b7c387490eaf3616ee>@@V<lambda_c2ffc0b7726aa6be21d5f0026187e748>@@@?$__crt_seh_guarded_call@X@@QAEX$$QAV<lambda_2cc53f568c5a2bb6f192f930a45d44ea>@@AAV<lambda_ab61a845afdef5b7c387490eaf3616ee>@@$$QAV<lambda_c2ffc0b7726aa6be21d5f0026187e748>@@@Z 10023f98     libucrt:fflush.obj
 0002:00007fb8       __sehtable$??$?RV<lambda_6d20deecaf4856105ebacbad442d1079>@@AAV<lambda_9a32fed5bf61b6b509b2d3f6003082a1>@@V<lambda_63ea2239ed67c638ddbae41947fdf875>@@@?$__crt_seh_guarded_call@H@@QAEH$$QAV<lambda_6d20deecaf4856105ebacbad442d1079>@@AAV<lambda_9a32fed5bf61b6b509b2d3f6003082a1>@@$$QAV<lambda_63ea2239ed67c638ddbae41947fdf875>@@@Z 10023fb8     libucrt:fflush.obj
 0002:00007fd8       __sehtable$??$?RV<lambda_70c0770dcc4f6ec6272bb01dc82d3c91>@@AAV<lambda_ca71763b3c0644891230e4f79ea54fa6>@@V<lambda_ca266f0f09348b8765c113e3a39a2bc1>@@@?$__crt_seh_guarded_call@H@@QAEH$$QAV<lambda_70c0770dcc4f6ec6272bb01dc82d3c91>@@AAV<lambda_ca71763b3c0644891230e4f79ea54fa6>@@$$QAV<lambda_ca266f0f09348b8765c113e3a39a2bc1>@@@Z 10023fd8     libucrt:setvbuf.obj
 0002:00007ff8       __sehtable$_raise          10023ff8     libucrt:signal.obj
 0002:00008018       __sehtable$??$?RV<lambda_cbab9ec6f41b0180b23cc171c22676b0>@@AAV<lambda_44731a7d0e6d81c3e6aa82d741081786>@@V<lambda_4b292cb8dd18144e164572427af410ab>@@@?$__crt_seh_guarded_call@P6AXH@Z@@QAEP6AXH@Z$$QAV<lambda_cbab9ec6f41b0180b23cc171c22676b0>@@AAV<lambda_44731a7d0e6d81c3e6aa82d741081786>@@$$QAV<lambda_4b292cb8dd18144e164572427af410ab>@@@Z 10024018     libucrt:signal.obj
 0002:00008038       __sehtable$?update_thread_multibyte_data_internal@@YAPAU__crt_multibyte_data@@QAU__acrt_ptd@@QAU1@@Z 10024038     libucrt:mbctype.obj
 0002:00008058       __sehtable$??$?RV<lambda_ceb1ee4838e85a9d631eb091e2fbe199>@@AAV<lambda_ae742caa10f662c28703da3d2ea5e57e>@@V<lambda_cd08b5d6af4937fe54fc07d0c9bf6b37>@@@?$__crt_seh_guarded_call@X@@QAEX$$QAV<lambda_ceb1ee4838e85a9d631eb091e2fbe199>@@AAV<lambda_ae742caa10f662c28703da3d2ea5e57e>@@$$QAV<lambda_cd08b5d6af4937fe54fc07d0c9bf6b37>@@@Z 10024058     libucrt:mbctype.obj
 0002:00008078       __sehtable$___acrt_update_thread_locale_data 10024078     libucrt:locale_refcounting.obj
 0002:00008098       __sehtable$__fcloseall     10024098     libucrt:closeall.obj
 0002:000080b8       __sehtable$___acrt_lowio_ensure_fh_exists 100240b8     libucrt:osfinfo.obj
 0002:000080d8       __sehtable$??$?RV<lambda_9e9de3de5fa147e2223d7db92bc10aa6>@@AAV<lambda_38ce7e780aa69e748d6df282ebc68efe>@@V<lambda_8ca6da459f0f6780f1cff60fdc3d00e5>@@@?$__crt_seh_guarded_call@H@@QAEH$$QAV<lambda_9e9de3de5fa147e2223d7db92bc10aa6>@@AAV<lambda_38ce7e780aa69e748d6df282ebc68efe>@@$$QAV<lambda_8ca6da459f0f6780f1cff60fdc3d00e5>@@@Z 100240d8     libucrt:commit.obj
 0002:000080f8       __sehtable$__write         100240f8     libucrt:write.obj
 0002:00008118       __sehtable$??$common_lseek@_J@@YA_JH_JH@Z 10024118     libucrt:lseek.obj
 0002:00008138       __sehtable$_fclose         10024138     libucrt:fclose.obj
 0002:00008158       __sehtable$??$?RV<lambda_218ce3db14220d0be481dae8ef3383b6>@@AAV<lambda_628dfdc04ba53c8bfc02c9951375f3f5>@@V<lambda_57dc472bd5c9d5f3b2cbca59b8a843ae>@@@?$__crt_seh_guarded_call@H@@QAEH$$QAV<lambda_218ce3db14220d0be481dae8ef3383b6>@@AAV<lambda_628dfdc04ba53c8bfc02c9951375f3f5>@@$$QAV<lambda_57dc472bd5c9d5f3b2cbca59b8a843ae>@@@Z 10024158     libucrt:close.obj
 0002:00008178       __sehtable$__IsNonwritableInCurrentImage 10024178     LIBCMT:pesect.obj
 0002:000081a0       .edata                     100241a0     serialport.exp
 0002:000081c8       rgpv                       100241c8     serialport.exp
 0002:000081cc       rgszName                   100241cc     serialport.exp
 0002:000081d0       rgwOrd                     100241d0     serialport.exp
 0002:000081d2       szName                     100241d2     serialport.exp
 0002:000081e2       $N00001                    100241e2     serialport.exp
 0002:000086c4       .idata$6                   100246c4     kernel32:KERNEL32.dll
 0002:00008728       .idata$6                   10024728     advapi32:ADVAPI32.dll
 0002:00008748       .idata$6                   10024748     ole32:ole32.dll
 0002:000094da       .idata$6                   100254da     nw:nw.dll
 0002:0000974a       .idata$6                   1002574a     node:node.dll
 0002:000097fe       .idata$6                   100257fe     setupapi:SETUPAPI.dll
 0003:00000010       ?__vcrt_flsindex@@3KA      10026010     libvcruntime:per_thread_data.obj
 0003:00000040       ?errno_no_memory@@3HA      10026040     libucrt:errno.obj
 0003:00000044       ?doserrno_no_memory@@3KA   10026044     libucrt:errno.obj
 0003:00000048       ?__acrt_flsindex@@3KA      10026048     libucrt:per_thread_data.obj
 0003:000001f0       __mbctypes                 100261f0     libucrt:mbctype.obj
 0003:000002f8       __mbcasemaps               100262f8     libucrt:mbctype.obj
 0003:000003f8       ?__rgctypeflag@@3PADA      100263f8     libucrt:mbctype.obj
 0003:00000400       ?__rgcode_page_info@@3PAUcode_page_info@@A 10026400     libucrt:mbctype.obj
 0003:00000790       __module                   10026790     serialport.obj
 0003:00000890       _GS_ExceptionRecord        10026890     LIBCMT:gs_report.obj
 0003:000008e0       _GS_ContextRecord          100268e0     LIBCMT:gs_report.obj
 0003:00000bb4       ?is_initialized_as_dll@@3_NA 10026bb4     LIBCMT:utility.obj
 0003:00000bb5       ?module_local_atexit_table_initialized@@3_NA 10026bb5     LIBCMT:utility.obj
 0003:00000bb8       ?module_local_atexit_table@@3U_onexit_table_t@@A 10026bb8     LIBCMT:utility.obj
 0003:00000bc4       ?module_local_at_quick_exit_table@@3U_onexit_table_t@@A 10026bc4     LIBCMT:utility.obj
 0003:00000bd0       ?__proc_attached@@3HA      10026bd0     LIBCMT:dll_dllmain.obj
 0003:00000bf0       ?__vcrt_startup_thread_ptd@@3U__vcrt_ptd@@A 10026bf0     libvcruntime:per_thread_data.obj
 0003:00000c18       ___vcrt_lock_table         10026c18     libvcruntime:locks.obj
 0003:00000c30       ___vcrt_locks_initialized  10026c30     libvcruntime:locks.obj
 0003:00000c34       ?module_handles@@3PAPAUHINSTANCE__@@A 10026c34     libvcruntime:winapi_downlevel.obj
 0003:00000c40       ?encoded_function_pointers@@3PAPAXA 10026c40     libvcruntime:winapi_downlevel.obj
 0003:00000c80       ?heap@@3V_HeapManager@@A   10026c80     libvcruntime:undname.obj
 0003:00000c98       ?__acrt_invalid_parameter_handler@@3V?$dual_state_global@P6AXPB_W00II@Z@__crt_state_management@@A 10026c98     libucrt:invalid_parameter.obj
 0003:00000c9c       ?__acrt_new_handler@@3V?$dual_state_global@P6AHI@Z@__crt_state_management@@A 10026c9c     libucrt:new_handler.obj
 0003:00000ca0       ?c_termination_complete@@3JA 10026ca0     libucrt:exit.obj
 0003:00000ca4       ?thread_local_exit_callback_func@@3P6GXPAXK0@ZA 10026ca4     libucrt:exit.obj
 0003:00000cb0       ?program_name@?1???$common_configure_argv@D@@YAHW4_crt_argv_mode@@@Z@4PADA 10026cb0     libucrt:argv_parsing.obj
 0003:00000dec       ?enable_percent_n@@3IA     10026dec     libucrt:printf_count_output.obj
 0003:00001004       ?__acrt_app_type@@3W4_crt_app_type@@A 10027004     libucrt:report_runtime_error.obj
 0003:00001008       ___acrt_error_mode         10027008     libucrt:set_error_mode.obj
 0003:0000100c       ?ctrlc_action@@3V?$dual_state_global@P6AXH@Z@__crt_state_management@@A 1002700c     libucrt:signal.obj
 0003:00001010       ?ctrlbreak_action@@3V?$dual_state_global@P6AXH@Z@__crt_state_management@@A 10027010     libucrt:signal.obj
 0003:00001014       ?abort_action@@3V?$dual_state_global@P6AXH@Z@__crt_state_management@@A 10027014     libucrt:signal.obj
 0003:00001018       ?term_action@@3V?$dual_state_global@P6AXH@Z@__crt_state_management@@A 10027018     libucrt:signal.obj
 0003:00001020       ?__acrt_lock_table@@3PAU_RTL_CRITICAL_SECTION@@A 10027020     libucrt:locks.obj
 0003:00001170       ?__acrt_locks_initialized@@3IA 10027170     libucrt:locks.obj
 0003:00001174       ?state_cache@?1???$get_cached_win_policy@Udeveloper_information_policy_properties@?1??__acrt_get_developer_information_policy@@YA?AW4developer_information_policy@@XZ@@@YA?AW4developer_information_policy@@W4AppPolicyShowDeveloperDiagnostic@@@Z@4JA 10027174     libucrt:win_policies.obj
 0003:00001178       ?state_cache@?1???$get_cached_win_policy@Uwindowing_model_policy_properties@?1??__acrt_get_windowing_model_policy@@YA?AW4windowing_model_policy@@XZ@@@YA?AW4windowing_model_policy@@W4AppPolicyWindowingModel@@@Z@4JA 10027178     libucrt:win_policies.obj
 0003:00001188       ?fSystemSet@@3HA           10027188     libucrt:mbctype.obj
 0003:0000118c       ?initialized@?1??__acrt_initialize_multibyte@@9@4_NA 1002718c     libucrt:mbctype.obj
 0003:000011a8       ?module_handles@@3PAPAUHINSTANCE__@@A 100271a8     libucrt:winapi_thunks.obj
 0003:000011f8       ?encoded_function_pointers@@3PAPAXA 100271f8     libucrt:winapi_thunks.obj
 0003:00001284       ?user_matherr@@3V?$dual_state_global@P6AHPAU_exception@@@Z@__crt_state_management@@A 10027284     libucrt:matherr.obj
 0003:00001288       ?__acrt_global_new_mode@@3V?$dual_state_global@J@__crt_state_management@@A 10027288     libucrt:new_mode.obj
 0003:00001298       __pmatherr_set             10027298     libucrt:libm_error.obj
 0003:000012b0       ?node_dll@@3PAUHINSTANCE__@@A 100272b0     win_delay_load_hook.obj
 0003:000012b4       ?nw_dll@@3PAUHINSTANCE__@@A 100272b4     win_delay_load_hook.obj
 0004:00000060       $R000000                   10028060     * linker generated manifest res *

 Exports

  ordinal    name

        1    __register_serialport_
               exported name: _register_serialport_
